BUS CHECK  100 pot reads, 0 bad, value 16
START  /dev/xdma0_user  wiper 16  VCCINT 0.8034 V  die 40.3 C
RESTORE: wiper 16  0.8014 V -> wiper 68
  wiper  17  VCCINT 0.7993 V  (-0.0021)  die 39.9 C
  wiper  18  VCCINT 0.7948 V  (-0.0044)  die 39.3 C
  wiper  19  VCCINT 0.7941 V  (-0.0007)  die 38.7 C
  wiper  20  VCCINT 0.7914 V  (-0.0027)  die 38.0 C
  wiper  21  VCCINT 0.7890 V  (-0.0024)  die 38.5 C
  wiper  22  VCCINT 0.7873 V  (-0.0018)  die 39.6 C
  wiper  23  VCCINT 0.7867 V  (-0.0006)  die 40.0 C
  wiper  24  VCCINT 0.7809 V  (-0.0057)  die 40.4 C
  wiper  25  VCCINT 0.7794 V  (-0.0016)  die 39.2 C
  wiper  26  VCCINT 0.7779 V  (-0.0015)  die 39.4 C
  wiper  27  VCCINT 0.7745 V  (-0.0034)  die 40.0 C
  wiper  28  VCCINT 0.7717 V  (-0.0028)  die 39.8 C
  wiper  29  VCCINT 0.7708 V  (-0.0009)  die 38.4 C
  wiper  30  VCCINT 0.7684 V  (-0.0024)  die 40.4 C
  wiper  31  VCCINT 0.7676 V  (-0.0008)  die 39.7 C
  wiper  32  VCCINT 0.7653 V  (-0.0023)  die 38.6 C
  wiper  33  VCCINT 0.7655 V  (+0.0002)  die 38.7 C
  wiper  34  VCCINT 0.7605 V  (-0.0049)  die 40.2 C
  wiper  35  VCCINT 0.7595 V  (-0.0011)  die 38.9 C
  wiper  36  VCCINT 0.7576 V  (-0.0019)  die 39.6 C
  wiper  37  VCCINT 0.7549 V  (-0.0027)  die 38.7 C
  wiper  38  VCCINT 0.7534 V  (-0.0015)  die 39.5 C
  wiper  39  VCCINT 0.7516 V  (-0.0018)  die 39.0 C
  wiper  40  VCCINT 0.7511 V  (-0.0005)  die 39.7 C
  wiper  41  VCCINT 0.7478 V  (-0.0033)  die 39.2 C
  wiper  42  VCCINT 0.7491 V  (+0.0013)  die 38.0 C
  wiper  43  VCCINT 0.7479 V  (-0.0012)  die 39.7 C
  wiper  44  VCCINT 0.7429 V  (-0.0050)  die 39.6 C
  wiper  45  VCCINT 0.7408 V  (-0.0021)  die 38.6 C
  wiper  46  VCCINT 0.7410 V  (+0.0002)  die 38.3 C
  wiper  47  VCCINT 0.7384 V  (-0.0026)  die 38.8 C
  wiper  48  VCCINT 0.7388 V  (+0.0004)  die 39.2 C
  wiper  49  VCCINT 0.7373 V  (-0.0015)  die 39.5 C
  wiper  50  VCCINT 0.7354 V  (-0.0019)  die 39.4 C
  wiper  51  VCCINT 0.7346 V  (-0.0008)  die 38.9 C
  wiper  52  VCCINT 0.7319 V  (-0.0027)  die 39.5 C
  wiper  53  VCCINT 0.7308 V  (-0.0011)  die 38.3 C
  wiper  54  VCCINT 0.7313 V  (+0.0005)  die 39.3 C
  wiper  55  VCCINT 0.7307 V  (-0.0006)  die 38.3 C
  wiper  56  VCCINT 0.7282 V  (-0.0026)  die 38.7 C
  wiper  57  VCCINT 0.7288 V  (+0.0006)  die 39.2 C
  wiper  58  VCCINT 0.7258 V  (-0.0030)  die 39.6 C
  wiper  59  VCCINT 0.7255 V  (-0.0003)  die 38.1 C
  wiper  60  VCCINT 0.7238 V  (-0.0017)  die 38.3 C
  wiper  61  VCCINT 0.7241 V  (+0.0004)  die 38.5 C
  wiper  62  VCCINT 0.7220 V  (-0.0021)  die 39.0 C
  wiper  63  VCCINT 0.7227 V  (+0.0007)  die 38.8 C
  wiper  64  VCCINT 0.7199 V  (-0.0028)  die 38.6 C
  wiper  65  VCCINT 0.7216 V  (+0.0017)  die 40.1 C
  wiper  66  VCCINT 0.7171 V  (-0.0045)  die 38.1 C
  wiper  67  VCCINT 0.7177 V  (+0.0006)  die 38.4 C
  wiper  68  VCCINT 0.7150 V  (-0.0027)  die 38.6 C
RESTORED  wiper 68  VCCINT 0.7150 V
