1790037657 41.0
1790037672 42.2
1790037687 41.5
1790037702 40.6
1790037717 39.8
1790037732 40.5
1790037747 40.7
1790037762 42.2
1790037777 41.2
1790037792 40.9
1790037807 40.2
1790037822 42.1
1790037837 40.0
1790037852 41.7
1790037867 40.7
1790037882 41.5
1790037897 40.5
1790037912 41.5
1790037927 41.6
1790037942 41.8
1790037957 41.6
1790037972 41.2
1790037987 41.3
1790038002 40.4
1790038017 41.3
1790038032 40.4
1790038047 40.6
1790038062 40.3
1790038077 41.4
1790038092 41.2
1790038107 41.2
1790038123 41.5
1790038138 41.7
1790038153 41.8
1790038168 41.0
1790038183 41.8
1790038198 40.7
1790038213 41.4
1790038228 40.4
1790038243 40.9
1790038258 40.8
1790038273 40.5
1790038288 42.0
1790038303 41.6
1790038318 41.3
1790038333 41.2
1790038348 40.4
1790038363 40.7
1790038378 41.2
1790038393 41.1
1790038408 40.9
1790038423 40.2
1790038438 40.4
1790038453 39.7
1790038468 40.4
1790038483 41.0
1790038498 40.5
1790038513 39.8
1790038528 39.9
1790038543 40.8
1790038558 poller-exit
