CBN 2026-09-21T10:21:52-04:00 === netnames arm=old begin ===
CBN_CAP_READBACK cgroup=/user.slice/user-1000.slice/user@1000.service/app.slice/cbn_old_2985399.scope memory.high=8589934592
CBN 2026-09-21T10:23:14-04:00 OK arm=old rc=0
CBN_BEGIN tag=cb_old dcp=/home/orencollaco/cbrun_scratch/run_20260921_064527_1460266/out_old/post_opt_cb_old.dcp
CBN_CBWCELLS tag=cb_old n=19968
CBN_DNETS tag=cb_old distinct=13
CBN_NET tag=cb_old flat_pin_count=1536 loads=1536 to_cbw_v=0 to_cbw_a=1536 to_cbw_d=0 to_other=0 drivers=0 ports=1 name=cb_addr[0]
CBN_NET tag=cb_old flat_pin_count=1536 loads=1536 to_cbw_v=0 to_cbw_a=1536 to_cbw_d=0 to_other=0 drivers=0 ports=1 name=cb_addr[1]
CBN_NET tag=cb_old flat_pin_count=1536 loads=1536 to_cbw_v=0 to_cbw_a=1536 to_cbw_d=0 to_other=0 drivers=0 ports=1 name=cb_addr[2]
CBN_NET tag=cb_old flat_pin_count=1536 loads=1536 to_cbw_v=0 to_cbw_a=1536 to_cbw_d=0 to_other=0 drivers=0 ports=1 name=cb_addr[3]
CBN_NET tag=cb_old flat_pin_count=1536 loads=1536 to_cbw_v=0 to_cbw_a=0 to_cbw_d=1536 to_other=0 drivers=0 ports=1 name=cb_data[0]
CBN_NET tag=cb_old flat_pin_count=1536 loads=1536 to_cbw_v=0 to_cbw_a=0 to_cbw_d=1536 to_other=0 drivers=0 ports=1 name=cb_data[1]
CBN_NET tag=cb_old flat_pin_count=1536 loads=1536 to_cbw_v=0 to_cbw_a=0 to_cbw_d=1536 to_other=0 drivers=0 ports=1 name=cb_data[2]
CBN_NET tag=cb_old flat_pin_count=1536 loads=1536 to_cbw_v=0 to_cbw_a=0 to_cbw_d=1536 to_other=0 drivers=0 ports=1 name=cb_data[3]
CBN_NET tag=cb_old flat_pin_count=1536 loads=1536 to_cbw_v=0 to_cbw_a=0 to_cbw_d=1536 to_other=0 drivers=0 ports=1 name=cb_data[4]
CBN_NET tag=cb_old flat_pin_count=1536 loads=1536 to_cbw_v=0 to_cbw_a=0 to_cbw_d=1536 to_other=0 drivers=0 ports=1 name=cb_data[5]
CBN_NET tag=cb_old flat_pin_count=1536 loads=1536 to_cbw_v=0 to_cbw_a=0 to_cbw_d=1536 to_other=0 drivers=0 ports=1 name=cb_data[6]
CBN_NET tag=cb_old flat_pin_count=1536 loads=1536 to_cbw_v=0 to_cbw_a=0 to_cbw_d=1536 to_other=0 drivers=0 ports=1 name=cb_data[7]
CBN_NET tag=cb_old flat_pin_count=1537 loads=1536 to_cbw_v=1536 to_cbw_a=0 to_cbw_d=0 to_other=0 drivers=1 ports=0 name=cbw_v_reg0
CBN_CBCELLS tag=cb_old ram=26112 ff=0
CBN_RAMIN tag=cb_old store_cells=26112 distinct_in_nets=115202 max_flat_pin_count=443140 top_hist="443140x24577 109009x1537 17x15360 15x49152 2x24576"
CBN_TOTAL tag=cb_old cells=191787 nets=2066173 pins=4806825
CBN_CENSUS tag=cb_old cb_ram=26112
CBN_CENSUS tag=cb_old cb_ff=0
CBN_CENSUS tag=cb_old cbw_ff=19968
CBN_CENSUS tag=cb_old cbx_any=0
CBN_CENSUS tag=cb_old cbr_ff=0
CBN_CENSUS tag=cb_old muxf8=0
CBN_CENSUS tag=cb_old muxf7=3
CBN_CENSUS tag=cb_old ramd32=22022
CBN_CENSUS tag=cb_old rams32=3146
CBN_CENSUS tag=cb_old ram32m16=1573
CBN 2026-09-21T10:23:14-04:00 === netnames arm=new begin ===
CBN_CAP_READBACK cgroup=/user.slice/user-1000.slice/user@1000.service/app.slice/cbn_new_2985399.scope memory.high=8589934592
CBN 2026-09-21T10:24:32-04:00 OK arm=new rc=0
CBN_BEGIN tag=cb_new dcp=/home/orencollaco/cbrun_scratch/run_20260921_064527_1460266/out_new/post_opt_cb_new.dcp
CBN_CBWCELLS tag=cb_new n=624
CBN_DNETS tag=cb_new distinct=13
CBN_NET tag=cb_new flat_pin_count=48 loads=48 to_cbw_v=0 to_cbw_a=48 to_cbw_d=0 to_other=0 drivers=0 ports=1 name=cb_addr[0]
CBN_NET tag=cb_new flat_pin_count=48 loads=48 to_cbw_v=0 to_cbw_a=48 to_cbw_d=0 to_other=0 drivers=0 ports=1 name=cb_addr[1]
CBN_NET tag=cb_new flat_pin_count=48 loads=48 to_cbw_v=0 to_cbw_a=48 to_cbw_d=0 to_other=0 drivers=0 ports=1 name=cb_addr[2]
CBN_NET tag=cb_new flat_pin_count=48 loads=48 to_cbw_v=0 to_cbw_a=48 to_cbw_d=0 to_other=0 drivers=0 ports=1 name=cb_addr[3]
CBN_NET tag=cb_new flat_pin_count=48 loads=48 to_cbw_v=0 to_cbw_a=0 to_cbw_d=48 to_other=0 drivers=0 ports=1 name=cb_data[0]
CBN_NET tag=cb_new flat_pin_count=48 loads=48 to_cbw_v=0 to_cbw_a=0 to_cbw_d=48 to_other=0 drivers=0 ports=1 name=cb_data[1]
CBN_NET tag=cb_new flat_pin_count=48 loads=48 to_cbw_v=0 to_cbw_a=0 to_cbw_d=48 to_other=0 drivers=0 ports=1 name=cb_data[2]
CBN_NET tag=cb_new flat_pin_count=48 loads=48 to_cbw_v=0 to_cbw_a=0 to_cbw_d=48 to_other=0 drivers=0 ports=1 name=cb_data[3]
CBN_NET tag=cb_new flat_pin_count=48 loads=48 to_cbw_v=0 to_cbw_a=0 to_cbw_d=48 to_other=0 drivers=0 ports=1 name=cb_data[4]
CBN_NET tag=cb_new flat_pin_count=48 loads=48 to_cbw_v=0 to_cbw_a=0 to_cbw_d=48 to_other=0 drivers=0 ports=1 name=cb_data[5]
CBN_NET tag=cb_new flat_pin_count=48 loads=48 to_cbw_v=0 to_cbw_a=0 to_cbw_d=48 to_other=0 drivers=0 ports=1 name=cb_data[6]
CBN_NET tag=cb_new flat_pin_count=48 loads=48 to_cbw_v=0 to_cbw_a=0 to_cbw_d=48 to_other=0 drivers=0 ports=1 name=cb_data[7]
CBN_NET tag=cb_new flat_pin_count=129 loads=128 to_cbw_v=48 to_cbw_a=0 to_cbw_d=0 to_other=80 drivers=1 ports=0 name=cbw_v_reg1
CBN_CBCELLS tag=cb_new ram=26112 ff=0
CBN_RAMIN tag=cb_new store_cells=26112 distinct_in_nets=95858 max_flat_pin_count=425487 top_hist="425487x24577 89672x1537 513x7920 33x12672 15x49152"
CBN_TOTAL tag=cb_new cells=171716 nets=2046259 pins=4708060
CBN_CENSUS tag=cb_new cb_ram=26112
CBN_CENSUS tag=cb_new cb_ff=0
CBN_CENSUS tag=cb_new cbw_ff=624
CBN_CENSUS tag=cb_new cbx_any=0
CBN_CENSUS tag=cb_new cbr_ff=0
CBN_CENSUS tag=cb_new muxf8=0
CBN_CENSUS tag=cb_new muxf7=0
CBN_CENSUS tag=cb_new ramd32=22022
CBN_CENSUS tag=cb_new rams32=3146
CBN_CENSUS tag=cb_new ram32m16=1573
CBN 2026-09-21T10:24:32-04:00 === netnames arm=bcast begin ===
CBN_CAP_READBACK cgroup=/user.slice/user-1000.slice/user@1000.service/app.slice/cbn_bcast_2985399.scope memory.high=8589934592
CBN 2026-09-21T10:25:53-04:00 OK arm=bcast rc=0
CBN_BEGIN tag=cb_bcast dcp=/home/orencollaco/cbrun_scratch/run_20260921_064527_1460266/out_bcast/post_opt_cb_bcast.dcp
CBN_CBWCELLS tag=cb_bcast n=19968
CBN_DNETS tag=cb_bcast distinct=624
CBN_NET tag=cb_bcast flat_pin_count=33 loads=32 to_cbw_v=0 to_cbw_a=32 to_cbw_d=0 to_other=0 drivers=1 ports=0 name=cbr_a[0][0]
CBN_NET tag=cb_bcast flat_pin_count=33 loads=32 to_cbw_v=0 to_cbw_a=32 to_cbw_d=0 to_other=0 drivers=1 ports=0 name=cbr_a[0][1]
CBN_NET tag=cb_bcast flat_pin_count=33 loads=32 to_cbw_v=0 to_cbw_a=32 to_cbw_d=0 to_other=0 drivers=1 ports=0 name=cbr_a[0][2]
CBN_NET tag=cb_bcast flat_pin_count=33 loads=32 to_cbw_v=0 to_cbw_a=32 to_cbw_d=0 to_other=0 drivers=1 ports=0 name=cbr_a[0][3]
CBN_NET tag=cb_bcast flat_pin_count=33 loads=32 to_cbw_v=0 to_cbw_a=32 to_cbw_d=0 to_other=0 drivers=1 ports=0 name=cbr_a[31][0]
CBN_NET tag=cb_bcast flat_pin_count=33 loads=32 to_cbw_v=0 to_cbw_a=32 to_cbw_d=0 to_other=0 drivers=1 ports=0 name=cbr_a[31][1]
CBN_NET tag=cb_bcast flat_pin_count=33 loads=32 to_cbw_v=0 to_cbw_a=32 to_cbw_d=0 to_other=0 drivers=1 ports=0 name=cbr_a[31][2]
CBN_NET tag=cb_bcast flat_pin_count=33 loads=32 to_cbw_v=0 to_cbw_a=32 to_cbw_d=0 to_other=0 drivers=1 ports=0 name=cbr_a[31][3]
CBN_NET tag=cb_bcast flat_pin_count=33 loads=32 to_cbw_v=0 to_cbw_a=32 to_cbw_d=0 to_other=0 drivers=1 ports=0 name=cbr_a[3][0]
CBN_NET tag=cb_bcast flat_pin_count=33 loads=32 to_cbw_v=0 to_cbw_a=32 to_cbw_d=0 to_other=0 drivers=1 ports=0 name=cbr_a[3][1]
CBN_NET tag=cb_bcast flat_pin_count=33 loads=32 to_cbw_v=0 to_cbw_a=32 to_cbw_d=0 to_other=0 drivers=1 ports=0 name=cbr_a[3][2]
CBN_NET tag=cb_bcast flat_pin_count=33 loads=32 to_cbw_v=0 to_cbw_a=32 to_cbw_d=0 to_other=0 drivers=1 ports=0 name=cbr_a[3][3]
CBN_NET tag=cb_bcast flat_pin_count=33 loads=32 to_cbw_v=0 to_cbw_a=32 to_cbw_d=0 to_other=0 drivers=1 ports=0 name=cbr_a[32][0]
CBN_NET tag=cb_bcast flat_pin_count=33 loads=32 to_cbw_v=0 to_cbw_a=32 to_cbw_d=0 to_other=0 drivers=1 ports=0 name=cbr_a[32][1]
CBN_NET tag=cb_bcast flat_pin_count=33 loads=32 to_cbw_v=0 to_cbw_a=32 to_cbw_d=0 to_other=0 drivers=1 ports=0 name=cbr_a[32][2]
CBN_NET tag=cb_bcast flat_pin_count=33 loads=32 to_cbw_v=0 to_cbw_a=32 to_cbw_d=0 to_other=0 drivers=1 ports=0 name=cbr_a[32][3]
CBN_NET tag=cb_bcast flat_pin_count=33 loads=32 to_cbw_v=0 to_cbw_a=32 to_cbw_d=0 to_other=0 drivers=1 ports=0 name=cbr_a[33][0]
CBN_NET tag=cb_bcast flat_pin_count=33 loads=32 to_cbw_v=0 to_cbw_a=32 to_cbw_d=0 to_other=0 drivers=1 ports=0 name=cbr_a[33][1]
CBN_NET tag=cb_bcast flat_pin_count=33 loads=32 to_cbw_v=0 to_cbw_a=32 to_cbw_d=0 to_other=0 drivers=1 ports=0 name=cbr_a[33][2]
CBN_NET tag=cb_bcast flat_pin_count=33 loads=32 to_cbw_v=0 to_cbw_a=32 to_cbw_d=0 to_other=0 drivers=1 ports=0 name=cbr_a[33][3]
CBN_NET tag=cb_bcast flat_pin_count=33 loads=32 to_cbw_v=0 to_cbw_a=32 to_cbw_d=0 to_other=0 drivers=1 ports=0 name=cbr_a[34][0]
CBN_NET tag=cb_bcast flat_pin_count=33 loads=32 to_cbw_v=0 to_cbw_a=32 to_cbw_d=0 to_other=0 drivers=1 ports=0 name=cbr_a[34][1]
CBN_NET tag=cb_bcast flat_pin_count=33 loads=32 to_cbw_v=0 to_cbw_a=32 to_cbw_d=0 to_other=0 drivers=1 ports=0 name=cbr_a[34][2]
CBN_NET tag=cb_bcast flat_pin_count=33 loads=32 to_cbw_v=0 to_cbw_a=32 to_cbw_d=0 to_other=0 drivers=1 ports=0 name=cbr_a[34][3]
CBN_NET tag=cb_bcast flat_pin_count=33 loads=32 to_cbw_v=0 to_cbw_a=32 to_cbw_d=0 to_other=0 drivers=1 ports=0 name=cbr_a[35][0]
CBN_NET tag=cb_bcast flat_pin_count=33 loads=32 to_cbw_v=0 to_cbw_a=32 to_cbw_d=0 to_other=0 drivers=1 ports=0 name=cbr_a[35][1]
CBN_NET tag=cb_bcast flat_pin_count=33 loads=32 to_cbw_v=0 to_cbw_a=32 to_cbw_d=0 to_other=0 drivers=1 ports=0 name=cbr_a[35][2]
CBN_NET tag=cb_bcast flat_pin_count=33 loads=32 to_cbw_v=0 to_cbw_a=32 to_cbw_d=0 to_other=0 drivers=1 ports=0 name=cbr_a[35][3]
CBN_NET tag=cb_bcast flat_pin_count=33 loads=32 to_cbw_v=0 to_cbw_a=32 to_cbw_d=0 to_other=0 drivers=1 ports=0 name=cbr_a[36][0]
CBN_NET tag=cb_bcast flat_pin_count=33 loads=32 to_cbw_v=0 to_cbw_a=32 to_cbw_d=0 to_other=0 drivers=1 ports=0 name=cbr_a[36][1]
CBN_NET tag=cb_bcast flat_pin_count=33 loads=32 to_cbw_v=0 to_cbw_a=32 to_cbw_d=0 to_other=0 drivers=1 ports=0 name=cbr_a[36][2]
CBN_NET tag=cb_bcast flat_pin_count=33 loads=32 to_cbw_v=0 to_cbw_a=32 to_cbw_d=0 to_other=0 drivers=1 ports=0 name=cbr_a[36][3]
CBN_NET tag=cb_bcast flat_pin_count=33 loads=32 to_cbw_v=0 to_cbw_a=32 to_cbw_d=0 to_other=0 drivers=1 ports=0 name=cbr_a[37][0]
CBN_NET tag=cb_bcast flat_pin_count=33 loads=32 to_cbw_v=0 to_cbw_a=32 to_cbw_d=0 to_other=0 drivers=1 ports=0 name=cbr_a[37][1]
CBN_NET tag=cb_bcast flat_pin_count=33 loads=32 to_cbw_v=0 to_cbw_a=32 to_cbw_d=0 to_other=0 drivers=1 ports=0 name=cbr_a[37][2]
CBN_NET tag=cb_bcast flat_pin_count=33 loads=32 to_cbw_v=0 to_cbw_a=32 to_cbw_d=0 to_other=0 drivers=1 ports=0 name=cbr_a[37][3]
CBN_NET tag=cb_bcast flat_pin_count=33 loads=32 to_cbw_v=0 to_cbw_a=32 to_cbw_d=0 to_other=0 drivers=1 ports=0 name=cbr_a[38][0]
CBN_NET tag=cb_bcast flat_pin_count=33 loads=32 to_cbw_v=0 to_cbw_a=32 to_cbw_d=0 to_other=0 drivers=1 ports=0 name=cbr_a[38][1]
CBN_NET tag=cb_bcast flat_pin_count=33 loads=32 to_cbw_v=0 to_cbw_a=32 to_cbw_d=0 to_other=0 drivers=1 ports=0 name=cbr_a[38][2]
CBN_NET tag=cb_bcast flat_pin_count=33 loads=32 to_cbw_v=0 to_cbw_a=32 to_cbw_d=0 to_other=0 drivers=1 ports=0 name=cbr_a[38][3]
CBN_NET tag=cb_bcast flat_pin_count=33 loads=32 to_cbw_v=0 to_cbw_a=32 to_cbw_d=0 to_other=0 drivers=1 ports=0 name=cbr_a[39][0]
CBN_NET tag=cb_bcast flat_pin_count=33 loads=32 to_cbw_v=0 to_cbw_a=32 to_cbw_d=0 to_other=0 drivers=1 ports=0 name=cbr_a[39][1]
CBN_NET tag=cb_bcast flat_pin_count=33 loads=32 to_cbw_v=0 to_cbw_a=32 to_cbw_d=0 to_other=0 drivers=1 ports=0 name=cbr_a[39][2]
CBN_NET tag=cb_bcast flat_pin_count=33 loads=32 to_cbw_v=0 to_cbw_a=32 to_cbw_d=0 to_other=0 drivers=1 ports=0 name=cbr_a[39][3]
CBN_NET tag=cb_bcast flat_pin_count=33 loads=32 to_cbw_v=0 to_cbw_a=32 to_cbw_d=0 to_other=0 drivers=1 ports=0 name=cbr_a[40][0]
CBN_NET tag=cb_bcast flat_pin_count=33 loads=32 to_cbw_v=0 to_cbw_a=32 to_cbw_d=0 to_other=0 drivers=1 ports=0 name=cbr_a[40][1]
CBN_NET tag=cb_bcast flat_pin_count=33 loads=32 to_cbw_v=0 to_cbw_a=32 to_cbw_d=0 to_other=0 drivers=1 ports=0 name=cbr_a[40][2]
CBN_NET tag=cb_bcast flat_pin_count=33 loads=32 to_cbw_v=0 to_cbw_a=32 to_cbw_d=0 to_other=0 drivers=1 ports=0 name=cbr_a[40][3]
CBN_NET tag=cb_bcast flat_pin_count=33 loads=32 to_cbw_v=0 to_cbw_a=32 to_cbw_d=0 to_other=0 drivers=1 ports=0 name=cbr_a[4][0]
CBN_NET tag=cb_bcast flat_pin_count=33 loads=32 to_cbw_v=0 to_cbw_a=32 to_cbw_d=0 to_other=0 drivers=1 ports=0 name=cbr_a[4][1]
CBN_NET tag=cb_bcast flat_pin_count=33 loads=32 to_cbw_v=0 to_cbw_a=32 to_cbw_d=0 to_other=0 drivers=1 ports=0 name=cbr_a[4][2]
CBN_NET tag=cb_bcast flat_pin_count=33 loads=32 to_cbw_v=0 to_cbw_a=32 to_cbw_d=0 to_other=0 drivers=1 ports=0 name=cbr_a[4][3]
CBN_NET tag=cb_bcast flat_pin_count=33 loads=32 to_cbw_v=0 to_cbw_a=32 to_cbw_d=0 to_other=0 drivers=1 ports=0 name=cbr_a[41][0]
CBN_NET tag=cb_bcast flat_pin_count=33 loads=32 to_cbw_v=0 to_cbw_a=32 to_cbw_d=0 to_other=0 drivers=1 ports=0 name=cbr_a[41][1]
CBN_NET tag=cb_bcast flat_pin_count=33 loads=32 to_cbw_v=0 to_cbw_a=32 to_cbw_d=0 to_other=0 drivers=1 ports=0 name=cbr_a[41][2]
CBN_NET tag=cb_bcast flat_pin_count=33 loads=32 to_cbw_v=0 to_cbw_a=32 to_cbw_d=0 to_other=0 drivers=1 ports=0 name=cbr_a[41][3]
CBN_NET tag=cb_bcast flat_pin_count=33 loads=32 to_cbw_v=0 to_cbw_a=32 to_cbw_d=0 to_other=0 drivers=1 ports=0 name=cbr_a[42][0]
CBN_NET tag=cb_bcast flat_pin_count=33 loads=32 to_cbw_v=0 to_cbw_a=32 to_cbw_d=0 to_other=0 drivers=1 ports=0 name=cbr_a[42][1]
CBN_NET tag=cb_bcast flat_pin_count=33 loads=32 to_cbw_v=0 to_cbw_a=32 to_cbw_d=0 to_other=0 drivers=1 ports=0 name=cbr_a[42][2]
CBN_NET tag=cb_bcast flat_pin_count=33 loads=32 to_cbw_v=0 to_cbw_a=32 to_cbw_d=0 to_other=0 drivers=1 ports=0 name=cbr_a[42][3]
CBN_NET tag=cb_bcast flat_pin_count=33 loads=32 to_cbw_v=0 to_cbw_a=32 to_cbw_d=0 to_other=0 drivers=1 ports=0 name=cbr_a[43][0]
CBN_NET tag=cb_bcast flat_pin_count=33 loads=32 to_cbw_v=0 to_cbw_a=32 to_cbw_d=0 to_other=0 drivers=1 ports=0 name=cbr_a[43][1]
CBN_NET tag=cb_bcast flat_pin_count=33 loads=32 to_cbw_v=0 to_cbw_a=32 to_cbw_d=0 to_other=0 drivers=1 ports=0 name=cbr_a[43][2]
CBN_NET tag=cb_bcast flat_pin_count=33 loads=32 to_cbw_v=0 to_cbw_a=32 to_cbw_d=0 to_other=0 drivers=1 ports=0 name=cbr_a[43][3]
CBN_NET tag=cb_bcast flat_pin_count=33 loads=32 to_cbw_v=0 to_cbw_a=32 to_cbw_d=0 to_other=0 drivers=1 ports=0 name=cbr_a[44][0]
CBN_NET tag=cb_bcast flat_pin_count=33 loads=32 to_cbw_v=0 to_cbw_a=32 to_cbw_d=0 to_other=0 drivers=1 ports=0 name=cbr_a[44][1]
CBN_NET tag=cb_bcast flat_pin_count=33 loads=32 to_cbw_v=0 to_cbw_a=32 to_cbw_d=0 to_other=0 drivers=1 ports=0 name=cbr_a[44][2]
CBN_NET tag=cb_bcast flat_pin_count=33 loads=32 to_cbw_v=0 to_cbw_a=32 to_cbw_d=0 to_other=0 drivers=1 ports=0 name=cbr_a[44][3]
CBN_NET tag=cb_bcast flat_pin_count=33 loads=32 to_cbw_v=0 to_cbw_a=32 to_cbw_d=0 to_other=0 drivers=1 ports=0 name=cbr_a[45][0]
CBN_NET tag=cb_bcast flat_pin_count=33 loads=32 to_cbw_v=0 to_cbw_a=32 to_cbw_d=0 to_other=0 drivers=1 ports=0 name=cbr_a[45][1]
CBN_NET tag=cb_bcast flat_pin_count=33 loads=32 to_cbw_v=0 to_cbw_a=32 to_cbw_d=0 to_other=0 drivers=1 ports=0 name=cbr_a[45][2]
CBN_NET tag=cb_bcast flat_pin_count=33 loads=32 to_cbw_v=0 to_cbw_a=32 to_cbw_d=0 to_other=0 drivers=1 ports=0 name=cbr_a[45][3]
CBN_NET tag=cb_bcast flat_pin_count=33 loads=32 to_cbw_v=0 to_cbw_a=32 to_cbw_d=0 to_other=0 drivers=1 ports=0 name=cbr_a[46][0]
CBN_NET tag=cb_bcast flat_pin_count=33 loads=32 to_cbw_v=0 to_cbw_a=32 to_cbw_d=0 to_other=0 drivers=1 ports=0 name=cbr_a[46][1]
CBN_NET tag=cb_bcast flat_pin_count=33 loads=32 to_cbw_v=0 to_cbw_a=32 to_cbw_d=0 to_other=0 drivers=1 ports=0 name=cbr_a[46][2]
CBN_NET tag=cb_bcast flat_pin_count=33 loads=32 to_cbw_v=0 to_cbw_a=32 to_cbw_d=0 to_other=0 drivers=1 ports=0 name=cbr_a[46][3]
CBN_NET tag=cb_bcast flat_pin_count=33 loads=32 to_cbw_v=0 to_cbw_a=32 to_cbw_d=0 to_other=0 drivers=1 ports=0 name=cbr_a[47][0]
CBN_NET tag=cb_bcast flat_pin_count=33 loads=32 to_cbw_v=0 to_cbw_a=32 to_cbw_d=0 to_other=0 drivers=1 ports=0 name=cbr_a[47][1]
CBN_NET tag=cb_bcast flat_pin_count=33 loads=32 to_cbw_v=0 to_cbw_a=32 to_cbw_d=0 to_other=0 drivers=1 ports=0 name=cbr_a[47][2]
CBN_NET tag=cb_bcast flat_pin_count=33 loads=32 to_cbw_v=0 to_cbw_a=32 to_cbw_d=0 to_other=0 drivers=1 ports=0 name=cbr_a[47][3]
CBN_NET tag=cb_bcast flat_pin_count=33 loads=32 to_cbw_v=0 to_cbw_a=32 to_cbw_d=0 to_other=0 drivers=1 ports=0 name=cbr_a[5][0]
CBN_NET tag=cb_bcast flat_pin_count=33 loads=32 to_cbw_v=0 to_cbw_a=32 to_cbw_d=0 to_other=0 drivers=1 ports=0 name=cbr_a[5][1]
CBN_NET tag=cb_bcast flat_pin_count=33 loads=32 to_cbw_v=0 to_cbw_a=32 to_cbw_d=0 to_other=0 drivers=1 ports=0 name=cbr_a[5][2]
CBN_NET tag=cb_bcast flat_pin_count=33 loads=32 to_cbw_v=0 to_cbw_a=32 to_cbw_d=0 to_other=0 drivers=1 ports=0 name=cbr_a[5][3]
CBN_NET tag=cb_bcast flat_pin_count=33 loads=32 to_cbw_v=0 to_cbw_a=32 to_cbw_d=0 to_other=0 drivers=1 ports=0 name=cbr_a[6][0]
CBN_NET tag=cb_bcast flat_pin_count=33 loads=32 to_cbw_v=0 to_cbw_a=32 to_cbw_d=0 to_other=0 drivers=1 ports=0 name=cbr_a[6][1]
CBN_NET tag=cb_bcast flat_pin_count=33 loads=32 to_cbw_v=0 to_cbw_a=32 to_cbw_d=0 to_other=0 drivers=1 ports=0 name=cbr_a[6][2]
CBN_NET tag=cb_bcast flat_pin_count=33 loads=32 to_cbw_v=0 to_cbw_a=32 to_cbw_d=0 to_other=0 drivers=1 ports=0 name=cbr_a[6][3]
CBN_NET tag=cb_bcast flat_pin_count=33 loads=32 to_cbw_v=0 to_cbw_a=32 to_cbw_d=0 to_other=0 drivers=1 ports=0 name=cbr_a[7][0]
CBN_NET tag=cb_bcast flat_pin_count=33 loads=32 to_cbw_v=0 to_cbw_a=32 to_cbw_d=0 to_other=0 drivers=1 ports=0 name=cbr_a[7][1]
CBN_NET tag=cb_bcast flat_pin_count=33 loads=32 to_cbw_v=0 to_cbw_a=32 to_cbw_d=0 to_other=0 drivers=1 ports=0 name=cbr_a[7][2]
CBN_NET tag=cb_bcast flat_pin_count=33 loads=32 to_cbw_v=0 to_cbw_a=32 to_cbw_d=0 to_other=0 drivers=1 ports=0 name=cbr_a[7][3]
CBN_NET tag=cb_bcast flat_pin_count=33 loads=32 to_cbw_v=0 to_cbw_a=32 to_cbw_d=0 to_other=0 drivers=1 ports=0 name=cbr_a[8][0]
CBN_NET tag=cb_bcast flat_pin_count=33 loads=32 to_cbw_v=0 to_cbw_a=32 to_cbw_d=0 to_other=0 drivers=1 ports=0 name=cbr_a[8][1]
CBN_NET tag=cb_bcast flat_pin_count=33 loads=32 to_cbw_v=0 to_cbw_a=32 to_cbw_d=0 to_other=0 drivers=1 ports=0 name=cbr_a[8][2]
CBN_NET tag=cb_bcast flat_pin_count=33 loads=32 to_cbw_v=0 to_cbw_a=32 to_cbw_d=0 to_other=0 drivers=1 ports=0 name=cbr_a[8][3]
CBN_NET tag=cb_bcast flat_pin_count=33 loads=32 to_cbw_v=0 to_cbw_a=32 to_cbw_d=0 to_other=0 drivers=1 ports=0 name=cbr_a[9][0]
CBN_NET tag=cb_bcast flat_pin_count=33 loads=32 to_cbw_v=0 to_cbw_a=32 to_cbw_d=0 to_other=0 drivers=1 ports=0 name=cbr_a[9][1]
CBN_NET tag=cb_bcast flat_pin_count=33 loads=32 to_cbw_v=0 to_cbw_a=32 to_cbw_d=0 to_other=0 drivers=1 ports=0 name=cbr_a[9][2]
CBN_NET tag=cb_bcast flat_pin_count=33 loads=32 to_cbw_v=0 to_cbw_a=32 to_cbw_d=0 to_other=0 drivers=1 ports=0 name=cbr_a[9][3]
CBN_NET tag=cb_bcast flat_pin_count=33 loads=32 to_cbw_v=0 to_cbw_a=32 to_cbw_d=0 to_other=0 drivers=1 ports=0 name=cbr_a[10][0]
CBN_NET tag=cb_bcast flat_pin_count=33 loads=32 to_cbw_v=0 to_cbw_a=32 to_cbw_d=0 to_other=0 drivers=1 ports=0 name=cbr_a[10][1]
CBN_NET tag=cb_bcast flat_pin_count=33 loads=32 to_cbw_v=0 to_cbw_a=32 to_cbw_d=0 to_other=0 drivers=1 ports=0 name=cbr_a[10][2]
CBN_NET tag=cb_bcast flat_pin_count=33 loads=32 to_cbw_v=0 to_cbw_a=32 to_cbw_d=0 to_other=0 drivers=1 ports=0 name=cbr_a[10][3]
CBN_NET tag=cb_bcast flat_pin_count=33 loads=32 to_cbw_v=0 to_cbw_a=32 to_cbw_d=0 to_other=0 drivers=1 ports=0 name=cbr_a[1][0]
CBN_NET tag=cb_bcast flat_pin_count=33 loads=32 to_cbw_v=0 to_cbw_a=32 to_cbw_d=0 to_other=0 drivers=1 ports=0 name=cbr_a[1][1]
CBN_NET tag=cb_bcast flat_pin_count=33 loads=32 to_cbw_v=0 to_cbw_a=32 to_cbw_d=0 to_other=0 drivers=1 ports=0 name=cbr_a[1][2]
CBN_NET tag=cb_bcast flat_pin_count=33 loads=32 to_cbw_v=0 to_cbw_a=32 to_cbw_d=0 to_other=0 drivers=1 ports=0 name=cbr_a[1][3]
CBN_NET tag=cb_bcast flat_pin_count=33 loads=32 to_cbw_v=0 to_cbw_a=32 to_cbw_d=0 to_other=0 drivers=1 ports=0 name=cbr_a[11][0]
CBN_NET tag=cb_bcast flat_pin_count=33 loads=32 to_cbw_v=0 to_cbw_a=32 to_cbw_d=0 to_other=0 drivers=1 ports=0 name=cbr_a[11][1]
CBN_NET tag=cb_bcast flat_pin_count=33 loads=32 to_cbw_v=0 to_cbw_a=32 to_cbw_d=0 to_other=0 drivers=1 ports=0 name=cbr_a[11][2]
CBN_NET tag=cb_bcast flat_pin_count=33 loads=32 to_cbw_v=0 to_cbw_a=32 to_cbw_d=0 to_other=0 drivers=1 ports=0 name=cbr_a[11][3]
CBN_NET tag=cb_bcast flat_pin_count=33 loads=32 to_cbw_v=0 to_cbw_a=32 to_cbw_d=0 to_other=0 drivers=1 ports=0 name=cbr_a[12][0]
CBN_NET tag=cb_bcast flat_pin_count=33 loads=32 to_cbw_v=0 to_cbw_a=32 to_cbw_d=0 to_other=0 drivers=1 ports=0 name=cbr_a[12][1]
CBN_NET tag=cb_bcast flat_pin_count=33 loads=32 to_cbw_v=0 to_cbw_a=32 to_cbw_d=0 to_other=0 drivers=1 ports=0 name=cbr_a[12][2]
CBN_NET tag=cb_bcast flat_pin_count=33 loads=32 to_cbw_v=0 to_cbw_a=32 to_cbw_d=0 to_other=0 drivers=1 ports=0 name=cbr_a[12][3]
CBN_NET tag=cb_bcast flat_pin_count=33 loads=32 to_cbw_v=0 to_cbw_a=32 to_cbw_d=0 to_other=0 drivers=1 ports=0 name=cbr_a[13][0]
CBN_NET tag=cb_bcast flat_pin_count=33 loads=32 to_cbw_v=0 to_cbw_a=32 to_cbw_d=0 to_other=0 drivers=1 ports=0 name=cbr_a[13][1]
CBN_NET tag=cb_bcast flat_pin_count=33 loads=32 to_cbw_v=0 to_cbw_a=32 to_cbw_d=0 to_other=0 drivers=1 ports=0 name=cbr_a[13][2]
CBN_NET tag=cb_bcast flat_pin_count=33 loads=32 to_cbw_v=0 to_cbw_a=32 to_cbw_d=0 to_other=0 drivers=1 ports=0 name=cbr_a[13][3]
CBN_NET tag=cb_bcast flat_pin_count=33 loads=32 to_cbw_v=0 to_cbw_a=32 to_cbw_d=0 to_other=0 drivers=1 ports=0 name=cbr_a[14][0]
CBN_NET tag=cb_bcast flat_pin_count=33 loads=32 to_cbw_v=0 to_cbw_a=32 to_cbw_d=0 to_other=0 drivers=1 ports=0 name=cbr_a[14][1]
CBN_NET tag=cb_bcast flat_pin_count=33 loads=32 to_cbw_v=0 to_cbw_a=32 to_cbw_d=0 to_other=0 drivers=1 ports=0 name=cbr_a[14][2]
CBN_NET tag=cb_bcast flat_pin_count=33 loads=32 to_cbw_v=0 to_cbw_a=32 to_cbw_d=0 to_other=0 drivers=1 ports=0 name=cbr_a[14][3]
CBN_NET tag=cb_bcast flat_pin_count=33 loads=32 to_cbw_v=0 to_cbw_a=32 to_cbw_d=0 to_other=0 drivers=1 ports=0 name=cbr_a[15][0]
CBN_NET tag=cb_bcast flat_pin_count=33 loads=32 to_cbw_v=0 to_cbw_a=32 to_cbw_d=0 to_other=0 drivers=1 ports=0 name=cbr_a[15][1]
CBN_NET tag=cb_bcast flat_pin_count=33 loads=32 to_cbw_v=0 to_cbw_a=32 to_cbw_d=0 to_other=0 drivers=1 ports=0 name=cbr_a[15][2]
CBN_NET tag=cb_bcast flat_pin_count=33 loads=32 to_cbw_v=0 to_cbw_a=32 to_cbw_d=0 to_other=0 drivers=1 ports=0 name=cbr_a[15][3]
CBN_NET tag=cb_bcast flat_pin_count=33 loads=32 to_cbw_v=0 to_cbw_a=32 to_cbw_d=0 to_other=0 drivers=1 ports=0 name=cbr_a[16][0]
CBN_NET tag=cb_bcast flat_pin_count=33 loads=32 to_cbw_v=0 to_cbw_a=32 to_cbw_d=0 to_other=0 drivers=1 ports=0 name=cbr_a[16][1]
CBN_NET tag=cb_bcast flat_pin_count=33 loads=32 to_cbw_v=0 to_cbw_a=32 to_cbw_d=0 to_other=0 drivers=1 ports=0 name=cbr_a[16][2]
CBN_NET tag=cb_bcast flat_pin_count=33 loads=32 to_cbw_v=0 to_cbw_a=32 to_cbw_d=0 to_other=0 drivers=1 ports=0 name=cbr_a[16][3]
CBN_NET tag=cb_bcast flat_pin_count=33 loads=32 to_cbw_v=0 to_cbw_a=32 to_cbw_d=0 to_other=0 drivers=1 ports=0 name=cbr_a[17][0]
CBN_NET tag=cb_bcast flat_pin_count=33 loads=32 to_cbw_v=0 to_cbw_a=32 to_cbw_d=0 to_other=0 drivers=1 ports=0 name=cbr_a[17][1]
CBN_NET tag=cb_bcast flat_pin_count=33 loads=32 to_cbw_v=0 to_cbw_a=32 to_cbw_d=0 to_other=0 drivers=1 ports=0 name=cbr_a[17][2]
CBN_NET tag=cb_bcast flat_pin_count=33 loads=32 to_cbw_v=0 to_cbw_a=32 to_cbw_d=0 to_other=0 drivers=1 ports=0 name=cbr_a[17][3]
CBN_NET tag=cb_bcast flat_pin_count=33 loads=32 to_cbw_v=0 to_cbw_a=32 to_cbw_d=0 to_other=0 drivers=1 ports=0 name=cbr_a[18][0]
CBN_NET tag=cb_bcast flat_pin_count=33 loads=32 to_cbw_v=0 to_cbw_a=32 to_cbw_d=0 to_other=0 drivers=1 ports=0 name=cbr_a[18][1]
CBN_NET tag=cb_bcast flat_pin_count=33 loads=32 to_cbw_v=0 to_cbw_a=32 to_cbw_d=0 to_other=0 drivers=1 ports=0 name=cbr_a[18][2]
CBN_NET tag=cb_bcast flat_pin_count=33 loads=32 to_cbw_v=0 to_cbw_a=32 to_cbw_d=0 to_other=0 drivers=1 ports=0 name=cbr_a[18][3]
CBN_NET tag=cb_bcast flat_pin_count=33 loads=32 to_cbw_v=0 to_cbw_a=32 to_cbw_d=0 to_other=0 drivers=1 ports=0 name=cbr_a[19][0]
CBN_NET tag=cb_bcast flat_pin_count=33 loads=32 to_cbw_v=0 to_cbw_a=32 to_cbw_d=0 to_other=0 drivers=1 ports=0 name=cbr_a[19][1]
CBN_NET tag=cb_bcast flat_pin_count=33 loads=32 to_cbw_v=0 to_cbw_a=32 to_cbw_d=0 to_other=0 drivers=1 ports=0 name=cbr_a[19][2]
CBN_NET tag=cb_bcast flat_pin_count=33 loads=32 to_cbw_v=0 to_cbw_a=32 to_cbw_d=0 to_other=0 drivers=1 ports=0 name=cbr_a[19][3]
CBN_NET tag=cb_bcast flat_pin_count=33 loads=32 to_cbw_v=0 to_cbw_a=32 to_cbw_d=0 to_other=0 drivers=1 ports=0 name=cbr_a[20][0]
CBN_NET tag=cb_bcast flat_pin_count=33 loads=32 to_cbw_v=0 to_cbw_a=32 to_cbw_d=0 to_other=0 drivers=1 ports=0 name=cbr_a[20][1]
CBN_NET tag=cb_bcast flat_pin_count=33 loads=32 to_cbw_v=0 to_cbw_a=32 to_cbw_d=0 to_other=0 drivers=1 ports=0 name=cbr_a[20][2]
CBN_NET tag=cb_bcast flat_pin_count=33 loads=32 to_cbw_v=0 to_cbw_a=32 to_cbw_d=0 to_other=0 drivers=1 ports=0 name=cbr_a[20][3]
CBN_NET tag=cb_bcast flat_pin_count=33 loads=32 to_cbw_v=0 to_cbw_a=32 to_cbw_d=0 to_other=0 drivers=1 ports=0 name=cbr_a[2][0]
CBN_NET tag=cb_bcast flat_pin_count=33 loads=32 to_cbw_v=0 to_cbw_a=32 to_cbw_d=0 to_other=0 drivers=1 ports=0 name=cbr_a[2][1]
CBN_NET tag=cb_bcast flat_pin_count=33 loads=32 to_cbw_v=0 to_cbw_a=32 to_cbw_d=0 to_other=0 drivers=1 ports=0 name=cbr_a[2][2]
CBN_NET tag=cb_bcast flat_pin_count=33 loads=32 to_cbw_v=0 to_cbw_a=32 to_cbw_d=0 to_other=0 drivers=1 ports=0 name=cbr_a[2][3]
CBN_NET tag=cb_bcast flat_pin_count=33 loads=32 to_cbw_v=0 to_cbw_a=32 to_cbw_d=0 to_other=0 drivers=1 ports=0 name=cbr_a[21][0]
CBN_NET tag=cb_bcast flat_pin_count=33 loads=32 to_cbw_v=0 to_cbw_a=32 to_cbw_d=0 to_other=0 drivers=1 ports=0 name=cbr_a[21][1]
CBN_NET tag=cb_bcast flat_pin_count=33 loads=32 to_cbw_v=0 to_cbw_a=32 to_cbw_d=0 to_other=0 drivers=1 ports=0 name=cbr_a[21][2]
CBN_NET tag=cb_bcast flat_pin_count=33 loads=32 to_cbw_v=0 to_cbw_a=32 to_cbw_d=0 to_other=0 drivers=1 ports=0 name=cbr_a[21][3]
CBN_NET tag=cb_bcast flat_pin_count=33 loads=32 to_cbw_v=0 to_cbw_a=32 to_cbw_d=0 to_other=0 drivers=1 ports=0 name=cbr_a[22][0]
CBN_NET tag=cb_bcast flat_pin_count=33 loads=32 to_cbw_v=0 to_cbw_a=32 to_cbw_d=0 to_other=0 drivers=1 ports=0 name=cbr_a[22][1]
CBN_NET tag=cb_bcast flat_pin_count=33 loads=32 to_cbw_v=0 to_cbw_a=32 to_cbw_d=0 to_other=0 drivers=1 ports=0 name=cbr_a[22][2]
CBN_NET tag=cb_bcast flat_pin_count=33 loads=32 to_cbw_v=0 to_cbw_a=32 to_cbw_d=0 to_other=0 drivers=1 ports=0 name=cbr_a[22][3]
CBN_NET tag=cb_bcast flat_pin_count=33 loads=32 to_cbw_v=0 to_cbw_a=32 to_cbw_d=0 to_other=0 drivers=1 ports=0 name=cbr_a[23][0]
CBN_NET tag=cb_bcast flat_pin_count=33 loads=32 to_cbw_v=0 to_cbw_a=32 to_cbw_d=0 to_other=0 drivers=1 ports=0 name=cbr_a[23][1]
CBN_NET tag=cb_bcast flat_pin_count=33 loads=32 to_cbw_v=0 to_cbw_a=32 to_cbw_d=0 to_other=0 drivers=1 ports=0 name=cbr_a[23][2]
CBN_NET tag=cb_bcast flat_pin_count=33 loads=32 to_cbw_v=0 to_cbw_a=32 to_cbw_d=0 to_other=0 drivers=1 ports=0 name=cbr_a[23][3]
CBN_NET tag=cb_bcast flat_pin_count=33 loads=32 to_cbw_v=0 to_cbw_a=32 to_cbw_d=0 to_other=0 drivers=1 ports=0 name=cbr_a[24][0]
CBN_NET tag=cb_bcast flat_pin_count=33 loads=32 to_cbw_v=0 to_cbw_a=32 to_cbw_d=0 to_other=0 drivers=1 ports=0 name=cbr_a[24][1]
CBN_NET tag=cb_bcast flat_pin_count=33 loads=32 to_cbw_v=0 to_cbw_a=32 to_cbw_d=0 to_other=0 drivers=1 ports=0 name=cbr_a[24][2]
CBN_NET tag=cb_bcast flat_pin_count=33 loads=32 to_cbw_v=0 to_cbw_a=32 to_cbw_d=0 to_other=0 drivers=1 ports=0 name=cbr_a[24][3]
CBN_NET tag=cb_bcast flat_pin_count=33 loads=32 to_cbw_v=0 to_cbw_a=32 to_cbw_d=0 to_other=0 drivers=1 ports=0 name=cbr_a[25][0]
CBN_NET tag=cb_bcast flat_pin_count=33 loads=32 to_cbw_v=0 to_cbw_a=32 to_cbw_d=0 to_other=0 drivers=1 ports=0 name=cbr_a[25][1]
CBN_NET tag=cb_bcast flat_pin_count=33 loads=32 to_cbw_v=0 to_cbw_a=32 to_cbw_d=0 to_other=0 drivers=1 ports=0 name=cbr_a[25][2]
CBN_NET tag=cb_bcast flat_pin_count=33 loads=32 to_cbw_v=0 to_cbw_a=32 to_cbw_d=0 to_other=0 drivers=1 ports=0 name=cbr_a[25][3]
CBN_NET tag=cb_bcast flat_pin_count=33 loads=32 to_cbw_v=0 to_cbw_a=32 to_cbw_d=0 to_other=0 drivers=1 ports=0 name=cbr_a[26][0]
CBN_NET tag=cb_bcast flat_pin_count=33 loads=32 to_cbw_v=0 to_cbw_a=32 to_cbw_d=0 to_other=0 drivers=1 ports=0 name=cbr_a[26][1]
CBN_NET tag=cb_bcast flat_pin_count=33 loads=32 to_cbw_v=0 to_cbw_a=32 to_cbw_d=0 to_other=0 drivers=1 ports=0 name=cbr_a[26][2]
CBN_NET tag=cb_bcast flat_pin_count=33 loads=32 to_cbw_v=0 to_cbw_a=32 to_cbw_d=0 to_other=0 drivers=1 ports=0 name=cbr_a[26][3]
CBN_NET tag=cb_bcast flat_pin_count=33 loads=32 to_cbw_v=0 to_cbw_a=32 to_cbw_d=0 to_other=0 drivers=1 ports=0 name=cbr_a[27][0]
CBN_NET tag=cb_bcast flat_pin_count=33 loads=32 to_cbw_v=0 to_cbw_a=32 to_cbw_d=0 to_other=0 drivers=1 ports=0 name=cbr_a[27][1]
CBN_NET tag=cb_bcast flat_pin_count=33 loads=32 to_cbw_v=0 to_cbw_a=32 to_cbw_d=0 to_other=0 drivers=1 ports=0 name=cbr_a[27][2]
CBN_NET tag=cb_bcast flat_pin_count=33 loads=32 to_cbw_v=0 to_cbw_a=32 to_cbw_d=0 to_other=0 drivers=1 ports=0 name=cbr_a[27][3]
CBN_NET tag=cb_bcast flat_pin_count=33 loads=32 to_cbw_v=0 to_cbw_a=32 to_cbw_d=0 to_other=0 drivers=1 ports=0 name=cbr_a[28][0]
CBN_NET tag=cb_bcast flat_pin_count=33 loads=32 to_cbw_v=0 to_cbw_a=32 to_cbw_d=0 to_other=0 drivers=1 ports=0 name=cbr_a[28][1]
CBN_NET tag=cb_bcast flat_pin_count=33 loads=32 to_cbw_v=0 to_cbw_a=32 to_cbw_d=0 to_other=0 drivers=1 ports=0 name=cbr_a[28][2]
CBN_NET tag=cb_bcast flat_pin_count=33 loads=32 to_cbw_v=0 to_cbw_a=32 to_cbw_d=0 to_other=0 drivers=1 ports=0 name=cbr_a[28][3]
CBN_NET tag=cb_bcast flat_pin_count=33 loads=32 to_cbw_v=0 to_cbw_a=32 to_cbw_d=0 to_other=0 drivers=1 ports=0 name=cbr_a[29][0]
CBN_NET tag=cb_bcast flat_pin_count=33 loads=32 to_cbw_v=0 to_cbw_a=32 to_cbw_d=0 to_other=0 drivers=1 ports=0 name=cbr_a[29][1]
CBN_NET tag=cb_bcast flat_pin_count=33 loads=32 to_cbw_v=0 to_cbw_a=32 to_cbw_d=0 to_other=0 drivers=1 ports=0 name=cbr_a[29][2]
CBN_NET tag=cb_bcast flat_pin_count=33 loads=32 to_cbw_v=0 to_cbw_a=32 to_cbw_d=0 to_other=0 drivers=1 ports=0 name=cbr_a[29][3]
CBN_NET tag=cb_bcast flat_pin_count=33 loads=32 to_cbw_v=0 to_cbw_a=32 to_cbw_d=0 to_other=0 drivers=1 ports=0 name=cbr_a[30][0]
CBN_NET tag=cb_bcast flat_pin_count=33 loads=32 to_cbw_v=0 to_cbw_a=32 to_cbw_d=0 to_other=0 drivers=1 ports=0 name=cbr_a[30][1]
CBN_NET tag=cb_bcast flat_pin_count=33 loads=32 to_cbw_v=0 to_cbw_a=32 to_cbw_d=0 to_other=0 drivers=1 ports=0 name=cbr_a[30][2]
CBN_NET tag=cb_bcast flat_pin_count=33 loads=32 to_cbw_v=0 to_cbw_a=32 to_cbw_d=0 to_other=0 drivers=1 ports=0 name=cbr_a[30][3]
CBN_NET tag=cb_bcast flat_pin_count=33 loads=32 to_cbw_v=0 to_cbw_a=0 to_cbw_d=32 to_other=0 drivers=1 ports=0 name=cbr_d[0][0]
CBN_NET tag=cb_bcast flat_pin_count=33 loads=32 to_cbw_v=0 to_cbw_a=0 to_cbw_d=32 to_other=0 drivers=1 ports=0 name=cbr_d[0][1]
CBN_NET tag=cb_bcast flat_pin_count=33 loads=32 to_cbw_v=0 to_cbw_a=0 to_cbw_d=32 to_other=0 drivers=1 ports=0 name=cbr_d[0][2]
CBN_NET tag=cb_bcast flat_pin_count=33 loads=32 to_cbw_v=0 to_cbw_a=0 to_cbw_d=32 to_other=0 drivers=1 ports=0 name=cbr_d[0][3]
CBN_NET tag=cb_bcast flat_pin_count=33 loads=32 to_cbw_v=0 to_cbw_a=0 to_cbw_d=32 to_other=0 drivers=1 ports=0 name=cbr_d[0][4]
CBN_NET tag=cb_bcast flat_pin_count=33 loads=32 to_cbw_v=0 to_cbw_a=0 to_cbw_d=32 to_other=0 drivers=1 ports=0 name=cbr_d[0][5]
CBN_NET tag=cb_bcast flat_pin_count=33 loads=32 to_cbw_v=0 to_cbw_a=0 to_cbw_d=32 to_other=0 drivers=1 ports=0 name=cbr_d[0][6]
CBN_NET tag=cb_bcast flat_pin_count=33 loads=32 to_cbw_v=0 to_cbw_a=0 to_cbw_d=32 to_other=0 drivers=1 ports=0 name=cbr_d[0][7]
CBN_NET tag=cb_bcast flat_pin_count=33 loads=32 to_cbw_v=0 to_cbw_a=0 to_cbw_d=32 to_other=0 drivers=1 ports=0 name=cbr_d[31][0]
CBN_NET tag=cb_bcast flat_pin_count=33 loads=32 to_cbw_v=0 to_cbw_a=0 to_cbw_d=32 to_other=0 drivers=1 ports=0 name=cbr_d[31][1]
CBN_NET tag=cb_bcast flat_pin_count=33 loads=32 to_cbw_v=0 to_cbw_a=0 to_cbw_d=32 to_other=0 drivers=1 ports=0 name=cbr_d[31][2]
CBN_NET tag=cb_bcast flat_pin_count=33 loads=32 to_cbw_v=0 to_cbw_a=0 to_cbw_d=32 to_other=0 drivers=1 ports=0 name=cbr_d[31][3]
CBN_NET tag=cb_bcast flat_pin_count=33 loads=32 to_cbw_v=0 to_cbw_a=0 to_cbw_d=32 to_other=0 drivers=1 ports=0 name=cbr_d[31][4]
CBN_NET tag=cb_bcast flat_pin_count=33 loads=32 to_cbw_v=0 to_cbw_a=0 to_cbw_d=32 to_other=0 drivers=1 ports=0 name=cbr_d[31][5]
CBN_NET tag=cb_bcast flat_pin_count=33 loads=32 to_cbw_v=0 to_cbw_a=0 to_cbw_d=32 to_other=0 drivers=1 ports=0 name=cbr_d[31][6]
CBN_NET tag=cb_bcast flat_pin_count=33 loads=32 to_cbw_v=0 to_cbw_a=0 to_cbw_d=32 to_other=0 drivers=1 ports=0 name=cbr_d[31][7]
CBN_NET tag=cb_bcast flat_pin_count=33 loads=32 to_cbw_v=0 to_cbw_a=0 to_cbw_d=32 to_other=0 drivers=1 ports=0 name=cbr_d[3][0]
CBN_NET tag=cb_bcast flat_pin_count=33 loads=32 to_cbw_v=0 to_cbw_a=0 to_cbw_d=32 to_other=0 drivers=1 ports=0 name=cbr_d[3][1]
CBN_NET tag=cb_bcast flat_pin_count=33 loads=32 to_cbw_v=0 to_cbw_a=0 to_cbw_d=32 to_other=0 drivers=1 ports=0 name=cbr_d[3][2]
CBN_NET tag=cb_bcast flat_pin_count=33 loads=32 to_cbw_v=0 to_cbw_a=0 to_cbw_d=32 to_other=0 drivers=1 ports=0 name=cbr_d[3][3]
CBN_NET tag=cb_bcast flat_pin_count=33 loads=32 to_cbw_v=0 to_cbw_a=0 to_cbw_d=32 to_other=0 drivers=1 ports=0 name=cbr_d[3][4]
CBN_NET tag=cb_bcast flat_pin_count=33 loads=32 to_cbw_v=0 to_cbw_a=0 to_cbw_d=32 to_other=0 drivers=1 ports=0 name=cbr_d[3][5]
CBN_NET tag=cb_bcast flat_pin_count=33 loads=32 to_cbw_v=0 to_cbw_a=0 to_cbw_d=32 to_other=0 drivers=1 ports=0 name=cbr_d[3][6]
CBN_NET tag=cb_bcast flat_pin_count=33 loads=32 to_cbw_v=0 to_cbw_a=0 to_cbw_d=32 to_other=0 drivers=1 ports=0 name=cbr_d[3][7]
CBN_NET tag=cb_bcast flat_pin_count=33 loads=32 to_cbw_v=0 to_cbw_a=0 to_cbw_d=32 to_other=0 drivers=1 ports=0 name=cbr_d[32][0]
CBN_NET tag=cb_bcast flat_pin_count=33 loads=32 to_cbw_v=0 to_cbw_a=0 to_cbw_d=32 to_other=0 drivers=1 ports=0 name=cbr_d[32][1]
CBN_NET tag=cb_bcast flat_pin_count=33 loads=32 to_cbw_v=0 to_cbw_a=0 to_cbw_d=32 to_other=0 drivers=1 ports=0 name=cbr_d[32][2]
CBN_NET tag=cb_bcast flat_pin_count=33 loads=32 to_cbw_v=0 to_cbw_a=0 to_cbw_d=32 to_other=0 drivers=1 ports=0 name=cbr_d[32][3]
CBN_NET tag=cb_bcast flat_pin_count=33 loads=32 to_cbw_v=0 to_cbw_a=0 to_cbw_d=32 to_other=0 drivers=1 ports=0 name=cbr_d[32][4]
CBN_NET tag=cb_bcast flat_pin_count=33 loads=32 to_cbw_v=0 to_cbw_a=0 to_cbw_d=32 to_other=0 drivers=1 ports=0 name=cbr_d[32][5]
CBN_NET tag=cb_bcast flat_pin_count=33 loads=32 to_cbw_v=0 to_cbw_a=0 to_cbw_d=32 to_other=0 drivers=1 ports=0 name=cbr_d[32][6]
CBN_NET tag=cb_bcast flat_pin_count=33 loads=32 to_cbw_v=0 to_cbw_a=0 to_cbw_d=32 to_other=0 drivers=1 ports=0 name=cbr_d[32][7]
CBN_NET tag=cb_bcast flat_pin_count=33 loads=32 to_cbw_v=0 to_cbw_a=0 to_cbw_d=32 to_other=0 drivers=1 ports=0 name=cbr_d[33][0]
CBN_NET tag=cb_bcast flat_pin_count=33 loads=32 to_cbw_v=0 to_cbw_a=0 to_cbw_d=32 to_other=0 drivers=1 ports=0 name=cbr_d[33][1]
CBN_NET tag=cb_bcast flat_pin_count=33 loads=32 to_cbw_v=0 to_cbw_a=0 to_cbw_d=32 to_other=0 drivers=1 ports=0 name=cbr_d[33][2]
CBN_NET tag=cb_bcast flat_pin_count=33 loads=32 to_cbw_v=0 to_cbw_a=0 to_cbw_d=32 to_other=0 drivers=1 ports=0 name=cbr_d[33][3]
CBN_NET tag=cb_bcast flat_pin_count=33 loads=32 to_cbw_v=0 to_cbw_a=0 to_cbw_d=32 to_other=0 drivers=1 ports=0 name=cbr_d[33][4]
CBN_NET tag=cb_bcast flat_pin_count=33 loads=32 to_cbw_v=0 to_cbw_a=0 to_cbw_d=32 to_other=0 drivers=1 ports=0 name=cbr_d[33][5]
CBN_NET tag=cb_bcast flat_pin_count=33 loads=32 to_cbw_v=0 to_cbw_a=0 to_cbw_d=32 to_other=0 drivers=1 ports=0 name=cbr_d[33][6]
CBN_NET tag=cb_bcast flat_pin_count=33 loads=32 to_cbw_v=0 to_cbw_a=0 to_cbw_d=32 to_other=0 drivers=1 ports=0 name=cbr_d[33][7]
CBN_NET tag=cb_bcast flat_pin_count=33 loads=32 to_cbw_v=0 to_cbw_a=0 to_cbw_d=32 to_other=0 drivers=1 ports=0 name=cbr_d[34][0]
CBN_NET tag=cb_bcast flat_pin_count=33 loads=32 to_cbw_v=0 to_cbw_a=0 to_cbw_d=32 to_other=0 drivers=1 ports=0 name=cbr_d[34][1]
CBN_NET tag=cb_bcast flat_pin_count=33 loads=32 to_cbw_v=0 to_cbw_a=0 to_cbw_d=32 to_other=0 drivers=1 ports=0 name=cbr_d[34][2]
CBN_NET tag=cb_bcast flat_pin_count=33 loads=32 to_cbw_v=0 to_cbw_a=0 to_cbw_d=32 to_other=0 drivers=1 ports=0 name=cbr_d[34][3]
CBN_NET tag=cb_bcast flat_pin_count=33 loads=32 to_cbw_v=0 to_cbw_a=0 to_cbw_d=32 to_other=0 drivers=1 ports=0 name=cbr_d[34][4]
CBN_NET tag=cb_bcast flat_pin_count=33 loads=32 to_cbw_v=0 to_cbw_a=0 to_cbw_d=32 to_other=0 drivers=1 ports=0 name=cbr_d[34][5]
CBN_NET tag=cb_bcast flat_pin_count=33 loads=32 to_cbw_v=0 to_cbw_a=0 to_cbw_d=32 to_other=0 drivers=1 ports=0 name=cbr_d[34][6]
CBN_NET tag=cb_bcast flat_pin_count=33 loads=32 to_cbw_v=0 to_cbw_a=0 to_cbw_d=32 to_other=0 drivers=1 ports=0 name=cbr_d[34][7]
CBN_NET tag=cb_bcast flat_pin_count=33 loads=32 to_cbw_v=0 to_cbw_a=0 to_cbw_d=32 to_other=0 drivers=1 ports=0 name=cbr_d[35][0]
CBN_NET tag=cb_bcast flat_pin_count=33 loads=32 to_cbw_v=0 to_cbw_a=0 to_cbw_d=32 to_other=0 drivers=1 ports=0 name=cbr_d[35][1]
CBN_NET tag=cb_bcast flat_pin_count=33 loads=32 to_cbw_v=0 to_cbw_a=0 to_cbw_d=32 to_other=0 drivers=1 ports=0 name=cbr_d[35][2]
CBN_NET tag=cb_bcast flat_pin_count=33 loads=32 to_cbw_v=0 to_cbw_a=0 to_cbw_d=32 to_other=0 drivers=1 ports=0 name=cbr_d[35][3]
CBN_NET tag=cb_bcast flat_pin_count=33 loads=32 to_cbw_v=0 to_cbw_a=0 to_cbw_d=32 to_other=0 drivers=1 ports=0 name=cbr_d[35][4]
CBN_NET tag=cb_bcast flat_pin_count=33 loads=32 to_cbw_v=0 to_cbw_a=0 to_cbw_d=32 to_other=0 drivers=1 ports=0 name=cbr_d[35][5]
CBN_NET tag=cb_bcast flat_pin_count=33 loads=32 to_cbw_v=0 to_cbw_a=0 to_cbw_d=32 to_other=0 drivers=1 ports=0 name=cbr_d[35][6]
CBN_NET tag=cb_bcast flat_pin_count=33 loads=32 to_cbw_v=0 to_cbw_a=0 to_cbw_d=32 to_other=0 drivers=1 ports=0 name=cbr_d[35][7]
CBN_NET tag=cb_bcast flat_pin_count=33 loads=32 to_cbw_v=0 to_cbw_a=0 to_cbw_d=32 to_other=0 drivers=1 ports=0 name=cbr_d[36][0]
CBN_NET tag=cb_bcast flat_pin_count=33 loads=32 to_cbw_v=0 to_cbw_a=0 to_cbw_d=32 to_other=0 drivers=1 ports=0 name=cbr_d[36][1]
CBN_NET tag=cb_bcast flat_pin_count=33 loads=32 to_cbw_v=0 to_cbw_a=0 to_cbw_d=32 to_other=0 drivers=1 ports=0 name=cbr_d[36][2]
CBN_NET tag=cb_bcast flat_pin_count=33 loads=32 to_cbw_v=0 to_cbw_a=0 to_cbw_d=32 to_other=0 drivers=1 ports=0 name=cbr_d[36][3]
CBN_NET tag=cb_bcast flat_pin_count=33 loads=32 to_cbw_v=0 to_cbw_a=0 to_cbw_d=32 to_other=0 drivers=1 ports=0 name=cbr_d[36][4]
CBN_NET tag=cb_bcast flat_pin_count=33 loads=32 to_cbw_v=0 to_cbw_a=0 to_cbw_d=32 to_other=0 drivers=1 ports=0 name=cbr_d[36][5]
CBN_NET tag=cb_bcast flat_pin_count=33 loads=32 to_cbw_v=0 to_cbw_a=0 to_cbw_d=32 to_other=0 drivers=1 ports=0 name=cbr_d[36][6]
CBN_NET tag=cb_bcast flat_pin_count=33 loads=32 to_cbw_v=0 to_cbw_a=0 to_cbw_d=32 to_other=0 drivers=1 ports=0 name=cbr_d[36][7]
CBN_NET tag=cb_bcast flat_pin_count=33 loads=32 to_cbw_v=0 to_cbw_a=0 to_cbw_d=32 to_other=0 drivers=1 ports=0 name=cbr_d[37][0]
CBN_NET tag=cb_bcast flat_pin_count=33 loads=32 to_cbw_v=0 to_cbw_a=0 to_cbw_d=32 to_other=0 drivers=1 ports=0 name=cbr_d[37][1]
CBN_NET tag=cb_bcast flat_pin_count=33 loads=32 to_cbw_v=0 to_cbw_a=0 to_cbw_d=32 to_other=0 drivers=1 ports=0 name=cbr_d[37][2]
CBN_NET tag=cb_bcast flat_pin_count=33 loads=32 to_cbw_v=0 to_cbw_a=0 to_cbw_d=32 to_other=0 drivers=1 ports=0 name=cbr_d[37][3]
CBN_NET tag=cb_bcast flat_pin_count=33 loads=32 to_cbw_v=0 to_cbw_a=0 to_cbw_d=32 to_other=0 drivers=1 ports=0 name=cbr_d[37][4]
CBN_NET tag=cb_bcast flat_pin_count=33 loads=32 to_cbw_v=0 to_cbw_a=0 to_cbw_d=32 to_other=0 drivers=1 ports=0 name=cbr_d[37][5]
CBN_NET tag=cb_bcast flat_pin_count=33 loads=32 to_cbw_v=0 to_cbw_a=0 to_cbw_d=32 to_other=0 drivers=1 ports=0 name=cbr_d[37][6]
CBN_NET tag=cb_bcast flat_pin_count=33 loads=32 to_cbw_v=0 to_cbw_a=0 to_cbw_d=32 to_other=0 drivers=1 ports=0 name=cbr_d[37][7]
CBN_NET tag=cb_bcast flat_pin_count=33 loads=32 to_cbw_v=0 to_cbw_a=0 to_cbw_d=32 to_other=0 drivers=1 ports=0 name=cbr_d[38][0]
CBN_NET tag=cb_bcast flat_pin_count=33 loads=32 to_cbw_v=0 to_cbw_a=0 to_cbw_d=32 to_other=0 drivers=1 ports=0 name=cbr_d[38][1]
CBN_NET tag=cb_bcast flat_pin_count=33 loads=32 to_cbw_v=0 to_cbw_a=0 to_cbw_d=32 to_other=0 drivers=1 ports=0 name=cbr_d[38][2]
CBN_NET tag=cb_bcast flat_pin_count=33 loads=32 to_cbw_v=0 to_cbw_a=0 to_cbw_d=32 to_other=0 drivers=1 ports=0 name=cbr_d[38][3]
CBN_NET tag=cb_bcast flat_pin_count=33 loads=32 to_cbw_v=0 to_cbw_a=0 to_cbw_d=32 to_other=0 drivers=1 ports=0 name=cbr_d[38][4]
CBN_NET tag=cb_bcast flat_pin_count=33 loads=32 to_cbw_v=0 to_cbw_a=0 to_cbw_d=32 to_other=0 drivers=1 ports=0 name=cbr_d[38][5]
CBN_NET tag=cb_bcast flat_pin_count=33 loads=32 to_cbw_v=0 to_cbw_a=0 to_cbw_d=32 to_other=0 drivers=1 ports=0 name=cbr_d[38][6]
CBN_NET tag=cb_bcast flat_pin_count=33 loads=32 to_cbw_v=0 to_cbw_a=0 to_cbw_d=32 to_other=0 drivers=1 ports=0 name=cbr_d[38][7]
CBN_NET tag=cb_bcast flat_pin_count=33 loads=32 to_cbw_v=0 to_cbw_a=0 to_cbw_d=32 to_other=0 drivers=1 ports=0 name=cbr_d[39][0]
CBN_NET tag=cb_bcast flat_pin_count=33 loads=32 to_cbw_v=0 to_cbw_a=0 to_cbw_d=32 to_other=0 drivers=1 ports=0 name=cbr_d[39][1]
CBN_NET tag=cb_bcast flat_pin_count=33 loads=32 to_cbw_v=0 to_cbw_a=0 to_cbw_d=32 to_other=0 drivers=1 ports=0 name=cbr_d[39][2]
CBN_NET tag=cb_bcast flat_pin_count=33 loads=32 to_cbw_v=0 to_cbw_a=0 to_cbw_d=32 to_other=0 drivers=1 ports=0 name=cbr_d[39][3]
CBN_NET tag=cb_bcast flat_pin_count=33 loads=32 to_cbw_v=0 to_cbw_a=0 to_cbw_d=32 to_other=0 drivers=1 ports=0 name=cbr_d[39][4]
CBN_NET tag=cb_bcast flat_pin_count=33 loads=32 to_cbw_v=0 to_cbw_a=0 to_cbw_d=32 to_other=0 drivers=1 ports=0 name=cbr_d[39][5]
CBN_NET tag=cb_bcast flat_pin_count=33 loads=32 to_cbw_v=0 to_cbw_a=0 to_cbw_d=32 to_other=0 drivers=1 ports=0 name=cbr_d[39][6]
CBN_NET tag=cb_bcast flat_pin_count=33 loads=32 to_cbw_v=0 to_cbw_a=0 to_cbw_d=32 to_other=0 drivers=1 ports=0 name=cbr_d[39][7]
CBN_NET tag=cb_bcast flat_pin_count=33 loads=32 to_cbw_v=0 to_cbw_a=0 to_cbw_d=32 to_other=0 drivers=1 ports=0 name=cbr_d[40][0]
CBN_NET tag=cb_bcast flat_pin_count=33 loads=32 to_cbw_v=0 to_cbw_a=0 to_cbw_d=32 to_other=0 drivers=1 ports=0 name=cbr_d[40][1]
CBN_NET tag=cb_bcast flat_pin_count=33 loads=32 to_cbw_v=0 to_cbw_a=0 to_cbw_d=32 to_other=0 drivers=1 ports=0 name=cbr_d[40][2]
CBN_NET tag=cb_bcast flat_pin_count=33 loads=32 to_cbw_v=0 to_cbw_a=0 to_cbw_d=32 to_other=0 drivers=1 ports=0 name=cbr_d[40][3]
CBN_NET tag=cb_bcast flat_pin_count=33 loads=32 to_cbw_v=0 to_cbw_a=0 to_cbw_d=32 to_other=0 drivers=1 ports=0 name=cbr_d[40][4]
CBN_NET tag=cb_bcast flat_pin_count=33 loads=32 to_cbw_v=0 to_cbw_a=0 to_cbw_d=32 to_other=0 drivers=1 ports=0 name=cbr_d[40][5]
CBN_NET tag=cb_bcast flat_pin_count=33 loads=32 to_cbw_v=0 to_cbw_a=0 to_cbw_d=32 to_other=0 drivers=1 ports=0 name=cbr_d[40][6]
CBN_NET tag=cb_bcast flat_pin_count=33 loads=32 to_cbw_v=0 to_cbw_a=0 to_cbw_d=32 to_other=0 drivers=1 ports=0 name=cbr_d[40][7]
CBN_NET tag=cb_bcast flat_pin_count=33 loads=32 to_cbw_v=0 to_cbw_a=0 to_cbw_d=32 to_other=0 drivers=1 ports=0 name=cbr_d[4][0]
CBN_NET tag=cb_bcast flat_pin_count=33 loads=32 to_cbw_v=0 to_cbw_a=0 to_cbw_d=32 to_other=0 drivers=1 ports=0 name=cbr_d[4][1]
CBN_NET tag=cb_bcast flat_pin_count=33 loads=32 to_cbw_v=0 to_cbw_a=0 to_cbw_d=32 to_other=0 drivers=1 ports=0 name=cbr_d[4][2]
CBN_NET tag=cb_bcast flat_pin_count=33 loads=32 to_cbw_v=0 to_cbw_a=0 to_cbw_d=32 to_other=0 drivers=1 ports=0 name=cbr_d[4][3]
CBN_NET tag=cb_bcast flat_pin_count=33 loads=32 to_cbw_v=0 to_cbw_a=0 to_cbw_d=32 to_other=0 drivers=1 ports=0 name=cbr_d[4][4]
CBN_NET tag=cb_bcast flat_pin_count=33 loads=32 to_cbw_v=0 to_cbw_a=0 to_cbw_d=32 to_other=0 drivers=1 ports=0 name=cbr_d[4][5]
CBN_NET tag=cb_bcast flat_pin_count=33 loads=32 to_cbw_v=0 to_cbw_a=0 to_cbw_d=32 to_other=0 drivers=1 ports=0 name=cbr_d[4][6]
CBN_NET tag=cb_bcast flat_pin_count=33 loads=32 to_cbw_v=0 to_cbw_a=0 to_cbw_d=32 to_other=0 drivers=1 ports=0 name=cbr_d[4][7]
CBN_NET tag=cb_bcast flat_pin_count=33 loads=32 to_cbw_v=0 to_cbw_a=0 to_cbw_d=32 to_other=0 drivers=1 ports=0 name=cbr_d[41][0]
CBN_NET tag=cb_bcast flat_pin_count=33 loads=32 to_cbw_v=0 to_cbw_a=0 to_cbw_d=32 to_other=0 drivers=1 ports=0 name=cbr_d[41][1]
CBN_NET tag=cb_bcast flat_pin_count=33 loads=32 to_cbw_v=0 to_cbw_a=0 to_cbw_d=32 to_other=0 drivers=1 ports=0 name=cbr_d[41][2]
CBN_NET tag=cb_bcast flat_pin_count=33 loads=32 to_cbw_v=0 to_cbw_a=0 to_cbw_d=32 to_other=0 drivers=1 ports=0 name=cbr_d[41][3]
CBN_NET tag=cb_bcast flat_pin_count=33 loads=32 to_cbw_v=0 to_cbw_a=0 to_cbw_d=32 to_other=0 drivers=1 ports=0 name=cbr_d[41][4]
CBN_NET tag=cb_bcast flat_pin_count=33 loads=32 to_cbw_v=0 to_cbw_a=0 to_cbw_d=32 to_other=0 drivers=1 ports=0 name=cbr_d[41][5]
CBN_NET tag=cb_bcast flat_pin_count=33 loads=32 to_cbw_v=0 to_cbw_a=0 to_cbw_d=32 to_other=0 drivers=1 ports=0 name=cbr_d[41][6]
CBN_NET tag=cb_bcast flat_pin_count=33 loads=32 to_cbw_v=0 to_cbw_a=0 to_cbw_d=32 to_other=0 drivers=1 ports=0 name=cbr_d[41][7]
CBN_NET tag=cb_bcast flat_pin_count=33 loads=32 to_cbw_v=0 to_cbw_a=0 to_cbw_d=32 to_other=0 drivers=1 ports=0 name=cbr_d[42][0]
CBN_NET tag=cb_bcast flat_pin_count=33 loads=32 to_cbw_v=0 to_cbw_a=0 to_cbw_d=32 to_other=0 drivers=1 ports=0 name=cbr_d[42][1]
CBN_NET tag=cb_bcast flat_pin_count=33 loads=32 to_cbw_v=0 to_cbw_a=0 to_cbw_d=32 to_other=0 drivers=1 ports=0 name=cbr_d[42][2]
CBN_NET tag=cb_bcast flat_pin_count=33 loads=32 to_cbw_v=0 to_cbw_a=0 to_cbw_d=32 to_other=0 drivers=1 ports=0 name=cbr_d[42][3]
CBN_NET tag=cb_bcast flat_pin_count=33 loads=32 to_cbw_v=0 to_cbw_a=0 to_cbw_d=32 to_other=0 drivers=1 ports=0 name=cbr_d[42][4]
CBN_NET tag=cb_bcast flat_pin_count=33 loads=32 to_cbw_v=0 to_cbw_a=0 to_cbw_d=32 to_other=0 drivers=1 ports=0 name=cbr_d[42][5]
CBN_NET tag=cb_bcast flat_pin_count=33 loads=32 to_cbw_v=0 to_cbw_a=0 to_cbw_d=32 to_other=0 drivers=1 ports=0 name=cbr_d[42][6]
CBN_NET tag=cb_bcast flat_pin_count=33 loads=32 to_cbw_v=0 to_cbw_a=0 to_cbw_d=32 to_other=0 drivers=1 ports=0 name=cbr_d[42][7]
CBN_NET tag=cb_bcast flat_pin_count=33 loads=32 to_cbw_v=0 to_cbw_a=0 to_cbw_d=32 to_other=0 drivers=1 ports=0 name=cbr_d[43][0]
CBN_NET tag=cb_bcast flat_pin_count=33 loads=32 to_cbw_v=0 to_cbw_a=0 to_cbw_d=32 to_other=0 drivers=1 ports=0 name=cbr_d[43][1]
CBN_NET tag=cb_bcast flat_pin_count=33 loads=32 to_cbw_v=0 to_cbw_a=0 to_cbw_d=32 to_other=0 drivers=1 ports=0 name=cbr_d[43][2]
CBN_NET tag=cb_bcast flat_pin_count=33 loads=32 to_cbw_v=0 to_cbw_a=0 to_cbw_d=32 to_other=0 drivers=1 ports=0 name=cbr_d[43][3]
CBN_NET tag=cb_bcast flat_pin_count=33 loads=32 to_cbw_v=0 to_cbw_a=0 to_cbw_d=32 to_other=0 drivers=1 ports=0 name=cbr_d[43][4]
CBN_NET tag=cb_bcast flat_pin_count=33 loads=32 to_cbw_v=0 to_cbw_a=0 to_cbw_d=32 to_other=0 drivers=1 ports=0 name=cbr_d[43][5]
CBN_NET tag=cb_bcast flat_pin_count=33 loads=32 to_cbw_v=0 to_cbw_a=0 to_cbw_d=32 to_other=0 drivers=1 ports=0 name=cbr_d[43][6]
CBN_NET tag=cb_bcast flat_pin_count=33 loads=32 to_cbw_v=0 to_cbw_a=0 to_cbw_d=32 to_other=0 drivers=1 ports=0 name=cbr_d[43][7]
CBN_NET tag=cb_bcast flat_pin_count=33 loads=32 to_cbw_v=0 to_cbw_a=0 to_cbw_d=32 to_other=0 drivers=1 ports=0 name=cbr_d[44][0]
CBN_NET tag=cb_bcast flat_pin_count=33 loads=32 to_cbw_v=0 to_cbw_a=0 to_cbw_d=32 to_other=0 drivers=1 ports=0 name=cbr_d[44][1]
CBN_NET tag=cb_bcast flat_pin_count=33 loads=32 to_cbw_v=0 to_cbw_a=0 to_cbw_d=32 to_other=0 drivers=1 ports=0 name=cbr_d[44][2]
CBN_NET tag=cb_bcast flat_pin_count=33 loads=32 to_cbw_v=0 to_cbw_a=0 to_cbw_d=32 to_other=0 drivers=1 ports=0 name=cbr_d[44][3]
CBN_NET tag=cb_bcast flat_pin_count=33 loads=32 to_cbw_v=0 to_cbw_a=0 to_cbw_d=32 to_other=0 drivers=1 ports=0 name=cbr_d[44][4]
CBN_NET tag=cb_bcast flat_pin_count=33 loads=32 to_cbw_v=0 to_cbw_a=0 to_cbw_d=32 to_other=0 drivers=1 ports=0 name=cbr_d[44][5]
CBN_NET tag=cb_bcast flat_pin_count=33 loads=32 to_cbw_v=0 to_cbw_a=0 to_cbw_d=32 to_other=0 drivers=1 ports=0 name=cbr_d[44][6]
CBN_NET tag=cb_bcast flat_pin_count=33 loads=32 to_cbw_v=0 to_cbw_a=0 to_cbw_d=32 to_other=0 drivers=1 ports=0 name=cbr_d[44][7]
CBN_NET tag=cb_bcast flat_pin_count=33 loads=32 to_cbw_v=0 to_cbw_a=0 to_cbw_d=32 to_other=0 drivers=1 ports=0 name=cbr_d[45][0]
CBN_NET tag=cb_bcast flat_pin_count=33 loads=32 to_cbw_v=0 to_cbw_a=0 to_cbw_d=32 to_other=0 drivers=1 ports=0 name=cbr_d[45][1]
CBN_NET tag=cb_bcast flat_pin_count=33 loads=32 to_cbw_v=0 to_cbw_a=0 to_cbw_d=32 to_other=0 drivers=1 ports=0 name=cbr_d[45][2]
CBN_NET tag=cb_bcast flat_pin_count=33 loads=32 to_cbw_v=0 to_cbw_a=0 to_cbw_d=32 to_other=0 drivers=1 ports=0 name=cbr_d[45][3]
CBN_NET tag=cb_bcast flat_pin_count=33 loads=32 to_cbw_v=0 to_cbw_a=0 to_cbw_d=32 to_other=0 drivers=1 ports=0 name=cbr_d[45][4]
CBN_NET tag=cb_bcast flat_pin_count=33 loads=32 to_cbw_v=0 to_cbw_a=0 to_cbw_d=32 to_other=0 drivers=1 ports=0 name=cbr_d[45][5]
CBN_NET tag=cb_bcast flat_pin_count=33 loads=32 to_cbw_v=0 to_cbw_a=0 to_cbw_d=32 to_other=0 drivers=1 ports=0 name=cbr_d[45][6]
CBN_NET tag=cb_bcast flat_pin_count=33 loads=32 to_cbw_v=0 to_cbw_a=0 to_cbw_d=32 to_other=0 drivers=1 ports=0 name=cbr_d[45][7]
CBN_NET tag=cb_bcast flat_pin_count=33 loads=32 to_cbw_v=0 to_cbw_a=0 to_cbw_d=32 to_other=0 drivers=1 ports=0 name=cbr_d[46][0]
CBN_NET tag=cb_bcast flat_pin_count=33 loads=32 to_cbw_v=0 to_cbw_a=0 to_cbw_d=32 to_other=0 drivers=1 ports=0 name=cbr_d[46][1]
CBN_NET tag=cb_bcast flat_pin_count=33 loads=32 to_cbw_v=0 to_cbw_a=0 to_cbw_d=32 to_other=0 drivers=1 ports=0 name=cbr_d[46][2]
CBN_NET tag=cb_bcast flat_pin_count=33 loads=32 to_cbw_v=0 to_cbw_a=0 to_cbw_d=32 to_other=0 drivers=1 ports=0 name=cbr_d[46][3]
CBN_NET tag=cb_bcast flat_pin_count=33 loads=32 to_cbw_v=0 to_cbw_a=0 to_cbw_d=32 to_other=0 drivers=1 ports=0 name=cbr_d[46][4]
CBN_NET tag=cb_bcast flat_pin_count=33 loads=32 to_cbw_v=0 to_cbw_a=0 to_cbw_d=32 to_other=0 drivers=1 ports=0 name=cbr_d[46][5]
CBN_NET tag=cb_bcast flat_pin_count=33 loads=32 to_cbw_v=0 to_cbw_a=0 to_cbw_d=32 to_other=0 drivers=1 ports=0 name=cbr_d[46][6]
CBN_NET tag=cb_bcast flat_pin_count=33 loads=32 to_cbw_v=0 to_cbw_a=0 to_cbw_d=32 to_other=0 drivers=1 ports=0 name=cbr_d[46][7]
CBN_NET tag=cb_bcast flat_pin_count=33 loads=32 to_cbw_v=0 to_cbw_a=0 to_cbw_d=32 to_other=0 drivers=1 ports=0 name=cbr_d[47][0]
CBN_NET tag=cb_bcast flat_pin_count=33 loads=32 to_cbw_v=0 to_cbw_a=0 to_cbw_d=32 to_other=0 drivers=1 ports=0 name=cbr_d[47][1]
CBN_NET tag=cb_bcast flat_pin_count=33 loads=32 to_cbw_v=0 to_cbw_a=0 to_cbw_d=32 to_other=0 drivers=1 ports=0 name=cbr_d[47][2]
CBN_NET tag=cb_bcast flat_pin_count=33 loads=32 to_cbw_v=0 to_cbw_a=0 to_cbw_d=32 to_other=0 drivers=1 ports=0 name=cbr_d[47][3]
CBN_NET tag=cb_bcast flat_pin_count=33 loads=32 to_cbw_v=0 to_cbw_a=0 to_cbw_d=32 to_other=0 drivers=1 ports=0 name=cbr_d[47][4]
CBN_NET tag=cb_bcast flat_pin_count=33 loads=32 to_cbw_v=0 to_cbw_a=0 to_cbw_d=32 to_other=0 drivers=1 ports=0 name=cbr_d[47][5]
CBN_NET tag=cb_bcast flat_pin_count=33 loads=32 to_cbw_v=0 to_cbw_a=0 to_cbw_d=32 to_other=0 drivers=1 ports=0 name=cbr_d[47][6]
CBN_NET tag=cb_bcast flat_pin_count=33 loads=32 to_cbw_v=0 to_cbw_a=0 to_cbw_d=32 to_other=0 drivers=1 ports=0 name=cbr_d[47][7]
CBN_NET tag=cb_bcast flat_pin_count=33 loads=32 to_cbw_v=0 to_cbw_a=0 to_cbw_d=32 to_other=0 drivers=1 ports=0 name=cbr_d[5][0]
CBN_NET tag=cb_bcast flat_pin_count=33 loads=32 to_cbw_v=0 to_cbw_a=0 to_cbw_d=32 to_other=0 drivers=1 ports=0 name=cbr_d[5][1]
CBN_NET tag=cb_bcast flat_pin_count=33 loads=32 to_cbw_v=0 to_cbw_a=0 to_cbw_d=32 to_other=0 drivers=1 ports=0 name=cbr_d[5][2]
CBN_NET tag=cb_bcast flat_pin_count=33 loads=32 to_cbw_v=0 to_cbw_a=0 to_cbw_d=32 to_other=0 drivers=1 ports=0 name=cbr_d[5][3]
CBN_NET tag=cb_bcast flat_pin_count=33 loads=32 to_cbw_v=0 to_cbw_a=0 to_cbw_d=32 to_other=0 drivers=1 ports=0 name=cbr_d[5][4]
CBN_NET tag=cb_bcast flat_pin_count=33 loads=32 to_cbw_v=0 to_cbw_a=0 to_cbw_d=32 to_other=0 drivers=1 ports=0 name=cbr_d[5][5]
CBN_NET tag=cb_bcast flat_pin_count=33 loads=32 to_cbw_v=0 to_cbw_a=0 to_cbw_d=32 to_other=0 drivers=1 ports=0 name=cbr_d[5][6]
CBN_NET tag=cb_bcast flat_pin_count=33 loads=32 to_cbw_v=0 to_cbw_a=0 to_cbw_d=32 to_other=0 drivers=1 ports=0 name=cbr_d[5][7]
CBN_NET tag=cb_bcast flat_pin_count=33 loads=32 to_cbw_v=0 to_cbw_a=0 to_cbw_d=32 to_other=0 drivers=1 ports=0 name=cbr_d[6][0]
CBN_NET tag=cb_bcast flat_pin_count=33 loads=32 to_cbw_v=0 to_cbw_a=0 to_cbw_d=32 to_other=0 drivers=1 ports=0 name=cbr_d[6][1]
CBN_NET tag=cb_bcast flat_pin_count=33 loads=32 to_cbw_v=0 to_cbw_a=0 to_cbw_d=32 to_other=0 drivers=1 ports=0 name=cbr_d[6][2]
CBN_NET tag=cb_bcast flat_pin_count=33 loads=32 to_cbw_v=0 to_cbw_a=0 to_cbw_d=32 to_other=0 drivers=1 ports=0 name=cbr_d[6][3]
CBN_NET tag=cb_bcast flat_pin_count=33 loads=32 to_cbw_v=0 to_cbw_a=0 to_cbw_d=32 to_other=0 drivers=1 ports=0 name=cbr_d[6][4]
CBN_NET tag=cb_bcast flat_pin_count=33 loads=32 to_cbw_v=0 to_cbw_a=0 to_cbw_d=32 to_other=0 drivers=1 ports=0 name=cbr_d[6][5]
CBN_NET tag=cb_bcast flat_pin_count=33 loads=32 to_cbw_v=0 to_cbw_a=0 to_cbw_d=32 to_other=0 drivers=1 ports=0 name=cbr_d[6][6]
CBN_NET tag=cb_bcast flat_pin_count=33 loads=32 to_cbw_v=0 to_cbw_a=0 to_cbw_d=32 to_other=0 drivers=1 ports=0 name=cbr_d[6][7]
CBN_NET tag=cb_bcast flat_pin_count=33 loads=32 to_cbw_v=0 to_cbw_a=0 to_cbw_d=32 to_other=0 drivers=1 ports=0 name=cbr_d[7][0]
CBN_NET tag=cb_bcast flat_pin_count=33 loads=32 to_cbw_v=0 to_cbw_a=0 to_cbw_d=32 to_other=0 drivers=1 ports=0 name=cbr_d[7][1]
CBN_NET tag=cb_bcast flat_pin_count=33 loads=32 to_cbw_v=0 to_cbw_a=0 to_cbw_d=32 to_other=0 drivers=1 ports=0 name=cbr_d[7][2]
CBN_NET tag=cb_bcast flat_pin_count=33 loads=32 to_cbw_v=0 to_cbw_a=0 to_cbw_d=32 to_other=0 drivers=1 ports=0 name=cbr_d[7][3]
CBN_NET tag=cb_bcast flat_pin_count=33 loads=32 to_cbw_v=0 to_cbw_a=0 to_cbw_d=32 to_other=0 drivers=1 ports=0 name=cbr_d[7][4]
CBN_NET tag=cb_bcast flat_pin_count=33 loads=32 to_cbw_v=0 to_cbw_a=0 to_cbw_d=32 to_other=0 drivers=1 ports=0 name=cbr_d[7][5]
CBN_NET tag=cb_bcast flat_pin_count=33 loads=32 to_cbw_v=0 to_cbw_a=0 to_cbw_d=32 to_other=0 drivers=1 ports=0 name=cbr_d[7][6]
CBN_NET tag=cb_bcast flat_pin_count=33 loads=32 to_cbw_v=0 to_cbw_a=0 to_cbw_d=32 to_other=0 drivers=1 ports=0 name=cbr_d[7][7]
CBN_NET tag=cb_bcast flat_pin_count=33 loads=32 to_cbw_v=0 to_cbw_a=0 to_cbw_d=32 to_other=0 drivers=1 ports=0 name=cbr_d[8][0]
CBN_NET tag=cb_bcast flat_pin_count=33 loads=32 to_cbw_v=0 to_cbw_a=0 to_cbw_d=32 to_other=0 drivers=1 ports=0 name=cbr_d[8][1]
CBN_NET tag=cb_bcast flat_pin_count=33 loads=32 to_cbw_v=0 to_cbw_a=0 to_cbw_d=32 to_other=0 drivers=1 ports=0 name=cbr_d[8][2]
CBN_NET tag=cb_bcast flat_pin_count=33 loads=32 to_cbw_v=0 to_cbw_a=0 to_cbw_d=32 to_other=0 drivers=1 ports=0 name=cbr_d[8][3]
CBN_NET tag=cb_bcast flat_pin_count=33 loads=32 to_cbw_v=0 to_cbw_a=0 to_cbw_d=32 to_other=0 drivers=1 ports=0 name=cbr_d[8][4]
CBN_NET tag=cb_bcast flat_pin_count=33 loads=32 to_cbw_v=0 to_cbw_a=0 to_cbw_d=32 to_other=0 drivers=1 ports=0 name=cbr_d[8][5]
CBN_NET tag=cb_bcast flat_pin_count=33 loads=32 to_cbw_v=0 to_cbw_a=0 to_cbw_d=32 to_other=0 drivers=1 ports=0 name=cbr_d[8][6]
CBN_NET tag=cb_bcast flat_pin_count=33 loads=32 to_cbw_v=0 to_cbw_a=0 to_cbw_d=32 to_other=0 drivers=1 ports=0 name=cbr_d[8][7]
CBN_NET tag=cb_bcast flat_pin_count=33 loads=32 to_cbw_v=0 to_cbw_a=0 to_cbw_d=32 to_other=0 drivers=1 ports=0 name=cbr_d[9][0]
CBN_NET tag=cb_bcast flat_pin_count=33 loads=32 to_cbw_v=0 to_cbw_a=0 to_cbw_d=32 to_other=0 drivers=1 ports=0 name=cbr_d[9][1]
CBN_NET tag=cb_bcast flat_pin_count=33 loads=32 to_cbw_v=0 to_cbw_a=0 to_cbw_d=32 to_other=0 drivers=1 ports=0 name=cbr_d[9][2]
CBN_NET tag=cb_bcast flat_pin_count=33 loads=32 to_cbw_v=0 to_cbw_a=0 to_cbw_d=32 to_other=0 drivers=1 ports=0 name=cbr_d[9][3]
CBN_NET tag=cb_bcast flat_pin_count=33 loads=32 to_cbw_v=0 to_cbw_a=0 to_cbw_d=32 to_other=0 drivers=1 ports=0 name=cbr_d[9][4]
CBN_NET tag=cb_bcast flat_pin_count=33 loads=32 to_cbw_v=0 to_cbw_a=0 to_cbw_d=32 to_other=0 drivers=1 ports=0 name=cbr_d[9][5]
CBN_NET tag=cb_bcast flat_pin_count=33 loads=32 to_cbw_v=0 to_cbw_a=0 to_cbw_d=32 to_other=0 drivers=1 ports=0 name=cbr_d[9][6]
CBN_NET tag=cb_bcast flat_pin_count=33 loads=32 to_cbw_v=0 to_cbw_a=0 to_cbw_d=32 to_other=0 drivers=1 ports=0 name=cbr_d[9][7]
CBN_NET tag=cb_bcast flat_pin_count=33 loads=32 to_cbw_v=0 to_cbw_a=0 to_cbw_d=32 to_other=0 drivers=1 ports=0 name=cbr_d[10][0]
CBN_NET tag=cb_bcast flat_pin_count=33 loads=32 to_cbw_v=0 to_cbw_a=0 to_cbw_d=32 to_other=0 drivers=1 ports=0 name=cbr_d[10][1]
CBN_NET tag=cb_bcast flat_pin_count=33 loads=32 to_cbw_v=0 to_cbw_a=0 to_cbw_d=32 to_other=0 drivers=1 ports=0 name=cbr_d[10][2]
CBN_NET tag=cb_bcast flat_pin_count=33 loads=32 to_cbw_v=0 to_cbw_a=0 to_cbw_d=32 to_other=0 drivers=1 ports=0 name=cbr_d[10][3]
CBN_NET tag=cb_bcast flat_pin_count=33 loads=32 to_cbw_v=0 to_cbw_a=0 to_cbw_d=32 to_other=0 drivers=1 ports=0 name=cbr_d[10][4]
CBN_NET tag=cb_bcast flat_pin_count=33 loads=32 to_cbw_v=0 to_cbw_a=0 to_cbw_d=32 to_other=0 drivers=1 ports=0 name=cbr_d[10][5]
CBN_NET tag=cb_bcast flat_pin_count=33 loads=32 to_cbw_v=0 to_cbw_a=0 to_cbw_d=32 to_other=0 drivers=1 ports=0 name=cbr_d[10][6]
CBN_NET tag=cb_bcast flat_pin_count=33 loads=32 to_cbw_v=0 to_cbw_a=0 to_cbw_d=32 to_other=0 drivers=1 ports=0 name=cbr_d[10][7]
CBN_NET tag=cb_bcast flat_pin_count=33 loads=32 to_cbw_v=0 to_cbw_a=0 to_cbw_d=32 to_other=0 drivers=1 ports=0 name=cbr_d[1][0]
CBN_NET tag=cb_bcast flat_pin_count=33 loads=32 to_cbw_v=0 to_cbw_a=0 to_cbw_d=32 to_other=0 drivers=1 ports=0 name=cbr_d[1][1]
CBN_NET tag=cb_bcast flat_pin_count=33 loads=32 to_cbw_v=0 to_cbw_a=0 to_cbw_d=32 to_other=0 drivers=1 ports=0 name=cbr_d[1][2]
CBN_NET tag=cb_bcast flat_pin_count=33 loads=32 to_cbw_v=0 to_cbw_a=0 to_cbw_d=32 to_other=0 drivers=1 ports=0 name=cbr_d[1][3]
CBN_NET tag=cb_bcast flat_pin_count=33 loads=32 to_cbw_v=0 to_cbw_a=0 to_cbw_d=32 to_other=0 drivers=1 ports=0 name=cbr_d[1][4]
CBN_NET tag=cb_bcast flat_pin_count=33 loads=32 to_cbw_v=0 to_cbw_a=0 to_cbw_d=32 to_other=0 drivers=1 ports=0 name=cbr_d[1][5]
CBN_NET tag=cb_bcast flat_pin_count=33 loads=32 to_cbw_v=0 to_cbw_a=0 to_cbw_d=32 to_other=0 drivers=1 ports=0 name=cbr_d[1][6]
CBN_NET tag=cb_bcast flat_pin_count=33 loads=32 to_cbw_v=0 to_cbw_a=0 to_cbw_d=32 to_other=0 drivers=1 ports=0 name=cbr_d[1][7]
CBN_NET tag=cb_bcast flat_pin_count=33 loads=32 to_cbw_v=0 to_cbw_a=0 to_cbw_d=32 to_other=0 drivers=1 ports=0 name=cbr_d[11][0]
CBN_NET tag=cb_bcast flat_pin_count=33 loads=32 to_cbw_v=0 to_cbw_a=0 to_cbw_d=32 to_other=0 drivers=1 ports=0 name=cbr_d[11][1]
CBN_NET tag=cb_bcast flat_pin_count=33 loads=32 to_cbw_v=0 to_cbw_a=0 to_cbw_d=32 to_other=0 drivers=1 ports=0 name=cbr_d[11][2]
CBN_NET tag=cb_bcast flat_pin_count=33 loads=32 to_cbw_v=0 to_cbw_a=0 to_cbw_d=32 to_other=0 drivers=1 ports=0 name=cbr_d[11][3]
CBN_NET tag=cb_bcast flat_pin_count=33 loads=32 to_cbw_v=0 to_cbw_a=0 to_cbw_d=32 to_other=0 drivers=1 ports=0 name=cbr_d[11][4]
CBN_NET tag=cb_bcast flat_pin_count=33 loads=32 to_cbw_v=0 to_cbw_a=0 to_cbw_d=32 to_other=0 drivers=1 ports=0 name=cbr_d[11][5]
CBN_NET tag=cb_bcast flat_pin_count=33 loads=32 to_cbw_v=0 to_cbw_a=0 to_cbw_d=32 to_other=0 drivers=1 ports=0 name=cbr_d[11][6]
CBN_NET tag=cb_bcast flat_pin_count=33 loads=32 to_cbw_v=0 to_cbw_a=0 to_cbw_d=32 to_other=0 drivers=1 ports=0 name=cbr_d[11][7]
CBN_NET tag=cb_bcast flat_pin_count=33 loads=32 to_cbw_v=0 to_cbw_a=0 to_cbw_d=32 to_other=0 drivers=1 ports=0 name=cbr_d[12][0]
CBN_NET tag=cb_bcast flat_pin_count=33 loads=32 to_cbw_v=0 to_cbw_a=0 to_cbw_d=32 to_other=0 drivers=1 ports=0 name=cbr_d[12][1]
CBN_NET tag=cb_bcast flat_pin_count=33 loads=32 to_cbw_v=0 to_cbw_a=0 to_cbw_d=32 to_other=0 drivers=1 ports=0 name=cbr_d[12][2]
CBN_NET tag=cb_bcast flat_pin_count=33 loads=32 to_cbw_v=0 to_cbw_a=0 to_cbw_d=32 to_other=0 drivers=1 ports=0 name=cbr_d[12][3]
CBN_NET tag=cb_bcast flat_pin_count=33 loads=32 to_cbw_v=0 to_cbw_a=0 to_cbw_d=32 to_other=0 drivers=1 ports=0 name=cbr_d[12][4]
CBN_NET tag=cb_bcast flat_pin_count=33 loads=32 to_cbw_v=0 to_cbw_a=0 to_cbw_d=32 to_other=0 drivers=1 ports=0 name=cbr_d[12][5]
CBN_NET tag=cb_bcast flat_pin_count=33 loads=32 to_cbw_v=0 to_cbw_a=0 to_cbw_d=32 to_other=0 drivers=1 ports=0 name=cbr_d[12][6]
CBN_NET tag=cb_bcast flat_pin_count=33 loads=32 to_cbw_v=0 to_cbw_a=0 to_cbw_d=32 to_other=0 drivers=1 ports=0 name=cbr_d[12][7]
CBN_NET tag=cb_bcast flat_pin_count=33 loads=32 to_cbw_v=0 to_cbw_a=0 to_cbw_d=32 to_other=0 drivers=1 ports=0 name=cbr_d[13][0]
CBN_NET tag=cb_bcast flat_pin_count=33 loads=32 to_cbw_v=0 to_cbw_a=0 to_cbw_d=32 to_other=0 drivers=1 ports=0 name=cbr_d[13][1]
CBN_NET tag=cb_bcast flat_pin_count=33 loads=32 to_cbw_v=0 to_cbw_a=0 to_cbw_d=32 to_other=0 drivers=1 ports=0 name=cbr_d[13][2]
CBN_NET tag=cb_bcast flat_pin_count=33 loads=32 to_cbw_v=0 to_cbw_a=0 to_cbw_d=32 to_other=0 drivers=1 ports=0 name=cbr_d[13][3]
CBN_NET tag=cb_bcast flat_pin_count=33 loads=32 to_cbw_v=0 to_cbw_a=0 to_cbw_d=32 to_other=0 drivers=1 ports=0 name=cbr_d[13][4]
CBN_NET tag=cb_bcast flat_pin_count=33 loads=32 to_cbw_v=0 to_cbw_a=0 to_cbw_d=32 to_other=0 drivers=1 ports=0 name=cbr_d[13][5]
CBN_NET tag=cb_bcast flat_pin_count=33 loads=32 to_cbw_v=0 to_cbw_a=0 to_cbw_d=32 to_other=0 drivers=1 ports=0 name=cbr_d[13][6]
CBN_NET tag=cb_bcast flat_pin_count=33 loads=32 to_cbw_v=0 to_cbw_a=0 to_cbw_d=32 to_other=0 drivers=1 ports=0 name=cbr_d[13][7]
CBN_NET tag=cb_bcast flat_pin_count=33 loads=32 to_cbw_v=0 to_cbw_a=0 to_cbw_d=32 to_other=0 drivers=1 ports=0 name=cbr_d[14][0]
CBN_NET tag=cb_bcast flat_pin_count=33 loads=32 to_cbw_v=0 to_cbw_a=0 to_cbw_d=32 to_other=0 drivers=1 ports=0 name=cbr_d[14][1]
CBN_NET tag=cb_bcast flat_pin_count=33 loads=32 to_cbw_v=0 to_cbw_a=0 to_cbw_d=32 to_other=0 drivers=1 ports=0 name=cbr_d[14][2]
CBN_NET tag=cb_bcast flat_pin_count=33 loads=32 to_cbw_v=0 to_cbw_a=0 to_cbw_d=32 to_other=0 drivers=1 ports=0 name=cbr_d[14][3]
CBN_NET tag=cb_bcast flat_pin_count=33 loads=32 to_cbw_v=0 to_cbw_a=0 to_cbw_d=32 to_other=0 drivers=1 ports=0 name=cbr_d[14][4]
CBN_NET tag=cb_bcast flat_pin_count=33 loads=32 to_cbw_v=0 to_cbw_a=0 to_cbw_d=32 to_other=0 drivers=1 ports=0 name=cbr_d[14][5]
CBN_NET tag=cb_bcast flat_pin_count=33 loads=32 to_cbw_v=0 to_cbw_a=0 to_cbw_d=32 to_other=0 drivers=1 ports=0 name=cbr_d[14][6]
CBN_NET tag=cb_bcast flat_pin_count=33 loads=32 to_cbw_v=0 to_cbw_a=0 to_cbw_d=32 to_other=0 drivers=1 ports=0 name=cbr_d[14][7]
CBN_NET tag=cb_bcast flat_pin_count=33 loads=32 to_cbw_v=0 to_cbw_a=0 to_cbw_d=32 to_other=0 drivers=1 ports=0 name=cbr_d[15][0]
CBN_NET tag=cb_bcast flat_pin_count=33 loads=32 to_cbw_v=0 to_cbw_a=0 to_cbw_d=32 to_other=0 drivers=1 ports=0 name=cbr_d[15][1]
CBN_NET tag=cb_bcast flat_pin_count=33 loads=32 to_cbw_v=0 to_cbw_a=0 to_cbw_d=32 to_other=0 drivers=1 ports=0 name=cbr_d[15][2]
CBN_NET tag=cb_bcast flat_pin_count=33 loads=32 to_cbw_v=0 to_cbw_a=0 to_cbw_d=32 to_other=0 drivers=1 ports=0 name=cbr_d[15][3]
CBN_NET tag=cb_bcast flat_pin_count=33 loads=32 to_cbw_v=0 to_cbw_a=0 to_cbw_d=32 to_other=0 drivers=1 ports=0 name=cbr_d[15][4]
CBN_NET tag=cb_bcast flat_pin_count=33 loads=32 to_cbw_v=0 to_cbw_a=0 to_cbw_d=32 to_other=0 drivers=1 ports=0 name=cbr_d[15][5]
CBN_NET tag=cb_bcast flat_pin_count=33 loads=32 to_cbw_v=0 to_cbw_a=0 to_cbw_d=32 to_other=0 drivers=1 ports=0 name=cbr_d[15][6]
CBN_NET tag=cb_bcast flat_pin_count=33 loads=32 to_cbw_v=0 to_cbw_a=0 to_cbw_d=32 to_other=0 drivers=1 ports=0 name=cbr_d[15][7]
CBN_NET tag=cb_bcast flat_pin_count=33 loads=32 to_cbw_v=0 to_cbw_a=0 to_cbw_d=32 to_other=0 drivers=1 ports=0 name=cbr_d[16][0]
CBN_NET tag=cb_bcast flat_pin_count=33 loads=32 to_cbw_v=0 to_cbw_a=0 to_cbw_d=32 to_other=0 drivers=1 ports=0 name=cbr_d[16][1]
CBN_NET tag=cb_bcast flat_pin_count=33 loads=32 to_cbw_v=0 to_cbw_a=0 to_cbw_d=32 to_other=0 drivers=1 ports=0 name=cbr_d[16][2]
CBN_NET tag=cb_bcast flat_pin_count=33 loads=32 to_cbw_v=0 to_cbw_a=0 to_cbw_d=32 to_other=0 drivers=1 ports=0 name=cbr_d[16][3]
CBN_NET tag=cb_bcast flat_pin_count=33 loads=32 to_cbw_v=0 to_cbw_a=0 to_cbw_d=32 to_other=0 drivers=1 ports=0 name=cbr_d[16][4]
CBN_NET tag=cb_bcast flat_pin_count=33 loads=32 to_cbw_v=0 to_cbw_a=0 to_cbw_d=32 to_other=0 drivers=1 ports=0 name=cbr_d[16][5]
CBN_NET tag=cb_bcast flat_pin_count=33 loads=32 to_cbw_v=0 to_cbw_a=0 to_cbw_d=32 to_other=0 drivers=1 ports=0 name=cbr_d[16][6]
CBN_NET tag=cb_bcast flat_pin_count=33 loads=32 to_cbw_v=0 to_cbw_a=0 to_cbw_d=32 to_other=0 drivers=1 ports=0 name=cbr_d[16][7]
CBN_NET tag=cb_bcast flat_pin_count=33 loads=32 to_cbw_v=0 to_cbw_a=0 to_cbw_d=32 to_other=0 drivers=1 ports=0 name=cbr_d[17][0]
CBN_NET tag=cb_bcast flat_pin_count=33 loads=32 to_cbw_v=0 to_cbw_a=0 to_cbw_d=32 to_other=0 drivers=1 ports=0 name=cbr_d[17][1]
CBN_NET tag=cb_bcast flat_pin_count=33 loads=32 to_cbw_v=0 to_cbw_a=0 to_cbw_d=32 to_other=0 drivers=1 ports=0 name=cbr_d[17][2]
CBN_NET tag=cb_bcast flat_pin_count=33 loads=32 to_cbw_v=0 to_cbw_a=0 to_cbw_d=32 to_other=0 drivers=1 ports=0 name=cbr_d[17][3]
CBN_NET tag=cb_bcast flat_pin_count=33 loads=32 to_cbw_v=0 to_cbw_a=0 to_cbw_d=32 to_other=0 drivers=1 ports=0 name=cbr_d[17][4]
CBN_NET tag=cb_bcast flat_pin_count=33 loads=32 to_cbw_v=0 to_cbw_a=0 to_cbw_d=32 to_other=0 drivers=1 ports=0 name=cbr_d[17][5]
CBN_NET tag=cb_bcast flat_pin_count=33 loads=32 to_cbw_v=0 to_cbw_a=0 to_cbw_d=32 to_other=0 drivers=1 ports=0 name=cbr_d[17][6]
CBN_NET tag=cb_bcast flat_pin_count=33 loads=32 to_cbw_v=0 to_cbw_a=0 to_cbw_d=32 to_other=0 drivers=1 ports=0 name=cbr_d[17][7]
CBN_NET tag=cb_bcast flat_pin_count=33 loads=32 to_cbw_v=0 to_cbw_a=0 to_cbw_d=32 to_other=0 drivers=1 ports=0 name=cbr_d[18][0]
CBN_NET tag=cb_bcast flat_pin_count=33 loads=32 to_cbw_v=0 to_cbw_a=0 to_cbw_d=32 to_other=0 drivers=1 ports=0 name=cbr_d[18][1]
CBN_NET tag=cb_bcast flat_pin_count=33 loads=32 to_cbw_v=0 to_cbw_a=0 to_cbw_d=32 to_other=0 drivers=1 ports=0 name=cbr_d[18][2]
CBN_NET tag=cb_bcast flat_pin_count=33 loads=32 to_cbw_v=0 to_cbw_a=0 to_cbw_d=32 to_other=0 drivers=1 ports=0 name=cbr_d[18][3]
CBN_NET tag=cb_bcast flat_pin_count=33 loads=32 to_cbw_v=0 to_cbw_a=0 to_cbw_d=32 to_other=0 drivers=1 ports=0 name=cbr_d[18][4]
CBN_NET tag=cb_bcast flat_pin_count=33 loads=32 to_cbw_v=0 to_cbw_a=0 to_cbw_d=32 to_other=0 drivers=1 ports=0 name=cbr_d[18][5]
CBN_NET tag=cb_bcast flat_pin_count=33 loads=32 to_cbw_v=0 to_cbw_a=0 to_cbw_d=32 to_other=0 drivers=1 ports=0 name=cbr_d[18][6]
CBN_NET tag=cb_bcast flat_pin_count=33 loads=32 to_cbw_v=0 to_cbw_a=0 to_cbw_d=32 to_other=0 drivers=1 ports=0 name=cbr_d[18][7]
CBN_NET tag=cb_bcast flat_pin_count=33 loads=32 to_cbw_v=0 to_cbw_a=0 to_cbw_d=32 to_other=0 drivers=1 ports=0 name=cbr_d[19][0]
CBN_NET tag=cb_bcast flat_pin_count=33 loads=32 to_cbw_v=0 to_cbw_a=0 to_cbw_d=32 to_other=0 drivers=1 ports=0 name=cbr_d[19][1]
CBN_NET tag=cb_bcast flat_pin_count=33 loads=32 to_cbw_v=0 to_cbw_a=0 to_cbw_d=32 to_other=0 drivers=1 ports=0 name=cbr_d[19][2]
CBN_NET tag=cb_bcast flat_pin_count=33 loads=32 to_cbw_v=0 to_cbw_a=0 to_cbw_d=32 to_other=0 drivers=1 ports=0 name=cbr_d[19][3]
CBN_NET tag=cb_bcast flat_pin_count=33 loads=32 to_cbw_v=0 to_cbw_a=0 to_cbw_d=32 to_other=0 drivers=1 ports=0 name=cbr_d[19][4]
CBN_NET tag=cb_bcast flat_pin_count=33 loads=32 to_cbw_v=0 to_cbw_a=0 to_cbw_d=32 to_other=0 drivers=1 ports=0 name=cbr_d[19][5]
CBN_NET tag=cb_bcast flat_pin_count=33 loads=32 to_cbw_v=0 to_cbw_a=0 to_cbw_d=32 to_other=0 drivers=1 ports=0 name=cbr_d[19][6]
CBN_NET tag=cb_bcast flat_pin_count=33 loads=32 to_cbw_v=0 to_cbw_a=0 to_cbw_d=32 to_other=0 drivers=1 ports=0 name=cbr_d[19][7]
CBN_NET tag=cb_bcast flat_pin_count=33 loads=32 to_cbw_v=0 to_cbw_a=0 to_cbw_d=32 to_other=0 drivers=1 ports=0 name=cbr_d[20][0]
CBN_NET tag=cb_bcast flat_pin_count=33 loads=32 to_cbw_v=0 to_cbw_a=0 to_cbw_d=32 to_other=0 drivers=1 ports=0 name=cbr_d[20][1]
CBN_NET tag=cb_bcast flat_pin_count=33 loads=32 to_cbw_v=0 to_cbw_a=0 to_cbw_d=32 to_other=0 drivers=1 ports=0 name=cbr_d[20][2]
CBN_NET tag=cb_bcast flat_pin_count=33 loads=32 to_cbw_v=0 to_cbw_a=0 to_cbw_d=32 to_other=0 drivers=1 ports=0 name=cbr_d[20][3]
CBN_NET tag=cb_bcast flat_pin_count=33 loads=32 to_cbw_v=0 to_cbw_a=0 to_cbw_d=32 to_other=0 drivers=1 ports=0 name=cbr_d[20][4]
CBN_NET tag=cb_bcast flat_pin_count=33 loads=32 to_cbw_v=0 to_cbw_a=0 to_cbw_d=32 to_other=0 drivers=1 ports=0 name=cbr_d[20][5]
CBN_NET tag=cb_bcast flat_pin_count=33 loads=32 to_cbw_v=0 to_cbw_a=0 to_cbw_d=32 to_other=0 drivers=1 ports=0 name=cbr_d[20][6]
CBN_NET tag=cb_bcast flat_pin_count=33 loads=32 to_cbw_v=0 to_cbw_a=0 to_cbw_d=32 to_other=0 drivers=1 ports=0 name=cbr_d[20][7]
CBN_NET tag=cb_bcast flat_pin_count=33 loads=32 to_cbw_v=0 to_cbw_a=0 to_cbw_d=32 to_other=0 drivers=1 ports=0 name=cbr_d[2][0]
CBN_NET tag=cb_bcast flat_pin_count=33 loads=32 to_cbw_v=0 to_cbw_a=0 to_cbw_d=32 to_other=0 drivers=1 ports=0 name=cbr_d[2][1]
CBN_NET tag=cb_bcast flat_pin_count=33 loads=32 to_cbw_v=0 to_cbw_a=0 to_cbw_d=32 to_other=0 drivers=1 ports=0 name=cbr_d[2][2]
CBN_NET tag=cb_bcast flat_pin_count=33 loads=32 to_cbw_v=0 to_cbw_a=0 to_cbw_d=32 to_other=0 drivers=1 ports=0 name=cbr_d[2][3]
CBN_NET tag=cb_bcast flat_pin_count=33 loads=32 to_cbw_v=0 to_cbw_a=0 to_cbw_d=32 to_other=0 drivers=1 ports=0 name=cbr_d[2][4]
CBN_NET tag=cb_bcast flat_pin_count=33 loads=32 to_cbw_v=0 to_cbw_a=0 to_cbw_d=32 to_other=0 drivers=1 ports=0 name=cbr_d[2][5]
CBN_NET tag=cb_bcast flat_pin_count=33 loads=32 to_cbw_v=0 to_cbw_a=0 to_cbw_d=32 to_other=0 drivers=1 ports=0 name=cbr_d[2][6]
CBN_NET tag=cb_bcast flat_pin_count=33 loads=32 to_cbw_v=0 to_cbw_a=0 to_cbw_d=32 to_other=0 drivers=1 ports=0 name=cbr_d[2][7]
CBN_NET tag=cb_bcast flat_pin_count=33 loads=32 to_cbw_v=0 to_cbw_a=0 to_cbw_d=32 to_other=0 drivers=1 ports=0 name=cbr_d[21][0]
CBN_NET tag=cb_bcast flat_pin_count=33 loads=32 to_cbw_v=0 to_cbw_a=0 to_cbw_d=32 to_other=0 drivers=1 ports=0 name=cbr_d[21][1]
CBN_NET tag=cb_bcast flat_pin_count=33 loads=32 to_cbw_v=0 to_cbw_a=0 to_cbw_d=32 to_other=0 drivers=1 ports=0 name=cbr_d[21][2]
CBN_NET tag=cb_bcast flat_pin_count=33 loads=32 to_cbw_v=0 to_cbw_a=0 to_cbw_d=32 to_other=0 drivers=1 ports=0 name=cbr_d[21][3]
CBN_NET tag=cb_bcast flat_pin_count=33 loads=32 to_cbw_v=0 to_cbw_a=0 to_cbw_d=32 to_other=0 drivers=1 ports=0 name=cbr_d[21][4]
CBN_NET tag=cb_bcast flat_pin_count=33 loads=32 to_cbw_v=0 to_cbw_a=0 to_cbw_d=32 to_other=0 drivers=1 ports=0 name=cbr_d[21][5]
CBN_NET tag=cb_bcast flat_pin_count=33 loads=32 to_cbw_v=0 to_cbw_a=0 to_cbw_d=32 to_other=0 drivers=1 ports=0 name=cbr_d[21][6]
CBN_NET tag=cb_bcast flat_pin_count=33 loads=32 to_cbw_v=0 to_cbw_a=0 to_cbw_d=32 to_other=0 drivers=1 ports=0 name=cbr_d[21][7]
CBN_NET tag=cb_bcast flat_pin_count=33 loads=32 to_cbw_v=0 to_cbw_a=0 to_cbw_d=32 to_other=0 drivers=1 ports=0 name=cbr_d[22][0]
CBN_NET tag=cb_bcast flat_pin_count=33 loads=32 to_cbw_v=0 to_cbw_a=0 to_cbw_d=32 to_other=0 drivers=1 ports=0 name=cbr_d[22][1]
CBN_NET tag=cb_bcast flat_pin_count=33 loads=32 to_cbw_v=0 to_cbw_a=0 to_cbw_d=32 to_other=0 drivers=1 ports=0 name=cbr_d[22][2]
CBN_NET tag=cb_bcast flat_pin_count=33 loads=32 to_cbw_v=0 to_cbw_a=0 to_cbw_d=32 to_other=0 drivers=1 ports=0 name=cbr_d[22][3]
CBN_NET tag=cb_bcast flat_pin_count=33 loads=32 to_cbw_v=0 to_cbw_a=0 to_cbw_d=32 to_other=0 drivers=1 ports=0 name=cbr_d[22][4]
CBN_NET tag=cb_bcast flat_pin_count=33 loads=32 to_cbw_v=0 to_cbw_a=0 to_cbw_d=32 to_other=0 drivers=1 ports=0 name=cbr_d[22][5]
CBN_NET tag=cb_bcast flat_pin_count=33 loads=32 to_cbw_v=0 to_cbw_a=0 to_cbw_d=32 to_other=0 drivers=1 ports=0 name=cbr_d[22][6]
CBN_NET tag=cb_bcast flat_pin_count=33 loads=32 to_cbw_v=0 to_cbw_a=0 to_cbw_d=32 to_other=0 drivers=1 ports=0 name=cbr_d[22][7]
CBN_NET tag=cb_bcast flat_pin_count=33 loads=32 to_cbw_v=0 to_cbw_a=0 to_cbw_d=32 to_other=0 drivers=1 ports=0 name=cbr_d[23][0]
CBN_NET tag=cb_bcast flat_pin_count=33 loads=32 to_cbw_v=0 to_cbw_a=0 to_cbw_d=32 to_other=0 drivers=1 ports=0 name=cbr_d[23][1]
CBN_NET tag=cb_bcast flat_pin_count=33 loads=32 to_cbw_v=0 to_cbw_a=0 to_cbw_d=32 to_other=0 drivers=1 ports=0 name=cbr_d[23][2]
CBN_NET tag=cb_bcast flat_pin_count=33 loads=32 to_cbw_v=0 to_cbw_a=0 to_cbw_d=32 to_other=0 drivers=1 ports=0 name=cbr_d[23][3]
CBN_NET tag=cb_bcast flat_pin_count=33 loads=32 to_cbw_v=0 to_cbw_a=0 to_cbw_d=32 to_other=0 drivers=1 ports=0 name=cbr_d[23][4]
CBN_NET tag=cb_bcast flat_pin_count=33 loads=32 to_cbw_v=0 to_cbw_a=0 to_cbw_d=32 to_other=0 drivers=1 ports=0 name=cbr_d[23][5]
CBN_NET tag=cb_bcast flat_pin_count=33 loads=32 to_cbw_v=0 to_cbw_a=0 to_cbw_d=32 to_other=0 drivers=1 ports=0 name=cbr_d[23][6]
CBN_NET tag=cb_bcast flat_pin_count=33 loads=32 to_cbw_v=0 to_cbw_a=0 to_cbw_d=32 to_other=0 drivers=1 ports=0 name=cbr_d[23][7]
CBN_NET tag=cb_bcast flat_pin_count=33 loads=32 to_cbw_v=0 to_cbw_a=0 to_cbw_d=32 to_other=0 drivers=1 ports=0 name=cbr_d[24][0]
CBN_NET tag=cb_bcast flat_pin_count=33 loads=32 to_cbw_v=0 to_cbw_a=0 to_cbw_d=32 to_other=0 drivers=1 ports=0 name=cbr_d[24][1]
CBN_NET tag=cb_bcast flat_pin_count=33 loads=32 to_cbw_v=0 to_cbw_a=0 to_cbw_d=32 to_other=0 drivers=1 ports=0 name=cbr_d[24][2]
CBN_NET tag=cb_bcast flat_pin_count=33 loads=32 to_cbw_v=0 to_cbw_a=0 to_cbw_d=32 to_other=0 drivers=1 ports=0 name=cbr_d[24][3]
CBN_NET tag=cb_bcast flat_pin_count=33 loads=32 to_cbw_v=0 to_cbw_a=0 to_cbw_d=32 to_other=0 drivers=1 ports=0 name=cbr_d[24][4]
CBN_NET tag=cb_bcast flat_pin_count=33 loads=32 to_cbw_v=0 to_cbw_a=0 to_cbw_d=32 to_other=0 drivers=1 ports=0 name=cbr_d[24][5]
CBN_NET tag=cb_bcast flat_pin_count=33 loads=32 to_cbw_v=0 to_cbw_a=0 to_cbw_d=32 to_other=0 drivers=1 ports=0 name=cbr_d[24][6]
CBN_NET tag=cb_bcast flat_pin_count=33 loads=32 to_cbw_v=0 to_cbw_a=0 to_cbw_d=32 to_other=0 drivers=1 ports=0 name=cbr_d[24][7]
CBN_NET tag=cb_bcast flat_pin_count=33 loads=32 to_cbw_v=0 to_cbw_a=0 to_cbw_d=32 to_other=0 drivers=1 ports=0 name=cbr_d[25][0]
CBN_NET tag=cb_bcast flat_pin_count=33 loads=32 to_cbw_v=0 to_cbw_a=0 to_cbw_d=32 to_other=0 drivers=1 ports=0 name=cbr_d[25][1]
CBN_NET tag=cb_bcast flat_pin_count=33 loads=32 to_cbw_v=0 to_cbw_a=0 to_cbw_d=32 to_other=0 drivers=1 ports=0 name=cbr_d[25][2]
CBN_NET tag=cb_bcast flat_pin_count=33 loads=32 to_cbw_v=0 to_cbw_a=0 to_cbw_d=32 to_other=0 drivers=1 ports=0 name=cbr_d[25][3]
CBN_NET tag=cb_bcast flat_pin_count=33 loads=32 to_cbw_v=0 to_cbw_a=0 to_cbw_d=32 to_other=0 drivers=1 ports=0 name=cbr_d[25][4]
CBN_NET tag=cb_bcast flat_pin_count=33 loads=32 to_cbw_v=0 to_cbw_a=0 to_cbw_d=32 to_other=0 drivers=1 ports=0 name=cbr_d[25][5]
CBN_NET tag=cb_bcast flat_pin_count=33 loads=32 to_cbw_v=0 to_cbw_a=0 to_cbw_d=32 to_other=0 drivers=1 ports=0 name=cbr_d[25][6]
CBN_NET tag=cb_bcast flat_pin_count=33 loads=32 to_cbw_v=0 to_cbw_a=0 to_cbw_d=32 to_other=0 drivers=1 ports=0 name=cbr_d[25][7]
CBN_NET tag=cb_bcast flat_pin_count=33 loads=32 to_cbw_v=0 to_cbw_a=0 to_cbw_d=32 to_other=0 drivers=1 ports=0 name=cbr_d[26][0]
CBN_NET tag=cb_bcast flat_pin_count=33 loads=32 to_cbw_v=0 to_cbw_a=0 to_cbw_d=32 to_other=0 drivers=1 ports=0 name=cbr_d[26][1]
CBN_NET tag=cb_bcast flat_pin_count=33 loads=32 to_cbw_v=0 to_cbw_a=0 to_cbw_d=32 to_other=0 drivers=1 ports=0 name=cbr_d[26][2]
CBN_NET tag=cb_bcast flat_pin_count=33 loads=32 to_cbw_v=0 to_cbw_a=0 to_cbw_d=32 to_other=0 drivers=1 ports=0 name=cbr_d[26][3]
CBN_NET tag=cb_bcast flat_pin_count=33 loads=32 to_cbw_v=0 to_cbw_a=0 to_cbw_d=32 to_other=0 drivers=1 ports=0 name=cbr_d[26][4]
CBN_NET tag=cb_bcast flat_pin_count=33 loads=32 to_cbw_v=0 to_cbw_a=0 to_cbw_d=32 to_other=0 drivers=1 ports=0 name=cbr_d[26][5]
CBN_NET tag=cb_bcast flat_pin_count=33 loads=32 to_cbw_v=0 to_cbw_a=0 to_cbw_d=32 to_other=0 drivers=1 ports=0 name=cbr_d[26][6]
CBN_NET tag=cb_bcast flat_pin_count=33 loads=32 to_cbw_v=0 to_cbw_a=0 to_cbw_d=32 to_other=0 drivers=1 ports=0 name=cbr_d[26][7]
CBN_NET tag=cb_bcast flat_pin_count=33 loads=32 to_cbw_v=0 to_cbw_a=0 to_cbw_d=32 to_other=0 drivers=1 ports=0 name=cbr_d[27][0]
CBN_NET tag=cb_bcast flat_pin_count=33 loads=32 to_cbw_v=0 to_cbw_a=0 to_cbw_d=32 to_other=0 drivers=1 ports=0 name=cbr_d[27][1]
CBN_NET tag=cb_bcast flat_pin_count=33 loads=32 to_cbw_v=0 to_cbw_a=0 to_cbw_d=32 to_other=0 drivers=1 ports=0 name=cbr_d[27][2]
CBN_NET tag=cb_bcast flat_pin_count=33 loads=32 to_cbw_v=0 to_cbw_a=0 to_cbw_d=32 to_other=0 drivers=1 ports=0 name=cbr_d[27][3]
CBN_NET tag=cb_bcast flat_pin_count=33 loads=32 to_cbw_v=0 to_cbw_a=0 to_cbw_d=32 to_other=0 drivers=1 ports=0 name=cbr_d[27][4]
CBN_NET tag=cb_bcast flat_pin_count=33 loads=32 to_cbw_v=0 to_cbw_a=0 to_cbw_d=32 to_other=0 drivers=1 ports=0 name=cbr_d[27][5]
CBN_NET tag=cb_bcast flat_pin_count=33 loads=32 to_cbw_v=0 to_cbw_a=0 to_cbw_d=32 to_other=0 drivers=1 ports=0 name=cbr_d[27][6]
CBN_NET tag=cb_bcast flat_pin_count=33 loads=32 to_cbw_v=0 to_cbw_a=0 to_cbw_d=32 to_other=0 drivers=1 ports=0 name=cbr_d[27][7]
CBN_NET tag=cb_bcast flat_pin_count=33 loads=32 to_cbw_v=0 to_cbw_a=0 to_cbw_d=32 to_other=0 drivers=1 ports=0 name=cbr_d[28][0]
CBN_NET tag=cb_bcast flat_pin_count=33 loads=32 to_cbw_v=0 to_cbw_a=0 to_cbw_d=32 to_other=0 drivers=1 ports=0 name=cbr_d[28][1]
CBN_NET tag=cb_bcast flat_pin_count=33 loads=32 to_cbw_v=0 to_cbw_a=0 to_cbw_d=32 to_other=0 drivers=1 ports=0 name=cbr_d[28][2]
CBN_NET tag=cb_bcast flat_pin_count=33 loads=32 to_cbw_v=0 to_cbw_a=0 to_cbw_d=32 to_other=0 drivers=1 ports=0 name=cbr_d[28][3]
CBN_NET tag=cb_bcast flat_pin_count=33 loads=32 to_cbw_v=0 to_cbw_a=0 to_cbw_d=32 to_other=0 drivers=1 ports=0 name=cbr_d[28][4]
CBN_NET tag=cb_bcast flat_pin_count=33 loads=32 to_cbw_v=0 to_cbw_a=0 to_cbw_d=32 to_other=0 drivers=1 ports=0 name=cbr_d[28][5]
CBN_NET tag=cb_bcast flat_pin_count=33 loads=32 to_cbw_v=0 to_cbw_a=0 to_cbw_d=32 to_other=0 drivers=1 ports=0 name=cbr_d[28][6]
CBN_NET tag=cb_bcast flat_pin_count=33 loads=32 to_cbw_v=0 to_cbw_a=0 to_cbw_d=32 to_other=0 drivers=1 ports=0 name=cbr_d[28][7]
CBN_NET tag=cb_bcast flat_pin_count=33 loads=32 to_cbw_v=0 to_cbw_a=0 to_cbw_d=32 to_other=0 drivers=1 ports=0 name=cbr_d[29][0]
CBN_NET tag=cb_bcast flat_pin_count=33 loads=32 to_cbw_v=0 to_cbw_a=0 to_cbw_d=32 to_other=0 drivers=1 ports=0 name=cbr_d[29][1]
CBN_NET tag=cb_bcast flat_pin_count=33 loads=32 to_cbw_v=0 to_cbw_a=0 to_cbw_d=32 to_other=0 drivers=1 ports=0 name=cbr_d[29][2]
CBN_NET tag=cb_bcast flat_pin_count=33 loads=32 to_cbw_v=0 to_cbw_a=0 to_cbw_d=32 to_other=0 drivers=1 ports=0 name=cbr_d[29][3]
CBN_NET tag=cb_bcast flat_pin_count=33 loads=32 to_cbw_v=0 to_cbw_a=0 to_cbw_d=32 to_other=0 drivers=1 ports=0 name=cbr_d[29][4]
CBN_NET tag=cb_bcast flat_pin_count=33 loads=32 to_cbw_v=0 to_cbw_a=0 to_cbw_d=32 to_other=0 drivers=1 ports=0 name=cbr_d[29][5]
CBN_NET tag=cb_bcast flat_pin_count=33 loads=32 to_cbw_v=0 to_cbw_a=0 to_cbw_d=32 to_other=0 drivers=1 ports=0 name=cbr_d[29][6]
CBN_NET tag=cb_bcast flat_pin_count=33 loads=32 to_cbw_v=0 to_cbw_a=0 to_cbw_d=32 to_other=0 drivers=1 ports=0 name=cbr_d[29][7]
CBN_NET tag=cb_bcast flat_pin_count=33 loads=32 to_cbw_v=0 to_cbw_a=0 to_cbw_d=32 to_other=0 drivers=1 ports=0 name=cbr_d[30][0]
CBN_NET tag=cb_bcast flat_pin_count=33 loads=32 to_cbw_v=0 to_cbw_a=0 to_cbw_d=32 to_other=0 drivers=1 ports=0 name=cbr_d[30][1]
CBN_NET tag=cb_bcast flat_pin_count=33 loads=32 to_cbw_v=0 to_cbw_a=0 to_cbw_d=32 to_other=0 drivers=1 ports=0 name=cbr_d[30][2]
CBN_NET tag=cb_bcast flat_pin_count=33 loads=32 to_cbw_v=0 to_cbw_a=0 to_cbw_d=32 to_other=0 drivers=1 ports=0 name=cbr_d[30][3]
CBN_NET tag=cb_bcast flat_pin_count=33 loads=32 to_cbw_v=0 to_cbw_a=0 to_cbw_d=32 to_other=0 drivers=1 ports=0 name=cbr_d[30][4]
CBN_NET tag=cb_bcast flat_pin_count=33 loads=32 to_cbw_v=0 to_cbw_a=0 to_cbw_d=32 to_other=0 drivers=1 ports=0 name=cbr_d[30][5]
CBN_NET tag=cb_bcast flat_pin_count=33 loads=32 to_cbw_v=0 to_cbw_a=0 to_cbw_d=32 to_other=0 drivers=1 ports=0 name=cbr_d[30][6]
CBN_NET tag=cb_bcast flat_pin_count=33 loads=32 to_cbw_v=0 to_cbw_a=0 to_cbw_d=32 to_other=0 drivers=1 ports=0 name=cbr_d[30][7]
CBN_NET tag=cb_bcast flat_pin_count=33 loads=32 to_cbw_v=32 to_cbw_a=0 to_cbw_d=0 to_other=0 drivers=1 ports=0 name=cbr_v[0]
CBN_NET tag=cb_bcast flat_pin_count=33 loads=32 to_cbw_v=32 to_cbw_a=0 to_cbw_d=0 to_other=0 drivers=1 ports=0 name=cbr_v[31]
CBN_NET tag=cb_bcast flat_pin_count=33 loads=32 to_cbw_v=32 to_cbw_a=0 to_cbw_d=0 to_other=0 drivers=1 ports=0 name=cbr_v[3]
CBN_NET tag=cb_bcast flat_pin_count=33 loads=32 to_cbw_v=32 to_cbw_a=0 to_cbw_d=0 to_other=0 drivers=1 ports=0 name=cbr_v[32]
CBN_NET tag=cb_bcast flat_pin_count=33 loads=32 to_cbw_v=32 to_cbw_a=0 to_cbw_d=0 to_other=0 drivers=1 ports=0 name=cbr_v[33]
CBN_NET tag=cb_bcast flat_pin_count=33 loads=32 to_cbw_v=32 to_cbw_a=0 to_cbw_d=0 to_other=0 drivers=1 ports=0 name=cbr_v[34]
CBN_NET tag=cb_bcast flat_pin_count=33 loads=32 to_cbw_v=32 to_cbw_a=0 to_cbw_d=0 to_other=0 drivers=1 ports=0 name=cbr_v[35]
CBN_NET tag=cb_bcast flat_pin_count=33 loads=32 to_cbw_v=32 to_cbw_a=0 to_cbw_d=0 to_other=0 drivers=1 ports=0 name=cbr_v[36]
CBN_NET tag=cb_bcast flat_pin_count=33 loads=32 to_cbw_v=32 to_cbw_a=0 to_cbw_d=0 to_other=0 drivers=1 ports=0 name=cbr_v[37]
CBN_NET tag=cb_bcast flat_pin_count=33 loads=32 to_cbw_v=32 to_cbw_a=0 to_cbw_d=0 to_other=0 drivers=1 ports=0 name=cbr_v[38]
CBN_NET tag=cb_bcast flat_pin_count=33 loads=32 to_cbw_v=32 to_cbw_a=0 to_cbw_d=0 to_other=0 drivers=1 ports=0 name=cbr_v[39]
CBN_NET tag=cb_bcast flat_pin_count=33 loads=32 to_cbw_v=32 to_cbw_a=0 to_cbw_d=0 to_other=0 drivers=1 ports=0 name=cbr_v[40]
CBN_NET tag=cb_bcast flat_pin_count=33 loads=32 to_cbw_v=32 to_cbw_a=0 to_cbw_d=0 to_other=0 drivers=1 ports=0 name=cbr_v[4]
CBN_NET tag=cb_bcast flat_pin_count=33 loads=32 to_cbw_v=32 to_cbw_a=0 to_cbw_d=0 to_other=0 drivers=1 ports=0 name=cbr_v[41]
CBN_NET tag=cb_bcast flat_pin_count=33 loads=32 to_cbw_v=32 to_cbw_a=0 to_cbw_d=0 to_other=0 drivers=1 ports=0 name=cbr_v[42]
CBN_NET tag=cb_bcast flat_pin_count=33 loads=32 to_cbw_v=32 to_cbw_a=0 to_cbw_d=0 to_other=0 drivers=1 ports=0 name=cbr_v[43]
CBN_NET tag=cb_bcast flat_pin_count=33 loads=32 to_cbw_v=32 to_cbw_a=0 to_cbw_d=0 to_other=0 drivers=1 ports=0 name=cbr_v[44]
CBN_NET tag=cb_bcast flat_pin_count=33 loads=32 to_cbw_v=32 to_cbw_a=0 to_cbw_d=0 to_other=0 drivers=1 ports=0 name=cbr_v[45]
CBN_NET tag=cb_bcast flat_pin_count=33 loads=32 to_cbw_v=32 to_cbw_a=0 to_cbw_d=0 to_other=0 drivers=1 ports=0 name=cbr_v[46]
CBN_NET tag=cb_bcast flat_pin_count=33 loads=32 to_cbw_v=32 to_cbw_a=0 to_cbw_d=0 to_other=0 drivers=1 ports=0 name=cbr_v[47]
CBN_NET tag=cb_bcast flat_pin_count=33 loads=32 to_cbw_v=32 to_cbw_a=0 to_cbw_d=0 to_other=0 drivers=1 ports=0 name=cbr_v[5]
CBN_NET tag=cb_bcast flat_pin_count=33 loads=32 to_cbw_v=32 to_cbw_a=0 to_cbw_d=0 to_other=0 drivers=1 ports=0 name=cbr_v[6]
CBN_NET tag=cb_bcast flat_pin_count=33 loads=32 to_cbw_v=32 to_cbw_a=0 to_cbw_d=0 to_other=0 drivers=1 ports=0 name=cbr_v[7]
CBN_NET tag=cb_bcast flat_pin_count=33 loads=32 to_cbw_v=32 to_cbw_a=0 to_cbw_d=0 to_other=0 drivers=1 ports=0 name=cbr_v[8]
CBN_NET tag=cb_bcast flat_pin_count=33 loads=32 to_cbw_v=32 to_cbw_a=0 to_cbw_d=0 to_other=0 drivers=1 ports=0 name=cbr_v[9]
CBN_NET tag=cb_bcast flat_pin_count=33 loads=32 to_cbw_v=32 to_cbw_a=0 to_cbw_d=0 to_other=0 drivers=1 ports=0 name=cbr_v[10]
CBN_NET tag=cb_bcast flat_pin_count=33 loads=32 to_cbw_v=32 to_cbw_a=0 to_cbw_d=0 to_other=0 drivers=1 ports=0 name=cbr_v[1]
CBN_NET tag=cb_bcast flat_pin_count=33 loads=32 to_cbw_v=32 to_cbw_a=0 to_cbw_d=0 to_other=0 drivers=1 ports=0 name=cbr_v[11]
CBN_NET tag=cb_bcast flat_pin_count=33 loads=32 to_cbw_v=32 to_cbw_a=0 to_cbw_d=0 to_other=0 drivers=1 ports=0 name=cbr_v[12]
CBN_NET tag=cb_bcast flat_pin_count=33 loads=32 to_cbw_v=32 to_cbw_a=0 to_cbw_d=0 to_other=0 drivers=1 ports=0 name=cbr_v[13]
CBN_NET tag=cb_bcast flat_pin_count=33 loads=32 to_cbw_v=32 to_cbw_a=0 to_cbw_d=0 to_other=0 drivers=1 ports=0 name=cbr_v[14]
CBN_NET tag=cb_bcast flat_pin_count=33 loads=32 to_cbw_v=32 to_cbw_a=0 to_cbw_d=0 to_other=0 drivers=1 ports=0 name=cbr_v[15]
CBN_NET tag=cb_bcast flat_pin_count=33 loads=32 to_cbw_v=32 to_cbw_a=0 to_cbw_d=0 to_other=0 drivers=1 ports=0 name=cbr_v[16]
CBN_NET tag=cb_bcast flat_pin_count=33 loads=32 to_cbw_v=32 to_cbw_a=0 to_cbw_d=0 to_other=0 drivers=1 ports=0 name=cbr_v[17]
CBN_NET tag=cb_bcast flat_pin_count=33 loads=32 to_cbw_v=32 to_cbw_a=0 to_cbw_d=0 to_other=0 drivers=1 ports=0 name=cbr_v[18]
CBN_NET tag=cb_bcast flat_pin_count=33 loads=32 to_cbw_v=32 to_cbw_a=0 to_cbw_d=0 to_other=0 drivers=1 ports=0 name=cbr_v[19]
CBN_NET tag=cb_bcast flat_pin_count=33 loads=32 to_cbw_v=32 to_cbw_a=0 to_cbw_d=0 to_other=0 drivers=1 ports=0 name=cbr_v[20]
CBN_NET tag=cb_bcast flat_pin_count=33 loads=32 to_cbw_v=32 to_cbw_a=0 to_cbw_d=0 to_other=0 drivers=1 ports=0 name=cbr_v[2]
CBN_NET tag=cb_bcast flat_pin_count=33 loads=32 to_cbw_v=32 to_cbw_a=0 to_cbw_d=0 to_other=0 drivers=1 ports=0 name=cbr_v[21]
CBN_NET tag=cb_bcast flat_pin_count=33 loads=32 to_cbw_v=32 to_cbw_a=0 to_cbw_d=0 to_other=0 drivers=1 ports=0 name=cbr_v[22]
CBN_NET tag=cb_bcast flat_pin_count=33 loads=32 to_cbw_v=32 to_cbw_a=0 to_cbw_d=0 to_other=0 drivers=1 ports=0 name=cbr_v[23]
CBN_NET tag=cb_bcast flat_pin_count=33 loads=32 to_cbw_v=32 to_cbw_a=0 to_cbw_d=0 to_other=0 drivers=1 ports=0 name=cbr_v[24]
CBN_NET tag=cb_bcast flat_pin_count=33 loads=32 to_cbw_v=32 to_cbw_a=0 to_cbw_d=0 to_other=0 drivers=1 ports=0 name=cbr_v[25]
CBN_NET tag=cb_bcast flat_pin_count=33 loads=32 to_cbw_v=32 to_cbw_a=0 to_cbw_d=0 to_other=0 drivers=1 ports=0 name=cbr_v[26]
CBN_NET tag=cb_bcast flat_pin_count=33 loads=32 to_cbw_v=32 to_cbw_a=0 to_cbw_d=0 to_other=0 drivers=1 ports=0 name=cbr_v[27]
CBN_NET tag=cb_bcast flat_pin_count=33 loads=32 to_cbw_v=32 to_cbw_a=0 to_cbw_d=0 to_other=0 drivers=1 ports=0 name=cbr_v[28]
CBN_NET tag=cb_bcast flat_pin_count=33 loads=32 to_cbw_v=32 to_cbw_a=0 to_cbw_d=0 to_other=0 drivers=1 ports=0 name=cbr_v[29]
CBN_NET tag=cb_bcast flat_pin_count=33 loads=32 to_cbw_v=32 to_cbw_a=0 to_cbw_d=0 to_other=0 drivers=1 ports=0 name=cbr_v[30]
CBN_CBCELLS tag=cb_bcast ram=26112 ff=0
CBN_RAMIN tag=cb_bcast store_cells=26112 distinct_in_nets=115202 max_flat_pin_count=443400 top_hist="443400x24577 109638x1537 17x15360 15x49152 2x24576"
CBN_TOTAL tag=cb_bcast cells=191921 nets=2066115 pins=4809766
CBN_CENSUS tag=cb_bcast cb_ram=26112
CBN_CENSUS tag=cb_bcast cb_ff=0
CBN_CENSUS tag=cb_bcast cbw_ff=19968
CBN_CENSUS tag=cb_bcast cbx_any=0
CBN_CENSUS tag=cb_bcast cbr_ff=624
CBN_CENSUS tag=cb_bcast muxf8=0
CBN_CENSUS tag=cb_bcast muxf7=10
CBN_CENSUS tag=cb_bcast ramd32=22022
CBN_CENSUS tag=cb_bcast rams32=3146
CBN_CENSUS tag=cb_bcast ram32m16=1573
CBN 2026-09-21T10:25:53-04:00 === netnames arm=fan begin ===
CBN_CAP_READBACK cgroup=/user.slice/user-1000.slice/user@1000.service/app.slice/cbn_fan_2985399.scope memory.high=8589934592
CBN 2026-09-21T10:27:10-04:00 OK arm=fan rc=0
CBN_BEGIN tag=cb_fan dcp=/home/orencollaco/cbrun_scratch/run_20260921_064527_1460266/out_fan/post_opt_cb_fan.dcp
CBN_CBWCELLS tag=cb_fan n=624
CBN_DNETS tag=cb_fan distinct=13
CBN_NET tag=cb_fan flat_pin_count=48 loads=48 to_cbw_v=0 to_cbw_a=48 to_cbw_d=0 to_other=0 drivers=0 ports=1 name=cb_addr[0]
CBN_NET tag=cb_fan flat_pin_count=48 loads=48 to_cbw_v=0 to_cbw_a=48 to_cbw_d=0 to_other=0 drivers=0 ports=1 name=cb_addr[1]
CBN_NET tag=cb_fan flat_pin_count=48 loads=48 to_cbw_v=0 to_cbw_a=48 to_cbw_d=0 to_other=0 drivers=0 ports=1 name=cb_addr[2]
CBN_NET tag=cb_fan flat_pin_count=48 loads=48 to_cbw_v=0 to_cbw_a=48 to_cbw_d=0 to_other=0 drivers=0 ports=1 name=cb_addr[3]
CBN_NET tag=cb_fan flat_pin_count=48 loads=48 to_cbw_v=0 to_cbw_a=0 to_cbw_d=48 to_other=0 drivers=0 ports=1 name=cb_data[0]
CBN_NET tag=cb_fan flat_pin_count=48 loads=48 to_cbw_v=0 to_cbw_a=0 to_cbw_d=48 to_other=0 drivers=0 ports=1 name=cb_data[1]
CBN_NET tag=cb_fan flat_pin_count=48 loads=48 to_cbw_v=0 to_cbw_a=0 to_cbw_d=48 to_other=0 drivers=0 ports=1 name=cb_data[2]
CBN_NET tag=cb_fan flat_pin_count=48 loads=48 to_cbw_v=0 to_cbw_a=0 to_cbw_d=48 to_other=0 drivers=0 ports=1 name=cb_data[3]
CBN_NET tag=cb_fan flat_pin_count=48 loads=48 to_cbw_v=0 to_cbw_a=0 to_cbw_d=48 to_other=0 drivers=0 ports=1 name=cb_data[4]
CBN_NET tag=cb_fan flat_pin_count=48 loads=48 to_cbw_v=0 to_cbw_a=0 to_cbw_d=48 to_other=0 drivers=0 ports=1 name=cb_data[5]
CBN_NET tag=cb_fan flat_pin_count=48 loads=48 to_cbw_v=0 to_cbw_a=0 to_cbw_d=48 to_other=0 drivers=0 ports=1 name=cb_data[6]
CBN_NET tag=cb_fan flat_pin_count=48 loads=48 to_cbw_v=0 to_cbw_a=0 to_cbw_d=48 to_other=0 drivers=0 ports=1 name=cb_data[7]
CBN_NET tag=cb_fan flat_pin_count=129 loads=128 to_cbw_v=48 to_cbw_a=0 to_cbw_d=0 to_other=80 drivers=1 ports=0 name=cbw_v_reg1
CBN_CBCELLS tag=cb_fan ram=26112 ff=0
CBN_RAMIN tag=cb_fan store_cells=26112 distinct_in_nets=95858 max_flat_pin_count=425487 top_hist="425487x24577 89672x1537 513x7920 33x12672 15x49152"
CBN_TOTAL tag=cb_fan cells=171716 nets=2046259 pins=4708060
CBN_CENSUS tag=cb_fan cb_ram=26112
CBN_CENSUS tag=cb_fan cb_ff=0
CBN_CENSUS tag=cb_fan cbw_ff=624
CBN_CENSUS tag=cb_fan cbx_any=0
CBN_CENSUS tag=cb_fan cbr_ff=0
CBN_CENSUS tag=cb_fan muxf8=0
CBN_CENSUS tag=cb_fan muxf7=0
CBN_CENSUS tag=cb_fan ramd32=22022
CBN_CENSUS tag=cb_fan rams32=3146
CBN_CENSUS tag=cb_fan ram32m16=1573
CBN 2026-09-21T10:27:10-04:00 NETNAMES_ALLDONE
