Copyright 1986-2022 Xilinx, Inc. All Rights Reserved. Copyright 2022-2023 Advanced Micro Devices, Inc. All Rights Reserved.
--------------------------------------------------------------------------------------------------------------------------------------------------
| Tool Version      : Vivado v.2023.2 (lin64) Build 4029153 Fri Oct 13 20:13:54 MDT 2023
| Date              : Fri Sep 25 17:30:50 2026
| Host              : Oren-Dell-Ubuntu running 64-bit Ubuntu 22.04.5 LTS
| Command           : report_pulse_width -file /mnt/storage/fk33_builds/ratings/_fixture/pulse_width.rpt
| Design            : attn_kv_axi
| Device            : xcvu33p-fsvh2104
| Speed File        : -2LV  PRODUCTION 1.30 05-01-2022
| Design State      : Routed
| Temperature Grade : E
--------------------------------------------------------------------------------------------------------------------------------------------------

Pulse Width Report

Clock Name:         clk
Waveform(ns):       { 0.000 2.500 }
Period(ns):         5.000
Sources:            { clk }

Check Type        Corner  Lib Pin  Reference Pin  Required(ns)  Actual(ns)  Slack(ns)  Location       Pin
Min Period        n/a     FDRE/C   n/a            0.550         5.000       4.450      SLICE_X154Y47  GEN_RD[0].alen_reg[0]/C
Low Pulse Width   Slow    FDRE/C   n/a            0.275         2.500       2.225      SLICE_X154Y47  GEN_RD[0].alen_reg[0]/C
High Pulse Width  Slow    FDRE/C   n/a            0.275         2.500       2.225      SLICE_X154Y47  GEN_RD[0].alen_reg[0]/C

