Copyright 1986-2022 Xilinx, Inc. All Rights Reserved. Copyright 2022-2023 Advanced Micro Devices, Inc. All Rights Reserved.
---------------------------------------------------------------------------------------------------------------------------------------------
| Tool Version : Vivado v.2023.2 (lin64) Build 4029153 Fri Oct 13 20:13:54 MDT 2023
| Date         : Sun Jul 26 16:17:41 2026
| Host         : Oren-Dell-Ubuntu running 64-bit Ubuntu 22.04.5 LTS
| Command      : report_utilization -file design_2_wrapper_utilization_placed.rpt -pb design_2_wrapper_utilization_placed.pb
| Design       : design_2_wrapper
| Device       : xczu3eg-sfvc784-1-e
| Speed File   : -1
| Design State : Fully Placed
---------------------------------------------------------------------------------------------------------------------------------------------

Utilization Design Information

Table of Contents
-----------------
1. CLB Logic
1.1 Summary of Registers by Type
2. CLB Logic Distribution
3. BLOCKRAM
4. ARITHMETIC
5. I/O
6. CLOCK
7. ADVANCED
8. CONFIGURATION
9. Primitives
10. Black Boxes
11. Instantiated Netlists

1. CLB Logic
------------

+----------------------------+-------+-------+------------+-----------+-------+
|          Site Type         |  Used | Fixed | Prohibited | Available | Util% |
+----------------------------+-------+-------+------------+-----------+-------+
| CLB LUTs                   | 50818 |     0 |          0 |     70560 | 72.02 |
|   LUT as Logic             | 50448 |     0 |          0 |     70560 | 71.50 |
|   LUT as Memory            |   370 |     0 |          0 |     28800 |  1.28 |
|     LUT as Distributed RAM |   300 |     0 |            |           |       |
|     LUT as Shift Register  |    70 |     0 |            |           |       |
| CLB Registers              | 55075 |     0 |          0 |    141120 | 39.03 |
|   Register as Flip Flop    | 55075 |     0 |          0 |    141120 | 39.03 |
|   Register as Latch        |     0 |     0 |          0 |    141120 |  0.00 |
| CARRY8                     |  1325 |     0 |          0 |      8820 | 15.02 |
| F7 Muxes                   |  3855 |     0 |          0 |     35280 | 10.93 |
| F8 Muxes                   |  1289 |     0 |          0 |     17640 |  7.31 |
| F9 Muxes                   |     0 |     0 |          0 |      8820 |  0.00 |
+----------------------------+-------+-------+------------+-----------+-------+
* Warning! LUT value is adjusted to account for LUT combining.


1.1 Summary of Registers by Type
--------------------------------

+-------+--------------+-------------+--------------+
| Total | Clock Enable | Synchronous | Asynchronous |
+-------+--------------+-------------+--------------+
| 0     |            _ |           - |            - |
| 0     |            _ |           - |          Set |
| 0     |            _ |           - |        Reset |
| 0     |            _ |         Set |            - |
| 0     |            _ |       Reset |            - |
| 0     |          Yes |           - |            - |
| 0     |          Yes |           - |          Set |
| 0     |          Yes |           - |        Reset |
| 49    |          Yes |         Set |            - |
| 55026 |          Yes |       Reset |            - |
+-------+--------------+-------------+--------------+


2. CLB Logic Distribution
-------------------------

+--------------------------------------------+-------+-------+------------+-----------+-------+
|                  Site Type                 |  Used | Fixed | Prohibited | Available | Util% |
+--------------------------------------------+-------+-------+------------+-----------+-------+
| CLB                                        |  8790 |     0 |          0 |      8820 | 99.66 |
|   CLBL                                     |  5207 |     0 |            |           |       |
|   CLBM                                     |  3583 |     0 |            |           |       |
| LUT as Logic                               | 50448 |     0 |          0 |     70560 | 71.50 |
|   using O5 output only                     |   238 |       |            |           |       |
|   using O6 output only                     | 40889 |       |            |           |       |
|   using O5 and O6                          |  9321 |       |            |           |       |
| LUT as Memory                              |   370 |     0 |          0 |     28800 |  1.28 |
|   LUT as Distributed RAM                   |   300 |     0 |            |           |       |
|     using O5 output only                   |     0 |       |            |           |       |
|     using O6 output only                   |   280 |       |            |           |       |
|     using O5 and O6                        |    20 |       |            |           |       |
|   LUT as Shift Register                    |    70 |     0 |            |           |       |
|     using O5 output only                   |     0 |       |            |           |       |
|     using O6 output only                   |    62 |       |            |           |       |
|     using O5 and O6                        |     8 |       |            |           |       |
| CLB Registers                              | 55075 |     0 |          0 |    141120 | 39.03 |
|   Register driven from within the CLB      | 20934 |       |            |           |       |
|   Register driven from outside the CLB     | 34141 |       |            |           |       |
|     LUT in front of the register is unused | 14559 |       |            |           |       |
|     LUT in front of the register is used   | 19582 |       |            |           |       |
| Unique Control Sets                        |  1267 |       |          0 |     17640 |  7.18 |
+--------------------------------------------+-------+-------+------------+-----------+-------+
* * Note: Available Control Sets calculated as Slices * 2, Review the Control Sets Report for more information regarding control sets.


3. BLOCKRAM
-----------

+-------------------+-------+-------+------------+-----------+-------+
|     Site Type     |  Used | Fixed | Prohibited | Available | Util% |
+-------------------+-------+-------+------------+-----------+-------+
| Block RAM Tile    | 168.5 |     0 |          0 |       216 | 78.01 |
|   RAMB36/FIFO*    |   167 |     0 |          0 |       216 | 77.31 |
|     RAMB36E2 only |   167 |       |            |           |       |
|   RAMB18          |     3 |     0 |          0 |       432 |  0.69 |
|     RAMB18E2 only |     3 |       |            |           |       |
+-------------------+-------+-------+------------+-----------+-------+
* Note: Each Block RAM Tile only has one FIFO logic available and therefore can accommodate only one FIFO36E2 or one FIFO18E2. However, if a FIFO18E2 occupies a Block RAM Tile, that tile can still accommodate a RAMB18E2


4. ARITHMETIC
-------------

+----------------+------+-------+------------+-----------+-------+
|    Site Type   | Used | Fixed | Prohibited | Available | Util% |
+----------------+------+-------+------------+-----------+-------+
| DSPs           |  138 |     0 |          0 |       360 | 38.33 |
|   DSP48E2 only |  138 |       |            |           |       |
+----------------+------+-------+------------+-----------+-------+


5. I/O
------

+------------------+------+-------+------------+-----------+-------+
|     Site Type    | Used | Fixed | Prohibited | Available | Util% |
+------------------+------+-------+------------+-----------+-------+
| Bonded IOB       |    1 |     1 |          0 |       252 |  0.40 |
| HPIOB_M          |    0 |     0 |          0 |        72 |  0.00 |
| HPIOB_S          |    0 |     0 |          0 |        72 |  0.00 |
| HDIOB_M          |    1 |     1 |          0 |        48 |  2.08 |
|   INPUT          |    0 |       |            |           |       |
|   OUTPUT         |    1 |       |            |           |       |
|   BIDIR          |    0 |       |            |           |       |
| HDIOB_S          |    0 |     0 |          0 |        48 |  0.00 |
| HPIOB_SNGL       |    0 |     0 |          0 |        12 |  0.00 |
| HPIOBDIFFINBUF   |    0 |     0 |          0 |        72 |  0.00 |
| HPIOBDIFFOUTBUF  |    0 |     0 |          0 |        72 |  0.00 |
| HDIOBDIFFINBUF   |    0 |     0 |          0 |        48 |  0.00 |
| BITSLICE_CONTROL |    0 |     0 |          0 |        24 |  0.00 |
| BITSLICE_RX_TX   |    0 |     0 |          0 |       936 |  0.00 |
| BITSLICE_TX      |    0 |     0 |          0 |        24 |  0.00 |
| RIU_OR           |    0 |     0 |          0 |        12 |  0.00 |
+------------------+------+-------+------------+-----------+-------+


6. CLOCK
--------

+----------------------+------+-------+------------+-----------+-------+
|       Site Type      | Used | Fixed | Prohibited | Available | Util% |
+----------------------+------+-------+------------+-----------+-------+
| GLOBAL CLOCK BUFFERs |   20 |     0 |          0 |       196 | 10.20 |
|   BUFGCE             |   19 |     0 |          0 |        88 | 21.59 |
|   BUFGCE_DIV         |    0 |     0 |          0 |        12 |  0.00 |
|   BUFG_PS            |    1 |     0 |          0 |        72 |  1.39 |
|   BUFGCTRL*          |    0 |     0 |          0 |        24 |  0.00 |
| PLL                  |    0 |     0 |          0 |         6 |  0.00 |
| MMCM                 |    0 |     0 |          0 |         3 |  0.00 |
+----------------------+------+-------+------------+-----------+-------+
* Note: Each used BUFGCTRL counts as two GLOBAL CLOCK BUFFERs. This table does not include global clocking resources, only buffer cell usage. See the Clock Utilization Report (report_clock_utilization) for detailed accounting of global clocking resource availability.


7. ADVANCED
-----------

+-----------+------+-------+------------+-----------+--------+
| Site Type | Used | Fixed | Prohibited | Available |  Util% |
+-----------+------+-------+------------+-----------+--------+
| PS8       |    1 |     0 |          0 |         1 | 100.00 |
| SYSMONE4  |    0 |     0 |          0 |         1 |   0.00 |
+-----------+------+-------+------------+-----------+--------+


8. CONFIGURATION
----------------

+-------------+------+-------+------------+-----------+-------+
|  Site Type  | Used | Fixed | Prohibited | Available | Util% |
+-------------+------+-------+------------+-----------+-------+
| BSCANE2     |    0 |     0 |          0 |         4 |  0.00 |
| DNA_PORTE2  |    0 |     0 |          0 |         1 |  0.00 |
| EFUSE_USR   |    0 |     0 |          0 |         1 |  0.00 |
| FRAME_ECCE4 |    0 |     0 |          0 |         1 |  0.00 |
| ICAPE3      |    0 |     0 |          0 |         2 |  0.00 |
| MASTER_JTAG |    0 |     0 |          0 |         1 |  0.00 |
| STARTUPE3   |    0 |     0 |          0 |         1 |  0.00 |
+-------------+------+-------+------------+-----------+-------+


9. Primitives
-------------

+----------+-------+---------------------+
| Ref Name |  Used | Functional Category |
+----------+-------+---------------------+
| FDRE     | 55026 |            Register |
| LUT6     | 23232 |                 CLB |
| LUT4     | 12956 |                 CLB |
| LUT5     | 10557 |                 CLB |
| LUT3     |  7591 |                 CLB |
| MUXF7    |  3855 |                 CLB |
| LUT2     |  3677 |                 CLB |
| LUT1     |  1756 |                 CLB |
| CARRY8   |  1325 |                 CLB |
| MUXF8    |  1289 |                 CLB |
| RAMD64E  |   280 |                 CLB |
| RAMB36E2 |   167 |            BLOCKRAM |
| DSP48E2  |   138 |          Arithmetic |
| SRLC32E  |    51 |                 CLB |
| FDSE     |    49 |            Register |
| RAMD32   |    34 |                 CLB |
| SRL16E   |    27 |                 CLB |
| BUFGCE   |    19 |               Clock |
| RAMS32   |     6 |                 CLB |
| RAMB18E2 |     3 |            BLOCKRAM |
| PS8      |     1 |            Advanced |
| OBUF     |     1 |                 I/O |
| BUFG_PS  |     1 |               Clock |
+----------+-------+---------------------+


10. Black Boxes
---------------

+----------+------+
| Ref Name | Used |
+----------+------+


11. Instantiated Netlists
-------------------------

+-------------------------------+------+
|            Ref Name           | Used |
+-------------------------------+------+
| design_2_zynq_ultra_ps_e_0_0  |    1 |
| design_2_xbar_0               |    1 |
| design_2_rst_ps8_0_2M_0       |    1 |
| design_2_llama_engine_axi_0_0 |    1 |
| design_2_fan_pwm_0            |    1 |
| design_2_auto_pc_0            |    1 |
+-------------------------------+------+


