Copyright 1986-2022 Xilinx, Inc. All Rights Reserved. Copyright 2022-2023 Advanced Micro Devices, Inc. All Rights Reserved.
---------------------------------------------------------------------------------------------------------------------------------------------
| Tool Version : Vivado v.2023.2 (lin64) Build 4029153 Fri Oct 13 20:13:54 MDT 2023
| Date         : Sun Sep 20 01:14:38 2026
| Host         : Oren-Dell-Ubuntu running 64-bit Ubuntu 22.04.5 LTS
| Command      : report_utilization -file bd_wrapper_utilization_placed.rpt -pb bd_wrapper_utilization_placed.pb
| Design       : bd_wrapper
| Device       : xcvu33p-fsvh2104-2L-e
| Speed File   : -2L
| Design State : Fully Placed
---------------------------------------------------------------------------------------------------------------------------------------------

Utilization Design Information

Table of Contents
-----------------
1. CLB Logic
1.1 Summary of Registers by Type
2. CLB Logic Distribution
3. BLOCKRAM
4. ARITHMETIC
5. I/O
6. CLOCK
7. ADVANCED
8. CONFIGURATION
9. Primitives
10. Black Boxes
11. Instantiated Netlists

1. CLB Logic
------------

+----------------------------+--------+-------+------------+-----------+-------+
|          Site Type         |  Used  | Fixed | Prohibited | Available | Util% |
+----------------------------+--------+-------+------------+-----------+-------+
| CLB LUTs                   | 363095 |     0 |          0 |    439680 | 82.58 |
|   LUT as Logic             | 297323 |     0 |          0 |    439680 | 67.62 |
|   LUT as Memory            |  65772 |     0 |          0 |    205440 | 32.02 |
|     LUT as Distributed RAM |  64674 |     0 |            |           |       |
|     LUT as Shift Register  |   1098 |     0 |            |           |       |
| CLB Registers              | 308981 |     0 |          0 |    879360 | 35.14 |
|   Register as Flip Flop    | 308981 |     0 |          0 |    879360 | 35.14 |
|   Register as Latch        |      0 |     0 |          0 |    879360 |  0.00 |
| CARRY8                     |  12592 |     0 |          0 |     54960 | 22.91 |
| F7 Muxes                   |  28528 |     0 |          0 |    219840 | 12.98 |
| F8 Muxes                   |   6107 |     0 |          0 |    109920 |  5.56 |
| F9 Muxes                   |      0 |     0 |          0 |     54960 |  0.00 |
+----------------------------+--------+-------+------------+-----------+-------+
* Warning! LUT value is adjusted to account for LUT combining.


1.1 Summary of Registers by Type
--------------------------------

+--------+--------------+-------------+--------------+
|  Total | Clock Enable | Synchronous | Asynchronous |
+--------+--------------+-------------+--------------+
| 0      |            _ |           - |            - |
| 0      |            _ |           - |          Set |
| 0      |            _ |           - |        Reset |
| 0      |            _ |         Set |            - |
| 0      |            _ |       Reset |            - |
| 0      |          Yes |           - |            - |
| 361    |          Yes |           - |          Set |
| 2351   |          Yes |           - |        Reset |
| 3251   |          Yes |         Set |            - |
| 303018 |          Yes |       Reset |            - |
+--------+--------------+-------------+--------------+


2. CLB Logic Distribution
-------------------------

+--------------------------------------------+--------+-------+------------+-----------+-------+
|                  Site Type                 |  Used  | Fixed | Prohibited | Available | Util% |
+--------------------------------------------+--------+-------+------------+-----------+-------+
| CLB                                        |  54854 |     0 |          0 |     54960 | 99.81 |
|   CLBL                                     |  29197 |     0 |            |           |       |
|   CLBM                                     |  25657 |     0 |            |           |       |
| LUT as Logic                               | 297323 |     0 |          0 |    439680 | 67.62 |
|   using O5 output only                     |   2875 |       |            |           |       |
|   using O6 output only                     | 243552 |       |            |           |       |
|   using O5 and O6                          |  50896 |       |            |           |       |
| LUT as Memory                              |  65772 |     0 |          0 |    205440 | 32.02 |
|   LUT as Distributed RAM                   |  64674 |     0 |            |           |       |
|     using O5 output only                   |      0 |       |            |           |       |
|     using O6 output only                   |  30414 |       |            |           |       |
|     using O5 and O6                        |  34260 |       |            |           |       |
|   LUT as Shift Register                    |   1098 |     0 |            |           |       |
|     using O5 output only                   |      0 |       |            |           |       |
|     using O6 output only                   |    616 |       |            |           |       |
|     using O5 and O6                        |    482 |       |            |           |       |
| CLB Registers                              | 308981 |     0 |          0 |    879360 | 35.14 |
|   Register driven from within the CLB      | 148092 |       |            |           |       |
|   Register driven from outside the CLB     | 160889 |       |            |           |       |
|     LUT in front of the register is unused |  45773 |       |            |           |       |
|     LUT in front of the register is used   | 115116 |       |            |           |       |
| Unique Control Sets                        |   9262 |       |          0 |    109920 |  8.43 |
+--------------------------------------------+--------+-------+------------+-----------+-------+
* * Note: Available Control Sets calculated as Slices * 2, Review the Control Sets Report for more information regarding control sets.


3. BLOCKRAM
-----------

+-------------------+------+-------+------------+-----------+-------+
|     Site Type     | Used | Fixed | Prohibited | Available | Util% |
+-------------------+------+-------+------------+-----------+-------+
| Block RAM Tile    |  567 |     0 |          0 |       672 | 84.38 |
|   RAMB36/FIFO*    |  540 |     0 |          0 |       672 | 80.36 |
|     RAMB36E2 only |  540 |       |            |           |       |
|   RAMB18          |   54 |     0 |          0 |      1344 |  4.02 |
|     RAMB18E2 only |   54 |       |            |           |       |
| URAM              |   32 |     0 |          0 |       320 | 10.00 |
+-------------------+------+-------+------------+-----------+-------+
* Note: Each Block RAM Tile only has one FIFO logic available and therefore can accommodate only one FIFO36E2 or one FIFO18E2. However, if a FIFO18E2 occupies a Block RAM Tile, that tile can still accommodate a RAMB18E2


4. ARITHMETIC
-------------

+----------------+------+-------+------------+-----------+-------+
|    Site Type   | Used | Fixed | Prohibited | Available | Util% |
+----------------+------+-------+------------+-----------+-------+
| DSPs           | 2087 |     0 |          0 |      2880 | 72.47 |
|   DSP48E2 only | 2087 |       |            |           |       |
+----------------+------+-------+------------+-----------+-------+


5. I/O
------

+------------------+------+-------+------------+-----------+-------+
|     Site Type    | Used | Fixed | Prohibited | Available | Util% |
+------------------+------+-------+------------+-----------+-------+
| Bonded IOB       |   25 |    25 |          0 |       208 | 12.02 |
| HPIOB_M          |   13 |    13 |          0 |        96 | 13.54 |
|   INPUT          |    8 |       |            |           |       |
|   OUTPUT         |    4 |       |            |           |       |
|   BIDIR          |    1 |       |            |           |       |
| HPIOB_S          |   12 |    12 |          0 |        96 | 12.50 |
|   INPUT          |    7 |       |            |           |       |
|   OUTPUT         |    4 |       |            |           |       |
|   BIDIR          |    1 |       |            |           |       |
| HPIOB_SNGL       |    0 |     0 |          0 |        16 |  0.00 |
| HPIOBDIFFINBUF   |    1 |     1 |          0 |        96 |  1.04 |
|   DIFFINBUF      |    1 |     1 |            |           |       |
| HPIOBDIFFOUTBUF  |    0 |     0 |          0 |        96 |  0.00 |
| BITSLICE_CONTROL |    0 |     0 |          0 |        32 |  0.00 |
| BITSLICE_RX_TX   |    0 |     0 |          0 |      1248 |  0.00 |
| BITSLICE_TX      |    0 |     0 |          0 |        32 |  0.00 |
| RIU_OR           |    0 |     0 |          0 |        16 |  0.00 |
+------------------+------+-------+------------+-----------+-------+


6. CLOCK
--------

+----------------------+------+-------+------------+-----------+-------+
|       Site Type      | Used | Fixed | Prohibited | Available | Util% |
+----------------------+------+-------+------------+-----------+-------+
| GLOBAL CLOCK BUFFERs |   24 |     0 |          0 |       336 |  7.14 |
|   BUFGCE             |   15 |     0 |          0 |        96 | 15.63 |
|   BUFGCE_DIV         |    0 |     0 |          0 |        16 |  0.00 |
|   BUFG_GT            |    9 |     0 |          0 |       192 |  4.69 |
|   BUFGCTRL*          |    0 |     0 |          0 |        32 |  0.00 |
| PLL                  |    0 |     0 |          0 |         8 |  0.00 |
| MMCM                 |    1 |     0 |          0 |         4 | 25.00 |
+----------------------+------+-------+------------+-----------+-------+
* Note: Each used BUFGCTRL counts as two GLOBAL CLOCK BUFFERs. This table does not include global clocking resources, only buffer cell usage. See the Clock Utilization Report (report_clock_utilization) for detailed accounting of global clocking resource availability.


7. ADVANCED
-----------

+----------------------+------+-------+------------+-----------+--------+
|       Site Type      | Used | Fixed | Prohibited | Available |  Util% |
+----------------------+------+-------+------------+-----------+--------+
| CMACE4               |    0 |     0 |          0 |         2 |   0.00 |
| GTYE4_CHANNEL        |    4 |     4 |          0 |        32 |  12.50 |
| GTYE4_COMMON         |    1 |     0 |          0 |         8 |  12.50 |
| HBM_REF_CLK          |    2 |     2 |          0 |         2 | 100.00 |
| HBM_SNGLBLI_INTF_APB |    2 |     2 |          0 |        32 |   6.25 |
| HBM_SNGLBLI_INTF_AXI |   32 |    32 |          0 |        32 | 100.00 |
| OBUFDS_GTE4          |    0 |     0 |          0 |        16 |   0.00 |
| OBUFDS_GTE4_ADV      |    0 |     0 |          0 |        16 |   0.00 |
| PCIE4CE4             |    1 |     1 |          0 |         4 |  25.00 |
| SYSMONE4             |    1 |     1 |          0 |         1 | 100.00 |
+----------------------+------+-------+------------+-----------+--------+


8. CONFIGURATION
----------------

+-------------+------+-------+------------+-----------+-------+
|  Site Type  | Used | Fixed | Prohibited | Available | Util% |
+-------------+------+-------+------------+-----------+-------+
| BSCANE2     |    1 |     0 |          0 |         4 | 25.00 |
| DNA_PORTE2  |    0 |     0 |          0 |         1 |  0.00 |
| EFUSE_USR   |    0 |     0 |          0 |         1 |  0.00 |
| FRAME_ECCE4 |    0 |     0 |          0 |         1 |  0.00 |
| ICAPE3      |    0 |     0 |          0 |         2 |  0.00 |
| MASTER_JTAG |    0 |     0 |          0 |         1 |  0.00 |
| STARTUPE3   |    0 |     0 |          0 |         1 |  0.00 |
+-------------+------+-------+------------+-----------+-------+


9. Primitives
-------------

+----------------------+--------+---------------------+
|       Ref Name       |  Used  | Functional Category |
+----------------------+--------+---------------------+
| FDRE                 | 303018 |            Register |
| LUT6                 | 132371 |                 CLB |
| RAMD32               |  60458 |                 CLB |
| LUT2                 |  59808 |                 CLB |
| LUT5                 |  53471 |                 CLB |
| LUT3                 |  48505 |                 CLB |
| LUT4                 |  44274 |                 CLB |
| RAMD64E              |  30318 |                 CLB |
| MUXF7                |  28528 |                 CLB |
| CARRY8               |  12592 |                 CLB |
| LUT1                 |   9790 |                 CLB |
| RAMS32               |   8122 |                 CLB |
| MUXF8                |   6107 |                 CLB |
| FDSE                 |   3251 |            Register |
| FDCE                 |   2351 |            Register |
| DSP48E2              |   2087 |          Arithmetic |
| SRL16E               |   1439 |                 CLB |
| RAMB36E2             |    540 |            BLOCKRAM |
| FDPE                 |    361 |            Register |
| SRLC32E              |    141 |                 CLB |
| RAMB18E2             |     54 |            BLOCKRAM |
| RAMS64E              |     36 |                 CLB |
| URAM288              |     32 |            BLOCKRAM |
| HBM_SNGLBLI_INTF_AXI |     32 |            Advanced |
| BUFGCE               |     15 |               Clock |
| IBUF_ANALOG          |     12 |                 I/O |
| BUFG_GT              |      9 |               Clock |
| OBUF                 |      8 |                 I/O |
| BUFG_GT_SYNC         |      5 |               Clock |
| IBUFCTRL             |      4 |              Others |
| GTYE4_CHANNEL        |      4 |            Advanced |
| INBUF                |      3 |                 I/O |
| OBUFT                |      2 |                 I/O |
| HBM_SNGLBLI_INTF_APB |      2 |            Advanced |
| HBM_REF_CLK          |      2 |            Advanced |
| SYSMONE4             |      1 |            Advanced |
| PCIE4CE4             |      1 |            Advanced |
| MMCME4_ADV           |      1 |               Clock |
| IBUFDS_GTE4          |      1 |                 I/O |
| GTYE4_COMMON         |      1 |            Advanced |
| DIFFINBUF            |      1 |                 I/O |
| BSCANE2              |      1 |       Configuration |
+----------------------+--------+---------------------+


10. Black Boxes
---------------

+----------+------+
| Ref Name | Used |
+----------+------+


11. Instantiated Netlists
-------------------------

+----------+------+
| Ref Name | Used |
+----------+------+
| dbg_hub  |    1 |
+----------+------+


