Copyright 1986-2022 Xilinx, Inc. All Rights Reserved. Copyright 2022-2023 Advanced Micro Devices, Inc. All Rights Reserved.
---------------------------------------------------------------------------------------------------------------------------------------------
| Tool Version : Vivado v.2023.2 (lin64) Build 4029153 Fri Oct 13 20:13:54 MDT 2023
| Date         : Sat Aug 29 23:05:02 2026
| Host         : Oren-Dell-Ubuntu running 64-bit Ubuntu 22.04.5 LTS
| Command      : report_utilization -hierarchical -file /mnt/storage/nwfix/out/synthutil_hier_nf_fix65.rpt
| Design       : ooc_normadapt
| Device       : xcvu33p-fsvh2104-2L-e
| Speed File   : -2L
| Design State : Synthesized
---------------------------------------------------------------------------------------------------------------------------------------------

Utilization Design Information

Table of Contents
-----------------
1. Utilization by Hierarchy

1. Utilization by Hierarchy
---------------------------

+-------------------+------------+------------+------------+---------+------+--------+--------+--------+------+------------+
|      Instance     |   Module   | Total LUTs | Logic LUTs | LUTRAMs | SRLs |   FFs  | RAMB36 | RAMB18 | URAM | DSP Blocks |
+-------------------+------------+------------+------------+---------+------+--------+--------+--------+------+------------+
| ooc_normadapt     |      (top) |      87254 |      87254 |       0 |    0 | 166937 |      0 |      0 |    0 |         41 |
|   (ooc_normadapt) |      (top) |      47487 |      47487 |       0 |    0 |  99761 |      0 |      0 |    0 |          1 |
|   gvr.u_rms       | rmsnorm_rs |      39767 |      39767 |       0 |    0 |  67176 |      0 |      0 |    0 |         40 |
+-------------------+------------+------------+------------+---------+------+--------+--------+--------+------+------------+


