Copyright 1986-2022 Xilinx, Inc. All Rights Reserved. Copyright 2022-2023 Advanced Micro Devices, Inc. All Rights Reserved.
---------------------------------------------------------------------------------------------------------------------------------------------
| Tool Version : Vivado v.2023.2 (lin64) Build 4029153 Fri Oct 13 20:13:54 MDT 2023
| Date         : Sat Aug 29 15:47:24 2026
| Host         : Oren-Dell-Ubuntu running 64-bit Ubuntu 22.04.5 LTS
| Command      : report_utilization -pblocks [get_pblocks pb_core] -file fk33_pcieep_pblock_util.rpt
| Design       : bd_wrapper
| Device       : xcvu33p-fsvh2104-2L-e
| Speed File   : -2L
| Design State : Routed
---------------------------------------------------------------------------------------------------------------------------------------------

Utilization Design Information

Table of Contents
-----------------
1. Pblock Summary
2. Clock Region Statistics
3. CLB Logic
3.1 Summary of Registers by Type
4. CLB Logic Distribution
5. BLOCKRAM
6. ARITHMETIC
7. I/O
8. CLOCK
9. ADVANCED
10. CONFIGURATION
11. Primitives
12. Black Boxes
13. Instantiated Netlists

1. Pblock Summary
-----------------

+-------+---------+-------+-------------------+-----------------+----------------+
| Index |  Parent | Child | EXCLUDE_PLACEMENT | CONTAIN_ROUTING | SLR(s) Covered |
+-------+---------+-------+-------------------+-----------------+----------------+
| 1     | pb_core |       |                 0 |               0 |           SLR0 |
+-------+---------+-------+-------------------+-----------------+----------------+


2. Clock Region Statistics
--------------------------

+-------------+--------------------+
| CLOCKREGION | Pblock Sites in CR |
+-------------+--------------------+
| X0Y0        |              3.61% |
| X0Y1        |              3.63% |
| X0Y2        |              3.63% |
| X0Y3        |              4.11% |
| X1Y0        |              3.05% |
| X1Y1        |              3.07% |
| X1Y2        |              3.07% |
| X1Y3        |              3.54% |
| X2Y0        |              4.32% |
| X2Y1        |              4.34% |
| X2Y2        |              4.34% |
| X2Y3        |              4.82% |
| X3Y0        |              2.52% |
| X3Y1        |              2.53% |
| X3Y2        |              2.53% |
| X3Y3        |              3.01% |
| X4Y0        |              3.72% |
| X4Y1        |              3.73% |
| X4Y2        |              3.73% |
| X4Y3        |              4.21% |
| X5Y0        |              3.42% |
| X5Y1        |              3.45% |
| X5Y2        |              3.45% |
| X5Y3        |              3.92% |
| X6Y0        |              3.42% |
| X6Y1        |              3.45% |
| X6Y2        |              3.45% |
| X6Y3        |              3.92% |
+-------------+--------------------+


3. CLB Logic
------------

+----------------------------+--------+-------+--------------+--------+-------+------------+-----------+-------+
|          Site Type         | Parent | Child | Non-Assigned |  Used  | Fixed | Prohibited | Available | Util% |
+----------------------------+--------+-------+--------------+--------+-------+------------+-----------+-------+
| CLB LUTs                   | 117257 |     0 |        37780 | 155035 |     0 |          0 |    388800 | 39.88 |
|   LUT as Logic             | 116547 |     0 |        29296 | 145841 |     0 |          0 |    388800 | 37.51 |
|   LUT as Memory            |    710 |     0 |         8484 |   9194 |     0 |          0 |    179520 |  5.12 |
|     LUT as Distributed RAM |    296 |     0 |         8262 |   8558 |     0 |            |           |       |
|     LUT as Shift Register  |    414 |     0 |          222 |    636 |     0 |            |           |       |
| CLB Registers              |  52763 |     0 |        45823 |  98586 |     0 |          0 |    777600 | 12.68 |
|   Register as Flip Flop    |  52763 |     0 |        45823 |  98586 |     0 |          0 |    777600 | 12.68 |
|   Register as Latch        |      0 |     0 |            0 |      0 |     0 |          0 |    777600 |  0.00 |
| CARRY8                     |   5458 |     0 |          698 |   6156 |     0 |          0 |     48600 | 12.67 |
| F7 Muxes                   |  24576 |     0 |          428 |  25004 |     0 |          0 |    194400 | 12.86 |
| F8 Muxes                   |  12288 |     0 |          120 |  12408 |     0 |          0 |     97200 | 12.77 |
| F9 Muxes                   |      0 |     0 |            0 |      0 |     0 |          0 |     48600 |  0.00 |
+----------------------------+--------+-------+--------------+--------+-------+------------+-----------+-------+
* Warning! LUT value is adjusted to account for LUT combining.


3.1 Summary of Registers by Type
--------------------------------

+-------+--------------+-------------+--------------+
| Total | Clock Enable | Synchronous | Asynchronous |
+-------+--------------+-------------+--------------+
| 0     |            _ |           - |            - |
| 0     |            _ |           - |          Set |
| 0     |            _ |           - |        Reset |
| 0     |            _ |         Set |            - |
| 0     |            _ |       Reset |            - |
| 0     |          Yes |           - |            - |
| 56    |          Yes |           - |          Set |
| 1521  |          Yes |           - |        Reset |
| 1017  |          Yes |         Set |            - |
| 95992 |          Yes |       Reset |            - |
+-------+--------------+-------------+--------------+


4. CLB Logic Distribution
-------------------------

+--------------------------------------------+--------+-------+--------------+--------+-------+------------+-----------+-------+
|                  Site Type                 | Parent | Child | Non-Assigned |  Used  | Fixed | Prohibited | Available | Util% |
+--------------------------------------------+--------+-------+--------------+--------+-------+------------+-----------+-------+
| CLB                                        |  19931 |     0 |         9694 |  26637 |     0 |          0 |     48600 | 54.81 |
|   CLBL                                     |  10559 |     0 |         5038 |  14145 |     0 |            |           |       |
|   CLBM                                     |   9372 |     0 |         4656 |  12492 |     0 |            |           |       |
| LUT as Logic                               | 116547 |     0 |        29296 | 145841 |     0 |          0 |    388800 | 37.51 |
|   using O5 output only                     |    119 |     0 |         1098 |   1215 |       |            |           |       |
|   using O6 output only                     | 108348 |     0 |        18356 | 126702 |       |            |           |       |
|   using O5 and O6                          |   8080 |     0 |         9842 |  17924 |       |            |           |       |
| LUT as Memory                              |    710 |     0 |         8484 |   9194 |     0 |          0 |    179520 |  5.12 |
|   LUT as Distributed RAM                   |    296 |     0 |         8262 |   8558 |     0 |            |           |       |
|     using O5 output only                   |      0 |     0 |            0 |      0 |       |            |           |       |
|     using O6 output only                   |      0 |     0 |          468 |    468 |       |            |           |       |
|     using O5 and O6                        |    296 |     0 |         7794 |   8090 |       |            |           |       |
|   LUT as Shift Register                    |    414 |     0 |          222 |    636 |     0 |            |           |       |
|     using O5 output only                   |      0 |     0 |            0 |      0 |       |            |           |       |
|     using O6 output only                   |     30 |     0 |          222 |    252 |       |            |           |       |
|     using O5 and O6                        |    384 |     0 |            0 |    384 |       |            |           |       |
| CLB Registers                              |  52763 |     0 |        45823 |  98586 |     0 |          0 |    777600 | 12.68 |
|   Register driven from within the CLB      |  39490 |     0 |        26840 |  73322 |       |            |           |       |
|   Register driven from outside the CLB     |  13273 |     0 |        18983 |  25264 |       |            |           |       |
|     LUT in front of the register is unused |   9724 |     0 |        16464 |  17725 |       |            |           |       |
|     LUT in front of the register is used   |   3549 |     0 |         2519 |   7539 |       |            |           |       |
| Unique Control Sets                        |    105 |     0 |         2323 |   2425 |       |          0 |     97200 |  2.49 |
+--------------------------------------------+--------+-------+--------------+--------+-------+------------+-----------+-------+
* * Note: Available Control Sets calculated as Slices * 2, Review the Control Sets Report for more information regarding control sets.


5. BLOCKRAM
-----------

+-------------------+--------+-------+--------------+------+-------+------------+-----------+-------+
|     Site Type     | Parent | Child | Non-Assigned | Used | Fixed | Prohibited | Available | Util% |
+-------------------+--------+-------+--------------+------+-------+------------+-----------+-------+
| Block RAM Tile    |   21.5 |     0 |        203.5 |  225 |     0 |          0 |       576 | 39.06 |
|   RAMB36/FIFO*    |     21 |     0 |          202 |  223 |     0 |          0 |       576 | 38.72 |
|     RAMB36E2 only |     21 |     0 |          202 |  223 |       |            |           |       |
|   RAMB18          |      1 |     0 |            3 |    4 |     0 |          0 |      1152 |  0.35 |
|     RAMB18E2 only |      1 |     0 |            3 |    4 |       |            |           |       |
| URAM              |      0 |     0 |            0 |    0 |     0 |          0 |       320 |  0.00 |
+-------------------+--------+-------+--------------+------+-------+------------+-----------+-------+
* Note: Each Block RAM Tile only has one FIFO logic available and therefore can accommodate only one FIFO36E2 or one FIFO18E2. However, if a FIFO18E2 occupies a Block RAM Tile, that tile can still accommodate a RAMB18E2


6. ARITHMETIC
-------------

+----------------+--------+-------+--------------+------+-------+------------+-----------+-------+
|    Site Type   | Parent | Child | Non-Assigned | Used | Fixed | Prohibited | Available | Util% |
+----------------+--------+-------+--------------+------+-------+------------+-----------+-------+
| DSPs           |   1584 |     0 |            1 | 1585 |     0 |          0 |      2700 | 58.70 |
|   DSP48E2 only |   1584 |     0 |            1 | 1585 |       |            |           |       |
+----------------+--------+-------+--------------+------+-------+------------+-----------+-------+


7. I/O
------

+------------------+--------+-------+--------------+------+-------+------------+-----------+-------+
|     Site Type    | Parent | Child | Non-Assigned | Used | Fixed | Prohibited | Available | Util% |
+------------------+--------+-------+--------------+------+-------+------------+-----------+-------+
| Bonded IOB       |      0 |     0 |            0 |    0 |     0 |          0 |       208 |  0.00 |
| HPIOB_M          |      0 |     0 |            0 |    0 |     0 |          0 |        96 |  0.00 |
| HPIOB_S          |      0 |     0 |            0 |    0 |     0 |          0 |        96 |  0.00 |
| HPIOB_SNGL       |      0 |     0 |            0 |    0 |     0 |          0 |        16 |  0.00 |
| HPIOBDIFFINBUF   |      0 |     0 |            1 |    1 |     1 |          0 |        96 |  1.04 |
|   DIFFINBUF      |      0 |     0 |            1 |    1 |     1 |            |           |       |
| HPIOBDIFFOUTBUF  |      0 |     0 |            0 |    0 |     0 |          0 |        96 |  0.00 |
| BITSLICE_CONTROL |      0 |     0 |            0 |    0 |     0 |          0 |        32 |  0.00 |
| BITSLICE_RX_TX   |      0 |     0 |            0 |    0 |     0 |          0 |      1248 |  0.00 |
| BITSLICE_TX      |      0 |     0 |            0 |    0 |     0 |          0 |        32 |  0.00 |
| RIU_OR           |      0 |     0 |            0 |    0 |     0 |          0 |        16 |  0.00 |
+------------------+--------+-------+--------------+------+-------+------------+-----------+-------+


8. CLOCK
--------

+----------------------+--------+-------+--------------+------+-------+------------+-----------+-------+
|       Site Type      | Parent | Child | Non-Assigned | Used | Fixed | Prohibited | Available | Util% |
+----------------------+--------+-------+--------------+------+-------+------------+-----------+-------+
| GLOBAL CLOCK BUFFERs |      9 |     0 |            6 |   15 |     0 |          0 |       240 |  6.25 |
|   BUFGCE             |      9 |     0 |            6 |   15 |     0 |          0 |        96 | 15.63 |
|   BUFGCE_DIV         |      0 |     0 |            0 |    0 |     0 |          0 |        16 |  0.00 |
|   BUFG_GT            |      0 |     0 |            0 |    0 |     0 |          0 |        96 |  0.00 |
|   BUFGCTRL*          |      0 |     0 |            0 |    0 |     0 |          0 |        32 |  0.00 |
| PLL                  |      0 |     0 |            0 |    0 |     0 |          0 |         8 |  0.00 |
| MMCM                 |      0 |     0 |            1 |    1 |     0 |          0 |         4 | 25.00 |
+----------------------+--------+-------+--------------+------+-------+------------+-----------+-------+
* Note: Each used BUFGCTRL counts as two GLOBAL CLOCK BUFFERs. This table does not include global clocking resources, only buffer cell usage. See the Clock Utilization Report (report_clock_utilization) for detailed accounting of global clocking resource availability.


9. ADVANCED
-----------

+----------------------+--------+-------+--------------+------+-------+------------+-----------+--------+
|       Site Type      | Parent | Child | Non-Assigned | Used | Fixed | Prohibited | Available |  Util% |
+----------------------+--------+-------+--------------+------+-------+------------+-----------+--------+
| CMACE4               |      0 |     0 |            0 |    0 |     0 |          0 |         2 |   0.00 |
| GTYE4_CHANNEL        |      0 |     0 |            0 |    0 |     0 |          0 |        16 |   0.00 |
| GTYE4_COMMON         |      0 |     0 |            0 |    0 |     0 |          0 |         4 |   0.00 |
| HBM_REF_CLK          |      0 |     0 |            2 |    2 |     2 |          0 |         2 | 100.00 |
| HBM_SNGLBLI_INTF_APB |      0 |     0 |            2 |    2 |     2 |          0 |        30 |   6.67 |
| HBM_SNGLBLI_INTF_AXI |      0 |     0 |           30 |   30 |    30 |          0 |        30 | 100.00 |
| OBUFDS_GTE4          |      0 |     0 |            0 |    0 |     0 |          0 |         8 |   0.00 |
| OBUFDS_GTE4_ADV      |      0 |     0 |            0 |    0 |     0 |          0 |         8 |   0.00 |
| PCIE4CE4             |      0 |     0 |            0 |    0 |     0 |          0 |         2 |   0.00 |
+----------------------+--------+-------+--------------+------+-------+------------+-----------+--------+


10. CONFIGURATION
-----------------

+-----------+--------+-------+--------------+------+-------+------------+-----------+-------+
| Site Type | Parent | Child | Non-Assigned | Used | Fixed | Prohibited | Available | Util% |
+-----------+--------+-------+--------------+------+-------+------------+-----------+-------+


11. Primitives
--------------

+----------------------+-------+---------------------+
|       Ref Name       |  Used | Functional Category |
+----------------------+-------+---------------------+
| FDRE                 | 95992 |            Register |
| LUT6                 | 78982 |                 CLB |
| LUT2                 | 32813 |                 CLB |
| MUXF7                | 25004 |                 CLB |
| LUT3                 | 23498 |                 CLB |
| LUT5                 | 17451 |                 CLB |
| RAMD32               | 14144 |                 CLB |
| MUXF8                | 12408 |                 CLB |
| LUT4                 |  7923 |                 CLB |
| CARRY8               |  6156 |                 CLB |
| LUT1                 |  3098 |                 CLB |
| RAMS32               |  2048 |                 CLB |
| DSP48E2              |  1585 |          Arithmetic |
| FDCE                 |  1521 |            Register |
| FDSE                 |  1017 |            Register |
| SRL16E               |   933 |                 CLB |
| RAMD64E              |   456 |                 CLB |
| RAMB36E2             |   223 |            BLOCKRAM |
| SRLC32E              |    87 |                 CLB |
| FDPE                 |    56 |            Register |
| HBM_SNGLBLI_INTF_AXI |    30 |            Advanced |
| BUFGCE               |    15 |               Clock |
| IBUF_ANALOG          |    12 |                 I/O |
| OBUF                 |     8 |                 I/O |
| RAMB18E2             |     4 |            BLOCKRAM |
| IBUFCTRL             |     4 |              Others |
| INBUF                |     3 |                 I/O |
| OBUFT                |     2 |                 I/O |
| HBM_SNGLBLI_INTF_APB |     2 |            Advanced |
| HBM_REF_CLK          |     2 |            Advanced |
| MMCME4_ADV           |     1 |               Clock |
| DIFFINBUF            |     1 |                 I/O |
+----------------------+-------+---------------------+


12. Black Boxes
---------------

+----------+------+
| Ref Name | Used |
+----------+------+


13. Instantiated Netlists
-------------------------

+------------------------------+------+
|           Ref Name           | Used |
+------------------------------+------+
| dbg_hub                      |    1 |
| bd_xdma_0                    |    1 |
| bd_util_ds_buf_1_0           |    1 |
| bd_util_ds_buf_0_0           |    1 |
| bd_system_management_wiz_0_0 |    1 |
| bd_pcie2hbm_0                |    1 |
| bd_pcie2axil_0               |    1 |
| bd_led_inv_0                 |    1 |
| bd_jtag_hbm_0                |    1 |
| bd_jtag_axil_0               |    1 |
| bd_jtag_aux_0                |    1 |
| bd_hbm_reset_0               |    1 |
| bd_hbm_0                     |    1 |
| bd_fk33_thermp_0             |    1 |
| bd_fk33_thermc_0             |    1 |
| bd_fk33_therm_1              |    1 |
| bd_fk33_therm_0_0            |    1 |
| bd_fk33_scratch_ram_0        |    1 |
| bd_fk33_scratch_0            |    1 |
| bd_fk33_id_0                 |    1 |
| bd_fk33_dmabram_ram_0        |    1 |
| bd_fk33_dmabram_0            |    1 |
| bd_fk33_aux_0_0              |    1 |
| bd_eng_0                     |    1 |
| bd_core_reset_0              |    1 |
| bd_clk_wiz_0_0               |    1 |
| bd_axil2eng_0                |    1 |
| bd_axi_gpio_0_0              |    1 |
| bd_auxconnect_0              |    1 |
| bd_aux_time_0                |    1 |
| bd_aux_therm_0               |    1 |
| bd_aux_stat_0                |    1 |
| bd_aux_peak_0                |    1 |
| bd_aux_id_0                  |    1 |
| bd_aux_ctl_0                 |    1 |
| bd_aux_clkst_0               |    1 |
+------------------------------+------+


