Copyright 1986-2022 Xilinx, Inc. All Rights Reserved. Copyright 2022-2023 Advanced Micro Devices, Inc. All Rights Reserved.
--------------------------------------------------------------------------------------------------------------------------------------------------
| Tool Version      : Vivado v.2023.2 (lin64) Build 4029153 Fri Oct 13 20:13:54 MDT 2023
| Date              : Sat Aug 29 15:47:06 2026
| Host              : Oren-Dell-Ubuntu running 64-bit Ubuntu 22.04.5 LTS
| Command           : report_timing_summary -no_detailed_paths -file fk33_pcieep_timing.rpt
| Design            : bd_wrapper
| Device            : xcvu33p-fsvh2104
| Speed File        : -2L  PRODUCTION 1.30 05-01-2022
| Design State      : Routed
| Temperature Grade : E
--------------------------------------------------------------------------------------------------------------------------------------------------

Timing Summary Report

------------------------------------------------------------------------------------------------
| Timer Settings
| --------------
------------------------------------------------------------------------------------------------

  Enable Multi Corner Analysis               :  Yes
  Enable Pessimism Removal                   :  Yes
  Pessimism Removal Resolution               :  Nearest Common Node
  Enable Input Delay Default Clock           :  No
  Enable Preset / Clear Arcs                 :  No
  Disable Flight Delays                      :  No
  Ignore I/O Paths                           :  No
  Timing Early Launch at Borrowing Latches   :  No
  Borrow Time for Max Delay Exceptions       :  Yes
  Merge Timing Exceptions                    :  Yes
  Inter-SLR Compensation                     :  Conservative

  Corner  Analyze    Analyze    
  Name    Max Paths  Min Paths  
  ------  ---------  ---------  
  Slow    Yes        Yes        
  Fast    Yes        Yes        


------------------------------------------------------------------------------------------------
| Report Methodology
| ------------------
------------------------------------------------------------------------------------------------

Rule       Severity          Description                                         Violations  
---------  ----------------  --------------------------------------------------  ----------  
TIMING-3   Critical Warning  Invalid primary clock on Clock Modifying Block      1           
TIMING-4   Critical Warning  Invalid primary clock redefinition on a clock tree  2           
TIMING-27  Critical Warning  Invalid primary clock on hierarchical pin           2           
TIMING-54  Critical Warning  Scoped false path                                   1           
LUTAR-1    Warning           LUT drives async reset alert                        13          
TIMING-9   Warning           Unknown CDC Logic                                   1           
TIMING-18  Warning           Missing input or output delay                       5           
TIMING-24  Warning           Overridden Max delay datapath only                  25          
CLKC-5     Advisory          BUFGCE with constant CE has BUFG driver             1           
CLKC-56    Advisory          MMCME4 with global clock driver has no LOC          1           

Note: This report is based on the most recent report_methodology run and may not be up-to-date. Run report_methodology on the current design for the latest report.



check_timing report

Table of Contents
-----------------
1. checking no_clock (0)
2. checking constant_clock (0)
3. checking pulse_width_clock (0)
4. checking unconstrained_internal_endpoints (0)
5. checking no_input_delay (3)
6. checking no_output_delay (9)
7. checking multiple_clock (0)
8. checking generated_clocks (0)
9. checking loops (0)
10. checking partial_input_delay (0)
11. checking partial_output_delay (0)
12. checking latch_loops (0)

1. checking no_clock (0)
------------------------
 There are 0 register/latch pins with no clock.


2. checking constant_clock (0)
------------------------------
 There are 0 register/latch pins with constant_clock.


3. checking pulse_width_clock (0)
---------------------------------
 There are 0 register/latch pins which need pulse_width check


4. checking unconstrained_internal_endpoints (0)
------------------------------------------------
 There are 0 pins that are not constrained for maximum delay.

 There are 0 pins that are not constrained for maximum delay due to constant clock.


5. checking no_input_delay (3)
------------------------------
 There are 3 input ports with no input delay specified. (HIGH)

 There are 0 input ports with no input delay but user has a false path constraint.


6. checking no_output_delay (9)
-------------------------------
 There are 9 ports with no output delay specified. (HIGH)

 There are 0 ports with no output delay but user has a false path constraint

 There are 0 ports with no output delay but with a timing clock defined on it or propagating through it


7. checking multiple_clock (0)
------------------------------
 There are 0 register/latch pins with multiple clocks.


8. checking generated_clocks (0)
--------------------------------
 There are 0 generated clocks that are not connected to a clock source.


9. checking loops (0)
---------------------
 There are 0 combinational loops in the design.


10. checking partial_input_delay (0)
------------------------------------
 There are 0 input ports with partial input delay specified.


11. checking partial_output_delay (0)
-------------------------------------
 There are 0 ports with partial output delay specified.


12. checking latch_loops (0)
----------------------------
 There are 0 combinational latch loops in the design through latch input



------------------------------------------------------------------------------------------------
| Design Timing Summary
| ---------------------
------------------------------------------------------------------------------------------------

    WNS(ns)      TNS(ns)  TNS Failing Endpoints  TNS Total Endpoints      WHS(ns)      THS(ns)  THS Failing Endpoints  THS Total Endpoints     WPWS(ns)     TPWS(ns)  TPWS Failing Endpoints  TPWS Total Endpoints  
    -------      -------  ---------------------  -------------------      -------      -------  ---------------------  -------------------     --------     --------  ----------------------  --------------------  
      0.069        0.000                      0               575895        0.009        0.000                      0               575847        0.000        0.000                       0                148744  


All user specified timing constraints are met.


------------------------------------------------------------------------------------------------
| Clock Summary
| -------------
------------------------------------------------------------------------------------------------

Clock                                                                                                                                                                                                                                                                                                                                                                                                                          Waveform(ns)           Period(ns)      Frequency(MHz)
-----                                                                                                                                                                                                                                                                                                                                                                                                                          ------------           ----------      --------------
bd_i/clk_wiz_0/inst/clk_in1                                                                                                                                                                                                                                                                                                                                                                                                    {0.000 2.000}          4.000           250.000         
  clk_out1_bd_clk_wiz_0_0                                                                                                                                                                                                                                                                                                                                                                                                      {0.000 5.000}          10.000          100.000         
  clk_out2_bd_clk_wiz_0_0                                                                                                                                                                                                                                                                                                                                                                                                      {0.000 2.500}          5.000           200.000         
  clk_out3_bd_clk_wiz_0_0                                                                                                                                                                                                                                                                                                                                                                                                      {0.000 2.500}          5.000           200.000         
bd_i/hbm/inst/HBM_REF_CLK_0                                                                                                                                                                                                                                                                                                                                                                                                    {0.000 2.500}          5.000           200.000         
bd_i/hbm/inst/HBM_REF_CLK_1                                                                                                                                                                                                                                                                                                                                                                                                    {0.000 2.500}          5.000           200.000         
bd_i/xdma/inst/pcie4c_ip_i/inst/bd_xdma_0_pcie4c_ip_gt_top_i/diablo_gt.diablo_gt_phy_wrapper/gt_wizard.gtwizard_top_i/bd_xdma_0_pcie4c_ip_gt_i/inst/gen_gtwizard_gtye4_top.bd_xdma_0_pcie4c_ip_gt_gtwizard_gtye4_inst/gen_gtwizard_gtye4.gen_cpll_cal_gtye4.gen_cpll_cal_inst[0].gen_inst_cpll_cal.gtwizard_ultrascale_v1_7_17_gtye4_cpll_cal_inst/gtwizard_ultrascale_v1_7_17_gtye4_cpll_cal_tx_i/bufg_gt_txoutclkmon_inst/O  {0.000 4.000}          8.000           125.000         
bd_i/xdma/inst/pcie4c_ip_i/inst/bd_xdma_0_pcie4c_ip_gt_top_i/diablo_gt.diablo_gt_phy_wrapper/gt_wizard.gtwizard_top_i/bd_xdma_0_pcie4c_ip_gt_i/inst/gen_gtwizard_gtye4_top.bd_xdma_0_pcie4c_ip_gt_gtwizard_gtye4_inst/gen_gtwizard_gtye4.gen_cpll_cal_gtye4.gen_cpll_cal_inst[1].gen_inst_cpll_cal.gtwizard_ultrascale_v1_7_17_gtye4_cpll_cal_inst/gtwizard_ultrascale_v1_7_17_gtye4_cpll_cal_tx_i/bufg_gt_txoutclkmon_inst/O  {0.000 4.000}          8.000           125.000         
bd_i/xdma/inst/pcie4c_ip_i/inst/bd_xdma_0_pcie4c_ip_gt_top_i/diablo_gt.diablo_gt_phy_wrapper/gt_wizard.gtwizard_top_i/bd_xdma_0_pcie4c_ip_gt_i/inst/gen_gtwizard_gtye4_top.bd_xdma_0_pcie4c_ip_gt_gtwizard_gtye4_inst/gen_gtwizard_gtye4.gen_cpll_cal_gtye4.gen_cpll_cal_inst[2].gen_inst_cpll_cal.gtwizard_ultrascale_v1_7_17_gtye4_cpll_cal_inst/gtwizard_ultrascale_v1_7_17_gtye4_cpll_cal_tx_i/bufg_gt_txoutclkmon_inst/O  {0.000 4.000}          8.000           125.000         
bd_i/xdma/inst/pcie4c_ip_i/inst/bd_xdma_0_pcie4c_ip_gt_top_i/diablo_gt.diablo_gt_phy_wrapper/gt_wizard.gtwizard_top_i/bd_xdma_0_pcie4c_ip_gt_i/inst/gen_gtwizard_gtye4_top.bd_xdma_0_pcie4c_ip_gt_gtwizard_gtye4_inst/gen_gtwizard_gtye4.gen_cpll_cal_gtye4.gen_cpll_cal_inst[3].gen_inst_cpll_cal.gtwizard_ultrascale_v1_7_17_gtye4_cpll_cal_inst/gtwizard_ultrascale_v1_7_17_gtye4_cpll_cal_tx_i/bufg_gt_txoutclkmon_inst/O  {0.000 4.000}          8.000           125.000         
bd_i/xdma/inst/pcie4c_ip_i/inst/bd_xdma_0_pcie4c_ip_gt_top_i/diablo_gt.diablo_gt_phy_wrapper/phy_clk_i/bufg_gt_intclk/O                                                                                                                                                                                                                                                                                                        {0.000 500.000}        1000.000        1.000           
dbg_hub/inst/BSCANID.u_xsdbm_id/SWITCH_N_EXT_BSCAN.bscan_inst/SERIES7_BSCAN.bscan_inst/INTERNAL_TCK                                                                                                                                                                                                                                                                                                                            {0.000 25.000}         50.000          20.000          
pcie_refclk                                                                                                                                                                                                                                                                                                                                                                                                                    {0.000 5.000}          10.000          100.000         
  qpll0outclk_out[0]                                                                                                                                                                                                                                                                                                                                                                                                           {0.000 0.100}          0.200           5000.001        
  qpll0outrefclk_out[0]                                                                                                                                                                                                                                                                                                                                                                                                        {0.000 5.000}          10.000          100.000         
  qpll1outclk_out[0]                                                                                                                                                                                                                                                                                                                                                                                                           {0.000 0.100}          0.200           5000.001        
    GTYE4_CHANNEL_TXOUTCLK[0]                                                                                                                                                                                                                                                                                                                                                                                                  {0.000 1.000}          2.000           500.000         
    GTYE4_CHANNEL_TXOUTCLK[1]                                                                                                                                                                                                                                                                                                                                                                                                  {0.000 1.000}          2.000           500.000         
    GTYE4_CHANNEL_TXOUTCLK[2]                                                                                                                                                                                                                                                                                                                                                                                                  {0.000 1.000}          2.000           500.000         
    GTYE4_CHANNEL_TXOUTCLK[3]                                                                                                                                                                                                                                                                                                                                                                                                  {0.000 1.000}          2.000           500.000         
      bd_xdma_0_pcie4c_ip_gt_top_i_n_31                                                                                                                                                                                                                                                                                                                                                                                        {0.000 4.000}          8.000           125.000         
      fk33_dmabram_BRAM_PORTA_CLK                                                                                                                                                                                                                                                                                                                                                                                              {0.000 2.000}          4.000           250.000         
      pipe_clk                                                                                                                                                                                                                                                                                                                                                                                                                 {0.000 2.000}          4.000           250.000         
  qpll1outrefclk_out[0]                                                                                                                                                                                                                                                                                                                                                                                                        {0.000 5.000}          10.000          100.000         
sysref_clk                                                                                                                                                                                                                                                                                                                                                                                                                     {0.000 2.500}          5.000           200.000         


------------------------------------------------------------------------------------------------
| Intra Clock Table
| -----------------
------------------------------------------------------------------------------------------------

Clock                                                                                                                                                                                                                                                                                                                                                                                                                              WNS(ns)      TNS(ns)  TNS Failing Endpoints  TNS Total Endpoints      WHS(ns)      THS(ns)  THS Failing Endpoints  THS Total Endpoints     WPWS(ns)     TPWS(ns)  TPWS Failing Endpoints  TPWS Total Endpoints  
-----                                                                                                                                                                                                                                                                                                                                                                                                                              -------      -------  ---------------------  -------------------      -------      -------  ---------------------  -------------------     --------     --------  ----------------------  --------------------  
bd_i/clk_wiz_0/inst/clk_in1                                                                                                                                                                                                                                                                                                                                                                                                                                                                                                                                                      1.550        0.000                       0                     1  
  clk_out1_bd_clk_wiz_0_0                                                                                                                                                                                                                                                                                                                                                                                                            5.307        0.000                      0                 1846        0.019        0.000                      0                 1846        0.000        0.000                       0                   924  
  clk_out2_bd_clk_wiz_0_0                                                                                                                                                                                                                                                                                                                                                                                                                                                                                                                                                        1.390        0.000                       0                     5  
  clk_out3_bd_clk_wiz_0_0                                                                                                                                                                                                                                                                                                                                                                                                            0.069        0.000                      0               349755        0.010        0.000                      0               349755        1.958        0.000                       0                 69704  
bd_i/xdma/inst/pcie4c_ip_i/inst/bd_xdma_0_pcie4c_ip_gt_top_i/diablo_gt.diablo_gt_phy_wrapper/gt_wizard.gtwizard_top_i/bd_xdma_0_pcie4c_ip_gt_i/inst/gen_gtwizard_gtye4_top.bd_xdma_0_pcie4c_ip_gt_gtwizard_gtye4_inst/gen_gtwizard_gtye4.gen_cpll_cal_gtye4.gen_cpll_cal_inst[0].gen_inst_cpll_cal.gtwizard_ultrascale_v1_7_17_gtye4_cpll_cal_inst/gtwizard_ultrascale_v1_7_17_gtye4_cpll_cal_tx_i/bufg_gt_txoutclkmon_inst/O        6.939        0.000                      0                   50        0.066        0.000                      0                   50        3.725        0.000                       0                    31  
bd_i/xdma/inst/pcie4c_ip_i/inst/bd_xdma_0_pcie4c_ip_gt_top_i/diablo_gt.diablo_gt_phy_wrapper/gt_wizard.gtwizard_top_i/bd_xdma_0_pcie4c_ip_gt_i/inst/gen_gtwizard_gtye4_top.bd_xdma_0_pcie4c_ip_gt_gtwizard_gtye4_inst/gen_gtwizard_gtye4.gen_cpll_cal_gtye4.gen_cpll_cal_inst[1].gen_inst_cpll_cal.gtwizard_ultrascale_v1_7_17_gtye4_cpll_cal_inst/gtwizard_ultrascale_v1_7_17_gtye4_cpll_cal_tx_i/bufg_gt_txoutclkmon_inst/O        6.869        0.000                      0                   50        0.052        0.000                      0                   50        3.725        0.000                       0                    31  
bd_i/xdma/inst/pcie4c_ip_i/inst/bd_xdma_0_pcie4c_ip_gt_top_i/diablo_gt.diablo_gt_phy_wrapper/gt_wizard.gtwizard_top_i/bd_xdma_0_pcie4c_ip_gt_i/inst/gen_gtwizard_gtye4_top.bd_xdma_0_pcie4c_ip_gt_gtwizard_gtye4_inst/gen_gtwizard_gtye4.gen_cpll_cal_gtye4.gen_cpll_cal_inst[2].gen_inst_cpll_cal.gtwizard_ultrascale_v1_7_17_gtye4_cpll_cal_inst/gtwizard_ultrascale_v1_7_17_gtye4_cpll_cal_tx_i/bufg_gt_txoutclkmon_inst/O        6.861        0.000                      0                   50        0.052        0.000                      0                   50        3.725        0.000                       0                    31  
bd_i/xdma/inst/pcie4c_ip_i/inst/bd_xdma_0_pcie4c_ip_gt_top_i/diablo_gt.diablo_gt_phy_wrapper/gt_wizard.gtwizard_top_i/bd_xdma_0_pcie4c_ip_gt_i/inst/gen_gtwizard_gtye4_top.bd_xdma_0_pcie4c_ip_gt_gtwizard_gtye4_inst/gen_gtwizard_gtye4.gen_cpll_cal_gtye4.gen_cpll_cal_inst[3].gen_inst_cpll_cal.gtwizard_ultrascale_v1_7_17_gtye4_cpll_cal_inst/gtwizard_ultrascale_v1_7_17_gtye4_cpll_cal_tx_i/bufg_gt_txoutclkmon_inst/O        7.051        0.000                      0                   50        0.045        0.000                      0                   50        3.725        0.000                       0                    31  
bd_i/xdma/inst/pcie4c_ip_i/inst/bd_xdma_0_pcie4c_ip_gt_top_i/diablo_gt.diablo_gt_phy_wrapper/phy_clk_i/bufg_gt_intclk/O                                                                                                                                                                                                                                                                                                            998.882        0.000                      0                   20        0.060        0.000                      0                   20      499.725        0.000                       0                    13  
dbg_hub/inst/BSCANID.u_xsdbm_id/SWITCH_N_EXT_BSCAN.bscan_inst/SERIES7_BSCAN.bscan_inst/INTERNAL_TCK                                                                                                                                                                                                                                                                                                                                 14.379        0.000                      0                 1002        0.017        0.000                      0                 1002       24.468        0.000                       0                   487  
pcie_refclk                                                                                                                                                                                                                                                                                                                                                                                                                          7.412        0.000                      0                 3703        0.010        0.000                      0                 3703        3.200        0.000                       0                  1776  
    GTYE4_CHANNEL_TXOUTCLK[0]                                                                                                                                                                                                                                                                                                                                                                                                                                                                                                                                                    0.710        0.000                       0                     1  
    GTYE4_CHANNEL_TXOUTCLK[1]                                                                                                                                                                                                                                                                                                                                                                                                                                                                                                                                                    0.710        0.000                       0                     1  
    GTYE4_CHANNEL_TXOUTCLK[2]                                                                                                                                                                                                                                                                                                                                                                                                                                                                                                                                                    0.710        0.000                       0                     1  
    GTYE4_CHANNEL_TXOUTCLK[3]                                                                                                                                                                                                                                                                                                                                                                                                                                                                                                                                                    0.710        0.000                       0                     5  
      bd_xdma_0_pcie4c_ip_gt_top_i_n_31                                                                                                                                                                                                                                                                                                                                                                                                                                                                                                                                          0.000        0.000                       0                     1  
      fk33_dmabram_BRAM_PORTA_CLK                                                                                                                                                                                                                                                                                                                                                                                                    0.165        0.000                      0               193633        0.009        0.000                      0               193633        0.000        0.000                       0                 64760  
      pipe_clk                                                                                                                                                                                                                                                                                                                                                                                                                       1.299        0.000                      0                 2386        0.010        0.000                      0                 2386        0.000        0.000                       0                  1134  
sysref_clk                                                                                                                                                                                                                                                                                                                                                                                                                           0.651        0.000                      0                21840        0.010        0.000                      0                21792        1.958        0.000                       0                  9807  


------------------------------------------------------------------------------------------------
| Inter Clock Table
| -----------------
------------------------------------------------------------------------------------------------

From Clock                   To Clock                         WNS(ns)      TNS(ns)  TNS Failing Endpoints  TNS Total Endpoints      WHS(ns)      THS(ns)  THS Failing Endpoints  THS Total Endpoints  
----------                   --------                         -------      -------  ---------------------  -------------------      -------      -------  ---------------------  -------------------  
pipe_clk                     fk33_dmabram_BRAM_PORTA_CLK        1.805        0.000                      0                    6        0.038        0.000                      0                    6  
fk33_dmabram_BRAM_PORTA_CLK  pipe_clk                           2.894        0.000                      0                    3        0.070        0.000                      0                    3  


------------------------------------------------------------------------------------------------
| Other Path Groups Table
| -----------------------
------------------------------------------------------------------------------------------------

Path Group                                                                                                                                                                                                                                                                                                                                                                                                                     From Clock                                                                                                                                                                                                                                                                                                                                                                                                                     To Clock                                                                                                                                                                                                                                                                                                                                                                                                                           WNS(ns)      TNS(ns)  TNS Failing Endpoints  TNS Total Endpoints      WHS(ns)      THS(ns)  THS Failing Endpoints  THS Total Endpoints  
----------                                                                                                                                                                                                                                                                                                                                                                                                                     ----------                                                                                                                                                                                                                                                                                                                                                                                                                     --------                                                                                                                                                                                                                                                                                                                                                                                                                           -------      -------  ---------------------  -------------------      -------      -------  ---------------------  -------------------  
**async_default**                                                                                                                                                                                                                                                                                                                                                                                                              bd_i/xdma/inst/pcie4c_ip_i/inst/bd_xdma_0_pcie4c_ip_gt_top_i/diablo_gt.diablo_gt_phy_wrapper/gt_wizard.gtwizard_top_i/bd_xdma_0_pcie4c_ip_gt_i/inst/gen_gtwizard_gtye4_top.bd_xdma_0_pcie4c_ip_gt_gtwizard_gtye4_inst/gen_gtwizard_gtye4.gen_cpll_cal_gtye4.gen_cpll_cal_inst[0].gen_inst_cpll_cal.gtwizard_ultrascale_v1_7_17_gtye4_cpll_cal_inst/gtwizard_ultrascale_v1_7_17_gtye4_cpll_cal_tx_i/bufg_gt_txoutclkmon_inst/O  bd_i/xdma/inst/pcie4c_ip_i/inst/bd_xdma_0_pcie4c_ip_gt_top_i/diablo_gt.diablo_gt_phy_wrapper/gt_wizard.gtwizard_top_i/bd_xdma_0_pcie4c_ip_gt_i/inst/gen_gtwizard_gtye4_top.bd_xdma_0_pcie4c_ip_gt_gtwizard_gtye4_inst/gen_gtwizard_gtye4.gen_cpll_cal_gtye4.gen_cpll_cal_inst[0].gen_inst_cpll_cal.gtwizard_ultrascale_v1_7_17_gtye4_cpll_cal_inst/gtwizard_ultrascale_v1_7_17_gtye4_cpll_cal_tx_i/bufg_gt_txoutclkmon_inst/O        7.457        0.000                      0                   18        0.148        0.000                      0                   18  
**async_default**                                                                                                                                                                                                                                                                                                                                                                                                              bd_i/xdma/inst/pcie4c_ip_i/inst/bd_xdma_0_pcie4c_ip_gt_top_i/diablo_gt.diablo_gt_phy_wrapper/gt_wizard.gtwizard_top_i/bd_xdma_0_pcie4c_ip_gt_i/inst/gen_gtwizard_gtye4_top.bd_xdma_0_pcie4c_ip_gt_gtwizard_gtye4_inst/gen_gtwizard_gtye4.gen_cpll_cal_gtye4.gen_cpll_cal_inst[1].gen_inst_cpll_cal.gtwizard_ultrascale_v1_7_17_gtye4_cpll_cal_inst/gtwizard_ultrascale_v1_7_17_gtye4_cpll_cal_tx_i/bufg_gt_txoutclkmon_inst/O  bd_i/xdma/inst/pcie4c_ip_i/inst/bd_xdma_0_pcie4c_ip_gt_top_i/diablo_gt.diablo_gt_phy_wrapper/gt_wizard.gtwizard_top_i/bd_xdma_0_pcie4c_ip_gt_i/inst/gen_gtwizard_gtye4_top.bd_xdma_0_pcie4c_ip_gt_gtwizard_gtye4_inst/gen_gtwizard_gtye4.gen_cpll_cal_gtye4.gen_cpll_cal_inst[1].gen_inst_cpll_cal.gtwizard_ultrascale_v1_7_17_gtye4_cpll_cal_inst/gtwizard_ultrascale_v1_7_17_gtye4_cpll_cal_tx_i/bufg_gt_txoutclkmon_inst/O        7.390        0.000                      0                   18        0.121        0.000                      0                   18  
**async_default**                                                                                                                                                                                                                                                                                                                                                                                                              bd_i/xdma/inst/pcie4c_ip_i/inst/bd_xdma_0_pcie4c_ip_gt_top_i/diablo_gt.diablo_gt_phy_wrapper/gt_wizard.gtwizard_top_i/bd_xdma_0_pcie4c_ip_gt_i/inst/gen_gtwizard_gtye4_top.bd_xdma_0_pcie4c_ip_gt_gtwizard_gtye4_inst/gen_gtwizard_gtye4.gen_cpll_cal_gtye4.gen_cpll_cal_inst[2].gen_inst_cpll_cal.gtwizard_ultrascale_v1_7_17_gtye4_cpll_cal_inst/gtwizard_ultrascale_v1_7_17_gtye4_cpll_cal_tx_i/bufg_gt_txoutclkmon_inst/O  bd_i/xdma/inst/pcie4c_ip_i/inst/bd_xdma_0_pcie4c_ip_gt_top_i/diablo_gt.diablo_gt_phy_wrapper/gt_wizard.gtwizard_top_i/bd_xdma_0_pcie4c_ip_gt_i/inst/gen_gtwizard_gtye4_top.bd_xdma_0_pcie4c_ip_gt_gtwizard_gtye4_inst/gen_gtwizard_gtye4.gen_cpll_cal_gtye4.gen_cpll_cal_inst[2].gen_inst_cpll_cal.gtwizard_ultrascale_v1_7_17_gtye4_cpll_cal_inst/gtwizard_ultrascale_v1_7_17_gtye4_cpll_cal_tx_i/bufg_gt_txoutclkmon_inst/O        7.412        0.000                      0                   18        0.143        0.000                      0                   18  
**async_default**                                                                                                                                                                                                                                                                                                                                                                                                              bd_i/xdma/inst/pcie4c_ip_i/inst/bd_xdma_0_pcie4c_ip_gt_top_i/diablo_gt.diablo_gt_phy_wrapper/gt_wizard.gtwizard_top_i/bd_xdma_0_pcie4c_ip_gt_i/inst/gen_gtwizard_gtye4_top.bd_xdma_0_pcie4c_ip_gt_gtwizard_gtye4_inst/gen_gtwizard_gtye4.gen_cpll_cal_gtye4.gen_cpll_cal_inst[3].gen_inst_cpll_cal.gtwizard_ultrascale_v1_7_17_gtye4_cpll_cal_inst/gtwizard_ultrascale_v1_7_17_gtye4_cpll_cal_tx_i/bufg_gt_txoutclkmon_inst/O  bd_i/xdma/inst/pcie4c_ip_i/inst/bd_xdma_0_pcie4c_ip_gt_top_i/diablo_gt.diablo_gt_phy_wrapper/gt_wizard.gtwizard_top_i/bd_xdma_0_pcie4c_ip_gt_i/inst/gen_gtwizard_gtye4_top.bd_xdma_0_pcie4c_ip_gt_gtwizard_gtye4_inst/gen_gtwizard_gtye4.gen_cpll_cal_gtye4.gen_cpll_cal_inst[3].gen_inst_cpll_cal.gtwizard_ultrascale_v1_7_17_gtye4_cpll_cal_inst/gtwizard_ultrascale_v1_7_17_gtye4_cpll_cal_tx_i/bufg_gt_txoutclkmon_inst/O        7.417        0.000                      0                   18        0.120        0.000                      0                   18  
**async_default**                                                                                                                                                                                                                                                                                                                                                                                                              clk_out1_bd_clk_wiz_0_0                                                                                                                                                                                                                                                                                                                                                                                                        clk_out1_bd_clk_wiz_0_0                                                                                                                                                                                                                                                                                                                                                                                                              4.732        0.000                      0                  852        0.472        0.000                      0                  852  
**async_default**                                                                                                                                                                                                                                                                                                                                                                                                              dbg_hub/inst/BSCANID.u_xsdbm_id/SWITCH_N_EXT_BSCAN.bscan_inst/SERIES7_BSCAN.bscan_inst/INTERNAL_TCK                                                                                                                                                                                                                                                                                                                            dbg_hub/inst/BSCANID.u_xsdbm_id/SWITCH_N_EXT_BSCAN.bscan_inst/SERIES7_BSCAN.bscan_inst/INTERNAL_TCK                                                                                                                                                                                                                                                                                                                                 47.331        0.000                      0                  100        0.114        0.000                      0                  100  
**async_default**                                                                                                                                                                                                                                                                                                                                                                                                              fk33_dmabram_BRAM_PORTA_CLK                                                                                                                                                                                                                                                                                                                                                                                                    fk33_dmabram_BRAM_PORTA_CLK                                                                                                                                                                                                                                                                                                                                                                                                          0.211        0.000                      0                  216        0.138        0.000                      0                  216  
**async_default**                                                                                                                                                                                                                                                                                                                                                                                                              pcie_refclk                                                                                                                                                                                                                                                                                                                                                                                                                    pcie_refclk                                                                                                                                                                                                                                                                                                                                                                                                                          8.989        0.000                      0                  131        0.134        0.000                      0                  131  
**async_default**                                                                                                                                                                                                                                                                                                                                                                                                              pipe_clk                                                                                                                                                                                                                                                                                                                                                                                                                       pipe_clk                                                                                                                                                                                                                                                                                                                                                                                                                             2.242        0.000                      0                   13        0.141        0.000                      0                   13  
**async_default**                                                                                                                                                                                                                                                                                                                                                                                                              sysref_clk                                                                                                                                                                                                                                                                                                                                                                                                                     sysref_clk                                                                                                                                                                                                                                                                                                                                                                                                                           1.190        0.000                      0                  117        0.117        0.000                      0                  117  


