1788036726 14:52:06 4329472 6.41 6.86 10.13
1788036741 14:52:21 963919872 6.59 6.88 10.09
1788036756 14:52:36 1485467648 6.91 6.94 10.05
1788036771 14:52:51 3203948544 8.46 7.27 10.11
1788036786 14:53:06 3370180608 9.27 7.52 10.15
1788036801 14:53:21 3367161856 8.62 7.46 10.09
1788036816 14:53:36 3365826560 8.25 7.44 10.04
1788036831 14:53:51 3452051456 7.90 7.40 9.98
1788036846 14:54:06 3512528896 7.40 7.31 9.91
1788036861 14:54:21 3737661440 7.72 7.39 9.90
1788036876 14:54:36 3875598336 7.26 7.31 9.83
1788036891 14:54:51 12913917952 7.23 7.29 9.78
1788036906 14:55:06 13952917504 7.96 7.46 9.80
1788036921 14:55:21 8205692928 8.66 7.63 9.82
1788036936 14:55:36 15230873600 8.90 7.73 9.81
1788036951 14:55:51 25424052224 9.58 7.94 9.85
1788036966 14:56:06 25364336640 10.82 8.31 9.94
1788036981 14:56:21 21474213888 10.33 8.32 9.92
1788036996 14:56:36 21475090432 10.79 8.52 9.96
1788037011 14:56:51 21474615296 13.42 9.22 10.16
1788037026 14:57:06 16344510464 15.14 9.81 10.34
1788037041 14:57:21 22882848768 15.23 10.09 10.43
1788037056 14:57:36 14554632192 13.46 9.96 10.38
1788037071 14:57:51 9771753472 14.25 10.30 10.48
1788037086 14:58:06 8983109632 14.09 10.47 10.53
1788037101 14:58:21 11636150272 12.29 10.25 10.46
1788037116 14:58:36 7505395712 10.95 10.05 10.39
1788037131 14:58:51 11500023808 11.27 10.15 10.42
1788037146 14:59:06 16184107008 11.17 10.19 10.43
1788037161 14:59:21 16262033408 10.21 10.03 10.37
1788037176 14:59:36 17946853376 9.74 9.93 10.33
1788037191 14:59:51 9094660096 9.45 9.87 10.31
1788037206 15:00:06 9582845952 8.77 9.70 10.24
1788037221 15:00:21 8974241792 8.40 9.57 10.19
1788037236 15:00:36 10370011136 7.72 9.36 10.11
1788037251 15:00:51 6080958464 7.03 9.13 10.02
1788037266 15:01:06 7214133248 6.57 8.92 9.94
1788037281 15:01:21 11077423104 7.42 8.98 9.94
1788037296 15:01:36 12062855168 7.21 8.85 9.89
1788037311 15:01:51 20170833920 8.02 8.96 9.90
1788037326 15:02:06 10492395520 8.52 9.01 9.91
1788037341 15:02:21 8495411200 7.84 8.84 9.84
1788037356 15:02:36 10662834176 6.92 8.59 9.74
1788037371 15:02:51 12132126720 7.14 8.55 9.70
1788037386 15:03:06 3126808576 6.90 8.44 9.65
1788037401 15:03:21 1404403712 5.74 8.10 9.52
1788037416 15:03:36 4231020544 5.00 7.82 9.41
1788037431 15:03:51 4354994176 4.40 7.55 9.29
1788037446 15:04:06 2353401856 4.10 7.33 9.19
1788037461 15:04:21 4096856064 4.31 7.21 9.12
1788037476 15:04:36 4998553600 4.17 7.04 9.03
1788037491 15:04:51 5343760384 3.77 6.81 8.93
1788037506 15:05:06 6821371904 4.00 6.72 8.86
1788037521 15:05:21 7228964864 4.63 6.74 8.84
1788037536 15:05:36 8287236096 4.20 6.54 8.74
1788037551 15:05:51 8408465408 5.19 6.66 8.74
1788037566 15:06:06 8862629888 5.38 6.64 8.70
1788037581 15:06:21 10581319680 5.02 6.49 8.62
1788037596 15:06:36 9468190720 4.77 6.37 8.55
1788037611 15:06:51 5139771392 4.45 6.22 8.46
1788037626 15:07:06 5918023680 5.06 6.26 8.44
1788037641 15:07:21 6017433600 5.19 6.23 8.39
1788037656 15:07:36 6030336000 4.87 6.11 8.32
1788037671 15:07:51 6066368512 4.66 6.00 8.25
1788037686 15:08:06 8012161024 5.18 6.05 8.23
1788037701 15:08:21 8445640704 5.52 6.08 8.20
1788037716 15:08:36 8451850240 6.43 6.24 8.22
1788037731 15:08:51 8457134080 6.93 6.36 8.23
1788037746 15:09:06 8813346816 6.14 6.21 8.15
1788037761 15:09:21 8436301824 5.29 6.02 8.05
1788037776 15:09:36 8453468160 4.56 5.83 7.96
1788037791 15:09:51 8482025472 4.05 5.65 7.87
1788037806 15:10:06 8549744640 4.98 5.77 7.87
1788037821 15:10:21 8702980096 5.06 5.76 7.83
1788037836 15:10:36 8705077248 5.99 5.95 7.86
1788037851 15:10:51 8672686080 5.55 5.85 7.80
1788037866 15:11:06 8673165312 5.35 5.79 7.75
1788037881 15:11:21 8479068160 4.61 5.61 7.66
1788037896 15:11:36 8165232640 4.37 5.51 7.59
1788037911 15:11:51 8378384384 4.43 5.47 7.54
1788037926 15:12:06 7928795136 4.18 5.36 7.47
1788037941 15:12:21 7928795136 4.14 5.30 7.42
1788037956 15:12:36 7928795136 3.72 5.15 7.34
1788037971 15:12:51 7931338752 3.19 4.96 7.24
1788037986 15:13:06 8107438080 3.33 4.91 7.19
1788038001 15:13:21 8120266752 3.26 4.82 7.12
1788038016 15:13:36 8214953984 2.83 4.65 7.03
1788038031 15:13:51 8218124288 4.10 4.84 7.05
1788038046 15:14:06 8238190592 4.18 4.82 7.01
1788038061 15:14:21 8229691392 4.51 4.86 6.99
1788038076 15:14:36 8270553088 5.28 5.01 7.00
1788038091 15:14:51 8285011968 5.45 5.08 6.99
1788038106 15:15:06 8286208000 5.43 5.09 6.96
1788038121 15:15:21 8410701824 5.06 5.02 6.91
1788038136 15:15:36 8128593920 5.55 5.14 6.92
1788038151 15:15:51 8273883136 6.01 5.27 6.93
1788038166 15:16:06 8288247808 5.80 5.26 6.90
1788038181 15:16:21 8291938304 5.91 5.31 6.89
1788038196 15:16:36 8292478976 5.26 5.19 6.83
1788038211 15:16:51 8293343232 5.33 5.22 6.81
1788038226 15:17:06 8146120704 6.50 5.47 6.87
1788038241 15:17:21 8182661120 7.66 5.79 6.95
1788038256 15:17:36 8247394304 8.37 6.03 7.01
1788038271 15:17:51 8254636032 8.28 6.11 7.02
1788038286 15:18:06 8263331840 9.23 6.42 7.10
1788038301 15:18:21 8277266432 7.71 6.22 7.03
1788038316 15:18:36 8042303488 6.75 6.08 6.97
1788038331 15:18:51 7789907968 6.21 5.99 6.92
1788038346 15:19:06 7792070656 7.18 6.21 6.98
1788038361 15:19:21 7744307200 7.06 6.23 6.97
1788038376 15:19:36 7747891200 6.38 6.12 6.93
1788038391 15:19:51 7825960960 5.84 6.01 6.88
1788038406 15:20:06 7872114688 5.46 5.92 6.83
1788038421 15:20:21 8101126144 5.27 5.85 6.80
1788038436 15:20:36 7540457472 4.78 5.71 6.73
1788038451 15:20:51 7952846848 6.75 6.10 6.85
1788038466 15:21:06 8139739136 5.91 5.95 6.78
1788038481 15:21:21 7797379072 5.97 5.95 6.77
1788038496 15:21:36 7811899392 6.19 6.02 6.78
1788038511 15:21:51 7820333056 6.65 6.12 6.80
1788038526 15:22:06 7841984512 7.54 6.34 6.86
1788038541 15:22:21 7841280000 8.08 6.51 6.91
1788038556 15:22:36 7985106944 8.01 6.58 6.92
1788038571 15:22:51 7983599616 7.89 6.62 6.93
1788038586 15:23:06 8148463616 6.94 6.47 6.88
1788038601 15:23:21 8266371072 6.94 6.50 6.88
1788038616 15:23:36 8272764928 6.66 6.45 6.86
1788038631 15:23:51 8272068608 5.83 6.28 6.80
1788038646 15:24:06 8283131904 5.80 6.25 6.78
1788038661 15:24:21 7714283520 6.69 6.44 6.83
1788038676 15:24:36 7718379520 7.28 6.59 6.87
1788038691 15:24:51 7720566784 7.05 6.57 6.86
1788038706 15:25:06 7719219200 8.06 6.81 6.93
1788038721 15:25:21 7696654336 8.46 6.96 6.98
1788038736 15:25:36 7682805760 8.43 7.03 7.01
1788038751 15:25:51 7681179648 8.87 7.19 7.06
1788038766 15:26:06 7683461120 9.27 7.35 7.11
1788038781 15:26:21 7679401984 9.66 7.54 7.18
1788038796 15:26:36 7678844928 9.36 7.58 7.20
1788038811 15:26:51 7672774656 9.58 7.72 7.25
1788038826 15:27:06 7667281920 9.15 7.72 7.26
1788038841 15:27:21 7661674496 8.53 7.65 7.24
1788038856 15:27:36 7641395200 9.42 7.89 7.33
1788038871 15:27:51 7639638016 10.60 8.23 7.45
1788038886 15:28:06 7625478144 9.79 8.16 7.44
1788038901 15:28:21 7619538944 10.37 8.38 7.53
1788038916 15:28:36 7613530112 10.16 8.44 7.56
1788038931 15:28:51 7611658240 10.88 8.68 7.65
1788038946 15:29:06 7600828416 10.82 8.78 7.70
1788038961 15:29:21 7589535744 10.60 8.84 7.74
1788038976 15:29:36 7538761728 10.16 8.83 7.75
1788038991 15:29:51 7522115584 9.33 8.71 7.73
1788039006 15:30:06 7514423296 8.68 8.59 7.71
1788039021 15:30:21 7503118336 9.17 8.71 7.76
1788039036 15:30:36 7496699904 8.92 8.67 7.76
1788039051 15:30:51 6879371264 8.50 8.59 7.75
1788039066 15:31:06 6881972224 8.01 8.48 7.73
1788039081 15:31:21 6875525120 8.00 8.46 7.73
1788039096 15:31:36 6874648576 8.20 8.48 7.75
1788039111 15:31:51 6870863872 8.21 8.47 7.76
1788039126 15:32:06 6867259392 8.18 8.45 7.76
1788039141 15:32:21 6865797120 7.77 8.35 7.74
1788039156 15:32:36 6864162816 7.36 8.23 7.71
1788039171 15:32:51 6862823424 7.40 8.20 7.71
1788039186 15:33:06 6862077952 8.43 8.39 7.78
1788039201 15:33:21 6402506752 7.75 8.24 7.74
1788039216 15:33:36 6401503232 7.28 8.11 7.71
1788039231 15:33:51 6692896768 7.64 8.14 7.72
1788039246 15:34:06 6964436992 7.95 8.19 7.75
1788039261 15:34:21 6997651456 7.38 8.05 7.71
1788039276 15:34:36 6317129728 7.35 8.01 7.70
1788039291 15:34:51 6162681856 7.63 8.05 7.72
1788039306 15:35:06 6162968576 7.03 7.90 7.67
1788039321 15:35:21 6160740352 6.66 7.77 7.63
1788039336 15:35:36 6165094400 6.23 7.62 7.59
1788039351 15:35:51 6156910592 6.03 7.51 7.55
1788039366 15:36:06 6164783104 6.25 7.48 7.54
1788039381 15:36:21 6164480000 6.10 7.39 7.51
1788039396 15:36:36 6162849792 5.86 7.27 7.47
1788039411 15:36:51 6165340160 5.82 7.19 7.44
1788039426 15:37:06 6166265856 5.56 7.07 7.39
1788039441 15:37:21 6161100800 5.71 7.03 7.38
1788039456 15:37:36 6158409728 5.64 6.95 7.34
1788039471 15:37:51 6156316672 5.57 6.87 7.31
1788039487 15:38:07 6157172736 6.38 6.98 7.34
1788039502 15:38:22 6165291008 6.15 6.89 7.30
1788039517 15:38:37 6165778432 5.83 6.79 7.26
1788039532 15:38:52 6164713472 5.87 6.75 7.24
1788039547 15:39:07 6162698240 5.61 6.64 7.20
1788039562 15:39:22 6161305600 6.09 6.71 7.21
1788039577 15:39:37 6160105472 5.78 6.61 7.17
1788039592 15:39:52 6199545856 6.19 6.66 7.18
1788039607 15:40:07 6232539136 5.86 6.56 7.14
1788039622 15:40:22 6490882048 6.46 6.66 7.16
1788039637 15:40:37 6575419392 7.62 6.91 7.23
1788039652 15:40:52 6674264064 7.03 6.81 7.20
1788039667 15:41:07 7030403072 6.58 6.73 7.16
1788039682 15:41:22 7085371392 8.31 7.10 7.28
1788039697 15:41:37 7137370112 9.49 7.43 7.38
1788039712 15:41:52 7176560640 8.94 7.41 7.38
1788039727 15:42:07 7182450688 10.20 7.78 7.50
1788039742 15:42:22 7233798144 9.50 7.74 7.49
1788039757 15:42:37 7397289984 9.60 7.85 7.53
1788039772 15:42:52 7821295616 9.70 7.96 7.57
1788039787 15:43:07 7998246912 9.77 8.06 7.61
1788039802 15:43:22 7767355392 9.81 8.15 7.65
1788039817 15:43:37 7831678976 10.62 8.41 7.74
1788039832 15:43:52 8098648064 11.15 8.64 7.83
1788039847 15:44:07 8099233792 11.09 8.75 7.88
1788039862 15:44:22 8099233792 10.40 8.71 7.88
1788039877 15:44:37 8099233792 9.88 8.68 7.88
1788039892 15:44:52 8099233792 9.53 8.66 7.89
1788039907 15:45:07 486260736 9.25 8.65 7.90
1788039922 15:45:22 1705721856 9.37 8.71 7.93
1788039937 15:45:37 2408841216 8.77 8.61 7.91
1788039952 15:45:52 4658302976 8.39 8.53 7.90
1788039967 15:46:07 5669429248 8.95 8.64 7.94
1788039982 15:46:22 6804623360 8.58 8.57 7.93
1788039997 15:46:37 7203291136 8.95 8.66 7.97
1788040012 15:46:52 7726088192 9.33 8.74 8.01
1788040027 15:47:07 7794655232 9.55 8.81 8.04
1788040042 15:47:22 7970881536 9.12 8.75 8.03
