Copyright 1986-2022 Xilinx, Inc. All Rights Reserved. Copyright 2022-2023 Advanced Micro Devices, Inc. All Rights Reserved.
---------------------------------------------------------------------------------------------------------------------------------------------
| Tool Version : Vivado v.2023.2 (lin64) Build 4029153 Fri Oct 13 20:13:54 MDT 2023
| Date         : Sat Aug 29 22:17:15 2026
| Host         : Oren-Dell-Ubuntu running 64-bit Ubuntu 22.04.5 LTS
| Command      : report_utilization -hierarchical -file /mnt/storage/nwrom/out/synthutil_hier_nw_lfura65.rpt
| Design       : ooc_nwrom_memura
| Device       : xcvu33p-fsvh2104-2L-e
| Speed File   : -2L
| Design State : Synthesized
---------------------------------------------------------------------------------------------------------------------------------------------

Utilization Design Information

Table of Contents
-----------------
1. Utilization by Hierarchy

1. Utilization by Hierarchy
---------------------------

+----------------------+------------+------------+------------+---------+------+--------+--------+--------+------+------------+
|       Instance       |   Module   | Total LUTs | Logic LUTs | LUTRAMs | SRLs |   FFs  | RAMB36 | RAMB18 | URAM | DSP Blocks |
+----------------------+------------+------------+------------+---------+------+--------+--------+--------+------+------------+
| ooc_nwrom_memura     |      (top) |      72164 |      72164 |       0 |    0 | 194821 |    113 |      2 |    0 |         41 |
|   (ooc_nwrom_memura) |      (top) |      30598 |      30598 |       0 |    0 | 127643 |    113 |      2 |    0 |          1 |
|   gvr.u_rms          | rmsnorm_rs |      41566 |      41566 |       0 |    0 |  67178 |      0 |      0 |    0 |         40 |
+----------------------+------------+------------+------------+---------+------+--------+--------+--------+------+------------+


