Copyright 1986-2022 Xilinx, Inc. All Rights Reserved. Copyright 2022-2023 Advanced Micro Devices, Inc. All Rights Reserved.
---------------------------------------------------------------------------------------------------------------------------------------------
| Tool Version : Vivado v.2023.2 (lin64) Build 4029153 Fri Oct 13 20:13:54 MDT 2023
| Date         : Sat Aug 29 08:43:51 2026
| Host         : Oren-Dell-Ubuntu running 64-bit Ubuntu 22.04.5 LTS
| Command      : report_utilization -cells [get_cells bd_i/eng] -file congest_eng_util.rpt
| Design       : bd_wrapper
| Device       : xcvu33p-fsvh2104-2L-e
| Speed File   : -2L
| Design State : Fully Placed
---------------------------------------------------------------------------------------------------------------------------------------------

Utilization Design Information

Table of Contents
-----------------
1. CLB Logic
1.1 Summary of Registers by Type
2. CLB Logic Distribution
3. BLOCKRAM
4. ARITHMETIC
5. I/O
6. CLOCK
7. ADVANCED
8. CONFIGURATION
9. Primitives
10. Black Boxes
11. Instantiated Netlists

1. CLB Logic
------------

+----------------------------+--------+-------+------------+-----------+-------+
|          Site Type         |  Used  | Fixed | Prohibited | Available | Util% |
+----------------------------+--------+-------+------------+-----------+-------+
| CLB LUTs                   | 132065 |     0 |          0 |    439680 | 30.04 |
|   LUT as Logic             | 127211 |     0 |          0 |    439680 | 28.93 |
|   LUT as Memory            |   4854 |     0 |          0 |    205440 |  2.36 |
|     LUT as Distributed RAM |   4440 |     0 |            |           |       |
|     LUT as Shift Register  |    414 |     0 |            |           |       |
| CLB Registers              |  63733 |     0 |          0 |    879360 |  7.25 |
|   Register as Flip Flop    |  63733 |     0 |          0 |    879360 |  7.25 |
|   Register as Latch        |      0 |     0 |          0 |    879360 |  0.00 |
| CARRY8                     |   6028 |     0 |          0 |     54960 | 10.97 |
| F7 Muxes                   |  24874 |     0 |          0 |    219840 | 11.31 |
| F8 Muxes                   |  12400 |     0 |          0 |    109920 | 11.28 |
| F9 Muxes                   |      0 |     0 |          0 |     54960 |  0.00 |
+----------------------------+--------+-------+------------+-----------+-------+
* Warning! LUT value is adjusted to account for LUT combining.


1.1 Summary of Registers by Type
--------------------------------

+-------+--------------+-------------+--------------+
| Total | Clock Enable | Synchronous | Asynchronous |
+-------+--------------+-------------+--------------+
| 0     |            _ |           - |            - |
| 0     |            _ |           - |          Set |
| 0     |            _ |           - |        Reset |
| 0     |            _ |         Set |            - |
| 0     |            _ |       Reset |            - |
| 0     |          Yes |           - |            - |
| 0     |          Yes |           - |          Set |
| 0     |          Yes |           - |        Reset |
| 0     |          Yes |         Set |            - |
| 63733 |          Yes |       Reset |            - |
+-------+--------------+-------------+--------------+


2. CLB Logic Distribution
-------------------------

+--------------------------------------------+--------+-------+------------+-----------+-------+
|                  Site Type                 |  Used  | Fixed | Prohibited | Available | Util% |
+--------------------------------------------+--------+-------+------------+-----------+-------+
| CLB                                        |  21374 |     0 |          0 |     54960 | 38.89 |
|   CLBL                                     |  11260 |     0 |            |           |       |
|   CLBM                                     |  10114 |     0 |            |           |       |
| LUT as Logic                               | 127211 |     0 |          0 |    439680 | 28.93 |
|   using O5 output only                     |    205 |       |            |           |       |
|   using O6 output only                     | 119367 |       |            |           |       |
|   using O5 and O6                          |   7639 |       |            |           |       |
| LUT as Memory                              |   4854 |     0 |          0 |    205440 |  2.36 |
|   LUT as Distributed RAM                   |   4440 |     0 |            |           |       |
|     using O5 output only                   |      0 |       |            |           |       |
|     using O6 output only                   |      0 |       |            |           |       |
|     using O5 and O6                        |   4440 |       |            |           |       |
|   LUT as Shift Register                    |    414 |     0 |            |           |       |
|     using O5 output only                   |      0 |       |            |           |       |
|     using O6 output only                   |     30 |       |            |           |       |
|     using O5 and O6                        |    384 |       |            |           |       |
| CLB Registers                              |  63733 |     0 |          0 |    879360 |  7.25 |
|   Register driven from within the CLB      |  50897 |       |            |           |       |
|   Register driven from outside the CLB     |  12836 |       |            |           |       |
|     LUT in front of the register is unused |   5099 |       |            |           |       |
|     LUT in front of the register is used   |   7737 |       |            |           |       |
| Unique Control Sets                        |    595 |       |          0 |    109920 |  0.54 |
+--------------------------------------------+--------+-------+------------+-----------+-------+
* * Note: Available Control Sets calculated as Slices * 2, Review the Control Sets Report for more information regarding control sets.


3. BLOCKRAM
-----------

+-------------------+-------+-------+------------+-----------+-------+
|     Site Type     |  Used | Fixed | Prohibited | Available | Util% |
+-------------------+-------+-------+------------+-----------+-------+
| Block RAM Tile    | 192.5 |     0 |          0 |       672 | 28.65 |
|   RAMB36/FIFO*    |   192 |     0 |          0 |       672 | 28.57 |
|     RAMB36E2 only |   192 |       |            |           |       |
|   RAMB18          |     1 |     0 |          0 |      1344 |  0.07 |
|     RAMB18E2 only |     1 |       |            |           |       |
| URAM              |     0 |     0 |          0 |       320 |  0.00 |
+-------------------+-------+-------+------------+-----------+-------+
* Note: Each Block RAM Tile only has one FIFO logic available and therefore can accommodate only one FIFO36E2 or one FIFO18E2. However, if a FIFO18E2 occupies a Block RAM Tile, that tile can still accommodate a RAMB18E2


4. ARITHMETIC
-------------

+----------------+------+-------+------------+-----------+-------+
|    Site Type   | Used | Fixed | Prohibited | Available | Util% |
+----------------+------+-------+------------+-----------+-------+
| DSPs           | 1585 |     0 |          0 |      2880 | 55.03 |
|   DSP48E2 only | 1585 |       |            |           |       |
+----------------+------+-------+------------+-----------+-------+


5. I/O
------

+------------------+------+-------+------------+-----------+-------+
|     Site Type    | Used | Fixed | Prohibited | Available | Util% |
+------------------+------+-------+------------+-----------+-------+
| Bonded IOB       |    0 |     0 |          0 |       208 |  0.00 |
| HPIOB_M          |    0 |     0 |          0 |        96 |  0.00 |
| HPIOB_S          |    0 |     0 |          0 |        96 |  0.00 |
| HPIOB_SNGL       |    0 |     0 |          0 |        16 |  0.00 |
| HPIOBDIFFINBUF   |    0 |     0 |          0 |        96 |  0.00 |
| HPIOBDIFFOUTBUF  |    0 |     0 |          0 |        96 |  0.00 |
| BITSLICE_CONTROL |    0 |     0 |          0 |        32 |  0.00 |
| BITSLICE_RX_TX   |    0 |     0 |          0 |      1248 |  0.00 |
| BITSLICE_TX      |    0 |     0 |          0 |        32 |  0.00 |
| RIU_OR           |    0 |     0 |          0 |        16 |  0.00 |
+------------------+------+-------+------------+-----------+-------+


6. CLOCK
--------

+----------------------+------+-------+------------+-----------+-------+
|       Site Type      | Used | Fixed | Prohibited | Available | Util% |
+----------------------+------+-------+------------+-----------+-------+
| GLOBAL CLOCK BUFFERs |    8 |     0 |          0 |       336 |  2.38 |
|   BUFGCE             |    8 |     0 |          0 |        96 |  8.33 |
|   BUFGCE_DIV         |    0 |     0 |          0 |        16 |  0.00 |
|   BUFG_GT            |    0 |     0 |          0 |       192 |  0.00 |
|   BUFGCTRL*          |    0 |     0 |          0 |        32 |  0.00 |
| PLL                  |    0 |     0 |          0 |         8 |  0.00 |
| MMCM                 |    0 |     0 |          0 |         4 |  0.00 |
+----------------------+------+-------+------------+-----------+-------+
* Note: Each used BUFGCTRL counts as two GLOBAL CLOCK BUFFERs. This table does not include global clocking resources, only buffer cell usage. See the Clock Utilization Report (report_clock_utilization) for detailed accounting of global clocking resource availability.


7. ADVANCED
-----------

+----------------------+------+-------+------------+-----------+-------+
|       Site Type      | Used | Fixed | Prohibited | Available | Util% |
+----------------------+------+-------+------------+-----------+-------+
| CMACE4               |    0 |     0 |          0 |         2 |  0.00 |
| GTYE4_CHANNEL        |    0 |     0 |          0 |        32 |  0.00 |
| GTYE4_COMMON         |    0 |     0 |          0 |         8 |  0.00 |
| HBM_REF_CLK          |    0 |     0 |          0 |         2 |  0.00 |
| HBM_SNGLBLI_INTF_APB |    0 |     0 |          0 |        32 |  0.00 |
| HBM_SNGLBLI_INTF_AXI |    0 |     0 |          0 |        32 |  0.00 |
| OBUFDS_GTE4          |    0 |     0 |          0 |        16 |  0.00 |
| OBUFDS_GTE4_ADV      |    0 |     0 |          0 |        16 |  0.00 |
| PCIE4CE4             |    0 |     0 |          0 |         4 |  0.00 |
| SYSMONE4             |    0 |     0 |          0 |         1 |  0.00 |
+----------------------+------+-------+------------+-----------+-------+


8. CONFIGURATION
----------------

+-------------+------+-------+------------+-----------+-------+
|  Site Type  | Used | Fixed | Prohibited | Available | Util% |
+-------------+------+-------+------------+-----------+-------+
| BSCANE2     |    0 |     0 |          0 |         4 |  0.00 |
| DNA_PORTE2  |    0 |     0 |          0 |         1 |  0.00 |
| EFUSE_USR   |    0 |     0 |          0 |         1 |  0.00 |
| FRAME_ECCE4 |    0 |     0 |          0 |         1 |  0.00 |
| ICAPE3      |    0 |     0 |          0 |         2 |  0.00 |
| MASTER_JTAG |    0 |     0 |          0 |         1 |  0.00 |
| STARTUPE3   |    0 |     0 |          0 |         1 |  0.00 |
+-------------+------+-------+------------+-----------+-------+


9. Primitives
-------------

+----------+-------+---------------------+
| Ref Name |  Used | Functional Category |
+----------+-------+---------------------+
| LUT6     | 72034 |                 CLB |
| FDRE     | 63733 |            Register |
| LUT2     | 30401 |                 CLB |
| MUXF7    | 24874 |                 CLB |
| LUT3     | 13470 |                 CLB |
| LUT5     | 12595 |                 CLB |
| MUXF8    | 12400 |                 CLB |
| RAMD32   |  7742 |                 CLB |
| CARRY8   |  6028 |                 CLB |
| LUT4     |  4243 |                 CLB |
| LUT1     |  2107 |                 CLB |
| DSP48E2  |  1585 |          Arithmetic |
| RAMS32   |  1138 |                 CLB |
| SRL16E   |   798 |                 CLB |
| RAMB36E2 |   192 |            BLOCKRAM |
| BUFGCE   |     8 |               Clock |
| RAMB18E2 |     1 |            BLOCKRAM |
+----------+-------+---------------------+


10. Black Boxes
---------------

+----------+------+
| Ref Name | Used |
+----------+------+


11. Instantiated Netlists
-------------------------

+------------------------------+------+
|           Ref Name           | Used |
+------------------------------+------+
| dbg_hub                      |    1 |
| bd_xdma_0                    |    1 |
| bd_util_ds_buf_1_0           |    1 |
| bd_util_ds_buf_0_0           |    1 |
| bd_system_management_wiz_0_0 |    1 |
| bd_pcie2hbm_0                |    1 |
| bd_pcie2axil_0               |    1 |
| bd_led_inv_0                 |    1 |
| bd_jtag_hbm_0                |    1 |
| bd_jtag_axil_0               |    1 |
| bd_jtag_aux_0                |    1 |
| bd_hbm_reset_0               |    1 |
| bd_hbm_0                     |    1 |
| bd_fk33_thermp_0             |    1 |
| bd_fk33_thermc_0             |    1 |
| bd_fk33_therm_1              |    1 |
| bd_fk33_therm_0_0            |    1 |
| bd_fk33_scratch_ram_0        |    1 |
| bd_fk33_scratch_0            |    1 |
| bd_fk33_id_0                 |    1 |
| bd_fk33_dmabram_ram_0        |    1 |
| bd_fk33_dmabram_0            |    1 |
| bd_fk33_aux_0_0              |    1 |
| bd_eng_0                     |    1 |
| bd_core_reset_0              |    1 |
| bd_clk_wiz_0_0               |    1 |
| bd_axil2eng_0                |    1 |
| bd_axi_gpio_0_0              |    1 |
| bd_auxconnect_0              |    1 |
| bd_aux_time_0                |    1 |
| bd_aux_therm_0               |    1 |
| bd_aux_stat_0                |    1 |
| bd_aux_peak_0                |    1 |
| bd_aux_id_0                  |    1 |
| bd_aux_ctl_0                 |    1 |
| bd_aux_clkst_0               |    1 |
+------------------------------+------+


