|                              Instance                             |                                 Module                                 | Total LUTs | Logic LUTs | LUTRAMs | SRLs |   FFs  | RAMB36 | RAMB18 | URAM | DSP Blocks |
| bd_wrapper                                                        |                                                                  (top) |     173694 |     162319 |   10572 |  803 | 125015 |    259 |      5 |    0 |       1585 |
|   bd_i                                                            |                                                                     bd |     173232 |     161877 |   10552 |  803 | 124250 |    259 |      5 |    0 |       1585 |
|       inst                                                        |                                                bd_auxconnect_0_bd_3d40 |        827 |        826 |       0 |    1 |    837 |      0 |      0 |    0 |          0 |
|             inst                                                  |                         bd_auxconnect_0_sc_exit_v1_0_14_top__xdcDup__1 |          8 |          8 |       0 |    0 |      9 |      0 |      0 |    0 |          0 |
|             inst                                                  |                         bd_auxconnect_0_sc_node_v1_0_15_top__xdcDup__1 |          3 |          3 |       0 |    0 |      5 |      0 |      0 |    0 |          0 |
|             inst                                                  |         bd_auxconnect_0_sc_node_v1_0_15_top__parameterized0__xdcDup__1 |          4 |          4 |       0 |    0 |      5 |      0 |      0 |    0 |          0 |
|             inst                                                  |         bd_auxconnect_0_sc_node_v1_0_15_top__parameterized1__xdcDup__1 |          5 |          5 |       0 |    0 |      6 |      0 |      0 |    0 |          0 |
|             inst                                                  |         bd_auxconnect_0_sc_node_v1_0_15_top__parameterized2__xdcDup__1 |          6 |          6 |       0 |    0 |      6 |      0 |      0 |    0 |          0 |
|             inst                                                  |         bd_auxconnect_0_sc_node_v1_0_15_top__parameterized3__xdcDup__1 |          4 |          4 |       0 |    0 |      5 |      0 |      0 |    0 |          0 |
|           inst                                                    |                                   bd_auxconnect_0_sc_sc2axi_v1_0_9_top |          0 |          0 |       0 |    0 |      0 |      0 |      0 |    0 |          0 |
|             inst                                                  |                         bd_auxconnect_0_sc_exit_v1_0_14_top__xdcDup__2 |          8 |          8 |       0 |    0 |      9 |      0 |      0 |    0 |          0 |
|             inst                                                  |                         bd_auxconnect_0_sc_node_v1_0_15_top__xdcDup__2 |          4 |          4 |       0 |    0 |      5 |      0 |      0 |    0 |          0 |
|             inst                                                  |         bd_auxconnect_0_sc_node_v1_0_15_top__parameterized0__xdcDup__2 |          4 |          4 |       0 |    0 |      5 |      0 |      0 |    0 |          0 |
|             inst                                                  |         bd_auxconnect_0_sc_node_v1_0_15_top__parameterized1__xdcDup__2 |          5 |          5 |       0 |    0 |      6 |      0 |      0 |    0 |          0 |
|             inst                                                  |         bd_auxconnect_0_sc_node_v1_0_15_top__parameterized2__xdcDup__2 |          5 |          5 |       0 |    0 |      6 |      0 |      0 |    0 |          0 |
|             inst                                                  |         bd_auxconnect_0_sc_node_v1_0_15_top__parameterized3__xdcDup__2 |          4 |          4 |       0 |    0 |      5 |      0 |      0 |    0 |          0 |
|           inst                                                    |                                bd_auxconnect_0_sc_sc2axi_v1_0_9_top__6 |          0 |          0 |       0 |    0 |      0 |      0 |      0 |    0 |          0 |
|             inst                                                  |                         bd_auxconnect_0_sc_exit_v1_0_14_top__xdcDup__3 |          8 |          8 |       0 |    0 |      9 |      0 |      0 |    0 |          0 |
|             inst                                                  |                         bd_auxconnect_0_sc_node_v1_0_15_top__xdcDup__3 |          4 |          4 |       0 |    0 |      5 |      0 |      0 |    0 |          0 |
|             inst                                                  |         bd_auxconnect_0_sc_node_v1_0_15_top__parameterized0__xdcDup__3 |          4 |          4 |       0 |    0 |      5 |      0 |      0 |    0 |          0 |
|             inst                                                  |         bd_auxconnect_0_sc_node_v1_0_15_top__parameterized1__xdcDup__3 |          5 |          5 |       0 |    0 |      6 |      0 |      0 |    0 |          0 |
|             inst                                                  |         bd_auxconnect_0_sc_node_v1_0_15_top__parameterized2__xdcDup__3 |          6 |          6 |       0 |    0 |      6 |      0 |      0 |    0 |          0 |
|             inst                                                  |         bd_auxconnect_0_sc_node_v1_0_15_top__parameterized3__xdcDup__3 |          4 |          4 |       0 |    0 |      5 |      0 |      0 |    0 |          0 |
|           inst                                                    |                                bd_auxconnect_0_sc_sc2axi_v1_0_9_top__5 |          0 |          0 |       0 |    0 |      0 |      0 |      0 |    0 |          0 |
|             inst                                                  |                         bd_auxconnect_0_sc_exit_v1_0_14_top__xdcDup__4 |          8 |          8 |       0 |    0 |      9 |      0 |      0 |    0 |          0 |
|             inst                                                  |                         bd_auxconnect_0_sc_node_v1_0_15_top__xdcDup__4 |          4 |          4 |       0 |    0 |      5 |      0 |      0 |    0 |          0 |
|             inst                                                  |         bd_auxconnect_0_sc_node_v1_0_15_top__parameterized0__xdcDup__4 |          4 |          4 |       0 |    0 |      5 |      0 |      0 |    0 |          0 |
|             inst                                                  |         bd_auxconnect_0_sc_node_v1_0_15_top__parameterized1__xdcDup__4 |          5 |          5 |       0 |    0 |      6 |      0 |      0 |    0 |          0 |
|             inst                                                  |         bd_auxconnect_0_sc_node_v1_0_15_top__parameterized2__xdcDup__4 |          4 |          4 |       0 |    0 |      6 |      0 |      0 |    0 |          0 |
|             inst                                                  |         bd_auxconnect_0_sc_node_v1_0_15_top__parameterized3__xdcDup__4 |          4 |          4 |       0 |    0 |      5 |      0 |      0 |    0 |          0 |
|           inst                                                    |                                bd_auxconnect_0_sc_sc2axi_v1_0_9_top__4 |          0 |          0 |       0 |    0 |      0 |      0 |      0 |    0 |          0 |
|             inst                                                  |                         bd_auxconnect_0_sc_exit_v1_0_14_top__xdcDup__5 |          8 |          8 |       0 |    0 |      9 |      0 |      0 |    0 |          0 |
|             inst                                                  |                         bd_auxconnect_0_sc_node_v1_0_15_top__xdcDup__5 |          3 |          3 |       0 |    0 |      5 |      0 |      0 |    0 |          0 |
|             inst                                                  |         bd_auxconnect_0_sc_node_v1_0_15_top__parameterized0__xdcDup__5 |          4 |          4 |       0 |    0 |      5 |      0 |      0 |    0 |          0 |
|             inst                                                  |         bd_auxconnect_0_sc_node_v1_0_15_top__parameterized1__xdcDup__5 |          5 |          5 |       0 |    0 |      6 |      0 |      0 |    0 |          0 |
|             inst                                                  |         bd_auxconnect_0_sc_node_v1_0_15_top__parameterized2__xdcDup__5 |          6 |          6 |       0 |    0 |      6 |      0 |      0 |    0 |          0 |
|             inst                                                  |         bd_auxconnect_0_sc_node_v1_0_15_top__parameterized3__xdcDup__5 |          4 |          4 |       0 |    0 |      5 |      0 |      0 |    0 |          0 |
|           inst                                                    |                                bd_auxconnect_0_sc_sc2axi_v1_0_9_top__3 |          0 |          0 |       0 |    0 |      0 |      0 |      0 |    0 |          0 |
|             inst                                                  |                         bd_auxconnect_0_sc_exit_v1_0_14_top__xdcDup__6 |          8 |          8 |       0 |    0 |      9 |      0 |      0 |    0 |          0 |
|             inst                                                  |                         bd_auxconnect_0_sc_node_v1_0_15_top__xdcDup__6 |          4 |          4 |       0 |    0 |      5 |      0 |      0 |    0 |          0 |
|             inst                                                  |         bd_auxconnect_0_sc_node_v1_0_15_top__parameterized0__xdcDup__6 |          4 |          4 |       0 |    0 |      5 |      0 |      0 |    0 |          0 |
|             inst                                                  |         bd_auxconnect_0_sc_node_v1_0_15_top__parameterized1__xdcDup__6 |          4 |          4 |       0 |    0 |      6 |      0 |      0 |    0 |          0 |
|             inst                                                  |         bd_auxconnect_0_sc_node_v1_0_15_top__parameterized2__xdcDup__6 |          6 |          6 |       0 |    0 |      6 |      0 |      0 |    0 |          0 |
|             inst                                                  |         bd_auxconnect_0_sc_node_v1_0_15_top__parameterized3__xdcDup__6 |          4 |          4 |       0 |    0 |      5 |      0 |      0 |    0 |          0 |
|           inst                                                    |                                bd_auxconnect_0_sc_sc2axi_v1_0_9_top__2 |          0 |          0 |       0 |    0 |      0 |      0 |      0 |    0 |          0 |
|             inst                                                  |                                    bd_auxconnect_0_sc_exit_v1_0_14_top |          8 |          8 |       0 |    0 |      9 |      0 |      0 |    0 |          0 |
|             inst                                                  |                                    bd_auxconnect_0_sc_node_v1_0_15_top |          4 |          4 |       0 |    0 |      5 |      0 |      0 |    0 |          0 |
|             inst                                                  |                    bd_auxconnect_0_sc_node_v1_0_15_top__parameterized0 |          4 |          4 |       0 |    0 |      5 |      0 |      0 |    0 |          0 |
|             inst                                                  |                    bd_auxconnect_0_sc_node_v1_0_15_top__parameterized1 |          5 |          5 |       0 |    0 |      6 |      0 |      0 |    0 |          0 |
|             inst                                                  |                    bd_auxconnect_0_sc_node_v1_0_15_top__parameterized2 |          6 |          6 |       0 |    0 |      6 |      0 |      0 |    0 |          0 |
|             inst                                                  |                    bd_auxconnect_0_sc_node_v1_0_15_top__parameterized3 |          4 |          4 |       0 |    0 |      5 |      0 |      0 |    0 |          0 |
|           inst                                                    |                                bd_auxconnect_0_sc_sc2axi_v1_0_9_top__1 |          0 |          0 |       0 |    0 |      0 |      0 |      0 |    0 |          0 |
|           inst                                                    |                                   bd_auxconnect_0_sc_axi2sc_v1_0_9_top |          0 |          0 |       0 |    0 |      0 |      0 |      0 |    0 |          0 |
|             inst                                                  |                                     bd_auxconnect_0_sc_mmu_v1_0_12_top |        176 |        176 |       0 |    0 |    145 |      0 |      0 |    0 |          0 |
|             inst                                                  |                            bd_auxconnect_0_sc_si_converter_v1_0_12_top |        155 |        155 |       0 |    0 |    170 |      0 |      0 |    0 |          0 |
|             inst                                                  |                   bd_auxconnect_0_sc_transaction_regulator_v1_0_10_top |          7 |          7 |       0 |    0 |      8 |      0 |      0 |    0 |          0 |
|             inst                                                  |                    bd_auxconnect_0_sc_node_v1_0_15_top__parameterized4 |          4 |          4 |       0 |    0 |      5 |      0 |      0 |    0 |          0 |
|             inst                                                  |                    bd_auxconnect_0_sc_node_v1_0_15_top__parameterized5 |          4 |          4 |       0 |    0 |      5 |      0 |      0 |    0 |          0 |
|             inst                                                  |                    bd_auxconnect_0_sc_node_v1_0_15_top__parameterized6 |          4 |          4 |       0 |    0 |      5 |      0 |      0 |    0 |          0 |
