Copyright 1986-2022 Xilinx, Inc. All Rights Reserved. Copyright 2022-2023 Advanced Micro Devices, Inc. All Rights Reserved.
---------------------------------------------------------------------------------------------------------------------------------------------
| Tool Version : Vivado v.2023.2 (lin64) Build 4029153 Fri Oct 13 20:13:54 MDT 2023
| Date         : Sat Aug 29 09:25:19 2026
| Host         : Oren-Dell-Ubuntu running 64-bit Ubuntu 22.04.5 LTS
| Command      : report_utilization -cells [get_cells bd_i/eng/inst/eng/dut/streamer] -file congest_streamer_util.rpt
| Design       : bd_wrapper
| Device       : xcvu33p-fsvh2104-2L-e
| Speed File   : -2L
| Design State : Fully Placed
---------------------------------------------------------------------------------------------------------------------------------------------

Utilization Design Information

Table of Contents
-----------------
1. CLB Logic
1.1 Summary of Registers by Type
2. CLB Logic Distribution
3. BLOCKRAM
4. ARITHMETIC
5. I/O
6. CLOCK
7. ADVANCED
8. CONFIGURATION
9. Primitives
10. Black Boxes
11. Instantiated Netlists

1. CLB Logic
------------

+----------------------------+-------+-------+------------+-----------+-------+
|          Site Type         |  Used | Fixed | Prohibited | Available | Util% |
+----------------------------+-------+-------+------------+-----------+-------+
| CLB LUTs                   | 11754 |     0 |          0 |    439680 |  2.67 |
|   LUT as Logic             |  7758 |     0 |          0 |    439680 |  1.76 |
|   LUT as Memory            |  3996 |     0 |          0 |    205440 |  1.95 |
|     LUT as Distributed RAM |  3996 |     0 |            |           |       |
|     LUT as Shift Register  |     0 |     0 |            |           |       |
| CLB Registers              |  7918 |     0 |          0 |    879360 |  0.90 |
|   Register as Flip Flop    |  7918 |     0 |          0 |    879360 |  0.90 |
|   Register as Latch        |     0 |     0 |          0 |    879360 |  0.00 |
| CARRY8                     |   513 |     0 |          0 |     54960 |  0.93 |
| F7 Muxes                   |     0 |     0 |          0 |    219840 |  0.00 |
| F8 Muxes                   |     0 |     0 |          0 |    109920 |  0.00 |
| F9 Muxes                   |     0 |     0 |          0 |     54960 |  0.00 |
+----------------------------+-------+-------+------------+-----------+-------+
* Warning! LUT value is adjusted to account for LUT combining.


1.1 Summary of Registers by Type
--------------------------------

+-------+--------------+-------------+--------------+
| Total | Clock Enable | Synchronous | Asynchronous |
+-------+--------------+-------------+--------------+
| 0     |            _ |           - |            - |
| 0     |            _ |           - |          Set |
| 0     |            _ |           - |        Reset |
| 0     |            _ |         Set |            - |
| 0     |            _ |       Reset |            - |
| 0     |          Yes |           - |            - |
| 0     |          Yes |           - |          Set |
| 0     |          Yes |           - |        Reset |
| 0     |          Yes |         Set |            - |
| 7918  |          Yes |       Reset |            - |
+-------+--------------+-------------+--------------+


2. CLB Logic Distribution
-------------------------

+--------------------------------------------+------+-------+------------+-----------+-------+
|                  Site Type                 | Used | Fixed | Prohibited | Available | Util% |
+--------------------------------------------+------+-------+------------+-----------+-------+
| CLB                                        | 2734 |     0 |          0 |     54960 |  4.97 |
|   CLBL                                     | 1257 |     0 |            |           |       |
|   CLBM                                     | 1477 |     0 |            |           |       |
| LUT as Logic                               | 7758 |     0 |          0 |    439680 |  1.76 |
|   using O5 output only                     |  115 |       |            |           |       |
|   using O6 output only                     | 5509 |       |            |           |       |
|   using O5 and O6                          | 2134 |       |            |           |       |
| LUT as Memory                              | 3996 |     0 |          0 |    205440 |  1.95 |
|   LUT as Distributed RAM                   | 3996 |     0 |            |           |       |
|     using O5 output only                   |    0 |       |            |           |       |
|     using O6 output only                   |    0 |       |            |           |       |
|     using O5 and O6                        | 3996 |       |            |           |       |
|   LUT as Shift Register                    |    0 |     0 |            |           |       |
| CLB Registers                              | 7918 |     0 |          0 |    879360 |  0.90 |
|   Register driven from within the CLB      | 4776 |       |            |           |       |
|   Register driven from outside the CLB     | 3142 |       |            |           |       |
|     LUT in front of the register is unused | 2552 |       |            |           |       |
|     LUT in front of the register is used   |  590 |       |            |           |       |
| Unique Control Sets                        |  298 |       |          0 |    109920 |  0.27 |
+--------------------------------------------+------+-------+------------+-----------+-------+
* * Note: Available Control Sets calculated as Slices * 2, Review the Control Sets Report for more information regarding control sets.


3. BLOCKRAM
-----------

+-------------------+------+-------+------------+-----------+-------+
|     Site Type     | Used | Fixed | Prohibited | Available | Util% |
+-------------------+------+-------+------------+-----------+-------+
| Block RAM Tile    |  108 |     0 |          0 |       672 | 16.07 |
|   RAMB36/FIFO*    |  108 |     0 |          0 |       672 | 16.07 |
|     RAMB36E2 only |  108 |       |            |           |       |
|   RAMB18          |    0 |     0 |          0 |      1344 |  0.00 |
| URAM              |    0 |     0 |          0 |       320 |  0.00 |
+-------------------+------+-------+------------+-----------+-------+
* Note: Each Block RAM Tile only has one FIFO logic available and therefore can accommodate only one FIFO36E2 or one FIFO18E2. However, if a FIFO18E2 occupies a Block RAM Tile, that tile can still accommodate a RAMB18E2


4. ARITHMETIC
-------------

+-----------+------+-------+------------+-----------+-------+
| Site Type | Used | Fixed | Prohibited | Available | Util% |
+-----------+------+-------+------------+-----------+-------+
| DSPs      |    0 |     0 |          0 |      2880 |  0.00 |
+-----------+------+-------+------------+-----------+-------+


5. I/O
------

+------------------+------+-------+------------+-----------+-------+
|     Site Type    | Used | Fixed | Prohibited | Available | Util% |
+------------------+------+-------+------------+-----------+-------+
| Bonded IOB       |    0 |     0 |          0 |       208 |  0.00 |
| HPIOB_M          |    0 |     0 |          0 |        96 |  0.00 |
| HPIOB_S          |    0 |     0 |          0 |        96 |  0.00 |
| HPIOB_SNGL       |    0 |     0 |          0 |        16 |  0.00 |
| HPIOBDIFFINBUF   |    0 |     0 |          0 |        96 |  0.00 |
| HPIOBDIFFOUTBUF  |    0 |     0 |          0 |        96 |  0.00 |
| BITSLICE_CONTROL |    0 |     0 |          0 |        32 |  0.00 |
| BITSLICE_RX_TX   |    0 |     0 |          0 |      1248 |  0.00 |
| BITSLICE_TX      |    0 |     0 |          0 |        32 |  0.00 |
| RIU_OR           |    0 |     0 |          0 |        16 |  0.00 |
+------------------+------+-------+------------+-----------+-------+


6. CLOCK
--------

+----------------------+------+-------+------------+-----------+-------+
|       Site Type      | Used | Fixed | Prohibited | Available | Util% |
+----------------------+------+-------+------------+-----------+-------+
| GLOBAL CLOCK BUFFERs |    0 |     0 |          0 |       336 |  0.00 |
|   BUFGCE             |    0 |     0 |          0 |        96 |  0.00 |
|   BUFGCE_DIV         |    0 |     0 |          0 |        16 |  0.00 |
|   BUFG_GT            |    0 |     0 |          0 |       192 |  0.00 |
|   BUFGCTRL*          |    0 |     0 |          0 |        32 |  0.00 |
| PLL                  |    0 |     0 |          0 |         8 |  0.00 |
| MMCM                 |    0 |     0 |          0 |         4 |  0.00 |
+----------------------+------+-------+------------+-----------+-------+
* Note: Each used BUFGCTRL counts as two GLOBAL CLOCK BUFFERs. This table does not include global clocking resources, only buffer cell usage. See the Clock Utilization Report (report_clock_utilization) for detailed accounting of global clocking resource availability.


7. ADVANCED
-----------

+----------------------+------+-------+------------+-----------+-------+
|       Site Type      | Used | Fixed | Prohibited | Available | Util% |
+----------------------+------+-------+------------+-----------+-------+
| CMACE4               |    0 |     0 |          0 |         2 |  0.00 |
| GTYE4_CHANNEL        |    0 |     0 |          0 |        32 |  0.00 |
| GTYE4_COMMON         |    0 |     0 |          0 |         8 |  0.00 |
| HBM_REF_CLK          |    0 |     0 |          0 |         2 |  0.00 |
| HBM_SNGLBLI_INTF_APB |    0 |     0 |          0 |        32 |  0.00 |
| HBM_SNGLBLI_INTF_AXI |    0 |     0 |          0 |        32 |  0.00 |
| OBUFDS_GTE4          |    0 |     0 |          0 |        16 |  0.00 |
| OBUFDS_GTE4_ADV      |    0 |     0 |          0 |        16 |  0.00 |
| PCIE4CE4             |    0 |     0 |          0 |         4 |  0.00 |
| SYSMONE4             |    0 |     0 |          0 |         1 |  0.00 |
+----------------------+------+-------+------------+-----------+-------+


8. CONFIGURATION
----------------

+-------------+------+-------+------------+-----------+-------+
|  Site Type  | Used | Fixed | Prohibited | Available | Util% |
+-------------+------+-------+------------+-----------+-------+
| BSCANE2     |    0 |     0 |          0 |         4 |  0.00 |
| DNA_PORTE2  |    0 |     0 |          0 |         1 |  0.00 |
| EFUSE_USR   |    0 |     0 |          0 |         1 |  0.00 |
| FRAME_ECCE4 |    0 |     0 |          0 |         1 |  0.00 |
| ICAPE3      |    0 |     0 |          0 |         2 |  0.00 |
| MASTER_JTAG |    0 |     0 |          0 |         1 |  0.00 |
| STARTUPE3   |    0 |     0 |          0 |         1 |  0.00 |
+-------------+------+-------+------------+-----------+-------+


9. Primitives
-------------

+----------+------+---------------------+
| Ref Name | Used | Functional Category |
+----------+------+---------------------+
| FDRE     | 7918 |            Register |
| RAMD32   | 6966 |                 CLB |
| LUT2     | 3198 |                 CLB |
| LUT6     | 2279 |                 CLB |
| LUT4     | 1504 |                 CLB |
| RAMS32   | 1026 |                 CLB |
| LUT5     | 1015 |                 CLB |
| LUT1     | 1013 |                 CLB |
| LUT3     |  883 |                 CLB |
| CARRY8   |  513 |                 CLB |
| RAMB36E2 |  108 |            BLOCKRAM |
+----------+------+---------------------+


10. Black Boxes
---------------

+----------+------+
| Ref Name | Used |
+----------+------+


11. Instantiated Netlists
-------------------------

+------------------------------+------+
|           Ref Name           | Used |
+------------------------------+------+
| dbg_hub                      |    1 |
| bd_xdma_0                    |    1 |
| bd_util_ds_buf_1_0           |    1 |
| bd_util_ds_buf_0_0           |    1 |
| bd_system_management_wiz_0_0 |    1 |
| bd_pcie2hbm_0                |    1 |
| bd_pcie2axil_0               |    1 |
| bd_led_inv_0                 |    1 |
| bd_jtag_hbm_0                |    1 |
| bd_jtag_axil_0               |    1 |
| bd_jtag_aux_0                |    1 |
| bd_hbm_reset_0               |    1 |
| bd_hbm_0                     |    1 |
| bd_fk33_thermp_0             |    1 |
| bd_fk33_thermc_0             |    1 |
| bd_fk33_therm_1              |    1 |
| bd_fk33_therm_0_0            |    1 |
| bd_fk33_scratch_ram_0        |    1 |
| bd_fk33_scratch_0            |    1 |
| bd_fk33_id_0                 |    1 |
| bd_fk33_dmabram_ram_0        |    1 |
| bd_fk33_dmabram_0            |    1 |
| bd_fk33_aux_0_0              |    1 |
| bd_eng_0                     |    1 |
| bd_core_reset_0              |    1 |
| bd_clk_wiz_0_0               |    1 |
| bd_axil2eng_0                |    1 |
| bd_axi_gpio_0_0              |    1 |
| bd_auxconnect_0              |    1 |
| bd_aux_time_0                |    1 |
| bd_aux_therm_0               |    1 |
| bd_aux_stat_0                |    1 |
| bd_aux_peak_0                |    1 |
| bd_aux_id_0                  |    1 |
| bd_aux_ctl_0                 |    1 |
| bd_aux_clkst_0               |    1 |
+------------------------------+------+


