5. Clock Regions : Load Primitives
6. Clock Regions : Global Clock Summary
7. Clock Regions : Routing Resource Utilization
5. Clock Regions : Load Primitives
----------------------------------

+-------------------+------------------+------------------+------------------+------------------+------------------+------------------+------------------+------------------+
|                   |   Global Clock   |        FF        |      LUTRAM      |  Block RAM (18K) |       URAM       |        DSP       |        GT        |      HARD IP     |
+-------------------+--------+---------+--------+---------+--------+---------+--------+---------+--------+---------+--------+---------+--------+---------+--------+---------+
| Clock Region Name | Used   | Avail   | Used   | Avail   | Used   | Avail   | Used   | Avail   | Used   | Avail   | Used   | Avail   | Used   | Avail   | Used   | Avail   |
+-------------------+--------+---------+--------+---------+--------+---------+--------+---------+--------+---------+--------+---------+--------+---------+--------+---------+
| X0Y0              |     11 |      24 |   9526 |   29760 |     21 |    6720 |     20 |      48 |      0 |       0 |     45 |      72 |      0 |       4 |      0 |       1 |
| X1Y0              |     12 |      24 |   7033 |   24960 |    121 |    6720 |     44 |      48 |      0 |      16 |     71 |      72 |      0 |       0 |      0 |       0 |
| X2Y0              |     12 |      24 |  10540 |   36480 |    633 |    7680 |     72 |      72 |      0 |       0 |     89 |      90 |      0 |       0 |      0 |       0 |
| X3Y0              |     12 |      24 |   5669 |   21120 |    267 |    5760 |     22 |      24 |      0 |      16 |     52 |      54 |      0 |       0 |      0 |       0 |
| X4Y0              |     13 |      24 |   6661 |   27840 |    161 |    6240 |     48 |      48 |      0 |      16 |     71 |      72 |      0 |       0 |      0 |       2 |
| X5Y0              |     13 |      24 |   6292 |   28800 |    116 |    6720 |     24 |      24 |      0 |      16 |     90 |      90 |      0 |       0 |      0 |       0 |
| X6Y0              |     15 |      24 |   8367 |   28800 |     40 |    6720 |     24 |      24 |      0 |      16 |     89 |      90 |      0 |       0 |      0 |       0 |
| X7Y0              |     16 |      24 |   8656 |   25920 |    118 |    6720 |     41 |      48 |      0 |       0 |     22 |      36 |      0 |       4 |      1 |       1 |
| X0Y1              |     12 |      24 |   5206 |   29760 |      3 |    6720 |     16 |      48 |      0 |       0 |     69 |      96 |      0 |       4 |      0 |       1 |
| X1Y1              |     12 |      24 |   4790 |   24960 |      4 |    6720 |     18 |      48 |      0 |      16 |     96 |      96 |      0 |       0 |      0 |       0 |
| X2Y1              |     12 |      24 |   6317 |   36480 |    156 |    7680 |     48 |      72 |      0 |       0 |    120 |     120 |      0 |       0 |      0 |       0 |
| X3Y1              |     12 |      24 |   4270 |   21120 |     96 |    5760 |     14 |      24 |      0 |      16 |     72 |      72 |      0 |       0 |      0 |       0 |
| X4Y1              |     12 |      24 |   5602 |   27840 |     69 |    6240 |     47 |      48 |      0 |      16 |     96 |      96 |      0 |       0 |      0 |       0 |
| X5Y1              |     12 |      24 |   5835 |   28800 |     97 |    6720 |     24 |      24 |      0 |      16 |    120 |     120 |      0 |       0 |      0 |       0 |
| X6Y1              |     14 |      24 |   6788 |   28800 |     68 |    6720 |     14 |      24 |      0 |      16 |    113 |     120 |      0 |       0 |      0 |       0 |
| X7Y1              |     12 |      24 |   8920 |   25920 |    247 |    6720 |     38 |      48 |      0 |       0 |     10 |      48 |      0 |       4 |      0 |       0 |
| X0Y2              |      0 |      24 |      0 |   29760 |      0 |    6720 |      0 |      48 |      0 |       0 |      0 |      96 |      0 |       4 |      0 |       1 |
| X1Y2              |      2 |      24 |     16 |   24960 |      0 |    6720 |      0 |      48 |      0 |      16 |     15 |      96 |      0 |       0 |      0 |       0 |
| X2Y2              |      3 |      24 |     88 |   36480 |      0 |    7680 |      0 |      72 |      0 |       0 |     56 |     120 |      0 |       0 |      0 |       0 |
| X3Y2              |      3 |      24 |    392 |   21120 |      0 |    5760 |      0 |      24 |      0 |      16 |     51 |      72 |      0 |       0 |      0 |       0 |
| X4Y2              |      5 |      24 |    139 |   27840 |      0 |    6240 |      6 |      48 |      0 |      16 |     95 |      96 |      0 |       0 |      0 |       0 |
| X5Y2              |      5 |      24 |    272 |   28800 |      0 |    6720 |      0 |      24 |      0 |      16 |    100 |     120 |      0 |       0 |      0 |       0 |
| X6Y2              |      9 |      24 |   2030 |   28800 |      5 |    6720 |      0 |      24 |      0 |      16 |     34 |     120 |      0 |       0 |      0 |       0 |
| X7Y2              |      9 |      24 |   6026 |   25920 |    238 |    6720 |      3 |      48 |      0 |       0 |      0 |      48 |      0 |       4 |      0 |       0 |
| X0Y3              |      0 |      24 |      0 |   27840 |      0 |    5760 |      0 |      48 |      0 |       0 |      0 |      96 |      0 |       4 |      0 |       1 |
| X1Y3              |      0 |      24 |      0 |   23040 |      0 |    5760 |      0 |      48 |      0 |      16 |      0 |      96 |      0 |       0 |      0 |       0 |
| X2Y3              |      0 |      24 |      0 |   34560 |      0 |    6720 |      0 |      72 |      0 |       0 |      0 |     120 |      0 |       0 |      0 |       0 |
| X3Y3              |      1 |      24 |      0 |   19200 |      0 |    4800 |      0 |      24 |      0 |      16 |      0 |      72 |      0 |       0 |      0 |       0 |
| X4Y3              |      1 |      24 |      0 |   25920 |      0 |    5280 |      0 |      48 |      0 |      16 |      9 |      96 |      0 |       0 |      0 |       0 |
| X5Y3              |      3 |      24 |      0 |   26880 |      0 |    5760 |      0 |      24 |      0 |      16 |      0 |     120 |      0 |       0 |      0 |       0 |
| X6Y3              |      7 |      24 |    693 |   26880 |      2 |    5760 |      0 |      24 |      0 |      16 |      0 |     120 |      0 |       0 |      0 |       0 |
| X7Y3              |      7 |      24 |   4887 |   24000 |    123 |    5760 |      0 |      48 |      0 |       0 |      0 |      48 |      4 |       4 |      0 |       1 |
+-------------------+--------+---------+--------+---------+--------+---------+--------+---------+--------+---------+--------+---------+--------+---------+--------+---------+
* Global Clock column represents track count; while other columns represents cell counts


6. Clock Regions : Global Clock Summary
---------------------------------------

All Modules
+----+----+----+----+----+----+----+----+----+
|    | X0 | X1 | X2 | X3 | X4 | X5 | X6 | X7 |
+----+----+----+----+----+----+----+----+----+
| Y3 |  0 |  0 |  0 |  1 |  1 |  3 |  7 |  7 |
| Y2 |  0 |  2 |  3 |  3 |  5 |  5 |  9 |  9 |
| Y1 | 12 | 12 | 12 | 13 | 13 | 13 | 14 | 12 |
| Y0 | 11 | 12 | 12 | 12 | 13 | 13 | 15 | 16 |
+----+----+----+----+----+----+----+----+----+


7. Clock Regions : Routing Resource Utilization
