Copyright 1986-2022 Xilinx, Inc. All Rights Reserved. Copyright 2022-2023 Advanced Micro Devices, Inc. All Rights Reserved.
---------------------------------------------------------------------------------------------------------------------------------------------
| Tool Version : Vivado v.2023.2 (lin64) Build 4029153 Fri Oct 13 20:13:54 MDT 2023
| Date         : Sun Aug 30 22:10:17 2026
| Host         : cachyos-bc250 running 64-bit CachyOS
| Command      : report_utilization -hierarchical -file /home/labuser/rmswire/out/synthutil_hier_ctl_flat.rpt
| Design       : ooc_normadapt
| Device       : xcvu33p-fsvh2104-2L-e
| Speed File   : -2L
| Design State : Synthesized
---------------------------------------------------------------------------------------------------------------------------------------------

Utilization Design Information

Table of Contents
-----------------
1. Utilization by Hierarchy

1. Utilization by Hierarchy
---------------------------

+-------------------+------------+------------+------------+---------+------+--------+--------+--------+------+------------+
|      Instance     |   Module   | Total LUTs | Logic LUTs | LUTRAMs | SRLs |   FFs  | RAMB36 | RAMB18 | URAM | DSP Blocks |
+-------------------+------------+------------+------------+---------+------+--------+--------+--------+------+------------+
| ooc_normadapt     |      (top) |      67318 |      67318 |       0 |    0 | 191664 |    171 |      0 |    0 |         41 |
|   (ooc_normadapt) |      (top) |      25812 |      25812 |       0 |    0 | 124489 |    171 |      0 |    0 |          1 |
|   gvr.u_rms       | rmsnorm_rs |      41506 |      41506 |       0 |    0 |  67175 |      0 |      0 |    0 |         40 |
+-------------------+------------+------------+------------+---------+------+--------+--------+--------+------+------------+


