Copyright 1986-2022 Xilinx, Inc. All Rights Reserved. Copyright 2022-2023 Advanced Micro Devices, Inc. All Rights Reserved.
---------------------------------------------------------------------------------------------------------------------------------------------------------------------------------------------------------------------------------------------------------------------------------------------------------------------------------------------------------------------------
| Tool Version      : Vivado v.2023.2 (lin64) Build 4029153 Fri Oct 13 20:13:54 MDT 2023
| Date              : Mon Oct  5 20:16:49 2026
| Host              : Oren-Dell-Ubuntu running 64-bit Ubuntu 22.04.5 LTS
| Command           : report_timing -from [get_clocks -of_objects [get_pins -quiet -hierarchical -filter {NAME =~ "*u_jc_core/sync/pub_reg/C"}]] -to [get_pins -of_objects [get_cells -hier -filter {NAME =~ "*u_jc_core/sync/st_r_reg*"}] -filter {REF_PIN_NAME == D}] -max_paths 1 -append -file /mnt/storage/fk33_builds/jc_loader/full4/proj/reports/cdc_crossings.rpt
| Design            : jcl_wrapper
| Device            : xcvu35p-fsvh2104
| Speed File        : -1  PRODUCTION 1.30 05-01-2022
| Design State      : Routed
| Temperature Grade : E
---------------------------------------------------------------------------------------------------------------------------------------------------------------------------------------------------------------------------------------------------------------------------------------------------------------------------------------------------------------------------

Timing Report

Slack (MET) :             35.018ns  (required time - arrival time)
  Source:                 jcl_i/loader/inst/u_jc_core/sync/snap_reg[351]/C
                            (rising edge-triggered cell FDRE clocked by clk_out3_jcl_clk_wiz_0_0  {rise@0.000ns fall@2.500ns period=5.000ns})
  Destination:            jcl_i/loader/inst/u_jc_core/sync/st_r_reg[351]/D
                            (rising edge-triggered cell FDRE clocked by tck_user4  {rise@0.000ns fall@18.518ns period=37.037ns})
  Path Group:             tck_user4
  Path Type:              Setup (Max at Slow Process Corner)
  Requirement:            37.037ns  (MaxDelay Path 37.037ns)
  Data Path Delay:        2.046ns  (logic 0.096ns (4.692%)  route 1.950ns (95.308%))
  Logic Levels:           0  
  Timing Exception:       MaxDelay Path 37.037ns -datapath_only

    Location             Delay type                Incr(ns)  Path(ns)    Netlist Resource(s)
  -------------------------------------------------------------------    -------------------
    SLICE_X159Y72                                     0.000     0.000 r  jcl_i/loader/inst/u_jc_core/sync/snap_reg[351]/C
    SLICE_X159Y72        FDRE (Prop_AFF_SLICEL_C_Q)
                                                      0.096     0.096 r  jcl_i/loader/inst/u_jc_core/sync/snap_reg[351]/Q
                         net (fo=1, routed)           1.950     2.046    jcl_i/loader/inst/u_jc_core/sync/snap[351]
    SLICE_X108Y52        FDRE                                         r  jcl_i/loader/inst/u_jc_core/sync/st_r_reg[351]/D
  -------------------------------------------------------------------    -------------------

                         max delay                   37.037    37.037    
    SLICE_X108Y52        FDRE (Setup_EFF2_SLICEL_C_D)
                                                      0.027    37.064    jcl_i/loader/inst/u_jc_core/sync/st_r_reg[351]
  -------------------------------------------------------------------
                         required time                         37.064    
                         arrival time                          -2.046    
  -------------------------------------------------------------------
                         slack                                 35.018    




Copyright 1986-2022 Xilinx, Inc. All Rights Reserved. Copyright 2022-2023 Advanced Micro Devices, Inc. All Rights Reserved.
----------------------------------------------------------------------------------------------------------------------------------------------------------------------------------------------------------------------------------------------------------------------------------------------------------------------------------------------------------------------------
| Tool Version      : Vivado v.2023.2 (lin64) Build 4029153 Fri Oct 13 20:13:54 MDT 2023
| Date              : Mon Oct  5 20:16:50 2026
| Host              : Oren-Dell-Ubuntu running 64-bit Ubuntu 22.04.5 LTS
| Command           : report_timing -from [get_clocks -of_objects [get_pins -quiet -hierarchical -filter {NAME =~ "*u_jc_core/sync/pub_reg/C"}]] -to [get_pins -of_objects [get_cells -hier -filter {NAME =~ "*u_jc_core/sync/tgl_s1_reg"}] -filter {REF_PIN_NAME == D}] -max_paths 1 -append -file /mnt/storage/fk33_builds/jc_loader/full4/proj/reports/cdc_crossings.rpt
| Design            : jcl_wrapper
| Device            : xcvu35p-fsvh2104
| Speed File        : -1  PRODUCTION 1.30 05-01-2022
| Design State      : Routed
| Temperature Grade : E
----------------------------------------------------------------------------------------------------------------------------------------------------------------------------------------------------------------------------------------------------------------------------------------------------------------------------------------------------------------------------

Timing Report

Slack (MET) :             4.695ns  (required time - arrival time)
  Source:                 jcl_i/loader/inst/u_jc_core/sync/pub_reg/C
                            (rising edge-triggered cell FDRE clocked by clk_out3_jcl_clk_wiz_0_0  {rise@0.000ns fall@2.500ns period=5.000ns})
  Destination:            jcl_i/loader/inst/u_jc_core/sync/tgl_s1_reg/D
                            (rising edge-triggered cell FDRE clocked by tck_user4  {rise@0.000ns fall@18.518ns period=37.037ns})
  Path Group:             tck_user4
  Path Type:              Setup (Max at Slow Process Corner)
  Requirement:            5.000ns  (MaxDelay Path 5.000ns)
  Data Path Delay:        0.332ns  (logic 0.096ns (28.933%)  route 0.236ns (71.067%))
  Logic Levels:           0  
  Timing Exception:       MaxDelay Path 5.000ns -datapath_only

    Location             Delay type                Incr(ns)  Path(ns)    Netlist Resource(s)
  -------------------------------------------------------------------    -------------------
    SLICE_X38Y22                                      0.000     0.000 r  jcl_i/loader/inst/u_jc_core/sync/pub_reg/C
    SLICE_X38Y22         FDRE (Prop_DFF_SLICEL_C_Q)
                                                      0.096     0.096 r  jcl_i/loader/inst/u_jc_core/sync/pub_reg/Q
                         net (fo=3, routed)           0.236     0.332    jcl_i/loader/inst/u_jc_core/sync/pub
    SLICE_X38Y22         FDRE                                         r  jcl_i/loader/inst/u_jc_core/sync/tgl_s1_reg/D
  -------------------------------------------------------------------    -------------------

                         max delay                    5.000     5.000    
    SLICE_X38Y22         FDRE (Setup_HFF2_SLICEL_C_D)
                                                      0.027     5.027    jcl_i/loader/inst/u_jc_core/sync/tgl_s1_reg
  -------------------------------------------------------------------
                         required time                          5.027    
                         arrival time                          -0.332    
  -------------------------------------------------------------------
                         slack                                  4.695    




Copyright 1986-2022 Xilinx, Inc. All Rights Reserved. Copyright 2022-2023 Advanced Micro Devices, Inc. All Rights Reserved.
--------------------------------------------------------------------------------------------------------------------------------------------------------------------------------------------------------------------------------------------------------------------------------------------
| Tool Version      : Vivado v.2023.2 (lin64) Build 4029153 Fri Oct 13 20:13:54 MDT 2023
| Date              : Mon Oct  5 20:16:50 2026
| Host              : Oren-Dell-Ubuntu running 64-bit Ubuntu 22.04.5 LTS
| Command           : report_timing -from [get_clocks tck_user4] -to [get_pins -of_objects [get_cells -hier -filter {NAME =~ "*u_jc_core/sync/ack_s1_reg"}] -filter {REF_PIN_NAME == D}] -max_paths 1 -append -file /mnt/storage/fk33_builds/jc_loader/full4/proj/reports/cdc_crossings.rpt
| Design            : jcl_wrapper
| Device            : xcvu35p-fsvh2104
| Speed File        : -1  PRODUCTION 1.30 05-01-2022
| Design State      : Routed
| Temperature Grade : E
--------------------------------------------------------------------------------------------------------------------------------------------------------------------------------------------------------------------------------------------------------------------------------------------

Timing Report

Slack (MET) :             4.647ns  (required time - arrival time)
  Source:                 jcl_i/loader/inst/u_jc_core/sync/ack_reg/C
                            (rising edge-triggered cell FDRE clocked by tck_user4  {rise@0.000ns fall@18.518ns period=37.037ns})
  Destination:            jcl_i/loader/inst/u_jc_core/sync/ack_s1_reg/D
                            (rising edge-triggered cell FDRE clocked by clk_out3_jcl_clk_wiz_0_0  {rise@0.000ns fall@2.500ns period=5.000ns})
  Path Group:             clk_out3_jcl_clk_wiz_0_0
  Path Type:              Setup (Max at Slow Process Corner)
  Requirement:            5.000ns  (MaxDelay Path 5.000ns)
  Data Path Delay:        0.380ns  (logic 0.096ns (25.238%)  route 0.284ns (74.762%))
  Logic Levels:           0  
  Timing Exception:       MaxDelay Path 5.000ns -datapath_only

    Location             Delay type                Incr(ns)  Path(ns)    Netlist Resource(s)
  -------------------------------------------------------------------    -------------------
    SLICE_X38Y22                                      0.000     0.000 r  jcl_i/loader/inst/u_jc_core/sync/ack_reg/C
    SLICE_X38Y22         FDRE (Prop_HFF_SLICEL_C_Q)
                                                      0.096     0.096 r  jcl_i/loader/inst/u_jc_core/sync/ack_reg/Q
                         net (fo=2, routed)           0.284     0.380    jcl_i/loader/inst/u_jc_core/sync/ack
    SLICE_X38Y22         FDRE                                         r  jcl_i/loader/inst/u_jc_core/sync/ack_s1_reg/D
  -------------------------------------------------------------------    -------------------

                         max delay                    5.000     5.000    
    SLICE_X38Y22         FDRE (Setup_DFF2_SLICEL_C_D)
                                                      0.027     5.027    jcl_i/loader/inst/u_jc_core/sync/ack_s1_reg
  -------------------------------------------------------------------
                         required time                          5.027    
                         arrival time                          -0.380    
  -------------------------------------------------------------------
                         slack                                  4.647    




Copyright 1986-2022 Xilinx, Inc. All Rights Reserved. Copyright 2022-2023 Advanced Micro Devices, Inc. All Rights Reserved.
----------------------------------------------------------------------------------------------------------------------------------------------------------------------------------------------------------------------------------------------------------------------------------------------
| Tool Version      : Vivado v.2023.2 (lin64) Build 4029153 Fri Oct 13 20:13:54 MDT 2023
| Date              : Mon Oct  5 20:16:50 2026
| Host              : Oren-Dell-Ubuntu running 64-bit Ubuntu 22.04.5 LTS
| Command           : report_timing -from [get_clocks tck_user4] -to [get_pins -of_objects [get_cells -hier -filter {NAME =~ "*u_jc_core/fifo/wp_g_s1_reg*"}] -filter {REF_PIN_NAME == D}] -max_paths 1 -append -file /mnt/storage/fk33_builds/jc_loader/full4/proj/reports/cdc_crossings.rpt
| Design            : jcl_wrapper
| Device            : xcvu35p-fsvh2104
| Speed File        : -1  PRODUCTION 1.30 05-01-2022
| Design State      : Routed
| Temperature Grade : E
----------------------------------------------------------------------------------------------------------------------------------------------------------------------------------------------------------------------------------------------------------------------------------------------

Timing Report

Slack (MET) :             4.433ns  (required time - arrival time)
  Source:                 jcl_i/loader/inst/u_jc_core/fifo/wp_g_reg[6]/C
                            (rising edge-triggered cell FDRE clocked by tck_user4  {rise@0.000ns fall@18.518ns period=37.037ns})
  Destination:            jcl_i/loader/inst/u_jc_core/fifo/wp_g_s1_reg[6]/D
                            (rising edge-triggered cell FDRE clocked by clk_out3_jcl_clk_wiz_0_0  {rise@0.000ns fall@2.500ns period=5.000ns})
  Path Group:             clk_out3_jcl_clk_wiz_0_0
  Path Type:              Setup (Max at Slow Process Corner)
  Requirement:            5.000ns  (MaxDelay Path 5.000ns)
  Data Path Delay:        0.594ns  (logic 0.096ns (16.162%)  route 0.498ns (83.838%))
  Logic Levels:           0  
  Timing Exception:       MaxDelay Path 5.000ns -datapath_only

    Location             Delay type                Incr(ns)  Path(ns)    Netlist Resource(s)
  -------------------------------------------------------------------    -------------------
    SLICE_X10Y13                                      0.000     0.000 r  jcl_i/loader/inst/u_jc_core/fifo/wp_g_reg[6]/C
    SLICE_X10Y13         FDRE (Prop_HFF_SLICEL_C_Q)
                                                      0.096     0.096 r  jcl_i/loader/inst/u_jc_core/fifo/wp_g_reg[6]/Q
                         net (fo=1, routed)           0.498     0.594    jcl_i/loader/inst/u_jc_core/fifo/wp_g_reg_n_0_[6]
    SLICE_X10Y13         FDRE                                         r  jcl_i/loader/inst/u_jc_core/fifo/wp_g_s1_reg[6]/D
  -------------------------------------------------------------------    -------------------

                         max delay                    5.000     5.000    
    SLICE_X10Y13         FDRE (Setup_DFF2_SLICEL_C_D)
                                                      0.027     5.027    jcl_i/loader/inst/u_jc_core/fifo/wp_g_s1_reg[6]
  -------------------------------------------------------------------
                         required time                          5.027    
                         arrival time                          -0.594    
  -------------------------------------------------------------------
                         slack                                  4.433    




Copyright 1986-2022 Xilinx, Inc. All Rights Reserved. Copyright 2022-2023 Advanced Micro Devices, Inc. All Rights Reserved.
------------------------------------------------------------------------------------------------------------------------------------------------------------------------------------------------------------------------------------------------------------------------------------------------------------------------------------------------------------------------------
| Tool Version      : Vivado v.2023.2 (lin64) Build 4029153 Fri Oct 13 20:13:54 MDT 2023
| Date              : Mon Oct  5 20:16:50 2026
| Host              : Oren-Dell-Ubuntu running 64-bit Ubuntu 22.04.5 LTS
| Command           : report_timing -from [get_clocks -of_objects [get_pins -quiet -hierarchical -filter {NAME =~ "*u_jc_core/sync/pub_reg/C"}]] -to [get_pins -of_objects [get_cells -hier -filter {NAME =~ "*u_jc_core/fifo/rp_g_s1_reg*"}] -filter {REF_PIN_NAME == D}] -max_paths 1 -append -file /mnt/storage/fk33_builds/jc_loader/full4/proj/reports/cdc_crossings.rpt
| Design            : jcl_wrapper
| Device            : xcvu35p-fsvh2104
| Speed File        : -1  PRODUCTION 1.30 05-01-2022
| Design State      : Routed
| Temperature Grade : E
------------------------------------------------------------------------------------------------------------------------------------------------------------------------------------------------------------------------------------------------------------------------------------------------------------------------------------------------------------------------------

Timing Report

Slack (MET) :             4.308ns  (required time - arrival time)
  Source:                 jcl_i/loader/inst/u_jc_core/fifo/rp_g_reg[5]/C
                            (rising edge-triggered cell FDRE clocked by clk_out3_jcl_clk_wiz_0_0  {rise@0.000ns fall@2.500ns period=5.000ns})
  Destination:            jcl_i/loader/inst/u_jc_core/fifo/rp_g_s1_reg[5]/D
                            (rising edge-triggered cell FDRE clocked by tck_user4  {rise@0.000ns fall@18.518ns period=37.037ns})
  Path Group:             tck_user4
  Path Type:              Setup (Max at Slow Process Corner)
  Requirement:            5.000ns  (MaxDelay Path 5.000ns)
  Data Path Delay:        0.719ns  (logic 0.095ns (13.213%)  route 0.624ns (86.787%))
  Logic Levels:           0  
  Timing Exception:       MaxDelay Path 5.000ns -datapath_only

    Location             Delay type                Incr(ns)  Path(ns)    Netlist Resource(s)
  -------------------------------------------------------------------    -------------------
    SLICE_X11Y11                                      0.000     0.000 r  jcl_i/loader/inst/u_jc_core/fifo/rp_g_reg[5]/C
    SLICE_X11Y11         FDRE (Prop_GFF_SLICEM_C_Q)
                                                      0.095     0.095 r  jcl_i/loader/inst/u_jc_core/fifo/rp_g_reg[5]/Q
                         net (fo=1, routed)           0.624     0.719    jcl_i/loader/inst/u_jc_core/fifo/rp_g[5]
    SLICE_X11Y11         FDRE                                         r  jcl_i/loader/inst/u_jc_core/fifo/rp_g_s1_reg[5]/D
  -------------------------------------------------------------------    -------------------

                         max delay                    5.000     5.000    
    SLICE_X11Y11         FDRE (Setup_CFF2_SLICEM_C_D)
                                                      0.027     5.027    jcl_i/loader/inst/u_jc_core/fifo/rp_g_s1_reg[5]
  -------------------------------------------------------------------
                         required time                          5.027    
                         arrival time                          -0.719    
  -------------------------------------------------------------------
                         slack                                  4.308    




Copyright 1986-2022 Xilinx, Inc. All Rights Reserved. Copyright 2022-2023 Advanced Micro Devices, Inc. All Rights Reserved.
------------------------------------------------------------------------------------------------------------------------------------------------------------------------------------------------------------------------------------------------------------------------------------------------------------------------------------------------------------------------
| Tool Version      : Vivado v.2023.2 (lin64) Build 4029153 Fri Oct 13 20:13:54 MDT 2023
| Date              : Mon Oct  5 20:16:50 2026
| Host              : Oren-Dell-Ubuntu running 64-bit Ubuntu 22.04.5 LTS
| Command           : report_timing -from [get_clocks -of_objects [get_pins -quiet -hierarchical -filter {NAME =~ "*u_jc_core/sync/pub_reg/C"}]] -to [get_pins -of_objects [get_cells -hier -filter {NAME =~ "*u_jc_core/trst_s1_reg"}] -filter {REF_PIN_NAME == D}] -max_paths 1 -append -file /mnt/storage/fk33_builds/jc_loader/full4/proj/reports/cdc_crossings.rpt
| Design            : jcl_wrapper
| Device            : xcvu35p-fsvh2104
| Speed File        : -1  PRODUCTION 1.30 05-01-2022
| Design State      : Routed
| Temperature Grade : E
------------------------------------------------------------------------------------------------------------------------------------------------------------------------------------------------------------------------------------------------------------------------------------------------------------------------------------------------------------------------

Timing Report

Slack (MET) :             3.143ns  (required time - arrival time)
  Source:                 jcl_i/loader/inst/core_rst_reg/C
                            (rising edge-triggered cell FDRE clocked by clk_out3_jcl_clk_wiz_0_0  {rise@0.000ns fall@2.500ns period=5.000ns})
  Destination:            jcl_i/loader/inst/u_jc_core/trst_s1_reg/D
                            (rising edge-triggered cell FDRE clocked by tck_user4  {rise@0.000ns fall@18.518ns period=37.037ns})
  Path Group:             tck_user4
  Path Type:              Setup (Max at Slow Process Corner)
  Requirement:            5.000ns  (MaxDelay Path 5.000ns)
  Data Path Delay:        1.884ns  (logic 0.096ns (5.096%)  route 1.788ns (94.904%))
  Logic Levels:           0  
  Timing Exception:       MaxDelay Path 5.000ns -datapath_only

    Location             Delay type                Incr(ns)  Path(ns)    Netlist Resource(s)
  -------------------------------------------------------------------    -------------------
    SLICE_X76Y38                                      0.000     0.000 r  jcl_i/loader/inst/core_rst_reg/C
    SLICE_X76Y38         FDRE (Prop_DFF_SLICEM_C_Q)
                                                      0.096     0.096 r  jcl_i/loader/inst/core_rst_reg/Q
                         net (fo=385, routed)         1.788     1.884    jcl_i/loader/inst/u_jc_core/core_rst
    SLICE_X12Y15         FDRE                                         r  jcl_i/loader/inst/u_jc_core/trst_s1_reg/D
  -------------------------------------------------------------------    -------------------

                         max delay                    5.000     5.000    
    SLICE_X12Y15         FDRE (Setup_DFF2_SLICEL_C_D)
                                                      0.027     5.027    jcl_i/loader/inst/u_jc_core/trst_s1_reg
  -------------------------------------------------------------------
                         required time                          5.027    
                         arrival time                          -1.884    
  -------------------------------------------------------------------
                         slack                                  3.143    




