Copyright 1986-2022 Xilinx, Inc. All Rights Reserved. Copyright 2022-2023 Advanced Micro Devices, Inc. All Rights Reserved.
--------------------------------------------------------------------------------------------------------------------------------------------------
| Tool Version      : Vivado v.2023.2 (lin64) Build 4029153 Fri Oct 13 20:13:54 MDT 2023
| Date              : Mon Oct  5 20:16:44 2026
| Host              : Oren-Dell-Ubuntu running 64-bit Ubuntu 22.04.5 LTS
| Command           : report_exceptions -file /mnt/storage/fk33_builds/jc_loader/full4/proj/reports/exceptions.rpt
| Design            : jcl_wrapper
| Device            : xcvu35p-fsvh2104
| Speed File        : -1  PRODUCTION 1.30 05-01-2022
| Design State      : Routed
| Temperature Grade : E
--------------------------------------------------------------------------------------------------------------------------------------------------

Exceptions Report

Position  From                                                                              Through                                                         To                                                                                Setup           Hold            Status           
--------  --------------------------------------------------------------------------------  --------------------------------------------------------------  --------------------------------------------------------------------------------  --------------  --------------  -----------------
1         [get_cells -hierarchical -filter { NAME =~ "*status_reg_datain_reg*" && ( PRIMIT  *                                                               [get_cells -hierarchical -filter { NAME =~ "*status_reg_datain_ff_reg*" && ( PRI  false           false           
          IVE_TYPE =~ FLOP_LATCH.flop.*   || PRIMITIVE_TYPE == RTL_REGISTER.flop.RTL_REG |                                                                  MITIVE_TYPE =~ FLOP_LATCH.flop.*   || PRIMITIVE_TYPE == RTL_REGISTER.flop.RTL_RE                                  
          | PRIMITIVE_TYPE =~ REGISTER.SDR.*  ) }]                                                                                                          G || PRIMITIVE_TYPE =~ REGISTER.SDR.*  ) }]                                                                       
2         [get_cells -hierarchical -filter { NAME =~ "*wr_axi_en_exec_reg*" && ( PRIMITIVE  *                                                               [get_cells -hierarchical -filter { NAME =~ "*wr_axi_en_exec_ff_reg*" && ( PRIMIT  false           false           
          _TYPE =~ FLOP_LATCH.flop.*   || PRIMITIVE_TYPE == RTL_REGISTER.flop.RTL_REG || P                                                                  IVE_TYPE =~ FLOP_LATCH.flop.*   || PRIMITIVE_TYPE == RTL_REGISTER.flop.RTL_REG |                                  
          RIMITIVE_TYPE =~ REGISTER.SDR.*  ) }]                                                                                                             | PRIMITIVE_TYPE =~ REGISTER.SDR.*  ) }]                                                                          
3         [get_cells -hierarchical -filter { NAME =~ "*rd_axi_en_exec_reg*" && ( PRIMITIVE  *                                                               [get_cells -hierarchical -filter { NAME =~ "*rd_axi_en_exec_ff_reg*" && ( PRIMIT  false           false           
          _TYPE =~ FLOP_LATCH.flop.*   || PRIMITIVE_TYPE == RTL_REGISTER.flop.RTL_REG || P                                                                  IVE_TYPE =~ FLOP_LATCH.flop.*   || PRIMITIVE_TYPE == RTL_REGISTER.flop.RTL_REG |                                  
          RIMITIVE_TYPE =~ REGISTER.SDR.*  ) }]                                                                                                             | PRIMITIVE_TYPE =~ REGISTER.SDR.*  ) }]                                                                          
4         [get_cells -hierarchical -filter { NAME =~ "*fifo_rst_reg*" && ( PRIMITIVE_TYPE   *                                                               [get_cells -hierarchical -filter { NAME =~ "*fifo_rst_ff1_reg*" && ( PRIMITIVE_T  false           false           
          =~ FLOP_LATCH.flop.*   || PRIMITIVE_TYPE == RTL_REGISTER.flop.RTL_REG || PRIMITI                                                                  YPE =~ FLOP_LATCH.flop.*   || PRIMITIVE_TYPE == RTL_REGISTER.flop.RTL_REG || PRI                                  
          VE_TYPE =~ REGISTER.SDR.*  ) }]                                                                                                                   MITIVE_TYPE =~ REGISTER.SDR.*  ) }]                                                                               
5         [get_cells -hierarchical -filter { NAME =~ "*axi_aresetn_ff_reg*" && ( PRIMITIVE  *                                                               [get_cells -hierarchical -filter { NAME =~ "*aresetn_xsdb_ff_reg*" && ( PRIMITIV  false           false           
          _TYPE =~ FLOP_LATCH.flop.*   || PRIMITIVE_TYPE == RTL_REGISTER.flop.RTL_REG || P                                                                  E_TYPE =~ FLOP_LATCH.flop.*   || PRIMITIVE_TYPE == RTL_REGISTER.flop.RTL_REG ||                                   
          RIMITIVE_TYPE =~ REGISTER.SDR.*  ) }]                                                                                                             PRIMITIVE_TYPE =~ REGISTER.SDR.*  ) }]                                                                            
6         [get_cells -hierarchical -filter { NAME =~ "*wr_cmd_fifowren_xsdb_reg*" && ( PRI  *                                                               [get_cells -hierarchical -filter { NAME =~ "*wr_cmd_fifowren_axi_reg*" && ( PRIM  false           false           
          MITIVE_TYPE =~ FLOP_LATCH.flop.*   || PRIMITIVE_TYPE == RTL_REGISTER.flop.RTL_RE                                                                  ITIVE_TYPE =~ FLOP_LATCH.flop.*   || PRIMITIVE_TYPE == RTL_REGISTER.flop.RTL_REG                                  
          G || PRIMITIVE_TYPE =~ REGISTER.SDR.*  ) }]                                                                                                        || PRIMITIVE_TYPE =~ REGISTER.SDR.*  ) }]                                                                        
7         [get_cells -hierarchical -filter { NAME =~ "*rd_cmd_fifowren_xsdb_reg*" && ( PRI  *                                                               [get_cells -hierarchical -filter { NAME =~ "*rd_cmd_fifowren_axi_reg*" && ( PRIM  false           false           
          MITIVE_TYPE =~ FLOP_LATCH.flop.*   || PRIMITIVE_TYPE == RTL_REGISTER.flop.RTL_RE                                                                  ITIVE_TYPE =~ FLOP_LATCH.flop.*   || PRIMITIVE_TYPE == RTL_REGISTER.flop.RTL_REG                                  
          G || PRIMITIVE_TYPE =~ REGISTER.SDR.*  ) }]                                                                                                        || PRIMITIVE_TYPE =~ REGISTER.SDR.*  ) }]                                                                        
8         *                                                                                 *                                                               [get_pins -hier *cdc_to*/D]                                                       false           false           
9         [get_cells -hierarchical -filter { NAME =~ "*status_reg_datain_reg*" && ( PRIMIT  *                                                               [get_cells -hierarchical -filter { NAME =~ "*status_reg_datain_ff_reg*" && ( PRI  false           false           
          IVE_TYPE =~ FLOP_LATCH.flop.*   || PRIMITIVE_TYPE == RTL_REGISTER.flop.RTL_REG |                                                                  MITIVE_TYPE =~ FLOP_LATCH.flop.*   || PRIMITIVE_TYPE == RTL_REGISTER.flop.RTL_RE                                  
          | PRIMITIVE_TYPE =~ REGISTER.SDR.*  ) }]                                                                                                          G || PRIMITIVE_TYPE =~ REGISTER.SDR.*  ) }]                                                                       
10        [get_cells -hierarchical -filter { NAME =~ "*wr_axi_en_exec_reg*" && ( PRIMITIVE  *                                                               [get_cells -hierarchical -filter { NAME =~ "*wr_axi_en_exec_ff_reg*" && ( PRIMIT  false           false           
          _TYPE =~ FLOP_LATCH.flop.*   || PRIMITIVE_TYPE == RTL_REGISTER.flop.RTL_REG || P                                                                  IVE_TYPE =~ FLOP_LATCH.flop.*   || PRIMITIVE_TYPE == RTL_REGISTER.flop.RTL_REG |                                  
          RIMITIVE_TYPE =~ REGISTER.SDR.*  ) }]                                                                                                             | PRIMITIVE_TYPE =~ REGISTER.SDR.*  ) }]                                                                          
11        [get_cells -hierarchical -filter { NAME =~ "*rd_axi_en_exec_reg*" && ( PRIMITIVE  *                                                               [get_cells -hierarchical -filter { NAME =~ "*rd_axi_en_exec_ff_reg*" && ( PRIMIT  false           false           
          _TYPE =~ FLOP_LATCH.flop.*   || PRIMITIVE_TYPE == RTL_REGISTER.flop.RTL_REG || P                                                                  IVE_TYPE =~ FLOP_LATCH.flop.*   || PRIMITIVE_TYPE == RTL_REGISTER.flop.RTL_REG |                                  
          RIMITIVE_TYPE =~ REGISTER.SDR.*  ) }]                                                                                                             | PRIMITIVE_TYPE =~ REGISTER.SDR.*  ) }]                                                                          
12        [get_cells -hierarchical -filter { NAME =~ "*fifo_rst_reg*" && ( PRIMITIVE_TYPE   *                                                               [get_cells -hierarchical -filter { NAME =~ "*fifo_rst_ff1_reg*" && ( PRIMITIVE_T  false           false           
          =~ FLOP_LATCH.flop.*   || PRIMITIVE_TYPE == RTL_REGISTER.flop.RTL_REG || PRIMITI                                                                  YPE =~ FLOP_LATCH.flop.*   || PRIMITIVE_TYPE == RTL_REGISTER.flop.RTL_REG || PRI                                  
          VE_TYPE =~ REGISTER.SDR.*  ) }]                                                                                                                   MITIVE_TYPE =~ REGISTER.SDR.*  ) }]                                                                               
13        [get_cells -hierarchical -filter { NAME =~ "*axi_aresetn_ff_reg*" && ( PRIMITIVE  *                                                               [get_cells -hierarchical -filter { NAME =~ "*aresetn_xsdb_ff_reg*" && ( PRIMITIV  false           false           
          _TYPE =~ FLOP_LATCH.flop.*   || PRIMITIVE_TYPE == RTL_REGISTER.flop.RTL_REG || P                                                                  E_TYPE =~ FLOP_LATCH.flop.*   || PRIMITIVE_TYPE == RTL_REGISTER.flop.RTL_REG ||                                   
          RIMITIVE_TYPE =~ REGISTER.SDR.*  ) }]                                                                                                             PRIMITIVE_TYPE =~ REGISTER.SDR.*  ) }]                                                                            
14        [get_cells -hierarchical -filter { NAME =~ "*wr_cmd_fifowren_xsdb_reg*" && ( PRI  *                                                               [get_cells -hierarchical -filter { NAME =~ "*wr_cmd_fifowren_axi_reg*" && ( PRIM  false           false           
          MITIVE_TYPE =~ FLOP_LATCH.flop.*   || PRIMITIVE_TYPE == RTL_REGISTER.flop.RTL_RE                                                                  ITIVE_TYPE =~ FLOP_LATCH.flop.*   || PRIMITIVE_TYPE == RTL_REGISTER.flop.RTL_REG                                  
          G || PRIMITIVE_TYPE =~ REGISTER.SDR.*  ) }]                                                                                                        || PRIMITIVE_TYPE =~ REGISTER.SDR.*  ) }]                                                                        
15        [get_cells -hierarchical -filter { NAME =~ "*rd_cmd_fifowren_xsdb_reg*" && ( PRI  *                                                               [get_cells -hierarchical -filter { NAME =~ "*rd_cmd_fifowren_axi_reg*" && ( PRIM  false           false           
          MITIVE_TYPE =~ FLOP_LATCH.flop.*   || PRIMITIVE_TYPE == RTL_REGISTER.flop.RTL_RE                                                                  ITIVE_TYPE =~ FLOP_LATCH.flop.*   || PRIMITIVE_TYPE == RTL_REGISTER.flop.RTL_REG                                  
          G || PRIMITIVE_TYPE =~ REGISTER.SDR.*  ) }]                                                                                                        || PRIMITIVE_TYPE =~ REGISTER.SDR.*  ) }]                                                                        
21        *                                                                                 *                                                               [get_ports {fan_ctl LED_A LED_B LED_C LED_D}]                                     false           false           
22        *                                                                                 [get_ports -scoped_to_current_instance -no_traverse src_arst]   *                                                                                 false           false           
23        *                                                                                 [get_ports -scoped_to_current_instance -no_traverse src_arst]   *                                                                                 false           false           
24        *                                                                                 [get_ports -scoped_to_current_instance -no_traverse src_arst]   *                                                                                 false           false           
26        *                                                                                 [get_ports -scoped_to_current_instance -no_traverse src_arst]   *                                                                                 false           false           
28        *                                                                                 [get_ports -scoped_to_current_instance -no_traverse src_arst]   *                                                                                 false           false           
29        *                                                                                 [get_ports -scoped_to_current_instance -no_traverse src_arst]   *                                                                                 false           false           
30        *                                                                                 [get_ports -scoped_to_current_instance -no_traverse src_arst]   *                                                                                 false           false           
32        *                                                                                 [get_ports -scoped_to_current_instance -no_traverse src_arst]   *                                                                                 false           false           
34        *                                                                                 [get_ports -scoped_to_current_instance -no_traverse src_arst]   *                                                                                 false           false           
36        [get_cells src_gray_ff_reg*]                                                      *                                                               [get_cells {dest_graysync_ff_reg[0]*}]                                            max_dpo=1000    -               
38        [get_cells src_gray_ff_reg*]                                                      *                                                               [get_cells {dest_graysync_ff_reg[0]*}]                                            max_dpo=1000    -               
40        [get_cells src_gray_ff_reg*]                                                      *                                                               [get_cells {dest_graysync_ff_reg[0]*}]                                            max_dpo=5       -               
42        [get_cells src_gray_ff_reg*]                                                      *                                                               [get_cells {dest_graysync_ff_reg[0]*}]                                            max_dpo=5       -               
44        [get_cells src_gray_ff_reg*]                                                      *                                                               [get_cells {dest_graysync_ff_reg[0]*}]                                            max_dpo=5       -               
46        [get_cells src_gray_ff_reg*]                                                      *                                                               [get_cells {dest_graysync_ff_reg[0]*}]                                            max_dpo=1000    -               
48        [get_cells src_gray_ff_reg*]                                                      *                                                               [get_cells {dest_graysync_ff_reg[0]*}]                                            max_dpo=5       -               
50        [get_cells src_gray_ff_reg*]                                                      *                                                               [get_cells {dest_graysync_ff_reg[0]*}]                                            max_dpo=1000    -               
52        [get_cells src_gray_ff_reg*]                                                      *                                                               [get_cells {dest_graysync_ff_reg[0]*}]                                            max_dpo=1000    -               
54        [get_cells src_gray_ff_reg*]                                                      *                                                               [get_cells {dest_graysync_ff_reg[0]*}]                                            max_dpo=1000    -               
56        [get_cells src_gray_ff_reg*]                                                      *                                                               [get_cells {dest_graysync_ff_reg[0]*}]                                            max_dpo=5       -               
58        [get_cells src_gray_ff_reg*]                                                      *                                                               [get_cells {dest_graysync_ff_reg[0]*}]                                            max_dpo=5       -               
60        [get_cells src_gray_ff_reg*]                                                      *                                                               [get_cells {dest_graysync_ff_reg[0]*}]                                            max_dpo=5       -               
62        [get_cells src_gray_ff_reg*]                                                      *                                                               [get_cells {dest_graysync_ff_reg[0]*}]                                            max_dpo=1000    -               
64        [get_cells src_gray_ff_reg*]                                                      *                                                               [get_cells {dest_graysync_ff_reg[0]*}]                                            max_dpo=5       -               
66        [get_cells src_gray_ff_reg*]                                                      *                                                               [get_cells {dest_graysync_ff_reg[0]*}]                                            max_dpo=1000    -               
70        [get_clocks -of_objects [get_pins -quiet -hierarchical -filter {NAME =~ "*u_jc_c  *                                                               [get_cells -quiet -hierarchical -filter {NAME =~ "*u_jc_core/sync/st_r_reg*"}]    max_dpo=37.037  -               
          ore/sync/pub_reg/C"}]]                                                                                                                                                                                                                                              
71        [get_clocks -of_objects [get_pins -quiet -hierarchical -filter {NAME =~ "*u_jc_c  *                                                               [get_cells -quiet -hierarchical -filter {NAME =~ "*u_jc_core/sync/tgl_s1_reg"}]   max_dpo=5       -               
          ore/sync/pub_reg/C"}]]                                                                                                                                                                                                                                              
72        [get_clocks tck_user4]                                                            *                                                               [get_cells -quiet -hierarchical -filter {NAME =~ "*u_jc_core/sync/ack_s1_reg"}]   max_dpo=5       -               
73        [get_clocks tck_user4]                                                            *                                                               [get_cells -quiet -hierarchical -filter {NAME =~ "*u_jc_core/fifo/wp_g_s1_reg*"}  max_dpo=5       -               
                                                                                                                                                            ]                                                                                                                 
75        [get_clocks -of_objects [get_pins -quiet -hierarchical -filter {NAME =~ "*u_jc_c  *                                                               [get_cells -quiet -hierarchical -filter {NAME =~ "*u_jc_core/fifo/rp_g_s1_reg*"}  max_dpo=5       -               
          ore/sync/pub_reg/C"}]]                                                                                                                            ]                                                                                                                 
77        [get_clocks -of_objects [get_pins -quiet -hierarchical -filter {NAME =~ "*u_jc_c  *                                                               [get_cells -quiet -hierarchical -filter {NAME =~ "*u_jc_core/trst_s1_reg"}]       max_dpo=5       -               
          ore/sync/pub_reg/C"}]]                                                                                                                                                                                                                                              
78        *                                                                                 *                                                               [get_pins -quiet -hierarchical -filter {NAME =~ "*u_jc_core/trip_s1_reg/D"}]      false           false           
80        [filter [all_fanout -from [get_pins -filter REF_PIN_NAME=~wr_clk -of_objects [ge  *                                                               [get_cells -hierarchical -filter {NAME =~ *U_RD_FIFO*gdm.dm_gen.dm*/gpr1.dout_i_  false           false           
          t_cells -hierarchical -filter {NAME =~ "*SUBCORE_FIFO.*rdfifo_inst"}]] -flat -en                                                                  reg*}]                                                                                                            
          dpoints_only] IS_LEAF]                                                                                                                                                                                                                                              
81        [get_cells -hierarchical -filter {NAME =~ "*BSCANID.u_xsdbm_id/CORE_XSDB.UUT_MAS  *                                                               [get_cells -hierarchical -filter {NAME =~ "*BSCANID.u_xsdbm_id/CORE_XSDB.UUT_MAS  max_dpo=50      -               
          TER/U_ICON_INTERFACE/U_CMD6_RD/U_RD_FIFO/SUBCORE_FIFO.xsdbm_v3_0_0_rdfifo_inst/i                                                                  TER/U_ICON_INTERFACE/U_CMD6_RD/U_RD_FIFO/SUBCORE_FIFO.xsdbm_v3_0_0_rdfifo_inst/i                                  
          nst_fifo_gen/gconvfifo.rf/grf.rf/gntv_or_sync_fifo.gcx.clkx/*rd_pntr_gc_reg[*]"}                                                                  nst_fifo_gen/gconvfifo.rf/grf.rf/gntv_or_sync_fifo.gcx.clkx/*gsync_stage[1].wr_s                                  
          ]                                                                                                                                                 tg_inst/Q_reg_reg[*]"}]                                                                                           
83        [get_cells -hierarchical -filter {NAME =~ "*BSCANID.u_xsdbm_id/CORE_XSDB.UUT_MAS  *                                                               [get_cells -hierarchical -filter {NAME =~ "*BSCANID.u_xsdbm_id/CORE_XSDB.UUT_MAS  max_dpo=5       -               
          TER/U_ICON_INTERFACE/U_CMD6_RD/U_RD_FIFO/SUBCORE_FIFO.xsdbm_v3_0_0_rdfifo_inst/i                                                                  TER/U_ICON_INTERFACE/U_CMD6_RD/U_RD_FIFO/SUBCORE_FIFO.xsdbm_v3_0_0_rdfifo_inst/i                                  
          nst_fifo_gen/gconvfifo.rf/grf.rf/gntv_or_sync_fifo.gcx.clkx/*wr_pntr_gc_reg[*]"}                                                                  nst_fifo_gen/gconvfifo.rf/grf.rf/gntv_or_sync_fifo.gcx.clkx/*gsync_stage[1].rd_s                                  
          ]                                                                                                                                                 tg_inst/Q_reg_reg[*]"}]                                                                                           
85        [filter [all_fanout -from [get_pins -filter REF_PIN_NAME=~wr_clk -of_objects [ge  *                                                               [get_cells -hierarchical -filter {NAME =~ *U_WR_FIFO*gdm.dm_gen.dm*/gpr1.dout_i_  false           false           
          t_cells -hierarchical -filter {NAME =~ "*SUBCORE_FIFO.*wrfifo_inst"}]] -flat -en                                                                  reg*}]                                                                                                            
          dpoints_only] IS_LEAF]                                                                                                                                                                                                                                              
86        [get_cells -hierarchical -filter {NAME =~ "*BSCANID.u_xsdbm_id/CORE_XSDB.UUT_MAS  *                                                               [get_cells -hierarchical -filter {NAME =~ "*BSCANID.u_xsdbm_id/CORE_XSDB.UUT_MAS  max_dpo=5       -               
          TER/U_ICON_INTERFACE/U_CMD6_WR/U_WR_FIFO/SUBCORE_FIFO.xsdbm_v3_0_0_wrfifo_inst/i                                                                  TER/U_ICON_INTERFACE/U_CMD6_WR/U_WR_FIFO/SUBCORE_FIFO.xsdbm_v3_0_0_wrfifo_inst/i                                  
          nst_fifo_gen/gconvfifo.rf/grf.rf/gntv_or_sync_fifo.gcx.clkx/*rd_pntr_gc_reg[*]"}                                                                  nst_fifo_gen/gconvfifo.rf/grf.rf/gntv_or_sync_fifo.gcx.clkx/*gsync_stage[1].wr_s                                  
          ]                                                                                                                                                 tg_inst/Q_reg_reg[*]"}]                                                                                           
88        [get_cells -hierarchical -filter {NAME =~ "*BSCANID.u_xsdbm_id/CORE_XSDB.UUT_MAS  *                                                               [get_cells -hierarchical -filter {NAME =~ "*BSCANID.u_xsdbm_id/CORE_XSDB.UUT_MAS  max_dpo=50      -               
          TER/U_ICON_INTERFACE/U_CMD6_WR/U_WR_FIFO/SUBCORE_FIFO.xsdbm_v3_0_0_wrfifo_inst/i                                                                  TER/U_ICON_INTERFACE/U_CMD6_WR/U_WR_FIFO/SUBCORE_FIFO.xsdbm_v3_0_0_wrfifo_inst/i                                  
          nst_fifo_gen/gconvfifo.rf/grf.rf/gntv_or_sync_fifo.gcx.clkx/*wr_pntr_gc_reg[*]"}                                                                  nst_fifo_gen/gconvfifo.rf/grf.rf/gntv_or_sync_fifo.gcx.clkx/*gsync_stage[1].rd_s                                  
          ]                                                                                                                                                 tg_inst/Q_reg_reg[*]"}]                                                                                           
90        [get_cells -hierarchical -filter {NAME =~ "*BSCANID.u_xsdbm_id/CORE_XSDB.UUT_MAS  *                                                               [get_cells -hierarchical -filter {NAME =~ "*BSCANID.u_xsdbm_id/CORE_XSDB.UUT_MAS  false           false           
          TER/U_ICON_INTERFACE/icn_cmd_en_reg[5]"}]                                                                                                         TER/U_ICON_INTERFACE/icn_cmd_en_5_temp_reg"}]                                                                     
91        [get_cells -hierarchical -filter {NAME =~ "*BSCANID.u_xsdbm_id/CORE_XSDB.UUT_MAS  *                                                               [get_cells -hierarchical -filter {NAME =~ "*BSCANID.u_xsdbm_id/CORE_XSDB.UUT_MAS  false           false           
          TER/U_ICON_INTERFACE/U_CMD1/icn_cmd_en_temp_reg"}]                                                                                                TER/U_ICON_INTERFACE/U_CMD1/ctl_reg_en_1_reg[0]"}]                                                                
92        [get_cells -hierarchical -filter {NAME =~ "*BSCANID.u_xsdbm_id/CORE_XSDB.UUT_MAS  *                                                               [get_cells -hierarchical -filter {NAME =~ "*BSCANID.u_xsdbm_id/CORE_XSDB.UUT_MAS  false           false           
          TER/U_ICON_INTERFACE/U_CMD2/icn_cmd_en_temp_reg"}]                                                                                                TER/U_ICON_INTERFACE/U_CMD2/stat_reg_ld_reg[0]"}]                                                                 
93        [get_cells -hierarchical -filter {NAME =~ "*BSCANID.u_xsdbm_id/CORE_XSDB.UUT_MAS  *                                                               [get_cells -hierarchical -filter {NAME =~ "*BSCANID.u_xsdbm_id/CORE_XSDB.UUT_MAS  false           false           
          TER/U_ICON_INTERFACE/U_CMD3/icn_cmd_en_temp_reg"}]                                                                                                TER/U_ICON_INTERFACE/U_CMD3/stat_reg_ld_reg[0]"}]                                                                 
94        [get_cells -hierarchical -filter {NAME =~ "*BSCANID.u_xsdbm_id/CORE_XSDB.UUT_MAS  *                                                               [get_cells -hierarchical -filter {NAME =~ "*BSCANID.u_xsdbm_id/CORE_XSDB.UUT_MAS  false           false           
          TER/U_ICON_INTERFACE/U_CMD4/icn_cmd_en_temp_reg"}]                                                                                                TER/U_ICON_INTERFACE/U_CMD4/ctl_reg_en_1_reg[0]"}]                                                                
95        [get_cells -hierarchical -filter {NAME =~ "*BSCANID.u_xsdbm_id/CORE_XSDB.UUT_MAS  *                                                               [get_cells -hierarchical -filter {NAME =~ "*BSCANID.u_xsdbm_id/CORE_XSDB.UUT_MAS  false           false           
          TER/U_ICON_INTERFACE/U_CMD5/icn_cmd_en_temp_reg"}]                                                                                                TER/U_ICON_INTERFACE/U_CMD5/ctl_reg_en_1_reg[0]"}]                                                                
96        [get_cells -hierarchical -filter {NAME =~ "*BSCANID.u_xsdbm_id/CORE_XSDB.UUT_MAS  *                                                               [get_cells -hierarchical -filter {NAME =~ "*BSCANID.u_xsdbm_id/CORE_XSDB.UUT_MAS  false           false           
          TER/U_ICON_INTERFACE/U_CMD7_CTL/icn_cmd_en_temp_reg"}]                                                                                            TER/U_ICON_INTERFACE/U_CMD7_CTL/ctl_reg_en_1_reg[0]"}]                                                            
97        [get_cells -hierarchical -filter {NAME =~ "*BSCANID.u_xsdbm_id/CORE_XSDB.UUT_MAS  *                                                               [get_cells -hierarchical -filter {NAME =~ "*BSCANID.u_xsdbm_id/CORE_XSDB.UUT_MAS  false           false           
          TER/U_ICON_INTERFACE/U_CMD7_CTL/shift_reg_in_reg[*]"}]                                                                                            TER/U_ICON_INTERFACE/U_CMD7_CTL/ctl_reg_reg[*]"}]                                                                 
98        [get_cells -hierarchical -filter {NAME =~ "*BSCANID.u_xsdbm_id/CORE_XSDB.UUT_MAS  *                                                               [get_cells -hierarchical -filter {NAME =~ "*BSCANID.u_xsdbm_id/CORE_XSDB.UUT_MAS  false           false           
          TER/U_ICON_INTERFACE/U_CMD7_CTL/shift_reg_in_reg[0]"}]                                                                                            TER/U_ICON_INTERFACE/U_CMD7_STAT/stat_reg_reg[0]"}]                                                               
99        [get_cells -hierarchical -filter {NAME =~ "*BSCANID.u_xsdbm_id/CORE_XSDB.UUT_MAS  *                                                               [get_cells -hierarchical -filter {NAME =~ "*BSCANID.u_xsdbm_id/CORE_XSDB.UUT_MAS  false           false           
          TER/U_ICON_INTERFACE/U_CMD7_STAT/icn_cmd_en_temp_reg"}]                                                                                           TER/U_ICON_INTERFACE/U_CMD7_STAT/stat_reg_ld_reg[0]"}]                                                            
100       [get_cells -hierarchical -filter {NAME =~ "*BSCANID.u_xsdbm_id/CORE_XSDB.UUT_MAS  *                                                               [get_cells -hierarchical -filter {NAME =~ "*BSCANID.u_xsdbm_id/CORE_XSDB.UUT_MAS  false           false           
          TER/U_ICON_INTERFACE/wrdata_rst_reg"}]                                                                                                            TER/U_ICON_INTERFACE/U_CMD6_WR/U_WR_FIFO/SUBCORE_FIFO.xsdbm_v3_0_0_wrfifo_inst/i                                  
                                                                                                                                                            nst_fifo_gen/gconvfifo.rf/grf.rf/rstblk/ngwrdrst.grst.g7serrst.rst_rd_reg1_reg"}                                  
                                                                                                                                                            ]                                                                                                                 
101       [get_cells -hierarchical -filter {NAME =~ "*BSCANID.u_xsdbm_id/CORE_XSDB.UUT_MAS  *                                                               [get_cells -hierarchical -filter {NAME =~ "*BSCANID.u_xsdbm_id/CORE_XSDB.UUT_MAS  false           false           
          TER/U_ICON_INTERFACE/wrdata_rst_reg"}]                                                                                                            TER/U_ICON_INTERFACE/U_CMD6_WR/U_WR_FIFO/SUBCORE_FIFO.xsdbm_v3_0_0_wrfifo_inst/i                                  
                                                                                                                                                            nst_fifo_gen/gconvfifo.rf/grf.rf/rstblk/ngwrdrst.grst.g7serrst.rst_rd_reg2_reg"}                                  
                                                                                                                                                            ]                                                                                                                 
102       [get_cells -hierarchical -filter {NAME =~ "*BSCANID.u_xsdbm_id/CORE_XSDB.UUT_MAS  *                                                               [get_cells -hierarchical -filter {NAME =~ "*BSCANID.u_xsdbm_id/CORE_XSDB.UUT_MAS  false           false           
          TER/U_ICON_INTERFACE/U_CMD4/shift_reg_in_reg[*]"}]                                                                                                TER/U_ICON_INTERFACE/U_CMD4/ctl_reg_reg[*]"}]                                                                     
103       [get_cells -hierarchical -filter {NAME =~ "*BSCANID.u_xsdbm_id/CORE_XSDB.UUT_MAS  *                                                               [get_cells -hierarchical -filter {NAME =~ "*BSCANID.u_xsdbm_id/CORE_XSDB.UUT_MAS  false           false           
          TER/U_ICON_INTERFACE/U_CMD1/shift_reg_in_reg[*]"}]                                                                                                TER/U_ICON_INTERFACE/U_CMD1/ctl_reg_reg[*]"}]                                                                     
104       [get_cells -hierarchical -filter {NAME =~ "*BSCANID.u_xsdbm_id/CORE_XSDB.UUT_MAS  *                                                               [get_cells -hierarchical -filter {NAME =~ "*BSCANID.u_xsdbm_id/CORE_XSDB.UUT_MAS  false           false           
          TER/U_ICON_INTERFACE/U_CMD5/shift_reg_in_reg[*]"}]                                                                                                TER/U_ICON_INTERFACE/U_CMD5/ctl_reg_reg[*]"}]                                                                     
105       [get_cells -hierarchical -filter {NAME =~ "*BSCANID.u_xsdbm_id/CORE_XSDB.UUT_MAS  *                                                               [get_cells -hierarchical -filter {NAME =~ "*BSCANID.u_xsdbm_id/CORE_XSDB.UUT_MAS  false           false           
          TER/U_ICON_INTERFACE/U_CMD1/ctl_reg_reg[0]"}]                                                                                                     TER/U_ICON_INTERFACE/ma_rst_1_reg"}]                                                                              
106       [get_cells -hierarchical -filter {NAME =~ "*BSCANID.u_xsdbm_id/CORE_XSDB.UUT_MAS  *                                                               [get_cells -hierarchical -filter {NAME =~ "*BSCANID.u_xsdbm_id/CORE_XSDB.UUT_MAS  false           false           
          TER/U_ICON_INTERFACE/U_CMD2/stat_reg_reg[*]"}]                                                                                                    TER/U_ICON_INTERFACE/U_CMD2/stat_reg_1_reg[*]"}]                                                                  
107       [get_cells -hierarchical -filter {NAME =~ "*BSCANID.u_xsdbm_id/CORE_XSDB.UUT_MAS  *                                                               [get_cells -hierarchical -filter {NAME =~ "*BSCANID.u_xsdbm_id/CORE_XSDB.UUT_MAS  false           false           
          TER/U_ICON_INTERFACE/U_CMD3/stat_reg_reg[*]"}]                                                                                                    TER/U_ICON_INTERFACE/U_CMD3/stat_reg_1_reg[*]"}]                                                                  
108       [get_cells -hierarchical -filter {NAME =~ "*BSCANID.u_xsdbm_id/CORE_XSDB.UUT_MAS  *                                                               [get_cells -hierarchical -filter {NAME =~ "*BSCANID.u_xsdbm_id/CORE_XSDB.UUT_MAS  false           false           
          TER/U_ICON_INTERFACE/U_CMD7_STAT/stat_reg_reg[*]"}]                                                                                               TER/U_ICON_INTERFACE/U_CMD7_STAT/stat_reg_1_reg[*]"}]                                                             
109       [get_cells -hierarchical -filter {NAME =~ "*BSCANID.u_xsdbm_id/CORE_XSDB.UUT_MAS  *                                                               [get_cells -hierarchical -filter {NAME =~ "*BSCANID.u_xsdbm_id/CORE_XSDB.UUT_MAS  false           false           
          TER/U_ICON_INTERFACE/rddata_rst_reg"}]                                                                                                            TER/U_ICON_INTERFACE/U_CMD6_RD/U_RD_FIFO/SUBCORE_FIFO.xsdbm_v3_0_0_rdfifo_inst/i                                  
                                                                                                                                                            nst_fifo_gen/gconvfifo.rf/grf.rf/rstblk/ngwrdrst.grst.g7serrst.rst_rd_reg1_reg"}                                  
                                                                                                                                                            ]                                                                                                                 
110       [get_cells -hierarchical -filter {NAME =~ "*BSCANID.u_xsdbm_id/CORE_XSDB.UUT_MAS  *                                                               [get_cells -hierarchical -filter {NAME =~ "*BSCANID.u_xsdbm_id/CORE_XSDB.UUT_MAS  false           false           
          TER/U_ICON_INTERFACE/rddata_rst_reg"}]                                                                                                            TER/U_ICON_INTERFACE/U_CMD6_RD/U_RD_FIFO/SUBCORE_FIFO.xsdbm_v3_0_0_rdfifo_inst/i                                  
                                                                                                                                                            nst_fifo_gen/gconvfifo.rf/grf.rf/rstblk/ngwrdrst.grst.g7serrst.rst_rd_reg2_reg"}                                  
                                                                                                                                                            ]                                                                                                                 
111       [get_cells -hierarchical -filter {NAME =~ "*BSCANID.u_xsdbm_id/CORE_XSDB.UUT_MAS  *                                                               [get_cells -hierarchical -filter {NAME =~ "*BSCANID.u_xsdbm_id/CORE_XSDB.UUT_MAS  false           false           
          TER/U_ICON_INTERFACE/rddata_rst_reg"}]                                                                                                            TER/U_ICON_INTERFACE/U_CMD6_RD/shift_reg_in_reg[*]"}]                                                             
112       [get_cells -hierarchical -filter {NAME =~ "*BSCANID.u_xsdbm_id/CORE_XSDB.UUT_MAS  *                                                               [get_cells -hierarchical -filter {NAME =~ "*BSCANID.u_xsdbm_id/CORE_XSDB.UUT_MAS  false           false           
          TER/U_ICON_INTERFACE/U_CMD1/ctl_reg_reg[0]"}]                                                                                                     TER/U_ICON_INTERFACE/U_CMD4/shift_reg_in_reg[*]"}]                                                                
113       [get_cells -hierarchical -filter {NAME =~ "*BSCANID.u_xsdbm_id/CORE_XSDB.UUT_MAS  *                                                               [get_cells -hierarchical -filter {NAME =~ "*BSCANID.u_xsdbm_id/CORE_XSDB.UUT_MAS  false           false           
          TER/U_ICON_INTERFACE/U_CMD1/ctl_reg_reg[0]"}]                                                                                                     TER/U_ICON_INTERFACE/U_CMD5/shift_reg_in_reg[*]"}]                                                                
114       [get_cells -hierarchical -filter {NAME =~ "*BSCANID.u_xsdbm_id/CORE_XSDB.UUT_MAS  *                                                               [get_cells -hierarchical -filter {NAME =~ "*BSCANID.u_xsdbm_id/CORE_XSDB.UUT_MAS  false           false           
          TER/U_ICON_INTERFACE/U_CMD1/ctl_reg_reg[0]"}]                                                                                                     TER/U_ICON_INTERFACE/U_CMD7_CTL/shift_reg_in_reg[*]"}]                                                            
115       [filter [all_fanout -from [get_pins -hierarchical *U_XSDB_SLAVE/s_dclk_o] -flat   *                                                               [get_cells -hierarchical -filter {NAME =~*jtag_axi_engine_u/tx_fifo_i/inst_fifo_  false           false           
          -endpoints_only] IS_LEAF]                                                                                                                         gen/gconvfifo.rf/grf.rf/gntv_or_sync_fifo.mem/gdm.dm_gen.dm*/gpr1.dout_i_reg*}]                                   
116       [filter [all_fanout -from [get_pins -hierarchical *U_XSDB_SLAVE/s_dclk_o] -flat   *                                                               [get_cells -hierarchical -filter {NAME =~*jtag_axi_engine_u/tx_fifo_i/inst_fifo_  false           false           
          -endpoints_only] IS_LEAF]                                                                                                                         gen/gconvfifo.rf/grf.rf/gntv_or_sync_fifo.mem/gdm.dm_gen.dm*/gpr1.dout_i_reg*}]                                   

