unit=jcl_full4.service cgroup=/sys/fs/cgroup/user.slice/user-1000.slice/user@1000.service/app.slice/jcl_full4.service requested_cap=14G swap_kill=32212254720
readback MemoryHigh=15032385536
readback memory.high=15032385536
sample 1791252650 current=1536000 swap.current=0 memory.peak=1851392
sample 1791252652 current=427122688 swap.current=0 memory.peak=428171264
sample 1791252654 current=439844864 swap.current=0 memory.peak=439844864
sample 1791252656 current=458506240 swap.current=0 memory.peak=603688960
sample 1791252658 current=1049292800 swap.current=0 memory.peak=1054535680
sample 1791252660 current=1890390016 swap.current=0 memory.peak=1916981248
sample 1791252662 current=2127364096 swap.current=0 memory.peak=2127626240
sample 1791252664 current=2176745472 swap.current=0 memory.peak=2176966656
sample 1791252666 current=2178318336 swap.current=0 memory.peak=2178318336
sample 1791252668 current=2186563584 swap.current=0 memory.peak=2186563584
sample 1791252670 current=2235604992 swap.current=0 memory.peak=2235604992
sample 1791252672 current=2235867136 swap.current=0 memory.peak=2235867136
sample 1791252674 current=2353750016 swap.current=0 memory.peak=2354012160
sample 1791252676 current=2391252992 swap.current=0 memory.peak=2398531584
sample 1791252678 current=2423328768 swap.current=0 memory.peak=2545442816
sample 1791252680 current=2908573696 swap.current=0 memory.peak=2908835840
sample 1791252682 current=4209319936 swap.current=0 memory.peak=4209324032
sample 1791252684 current=4211445760 swap.current=0 memory.peak=4211445760
sample 1791252686 current=5788561408 swap.current=0 memory.peak=5788561408
sample 1791252688 current=9778712576 swap.current=0 memory.peak=9778712576
sample 1791252690 current=12305092608 swap.current=0 memory.peak=12306665472
sample 1791252692 current=13116219392 swap.current=0 memory.peak=13116219392
sample 1791252694 current=13314711552 swap.current=0 memory.peak=13315141632
sample 1791252696 current=13323239424 swap.current=0 memory.peak=13323497472
sample 1791252698 current=13329981440 swap.current=0 memory.peak=13333860352
sample 1791252700 current=13394124800 swap.current=0 memory.peak=13394628608
sample 1791252702 current=14233550848 swap.current=0 memory.peak=14233550848
sample 1791252704 current=13916160000 swap.current=0 memory.peak=14404153344
sample 1791252706 current=13828362240 swap.current=0 memory.peak=14404153344
sample 1791252708 current=13560709120 swap.current=0 memory.peak=14404153344
sample 1791252710 current=6157725696 swap.current=0 memory.peak=14404153344
sample 1791252712 current=6539739136 swap.current=0 memory.peak=14404153344
sample 1791252714 current=4139216896 swap.current=0 memory.peak=14404153344
sample 1791252716 current=8213876736 swap.current=0 memory.peak=14404153344
sample 1791252718 current=8927989760 swap.current=0 memory.peak=14404153344
sample 1791252720 current=11164557312 swap.current=0 memory.peak=14404153344
sample 1791252722 current=12354994176 swap.current=0 memory.peak=14404153344
sample 1791252724 current=13279477760 swap.current=0 memory.peak=14404153344
sample 1791252726 current=13412442112 swap.current=0 memory.peak=14404153344
sample 1791252728 current=13663473664 swap.current=0 memory.peak=14404153344
sample 1791252730 current=14073434112 swap.current=0 memory.peak=14404153344
sample 1791252732 current=14429974528 swap.current=0 memory.peak=14431444992
sample 1791252734 current=13901479936 swap.current=0 memory.peak=14447280128
sample 1791252736 current=13901328384 swap.current=0 memory.peak=14447280128
sample 1791252738 current=8490926080 swap.current=0 memory.peak=14447280128
sample 1791252740 current=9248980992 swap.current=0 memory.peak=14447280128
sample 1791252742 current=9405747200 swap.current=0 memory.peak=14447280128
sample 1791252744 current=9786642432 swap.current=0 memory.peak=14447280128
sample 1791252746 current=12043476992 swap.current=0 memory.peak=14447280128
sample 1791252748 current=12854239232 swap.current=0 memory.peak=14447280128
sample 1791252750 current=10788470784 swap.current=0 memory.peak=14447280128
sample 1791252752 current=11226333184 swap.current=0 memory.peak=14447280128
sample 1791252754 current=8423669760 swap.current=0 memory.peak=14447280128
sample 1791252756 current=8916332544 swap.current=0 memory.peak=14447280128
sample 1791252758 current=9979461632 swap.current=0 memory.peak=14447280128
sample 1791252760 current=10616246272 swap.current=0 memory.peak=14447280128
sample 1791252762 current=10878627840 swap.current=0 memory.peak=14447280128
sample 1791252764 current=10886787072 swap.current=0 memory.peak=14447280128
sample 1791252766 current=10905235456 swap.current=0 memory.peak=14447280128
sample 1791252768 current=11124649984 swap.current=0 memory.peak=14447280128
sample 1791252770 current=11275378688 swap.current=0 memory.peak=14447280128
sample 1791252772 current=11026563072 swap.current=0 memory.peak=14447280128
sample 1791252774 current=11050221568 swap.current=0 memory.peak=14447280128
sample 1791252776 current=11451465728 swap.current=0 memory.peak=14447280128
sample 1791252778 current=8833556480 swap.current=0 memory.peak=14447280128
sample 1791252780 current=8833556480 swap.current=0 memory.peak=14447280128
sample 1791252782 current=8554762240 swap.current=0 memory.peak=14447280128
sample 1791252784 current=8574390272 swap.current=0 memory.peak=14447280128
sample 1791252786 current=8585412608 swap.current=0 memory.peak=14447280128
sample 1791252788 current=8585203712 swap.current=0 memory.peak=14447280128
sample 1791252790 current=5676449792 swap.current=0 memory.peak=14447280128
sample 1791252792 current=5676711936 swap.current=0 memory.peak=14447280128
sample 1791252794 current=5676711936 swap.current=0 memory.peak=14447280128
sample 1791252796 current=5676711936 swap.current=0 memory.peak=14447280128
sample 1791252798 current=5676724224 swap.current=0 memory.peak=14447280128
sample 1791252800 current=5385728000 swap.current=0 memory.peak=14447280128
sample 1791252802 current=5465939968 swap.current=0 memory.peak=14447280128
sample 1791252804 current=5472776192 swap.current=0 memory.peak=14447280128
sample 1791252806 current=5473087488 swap.current=0 memory.peak=14447280128
sample 1791252808 current=5473054720 swap.current=0 memory.peak=14447280128
sample 1791252810 current=2647511040 swap.current=0 memory.peak=14447280128
sample 1791252812 current=2960142336 swap.current=0 memory.peak=14447280128
sample 1791252814 current=2975105024 swap.current=0 memory.peak=14447280128
sample 1791252816 current=3389784064 swap.current=0 memory.peak=14447280128
sample 1791252818 current=4393410560 swap.current=0 memory.peak=14447280128
sample 1791252820 current=5034344448 swap.current=0 memory.peak=14447280128
sample 1791252822 current=5231460352 swap.current=0 memory.peak=14447280128
sample 1791252824 current=5231738880 swap.current=0 memory.peak=14447280128
sample 1791252826 current=5233164288 swap.current=0 memory.peak=14447280128
sample 1791252828 current=5239795712 swap.current=0 memory.peak=14447280128
sample 1791252830 current=5339709440 swap.current=0 memory.peak=14447280128
sample 1791252832 current=5607268352 swap.current=0 memory.peak=14447280128
sample 1791252834 current=5360254976 swap.current=0 memory.peak=14447280128
sample 1791252836 current=5360254976 swap.current=0 memory.peak=14447280128
sample 1791252838 current=2547945472 swap.current=0 memory.peak=14447280128
sample 1791252840 current=2741391360 swap.current=0 memory.peak=14447280128
sample 1791252842 current=2764939264 swap.current=0 memory.peak=14447280128
sample 1791252844 current=2877329408 swap.current=0 memory.peak=14447280128
sample 1791252846 current=3193032704 swap.current=0 memory.peak=14447280128
sample 1791252848 current=3209338880 swap.current=0 memory.peak=14447280128
sample 1791252850 current=3759583232 swap.current=0 memory.peak=14447280128
sample 1791252852 current=3936849920 swap.current=0 memory.peak=14447280128
sample 1791252854 current=4174090240 swap.current=0 memory.peak=14447280128
sample 1791252856 current=4221181952 swap.current=0 memory.peak=14447280128
sample 1791252858 current=4310892544 swap.current=0 memory.peak=14447280128
sample 1791252860 current=4715782144 swap.current=0 memory.peak=14447280128
sample 1791252862 current=4716257280 swap.current=0 memory.peak=14447280128
sample 1791252864 current=5084397568 swap.current=0 memory.peak=14447280128
sample 1791252866 current=6084022272 swap.current=0 memory.peak=14447280128
sample 1791252868 current=6278037504 swap.current=0 memory.peak=14447280128
sample 1791252870 current=6636158976 swap.current=0 memory.peak=14447280128
sample 1791252872 current=6646423552 swap.current=0 memory.peak=14447280128
sample 1791252874 current=7049728000 swap.current=0 memory.peak=14447280128
sample 1791252876 current=8010260480 swap.current=0 memory.peak=14447280128
sample 1791252878 current=8695472128 swap.current=0 memory.peak=14447280128
sample 1791252880 current=8837623808 swap.current=0 memory.peak=14447280128
sample 1791252882 current=8951984128 swap.current=0 memory.peak=14447280128
sample 1791252884 current=8966430720 swap.current=0 memory.peak=14447280128
sample 1791252886 current=8964685824 swap.current=0 memory.peak=14447280128
sample 1791252888 current=8966033408 swap.current=0 memory.peak=14447280128
sample 1791252890 current=8966545408 swap.current=0 memory.peak=14447280128
sample 1791252892 current=9040171008 swap.current=0 memory.peak=14447280128
sample 1791252894 current=9241911296 swap.current=0 memory.peak=14447280128
sample 1791252896 current=8990867456 swap.current=0 memory.peak=14447280128
sample 1791252898 current=8986415104 swap.current=0 memory.peak=14447280128
sample 1791252900 current=8986677248 swap.current=0 memory.peak=14447280128
sample 1791252902 current=6141562880 swap.current=0 memory.peak=14447280128
sample 1791252904 current=4282544128 swap.current=0 memory.peak=14447280128
sample 1791252906 current=4283355136 swap.current=0 memory.peak=14447280128
sample 1791252908 current=4283355136 swap.current=0 memory.peak=14447280128
sample 1791252910 current=4283355136 swap.current=0 memory.peak=14447280128
sample 1791252912 current=4283355136 swap.current=0 memory.peak=14447280128
sample 1791252914 current=4422725632 swap.current=0 memory.peak=14447280128
sample 1791252916 current=4457734144 swap.current=0 memory.peak=14447280128
sample 1791252918 current=4678512640 swap.current=0 memory.peak=14447280128
sample 1791252920 current=4681613312 swap.current=0 memory.peak=14447280128
sample 1791252922 current=5035024384 swap.current=0 memory.peak=14447280128
sample 1791252924 current=5402095616 swap.current=0 memory.peak=14447280128
sample 1791252926 current=5403480064 swap.current=0 memory.peak=14447280128
sample 1791252928 current=5470887936 swap.current=0 memory.peak=14447280128
sample 1791252930 current=5770297344 swap.current=0 memory.peak=14447280128
sample 1791252932 current=5776793600 swap.current=0 memory.peak=14447280128
sample 1791252934 current=5777690624 swap.current=0 memory.peak=14447280128
sample 1791252936 current=5776953344 swap.current=0 memory.peak=14447280128
sample 1791252938 current=5776891904 swap.current=0 memory.peak=14447280128
sample 1791252941 current=5776154624 swap.current=0 memory.peak=14447280128
sample 1791252943 current=5776687104 swap.current=0 memory.peak=14447280128
sample 1791252945 current=5776031744 swap.current=0 memory.peak=14447280128
sample 1791252947 current=5775831040 swap.current=0 memory.peak=14447280128
sample 1791252949 current=5776158720 swap.current=0 memory.peak=14447280128
sample 1791252951 current=5776949248 swap.current=0 memory.peak=14447280128
sample 1791252953 current=5776134144 swap.current=0 memory.peak=14447280128
sample 1791252955 current=5776232448 swap.current=0 memory.peak=14447280128
sample 1791252957 current=5776322560 swap.current=0 memory.peak=14447280128
sample 1791252959 current=5776457728 swap.current=0 memory.peak=14447280128
sample 1791252961 current=5775765504 swap.current=0 memory.peak=14447280128
sample 1791252963 current=5776588800 swap.current=0 memory.peak=14447280128
sample 1791252965 current=5776179200 swap.current=0 memory.peak=14447280128
sample 1791252967 current=5775568896 swap.current=0 memory.peak=14447280128
sample 1791252969 current=5775466496 swap.current=0 memory.peak=14447280128
sample 1791252971 current=5775466496 swap.current=0 memory.peak=14447280128
sample 1791252973 current=5775466496 swap.current=0 memory.peak=14447280128
sample 1791252975 current=5839421440 swap.current=0 memory.peak=14447280128
sample 1791252977 current=5844168704 swap.current=0 memory.peak=14447280128
sample 1791252979 current=5849726976 swap.current=0 memory.peak=14447280128
sample 1791252981 current=5849575424 swap.current=0 memory.peak=14447280128
sample 1791252983 current=5913059328 swap.current=0 memory.peak=14447280128
sample 1791252985 current=5913055232 swap.current=0 memory.peak=14447280128
sample 1791252987 current=5997703168 swap.current=0 memory.peak=14447280128
sample 1791252989 current=5997531136 swap.current=0 memory.peak=14447280128
sample 1791252991 current=5998059520 swap.current=0 memory.peak=14447280128
sample 1791252993 current=5997809664 swap.current=0 memory.peak=14447280128
sample 1791252995 current=5997809664 swap.current=0 memory.peak=14447280128
sample 1791252997 current=5998305280 swap.current=0 memory.peak=14447280128
sample 1791252999 current=6013247488 swap.current=0 memory.peak=14447280128
sample 1791253001 current=6021955584 swap.current=0 memory.peak=14447280128
sample 1791253003 current=6018519040 swap.current=0 memory.peak=14447280128
sample 1791253005 current=6013583360 swap.current=0 memory.peak=14447280128
sample 1791253007 current=6023544832 swap.current=0 memory.peak=14447280128
sample 1791253009 current=6026514432 swap.current=0 memory.peak=14447280128
sample 1791253011 current=6013612032 swap.current=0 memory.peak=14447280128
sample 1791253013 current=6013104128 swap.current=0 memory.peak=14447280128
sample 1791253015 current=6015234048 swap.current=0 memory.peak=14447280128
sample 1791253017 current=6015705088 swap.current=0 memory.peak=14447280128
sample 1791253019 current=6017568768 swap.current=0 memory.peak=14447280128
sample 1791253021 current=6016741376 swap.current=0 memory.peak=14447280128
sample 1791253023 current=6016741376 swap.current=0 memory.peak=14447280128
sample 1791253025 current=6016741376 swap.current=0 memory.peak=14447280128
sample 1791253027 current=6016741376 swap.current=0 memory.peak=14447280128
sample 1791253029 current=6016507904 swap.current=0 memory.peak=14447280128
sample 1791253031 current=6016507904 swap.current=0 memory.peak=14447280128
sample 1791253033 current=6016315392 swap.current=0 memory.peak=14447280128
sample 1791253035 current=6016315392 swap.current=0 memory.peak=14447280128
sample 1791253037 current=6016315392 swap.current=0 memory.peak=14447280128
sample 1791253039 current=6016315392 swap.current=0 memory.peak=14447280128
sample 1791253041 current=6016315392 swap.current=0 memory.peak=14447280128
sample 1791253043 current=6016122880 swap.current=0 memory.peak=14447280128
sample 1791253045 current=6036045824 swap.current=0 memory.peak=14447280128
sampled_peak_current=14429974528 sampled_peak_swap=0 last_memory.peak=14447280128
RC=0
