Copyright 1986-2022 Xilinx, Inc. All Rights Reserved. Copyright 2022-2023 Advanced Micro Devices, Inc. All Rights Reserved.
---------------------------------------------------------------------------------------------------------------------------------------------
| Tool Version : Vivado v.2023.2 (lin64) Build 4029153 Fri Oct 13 20:13:54 MDT 2023
| Date         : Sun Sep 20 18:28:46 2026
| Host         : Oren-Dell-Ubuntu running 64-bit Ubuntu 22.04.5 LTS
| Command      : report_design_analysis -congestion -file fk33_pcieep_congestion.rpt
| Design       : bd_wrapper
| Device       : xcvu33p
| Design State : Routed
---------------------------------------------------------------------------------------------------------------------------------------------

Report Design Analysis

Table of Contents
-----------------
1. Placer Final Level Congestion Reporting
2. Router Initial Congestion
3. SLR Net Crossing Reporting

1. Placer Final Level Congestion Reporting
------------------------------------------

+-----------+--------+-------+-----------------------------------+---------------+---------------+-----+--------+------+------+------+------+------+-------+-----+---------------------------------------------------------------------------------------------------------------------------------+
| Direction |  Type  | Level |               Window              | Combined LUTs | Avg LUT Input | LUT | LUTRAM | Flop | MUXF | RAMB | URAM |  DSP | CARRY | SRL |                                                            Cell Names                                                           |
+-----------+--------+-------+-----------------------------------+---------------+---------------+-----+--------+------+------+------+------+------+-------+-----+---------------------------------------------------------------------------------------------------------------------------------+
| North     | Global |     5 | (CLEL_R_X13Y72,CLEL_R_X29Y103)    |            0% |         3.710 | 68% | 9%     |  28% |  21% | 100% | 0%   | 91%  |   24% |  0% | bd_i/card/inst/u/gcr.u_attn/u_arr(69%),bd_i/card/inst/u/gcr.u_attn(12%),bd_i/eng/inst/eng/dut/core(10%)                         |
| South     | Global |     5 | (CLEL_R_X12Y59,CLEL_R_X28Y90)     |            0% |         3.773 | 68% | 6%     |  27% |  17% | 100% | 0%   | 96%  |   31% |  0% | bd_i/card/inst/u/gcr.u_attn/u_arr(71%),bd_i/card/inst/u/gcr.u_attn(16%),bd_i/eng/inst/eng/dut/core(8%)                          |
| West      | Global |     5 | (CLEL_R_X23Y47,DSP_X39Y75)        |            0% |         4.077 | 75% | 6%     |  27% |  19% | 100% | 0%   | 100% |   24% |  0% | bd_i/card/inst/u/gcr.u_attn/u_arr(71%),bd_i/card/inst/u/gcr.u_attn(11%),bd_i/eng/inst/eng/dut/core(9%)                          |
| North     | Long   |     5 | (CLEL_R_X13Y74,CLEL_R_X29Y105)    |            0% |         3.673 | 68% | 9%     |  28% |  21% | 100% | 0%   | 92%  |   24% |  0% | bd_i/card/inst/u/gcr.u_attn/u_arr(69%),bd_i/eng/inst/eng/dut/core(11%),bd_i/card/inst/u/gcr.u_attn(10%)                         |
| South     | Long   |     5 | (CLEL_R_X13Y56,CLEL_R_X29Y87)     |            0% |         3.794 | 68% | 5%     |  28% |  17% | 100% | 0%   | 100% |   27% |  0% | bd_i/card/inst/u/gcr.u_attn/u_arr(71%),bd_i/card/inst/u/gcr.u_attn(18%),bd_i/eng/inst/eng/dut/core(6%)                          |
| South     | Long   |     6 | (CLEL_R_X10Y26,CLEL_R_X42Y89)     |            0% |         3.734 | 69% | 4%     |  29% |  19% | 100% | 0%   | 86%  |   26% |  0% | bd_i/card/inst/u/gcr.u_attn/u_arr(72%),bd_i/card/inst/u/gcr.u_attn(15%),bd_i/eng/inst/eng/dut/core(6%)                          |
| West      | Long   |     5 | (CLEL_R_X23Y48,DSP_X39Y75)        |            0% |         4.060 | 74% | 6%     |  27% |  19% | 100% | 0%   | 100% |   24% |  0% | bd_i/card/inst/u/gcr.u_attn/u_arr(71%),bd_i/card/inst/u/gcr.u_attn(10%),bd_i/eng/inst/eng/dut/core(9%)                          |
| West      | Long   |     6 | (CLEL_R_X26Y37,BRAM_X58Y100)      |            0% |         3.499 | 68% | 15%    |  31% |  18% | 98%  | NA   | 100% |   25% |  0% | bd_i/card/inst/u/gcr.u_attn/u_arr(54%),bd_i/eng/inst/eng/dut/core(18%),bd_i/card/inst/u/gcr.u_attn(13%)                         |
| North     | Short  |     5 | (CLEL_R_X115Y11,CLEL_R_X131Y42)   |           27% |         4.079 | 75% | 27%    |  38% |   8% | NA   | 50%  | 4%   |   11% |  0% | bd_i/card/inst/u/gcr.gkvaxi.u_kv(37%),bd_i/eng/inst/eng/dut/streamer(13%),bd_i/xdma/inst/udma_wrapper/dma_top/dma_pcie_req(10%) |
| South     | Short  |     5 | (CLEL_R_X84Y6,DSP_X100Y35)        |           40% |         3.598 | 64% | 32%    |  45% |   6% | 100% | 0%   | 97%  |   16% |  1% | bd_i/card/inst/u/gcr.gkvaxi.u_kv(53%),bd_i/eng/inst/eng/dut/core(22%),bd_i/eng/inst/eng/dut/streamer(14%)                       |
| East      | Short  |     5 | (CLEL_R_X113Y8,CLEL_R_X129Y39)    |           30% |         4.279 | 78% | 15%    |  40% |   7% | NA   | 50%  | 2%   |   13% |  0% | bd_i/card/inst/u/gcr.gkvaxi.u_kv(40%),bd_i/eng/inst/eng/dut/streamer(16%),bd_i(9%)                                              |
| East      | Short  |     6 | (CLEL_R_X81Y6,CLEL_R_X113Y69)     |           22% |         3.508 | 69% | 35%    |  39% |   5% | 100% | 0%   | 89%  |   21% |  0% | bd_i/card/inst/u/gcr.gkvaxi.u_kv(29%),bd_i/eng/inst/eng/dut/core(21%),bd_i/card/inst/u/gcr.u_attn(14%)                          |
| East      | Short  |     7 | (CLEL_R_X18Y5,DSP_X82Y130)        |            5% |         3.080 | 62% | 26%    |  34% |  12% | 89%  | 0%   | 95%  |   25% |  0% | bd_i/card/inst/u/gcr.u_attn/u_arr(31%),bd_i/eng/inst/eng/dut/core(20%),bd_i/card/inst/u/gcr.u_attn(15%)                         |
| West      | Short  |     5 | (CLEM_X67Y3,CLEM_X82Y34)          |           32% |         2.767 | 55% | 43%    |  55% |   0% | 100% | 0%   | 100% |   10% |  1% | bd_i/pcie2hbm/inst(79%),bd_i/eng/inst/eng/dut/core(11%),bd_i/eng/inst/eng/dut/streamer(6%)                                      |
| West      | Short  |     6 | (CLEL_R_X78Y5,CLEM_X111Y68)       |           22% |         3.435 | 68% | 36%    |  40% |   5% | 100% | 0%   | 96%  |   21% |  0% | bd_i/card/inst/u/gcr.gkvaxi.u_kv(27%),bd_i/eng/inst/eng/dut/core(21%),bd_i/card/inst/u/gcr.u_attn(13%)                          |
| West      | Short  |     7 | (CLEM_X17Y6,URAM_URAM_FT_X80Y120) |            5% |         3.080 | 62% | 25%    |  33% |  12% | 88%  | 0%   | 95%  |   26% |  0% | bd_i/card/inst/u/gcr.u_attn/u_arr(32%),bd_i/eng/inst/eng/dut/core(20%),bd_i/card/inst/u/gcr.u_attn(15%)                         |
+-----------+--------+-------+-----------------------------------+---------------+---------------+-----+--------+------+------+------+------+------+-------+-----+---------------------------------------------------------------------------------------------------------------------------------+


2. Router Initial Congestion
----------------------------

+-----------+--------+-------+------------------------------+---------------+---------------+-----+--------+------+------+------+------+------+-------+-----+----------------------------------------------------------------------------------------------------------+-------------------------------------------------------------------------------------------------------------------------------------------------------------------------------------------------------------------------------------------------------------------------------------------------------------------------------------------------------------------------------------------------------------------+
| Direction |  Type  | Level |            Window            | Combined LUTs | Avg LUT Input | LUT | LUTRAM | Flop | MUXF | RAMB | URAM |  DSP | CARRY | SRL |                                                Cell Names                                                |                                                                                                                                                                                                    Sub Windows                                                                                                                                                                                                    |
+-----------+--------+-------+------------------------------+---------------+---------------+-----+--------+------+------+------+------+------+-------+-----+----------------------------------------------------------------------------------------------------------+-------------------------------------------------------------------------------------------------------------------------------------------------------------------------------------------------------------------------------------------------------------------------------------------------------------------------------------------------------------------------------------------------------------------+
| South     | Global |     5 | (CLEM_X27Y48,CLEM_X42Y79)    |            0% |         4.878 | 78% |     6% |  27% |  20% | 100% |   NA | 100% |   28% |  0% | bd_i/card/inst/u/gcr.u_attn/u_arr(74%),bd_i/card/inst/u/gcr.u_attn(9%),bd_i/card/inst/u(8%)              | (CLEM_X27Y64,CLEL_R_X42Y79), (CLEM_X27Y48,CLEL_R_X42Y63)                                                                                                                                                                                                                                                                                                                                                          |
| West      | Global |     5 | (CLEM_X25Y28,CLEL_R_X56Y107) |            0% |         4.812 | 77% |    11% |  30% |  20% | 100% |   0% | 100% |   24% |  0% | bd_i/card/inst/u/gcr.u_attn/u_arr(70%),bd_i/eng/inst/eng/dut/core(10%),bd_i/card/inst/u/gcr.u_attn(9%)   | (CLEM_X25Y92,CLEL_R_X40Y107), (CLEM_X25Y76,CLEL_R_X40Y91), (CLEM_X25Y60,CLEL_R_X40Y75), (CLEM_X25Y44,CLEL_R_X40Y59), (CLEM_X41Y60,CLEL_R_X56Y75), (CLEM_X41Y44,CLEL_R_X56Y59), (CLEM_X41Y28,CLEL_R_X56Y43)                                                                                                                                                                                                        |
| West      | Global |     5 | (CLEM_X89Y12,CLEM_X104Y43)   |           26% |         3.639 | 86% |    38% |  38% |   4% | 100% |   0% |  95% |   27% |  0% | bd_i/card/inst/u/gcr.gkvaxi.u_kv(48%),bd_i/eng/inst/eng/dut/core(27%),bd_i/eng/inst/eng/dut/streamer(9%) | (CLEM_X89Y28,CLEL_R_X104Y43), (CLEM_X89Y12,CLEL_R_X104Y27)                                                                                                                                                                                                                                                                                                                                                        |
| North     | Long   |     5 | (CLEM_X18Y79,CLEM_X41Y118)   |            1% |         4.653 | 81% |    12% |  27% |  14% | 100% |   NA |  97% |   24% |  0% | bd_i/card/inst/u/gcr.u_attn/u_arr(49%),bd_i/card/inst/u/u_vres(15%),bd_i/card/inst/u(14%)                | (CLEM_X18Y111,CLEM_X25Y118), (CLEM_X18Y103,CLEM_X25Y110), (CLEM_X18Y95,CLEM_X25Y102), (CLEM_X18Y87,CLEM_X25Y94), (CLEL_R_X26Y103,CLEM_X33Y110), (CLEL_R_X26Y95,CLEM_X33Y102), (CLEL_R_X26Y87,CLEM_X33Y94), (CLEL_R_X26Y79,CLEM_X33Y86), (CLEM_X34Y111,CLEL_R_X41Y118), (CLEM_X34Y103,CLEL_R_X41Y110), (CLEM_X34Y95,CLEL_R_X41Y102), (CLEM_X34Y87,CLEL_R_X41Y94), (CLEM_X34Y79,CLEL_R_X41Y86)                      |
| North     | Long   |     5 | (CLEM_X18Y79,CLEM_X33Y110)   |            0% |         4.870 | 76% |    10% |  25% |  19% | 100% |   0% |  95% |   23% |  0% | bd_i/card/inst/u/gcr.u_attn/u_arr(73%),bd_i/card/inst/u(10%),bd_i/eng/inst/eng/dut/core(7%)              | (CLEM_X18Y95,CLEM_X33Y110), (CLEM_X18Y79,CLEM_X33Y94)                                                                                                                                                                                                                                                                                                                                                             |
| South     | Long   |     6 | (CLEM_X7Y12,CLEL_R_X38Y139)  |            0% |         4.938 | 75% |     7% |  27% |  17% | 100% |   0% |  97% |   30% |  0% | bd_i/card/inst/u/gcr.u_attn/u_arr(70%),bd_i/card/inst/u(11%),bd_i/card/inst/u/gcr.u_attn(10%)            | (CLEM_X7Y76,CLEM_X22Y91), (CLEM_X23Y124,CLEL_R_X38Y139), (CLEM_X23Y108,CLEL_R_X38Y123), (CLEM_X23Y92,CLEL_R_X38Y107), (CLEM_X23Y76,CLEL_R_X38Y91), (CLEM_X23Y60,CLEL_R_X38Y75), (CLEM_X23Y44,CLEL_R_X38Y59), (CLEM_X23Y28,CLEL_R_X38Y43), (CLEM_X23Y12,CLEL_R_X38Y27)                                                                                                                                             |
| South     | Long   |     6 | (CLEM_X7Y12,CLEL_R_X38Y139)  |            0% |         4.989 | 71% |     6% |  29% |  17% |  99% |   0% |  87% |   27% |  0% | bd_i/card/inst/u/gcr.u_attn/u_arr(69%),bd_i/card/inst/u/gcr.u_attn(14%),bd_i/card/inst/u(7%)             | (CLEM_X7Y108,CLEL_R_X38Y139), (CLEM_X7Y76,CLEL_R_X38Y107), (CLEM_X7Y44,CLEL_R_X38Y75), (CLEM_X7Y12,CLEL_R_X38Y43)                                                                                                                                                                                                                                                                                                 |
| West      | Long   |     6 | (CLEM_X22Y22,CLEM_X53Y117)   |            0% |         4.691 | 76% |    10% |  29% |  16% | 100% |   0% |  94% |   30% |  0% | bd_i/card/inst/u/gcr.u_attn/u_arr(61%),bd_i/card/inst/u/gcr.u_attn(13%),bd_i/card/inst/u(12%)            | (CLEM_X22Y86,CLEL_R_X53Y117), (CLEM_X22Y54,CLEL_R_X53Y85), (CLEM_X22Y22,CLEL_R_X53Y53)                                                                                                                                                                                                                                                                                                                            |
| West      | Short  |     5 | (CLEL_R_X74Y0,CLEM_X97Y95)   |           26% |         3.463 | 86% |    55% |  48% |   4% |  97% |   0% | 100% |   19% |  0% | bd_i/card/inst/u/gcr.gkvaxi.u_kv(25%),bd_i/eng/inst/eng/dut/core(23%),bd_i/pcie2hbm/inst(21%)            | (CLEL_R_X74Y8,CLEL_R_X81Y15), (CLEL_R_X74Y0,CLEL_R_X81Y7), (CLEM_X82Y8,CLEM_X89Y15), (CLEM_X90Y88,CLEL_R_X97Y95), (CLEM_X90Y80,CLEL_R_X97Y87), (CLEM_X90Y72,CLEL_R_X97Y79), (CLEM_X90Y64,CLEL_R_X97Y71), (CLEM_X90Y56,CLEL_R_X97Y63), (CLEM_X90Y48,CLEL_R_X97Y55), (CLEM_X90Y40,CLEL_R_X97Y47), (CLEM_X90Y32,CLEL_R_X97Y39), (CLEM_X90Y24,CLEL_R_X97Y31), (CLEM_X90Y16,CLEL_R_X97Y23), (CLEM_X90Y8,CLEL_R_X97Y15) |
+-----------+--------+-------+------------------------------+---------------+---------------+-----+--------+------+------+------+------+------+-------+-----+----------------------------------------------------------------------------------------------------------+-------------------------------------------------------------------------------------------------------------------------------------------------------------------------------------------------------------------------------------------------------------------------------------------------------------------------------------------------------------------------------------------------------------------+


3. SLR Net Crossing Reporting
-----------------------------

+------------+-----------------------------+
| Cell Names | Number of Nets crossing SLR |
+------------+-----------------------------+
* The current part is not an SSI device


