Copyright 1986-2022 Xilinx, Inc. All Rights Reserved. Copyright 2022-2023 Advanced Micro Devices, Inc. All Rights Reserved.
---------------------------------------------------------------------------------------------------------------------------------------------
| Tool Version : Vivado v.2023.2 (lin64) Build 4029153 Fri Oct 13 20:13:54 MDT 2023
| Date         : Sun Sep 20 18:27:44 2026
| Host         : Oren-Dell-Ubuntu running 64-bit Ubuntu 22.04.5 LTS
| Command      : report_utilization -cells [get_cells bd_i/eng] -file fk33_pcieep_engine_util.rpt
| Design       : bd_wrapper
| Device       : xcvu33p-fsvh2104-2L-e
| Speed File   : -2L
| Design State : Routed
---------------------------------------------------------------------------------------------------------------------------------------------

Utilization Design Information

Table of Contents
-----------------
1. CLB Logic
1.1 Summary of Registers by Type
2. CLB Logic Distribution
3. BLOCKRAM
4. ARITHMETIC
5. I/O
6. CLOCK
7. ADVANCED
8. CONFIGURATION
9. Primitives
10. Black Boxes
11. Instantiated Netlists

1. CLB Logic
------------

+----------------------------+-------+-------+------------+-----------+-------+
|          Site Type         |  Used | Fixed | Prohibited | Available | Util% |
+----------------------------+-------+-------+------------+-----------+-------+
| CLB LUTs                   | 89019 |     0 |          0 |    439680 | 20.25 |
|   LUT as Logic             | 71877 |     0 |          0 |    439680 | 16.35 |
|   LUT as Memory            | 17142 |     0 |          0 |    205440 |  8.34 |
|     LUT as Distributed RAM | 16728 |     0 |            |           |       |
|     LUT as Shift Register  |   414 |     0 |            |           |       |
| CLB Registers              | 76934 |     0 |          0 |    879360 |  8.75 |
|   Register as Flip Flop    | 76934 |     0 |          0 |    879360 |  8.75 |
|   Register as Latch        |     0 |     0 |          0 |    879360 |  0.00 |
| CARRY8                     |  6452 |     0 |          0 |     54960 | 11.74 |
| F7 Muxes                   |   251 |     0 |          0 |    219840 |  0.11 |
| F8 Muxes                   |    90 |     0 |          0 |    109920 |  0.08 |
| F9 Muxes                   |     0 |     0 |          0 |     54960 |  0.00 |
+----------------------------+-------+-------+------------+-----------+-------+
* Warning! LUT value is adjusted to account for LUT combining.


1.1 Summary of Registers by Type
--------------------------------

+-------+--------------+-------------+--------------+
| Total | Clock Enable | Synchronous | Asynchronous |
+-------+--------------+-------------+--------------+
| 0     |            _ |           - |            - |
| 0     |            _ |           - |          Set |
| 0     |            _ |           - |        Reset |
| 0     |            _ |         Set |            - |
| 0     |            _ |       Reset |            - |
| 0     |          Yes |           - |            - |
| 0     |          Yes |           - |          Set |
| 0     |          Yes |           - |        Reset |
| 0     |          Yes |         Set |            - |
| 76934 |          Yes |       Reset |            - |
+-------+--------------+-------------+--------------+


2. CLB Logic Distribution
-------------------------

+--------------------------------------------+-------+-------+------------+-----------+-------+
|                  Site Type                 |  Used | Fixed | Prohibited | Available | Util% |
+--------------------------------------------+-------+-------+------------+-----------+-------+
| CLB                                        | 18565 |     0 |          0 |     54960 | 33.78 |
|   CLBL                                     |  9979 |     0 |            |           |       |
|   CLBM                                     |  8586 |     0 |            |           |       |
| LUT as Logic                               | 71877 |     0 |          0 |    439680 | 16.35 |
|   using O5 output only                     |   206 |       |            |           |       |
|   using O6 output only                     | 62085 |       |            |           |       |
|   using O5 and O6                          |  9586 |       |            |           |       |
| LUT as Memory                              | 17142 |     0 |          0 |    205440 |  8.34 |
|   LUT as Distributed RAM                   | 16728 |     0 |            |           |       |
|     using O5 output only                   |     0 |       |            |           |       |
|     using O6 output only                   |     0 |       |            |           |       |
|     using O5 and O6                        | 16728 |       |            |           |       |
|   LUT as Shift Register                    |   414 |     0 |            |           |       |
|     using O5 output only                   |     0 |       |            |           |       |
|     using O6 output only                   |    30 |       |            |           |       |
|     using O5 and O6                        |   384 |       |            |           |       |
| CLB Registers                              | 76934 |     0 |          0 |    879360 |  8.75 |
|   Register driven from within the CLB      | 44556 |       |            |           |       |
|   Register driven from outside the CLB     | 32378 |       |            |           |       |
|     LUT in front of the register is unused | 22330 |       |            |           |       |
|     LUT in front of the register is used   | 10048 |       |            |           |       |
| Unique Control Sets                        |  1956 |       |          0 |    109920 |  1.78 |
+--------------------------------------------+-------+-------+------------+-----------+-------+
* * Note: Available Control Sets calculated as Slices * 2, Review the Control Sets Report for more information regarding control sets.


3. BLOCKRAM
-----------

+-------------------+-------+-------+------------+-----------+-------+
|     Site Type     |  Used | Fixed | Prohibited | Available | Util% |
+-------------------+-------+-------+------------+-----------+-------+
| Block RAM Tile    | 192.5 |     0 |          0 |       672 | 28.65 |
|   RAMB36/FIFO*    |   192 |     0 |          0 |       672 | 28.57 |
|     RAMB36E2 only |   192 |       |            |           |       |
|   RAMB18          |     1 |     0 |          0 |      1344 |  0.07 |
|     RAMB18E2 only |     1 |       |            |           |       |
| URAM              |     0 |     0 |          0 |       320 |  0.00 |
+-------------------+-------+-------+------------+-----------+-------+
* Note: Each Block RAM Tile only has one FIFO logic available and therefore can accommodate only one FIFO36E2 or one FIFO18E2. However, if a FIFO18E2 occupies a Block RAM Tile, that tile can still accommodate a RAMB18E2


4. ARITHMETIC
-------------

+----------------+------+-------+------------+-----------+-------+
|    Site Type   | Used | Fixed | Prohibited | Available | Util% |
+----------------+------+-------+------------+-----------+-------+
| DSPs           | 1585 |     0 |          0 |      2880 | 55.03 |
|   DSP48E2 only | 1585 |       |            |           |       |
+----------------+------+-------+------------+-----------+-------+


5. I/O
------

+------------------+------+-------+------------+-----------+-------+
|     Site Type    | Used | Fixed | Prohibited | Available | Util% |
+------------------+------+-------+------------+-----------+-------+
| Bonded IOB       |    0 |     0 |          0 |       208 |  0.00 |
| HPIOB_M          |    0 |     0 |          0 |        96 |  0.00 |
| HPIOB_S          |    0 |     0 |          0 |        96 |  0.00 |
| HPIOB_SNGL       |    0 |     0 |          0 |        16 |  0.00 |
| HPIOBDIFFINBUF   |    0 |     0 |          0 |        96 |  0.00 |
| HPIOBDIFFOUTBUF  |    0 |     0 |          0 |        96 |  0.00 |
| BITSLICE_CONTROL |    0 |     0 |          0 |        32 |  0.00 |
| BITSLICE_RX_TX   |    0 |     0 |          0 |      1248 |  0.00 |
| BITSLICE_TX      |    0 |     0 |          0 |        32 |  0.00 |
| RIU_OR           |    0 |     0 |          0 |        16 |  0.00 |
+------------------+------+-------+------------+-----------+-------+


6. CLOCK
--------

+----------------------+------+-------+------------+-----------+-------+
|       Site Type      | Used | Fixed | Prohibited | Available | Util% |
+----------------------+------+-------+------------+-----------+-------+
| GLOBAL CLOCK BUFFERs |    4 |     0 |          0 |       336 |  1.19 |
|   BUFGCE             |    4 |     0 |          0 |        96 |  4.17 |
|   BUFGCE_DIV         |    0 |     0 |          0 |        16 |  0.00 |
|   BUFG_GT            |    0 |     0 |          0 |       192 |  0.00 |
|   BUFGCTRL*          |    0 |     0 |          0 |        32 |  0.00 |
| PLL                  |    0 |     0 |          0 |         8 |  0.00 |
| MMCM                 |    0 |     0 |          0 |         4 |  0.00 |
+----------------------+------+-------+------------+-----------+-------+
* Note: Each used BUFGCTRL counts as two GLOBAL CLOCK BUFFERs. This table does not include global clocking resources, only buffer cell usage. See the Clock Utilization Report (report_clock_utilization) for detailed accounting of global clocking resource availability.


7. ADVANCED
-----------

+----------------------+------+-------+------------+-----------+-------+
|       Site Type      | Used | Fixed | Prohibited | Available | Util% |
+----------------------+------+-------+------------+-----------+-------+
| CMACE4               |    0 |     0 |          0 |         2 |  0.00 |
| GTYE4_CHANNEL        |    0 |     0 |          0 |        32 |  0.00 |
| GTYE4_COMMON         |    0 |     0 |          0 |         8 |  0.00 |
| HBM_REF_CLK          |    0 |     0 |          0 |         2 |  0.00 |
| HBM_SNGLBLI_INTF_APB |    0 |     0 |          0 |        32 |  0.00 |
| HBM_SNGLBLI_INTF_AXI |    0 |     0 |          0 |        32 |  0.00 |
| OBUFDS_GTE4          |    0 |     0 |          0 |        16 |  0.00 |
| OBUFDS_GTE4_ADV      |    0 |     0 |          0 |        16 |  0.00 |
| PCIE4CE4             |    0 |     0 |          0 |         4 |  0.00 |
| SYSMONE4             |    0 |     0 |          0 |         1 |  0.00 |
+----------------------+------+-------+------------+-----------+-------+


8. CONFIGURATION
----------------

+-------------+------+-------+------------+-----------+-------+
|  Site Type  | Used | Fixed | Prohibited | Available | Util% |
+-------------+------+-------+------------+-----------+-------+
| BSCANE2     |    0 |     0 |          0 |         4 |  0.00 |
| DNA_PORTE2  |    0 |     0 |          0 |         1 |  0.00 |
| EFUSE_USR   |    0 |     0 |          0 |         1 |  0.00 |
| FRAME_ECCE4 |    0 |     0 |          0 |         1 |  0.00 |
| ICAPE3      |    0 |     0 |          0 |         2 |  0.00 |
| MASTER_JTAG |    0 |     0 |          0 |         1 |  0.00 |
| STARTUPE3   |    0 |     0 |          0 |         1 |  0.00 |
+-------------+------+-------+------------+-----------+-------+


9. Primitives
-------------

+----------+-------+---------------------+
| Ref Name |  Used | Functional Category |
+----------+-------+---------------------+
| FDRE     | 76934 |            Register |
| LUT2     | 31770 |                 CLB |
| RAMD32   | 29246 |                 CLB |
| LUT6     | 15946 |                 CLB |
| LUT5     | 13646 |                 CLB |
| LUT3     | 13529 |                 CLB |
| CARRY8   |  6452 |                 CLB |
| LUT4     |  4394 |                 CLB |
| RAMS32   |  4210 |                 CLB |
| LUT1     |  2178 |                 CLB |
| DSP48E2  |  1585 |          Arithmetic |
| SRL16E   |   798 |                 CLB |
| MUXF7    |   251 |                 CLB |
| RAMB36E2 |   192 |            BLOCKRAM |
| MUXF8    |    90 |                 CLB |
| BUFGCE   |     4 |               Clock |
| RAMB18E2 |     1 |            BLOCKRAM |
+----------+-------+---------------------+


10. Black Boxes
---------------

+----------+------+
| Ref Name | Used |
+----------+------+


11. Instantiated Netlists
-------------------------

+----------+------+
| Ref Name | Used |
+----------+------+
| dbg_hub  |    1 |
+----------+------+


