Copyright 1986-2022 Xilinx, Inc. All Rights Reserved. Copyright 2022-2023 Advanced Micro Devices, Inc. All Rights Reserved.
--------------------------------------------------------------------------------------------------------------------------------------------------
| Tool Version      : Vivado v.2023.2 (lin64) Build 4029153 Fri Oct 13 20:13:54 MDT 2023
| Date              : Sat Aug 29 20:51:19 2026
| Host              : Oren-Dell-Ubuntu running 64-bit Ubuntu 22.04.5 LTS
| Command           : report_timing_summary -file /mnt/storage/readconv/out/timing_pr_flat_v_sel1.rpt
| Design            : readconv_flat
| Device            : xcvu33p-fsvh2104
| Speed File        : -2L  PRODUCTION 1.30 05-01-2022
| Design State      : Synthesized
| Temperature Grade : E
--------------------------------------------------------------------------------------------------------------------------------------------------

Timing Summary Report

------------------------------------------------------------------------------------------------
| Timer Settings
| --------------
------------------------------------------------------------------------------------------------

  Enable Multi Corner Analysis               :  Yes
  Enable Pessimism Removal                   :  Yes
  Pessimism Removal Resolution               :  Nearest Common Node
  Enable Input Delay Default Clock           :  No
  Enable Preset / Clear Arcs                 :  No
  Disable Flight Delays                      :  No
  Ignore I/O Paths                           :  No
  Timing Early Launch at Borrowing Latches   :  No
  Borrow Time for Max Delay Exceptions       :  Yes
  Merge Timing Exceptions                    :  Yes
  Inter-SLR Compensation                     :  Conservative

  Corner  Analyze    Analyze    
  Name    Max Paths  Min Paths  
  ------  ---------  ---------  
  Slow    Yes        Yes        
  Fast    Yes        Yes        


------------------------------------------------------------------------------------------------
| Report Methodology
| ------------------
------------------------------------------------------------------------------------------------

No report available as report_methodology has not been run prior. Run report_methodology on the current design for the summary of methodology violations.



check_timing report

Table of Contents
-----------------
1. checking no_clock (0)
2. checking constant_clock (0)
3. checking pulse_width_clock (0)
4. checking unconstrained_internal_endpoints (0)
5. checking no_input_delay (88)
6. checking no_output_delay (16)
7. checking multiple_clock (0)
8. checking generated_clocks (0)
9. checking loops (0)
10. checking partial_input_delay (0)
11. checking partial_output_delay (0)
12. checking latch_loops (0)

1. checking no_clock (0)
------------------------
 There are 0 register/latch pins with no clock.


2. checking constant_clock (0)
------------------------------
 There are 0 register/latch pins with constant_clock.


3. checking pulse_width_clock (0)
---------------------------------
 There are 0 register/latch pins which need pulse_width check


4. checking unconstrained_internal_endpoints (0)
------------------------------------------------
 There are 0 pins that are not constrained for maximum delay.

 There are 0 pins that are not constrained for maximum delay due to constant clock.


5. checking no_input_delay (88)
-------------------------------
 There are 88 input ports with no input delay specified. (HIGH)

 There are 0 input ports with no input delay but user has a false path constraint.


6. checking no_output_delay (16)
--------------------------------
 There are 16 ports with no output delay specified. (HIGH)

 There are 0 ports with no output delay but user has a false path constraint

 There are 0 ports with no output delay but with a timing clock defined on it or propagating through it


7. checking multiple_clock (0)
------------------------------
 There are 0 register/latch pins with multiple clocks.


8. checking generated_clocks (0)
--------------------------------
 There are 0 generated clocks that are not connected to a clock source.


9. checking loops (0)
---------------------
 There are 0 combinational loops in the design.


10. checking partial_input_delay (0)
------------------------------------
 There are 0 input ports with partial input delay specified.


11. checking partial_output_delay (0)
-------------------------------------
 There are 0 ports with partial output delay specified.


12. checking latch_loops (0)
----------------------------
 There are 0 combinational latch loops in the design through latch input



------------------------------------------------------------------------------------------------
| Design Timing Summary
| ---------------------
------------------------------------------------------------------------------------------------

    WNS(ns)      TNS(ns)  TNS Failing Endpoints  TNS Total Endpoints      WHS(ns)      THS(ns)  THS Failing Endpoints  THS Total Endpoints     WPWS(ns)     TPWS(ns)  TPWS Failing Endpoints  TPWS Total Endpoints  
    -------      -------  ---------------------  -------------------      -------      -------  ---------------------  -------------------     --------     --------  ----------------------  --------------------  
      3.602        0.000                      0                   16        0.350        0.000                      0                   16        2.225        0.000                       0                 65552  


All user specified timing constraints are met.


------------------------------------------------------------------------------------------------
| Clock Summary
| -------------
------------------------------------------------------------------------------------------------

Clock  Waveform(ns)         Period(ns)      Frequency(MHz)
-----  ------------         ----------      --------------
clk    {0.000 2.500}        5.000           200.000         


------------------------------------------------------------------------------------------------
| Intra Clock Table
| -----------------
------------------------------------------------------------------------------------------------

Clock             WNS(ns)      TNS(ns)  TNS Failing Endpoints  TNS Total Endpoints      WHS(ns)      THS(ns)  THS Failing Endpoints  THS Total Endpoints     WPWS(ns)     TPWS(ns)  TPWS Failing Endpoints  TPWS Total Endpoints  
-----             -------      -------  ---------------------  -------------------      -------      -------  ---------------------  -------------------     --------     --------  ----------------------  --------------------  
clk                 3.602        0.000                      0                   16        0.350        0.000                      0                   16        2.225        0.000                       0                 65552  


------------------------------------------------------------------------------------------------
| Inter Clock Table
| -----------------
------------------------------------------------------------------------------------------------

From Clock    To Clock          WNS(ns)      TNS(ns)  TNS Failing Endpoints  TNS Total Endpoints      WHS(ns)      THS(ns)  THS Failing Endpoints  THS Total Endpoints  
----------    --------          -------      -------  ---------------------  -------------------      -------      -------  ---------------------  -------------------  


------------------------------------------------------------------------------------------------
| Other Path Groups Table
| -----------------------
------------------------------------------------------------------------------------------------

Path Group    From Clock    To Clock          WNS(ns)      TNS(ns)  TNS Failing Endpoints  TNS Total Endpoints      WHS(ns)      THS(ns)  THS Failing Endpoints  THS Total Endpoints  
----------    ----------    --------          -------      -------  ---------------------  -------------------      -------      -------  ---------------------  -------------------  


------------------------------------------------------------------------------------------------
| Timing Details
| --------------
------------------------------------------------------------------------------------------------


---------------------------------------------------------------------------------------------------
From Clock:  clk
  To Clock:  clk

Setup :            0  Failing Endpoints,  Worst Slack        3.602ns,  Total Violation        0.000ns
Hold  :            0  Failing Endpoints,  Worst Slack        0.350ns,  Total Violation        0.000ns
PW    :            0  Failing Endpoints,  Worst Slack        2.225ns,  Total Violation        0.000ns
---------------------------------------------------------------------------------------------------


Max Delay Paths
--------------------------------------------------------------------------------------
Slack (MET) :             3.602ns  (required time - arrival time)
  Source:                 gw[204].buf_reg[13104]/C
                            (rising edge-triggered cell FDRE clocked by clk  {rise@0.000ns fall@2.500ns period=5.000ns})
  Destination:            r_data_reg[0]/D
                            (rising edge-triggered cell FDRE clocked by clk  {rise@0.000ns fall@2.500ns period=5.000ns})
  Path Group:             clk
  Path Type:              Setup (Max at Slow Process Corner)
  Requirement:            5.000ns  (clk rise@5.000ns - clk rise@0.000ns)
  Data Path Delay:        1.380ns  (logic 0.717ns (51.957%)  route 0.663ns (48.043%))
  Logic Levels:           9  (LUT6=3 MUXF7=3 MUXF8=3)
  Clock Path Skew:        -0.008ns (DCD - SCD + CPR)
    Destination Clock Delay (DCD):    0.020ns = ( 5.020 - 5.000 ) 
    Source Clock Delay      (SCD):    0.028ns
    Clock Pessimism Removal (CPR):    0.000ns
  Clock Uncertainty:      0.035ns  ((TSJ^2 + TIJ^2)^1/2 + DJ) / 2 + PE
    Total System Jitter     (TSJ):    0.071ns
    Total Input Jitter      (TIJ):    0.000ns
    Discrete Jitter          (DJ):    0.000ns
    Phase Error              (PE):    0.000ns

    Location             Delay type                Incr(ns)  Path(ns)    Netlist Resource(s)
  -------------------------------------------------------------------    -------------------
                         (clock clk rise edge)        0.000     0.000 r  
                                                      0.000     0.000 r  clk (IN)
                         net (fo=65551, unset)        0.028     0.028    clk
                         FDRE                                         r  gw[204].buf_reg[13104]/C
  -------------------------------------------------------------------    -------------------
                         FDRE (Prop_FDRE_C_Q)         0.077     0.105 r  gw[204].buf_reg[13104]/Q
                         net (fo=1, unplaced)         0.154     0.259    gw[204].buf_reg_n_0_[13104]
                         LUT6 (Prop_LUT6_I0_O)        0.145     0.404 r  r_data[0]_i_888/O
                         net (fo=1, unplaced)         0.032     0.436    r_data[0]_i_888_n_0
                         MUXF7 (Prop_MUXF7_I0_O)      0.069     0.505 r  r_data_reg[0]_i_376/O
                         net (fo=1, unplaced)         0.000     0.505    r_data_reg[0]_i_376_n_0
                         MUXF8 (Prop_MUXF8_I0_O)      0.030     0.535 r  r_data_reg[0]_i_120/O
                         net (fo=1, unplaced)         0.187     0.722    r_data_reg[0]_i_120_n_0
                         LUT6 (Prop_LUT6_I0_O)        0.099     0.821 r  r_data[0]_i_56/O
                         net (fo=1, unplaced)         0.032     0.853    r_data[0]_i_56_n_0
                         MUXF7 (Prop_MUXF7_I0_O)      0.069     0.922 r  r_data_reg[0]_i_24/O
                         net (fo=1, unplaced)         0.000     0.922    r_data_reg[0]_i_24_n_0
                         MUXF8 (Prop_MUXF8_I0_O)      0.030     0.952 r  r_data_reg[0]_i_8/O
                         net (fo=1, unplaced)         0.187     1.139    r_data_reg[0]_i_8_n_0
                         LUT6 (Prop_LUT6_I0_O)        0.099     1.238 r  r_data[0]_i_4/O
                         net (fo=1, unplaced)         0.032     1.270    r_data[0]_i_4_n_0
                         MUXF7 (Prop_MUXF7_I0_O)      0.069     1.339 r  r_data_reg[0]_i_2/O
                         net (fo=1, unplaced)         0.000     1.339    r_data_reg[0]_i_2_n_0
                         MUXF8 (Prop_MUXF8_I0_O)      0.030     1.369 r  r_data_reg[0]_i_1/O
                         net (fo=1, unplaced)         0.039     1.408    r_data_reg[0]_i_1_n_0
                         FDRE                                         r  r_data_reg[0]/D
  -------------------------------------------------------------------    -------------------

                         (clock clk rise edge)        5.000     5.000 r  
                                                      0.000     5.000 r  clk (IN)
                         net (fo=65551, unset)        0.020     5.020    clk
                         FDRE                                         r  r_data_reg[0]/C
                         clock pessimism              0.000     5.020    
                         clock uncertainty           -0.035     4.985    
                         FDRE (Setup_FDRE_C_D)        0.025     5.010    r_data_reg[0]
  -------------------------------------------------------------------
                         required time                          5.010    
                         arrival time                          -1.408    
  -------------------------------------------------------------------
                         slack                                  3.602    





Min Delay Paths
--------------------------------------------------------------------------------------
Slack (MET) :             0.350ns  (arrival time - required time)
  Source:                 gw[887].buf_reg[56784]/C
                            (rising edge-triggered cell FDRE clocked by clk  {rise@0.000ns fall@2.500ns period=5.000ns})
  Destination:            r_data_reg[0]/D
                            (rising edge-triggered cell FDRE clocked by clk  {rise@0.000ns fall@2.500ns period=5.000ns})
  Path Group:             clk
  Path Type:              Hold (Min at Fast Process Corner)
  Requirement:            0.000ns  (clk rise@0.000ns - clk rise@0.000ns)
  Data Path Delay:        0.402ns  (logic 0.185ns (46.020%)  route 0.217ns (53.980%))
  Logic Levels:           9  (LUT6=3 MUXF7=3 MUXF8=3)
  Clock Path Skew:        0.006ns (DCD - SCD - CPR)
    Destination Clock Delay (DCD):    0.018ns
    Source Clock Delay      (SCD):    0.012ns
    Clock Pessimism Removal (CPR):    -0.000ns

    Location             Delay type                Incr(ns)  Path(ns)    Netlist Resource(s)
  -------------------------------------------------------------------    -------------------
                         (clock clk rise edge)        0.000     0.000 r  
                                                      0.000     0.000 r  clk (IN)
                         net (fo=65551, unset)        0.012     0.012    clk
                         FDRE                                         r  gw[887].buf_reg[56784]/C
  -------------------------------------------------------------------    -------------------
                         FDRE (Prop_FDRE_C_Q)         0.038     0.050 r  gw[887].buf_reg[56784]/Q
                         net (fo=1, unplaced)         0.047     0.097    gw[887].buf_reg_n_0_[56784]
                         LUT6 (Prop_LUT6_I3_O)        0.035     0.132 r  r_data[0]_i_1843/O
                         net (fo=1, unplaced)         0.009     0.141    r_data[0]_i_1843_n_0
                         MUXF7 (Prop_MUXF7_I1_O)      0.010     0.151 r  r_data_reg[0]_i_853/O
                         net (fo=1, unplaced)         0.000     0.151    r_data_reg[0]_i_853_n_0
                         MUXF8 (Prop_MUXF8_I1_O)      0.012     0.163 r  r_data_reg[0]_i_358/O
                         net (fo=1, unplaced)         0.067     0.230    r_data_reg[0]_i_358_n_0
                         LUT6 (Prop_LUT6_I3_O)        0.023     0.253 r  r_data[0]_i_115/O
                         net (fo=1, unplaced)         0.009     0.262    r_data[0]_i_115_n_0
                         MUXF7 (Prop_MUXF7_I1_O)      0.010     0.272 r  r_data_reg[0]_i_53/O
                         net (fo=1, unplaced)         0.000     0.272    r_data_reg[0]_i_53_n_0
                         MUXF8 (Prop_MUXF8_I1_O)      0.012     0.284 r  r_data_reg[0]_i_22/O
                         net (fo=1, unplaced)         0.067     0.351    r_data_reg[0]_i_22_n_0
                         LUT6 (Prop_LUT6_I3_O)        0.023     0.374 r  r_data[0]_i_7/O
                         net (fo=1, unplaced)         0.009     0.383    r_data[0]_i_7_n_0
                         MUXF7 (Prop_MUXF7_I1_O)      0.010     0.393 r  r_data_reg[0]_i_3/O
                         net (fo=1, unplaced)         0.000     0.393    r_data_reg[0]_i_3_n_0
                         MUXF8 (Prop_MUXF8_I1_O)      0.012     0.405 r  r_data_reg[0]_i_1/O
                         net (fo=1, unplaced)         0.009     0.414    r_data_reg[0]_i_1_n_0
                         FDRE                                         r  r_data_reg[0]/D
  -------------------------------------------------------------------    -------------------

                         (clock clk rise edge)        0.000     0.000 r  
                                                      0.000     0.000 r  clk (IN)
                         net (fo=65551, unset)        0.018     0.018    clk
                         FDRE                                         r  r_data_reg[0]/C
                         clock pessimism              0.000     0.018    
                         FDRE (Hold_FDRE_C_D)         0.046     0.064    r_data_reg[0]
  -------------------------------------------------------------------
                         required time                         -0.064    
                         arrival time                           0.414    
  -------------------------------------------------------------------
                         slack                                  0.350    





Pulse Width Checks
--------------------------------------------------------------------------------------
Clock Name:         clk
Waveform(ns):       { 0.000 2.500 }
Period(ns):         5.000
Sources:            { clk }

Check Type        Corner  Lib Pin  Reference Pin  Required(ns)  Actual(ns)  Slack(ns)  Location  Pin
Min Period        n/a     FDRE/C   n/a            0.550         5.000       4.450                gw[0].buf_reg[0]/C
Low Pulse Width   Slow    FDRE/C   n/a            0.275         2.500       2.225                gw[0].buf_reg[0]/C
High Pulse Width  Slow    FDRE/C   n/a            0.275         2.500       2.225                gw[0].buf_reg[0]/C



