BUS CHECK  100 pot reads, 0 bad, value 68
START  /dev/xdma1_user  wiper 68  VCCINT 0.7143 V  die 52.6 C
  wiper  67  VCCINT 0.7140 V  (-0.0003)  die 52.0 C
  wiper  66  VCCINT 0.7151 V  (+0.0011)  die 52.5 C
  wiper  65  VCCINT 0.7179 V  (+0.0027)  die 52.3 C
  wiper  64  VCCINT 0.7196 V  (+0.0017)  die 53.2 C
  wiper  63  VCCINT 0.7186 V  (-0.0009)  die 51.8 C
  wiper  62  VCCINT 0.7206 V  (+0.0020)  die 51.7 C
  wiper  61  VCCINT 0.7205 V  (-0.0001)  die 53.1 C
  wiper  60  VCCINT 0.7238 V  (+0.0033)  die 52.3 C
  wiper  59  VCCINT 0.7222 V  (-0.0016)  die 52.6 C
  wiper  58  VCCINT 0.7249 V  (+0.0027)  die 51.2 C
  wiper  57  VCCINT 0.7257 V  (+0.0008)  die 51.0 C
  wiper  56  VCCINT 0.7270 V  (+0.0013)  die 51.5 C
  wiper  55  VCCINT 0.7285 V  (+0.0015)  die 52.3 C
  wiper  54  VCCINT 0.7280 V  (-0.0005)  die 51.9 C
  wiper  53  VCCINT 0.7306 V  (+0.0027)  die 52.0 C
  wiper  52  VCCINT 0.7322 V  (+0.0016)  die 51.8 C
  wiper  51  VCCINT 0.7343 V  (+0.0020)  die 52.1 C
  wiper  50  VCCINT 0.7347 V  (+0.0004)  die 52.2 C
  wiper  49  VCCINT 0.7371 V  (+0.0025)  die 52.9 C
  wiper  48  VCCINT 0.7392 V  (+0.0020)  die 52.1 C
  wiper  47  VCCINT 0.7387 V  (-0.0005)  die 53.2 C
  wiper  46  VCCINT 0.7395 V  (+0.0008)  die 50.9 C
  wiper  45  VCCINT 0.7402 V  (+0.0007)  die 52.3 C
  wiper  44  VCCINT 0.7429 V  (+0.0026)  die 52.2 C
  wiper  43  VCCINT 0.7441 V  (+0.0013)  die 53.3 C
  wiper  42  VCCINT 0.7457 V  (+0.0015)  die 52.6 C
  wiper  41  VCCINT 0.7465 V  (+0.0008)  die 52.3 C
  wiper  40  VCCINT 0.7481 V  (+0.0016)  die 51.5 C
  wiper  39  VCCINT 0.7491 V  (+0.0011)  die 52.0 C
  wiper  38  VCCINT 0.7519 V  (+0.0027)  die 51.9 C
  wiper  37  VCCINT 0.7543 V  (+0.0024)  die 53.3 C
  wiper  36  VCCINT 0.7553 V  (+0.0010)  die 52.3 C
  wiper  35  VCCINT 0.7567 V  (+0.0014)  die 52.8 C
  wiper  34  VCCINT 0.7603 V  (+0.0036)  die 52.0 C
  wiper  33  VCCINT 0.7610 V  (+0.0008)  die 52.4 C
  wiper  32  VCCINT 0.7628 V  (+0.0018)  die 52.4 C
  wiper  31  VCCINT 0.7646 V  (+0.0018)  die 51.0 C
  wiper  30  VCCINT 0.7674 V  (+0.0028)  die 52.9 C
  wiper  29  VCCINT 0.7678 V  (+0.0003)  die 52.0 C
  wiper  28  VCCINT 0.7714 V  (+0.0037)  die 52.6 C
  wiper  27  VCCINT 0.7715 V  (+0.0001)  die 51.9 C
  wiper  26  VCCINT 0.7732 V  (+0.0016)  die 51.7 C
  wiper  25  VCCINT 0.7786 V  (+0.0054)  die 52.7 C
RAISED  wiper 25  VCCINT 0.7786 V  (target)
