BUS CHECK  100 pot reads, 0 bad, value 2
START  /dev/xdma1_user  wiper 2  VCCINT 0.8527 V  die 56.3 C
RESTORE: wiper 2  0.8522 V -> wiper 68
  wiper   3  VCCINT 0.8458 V  (-0.0065)  die 55.5 C
  wiper   4  VCCINT 0.8426 V  (-0.0032)  die 54.7 C
  wiper   5  VCCINT 0.8389 V  (-0.0037)  die 54.8 C
  wiper   6  VCCINT 0.8349 V  (-0.0040)  die 55.7 C
  wiper   7  VCCINT 0.8305 V  (-0.0044)  die 55.4 C
  wiper   8  VCCINT 0.8256 V  (-0.0049)  die 54.6 C
  wiper   9  VCCINT 0.8245 V  (-0.0011)  die 55.9 C
  wiper  10  VCCINT 0.8188 V  (-0.0056)  die 55.4 C
  wiper  11  VCCINT 0.8171 V  (-0.0017)  die 55.1 C
  wiper  12  VCCINT 0.8143 V  (-0.0028)  die 55.9 C
  wiper  13  VCCINT 0.8125 V  (-0.0017)  die 55.3 C
  wiper  14  VCCINT 0.8069 V  (-0.0057)  die 57.0 C
  wiper  15  VCCINT 0.8032 V  (-0.0037)  die 55.6 C
  wiper  16  VCCINT 0.8009 V  (-0.0023)  die 55.6 C
  wiper  17  VCCINT 0.7962 V  (-0.0047)  die 54.7 C
  wiper  18  VCCINT 0.7948 V  (-0.0014)  die 55.6 C
  wiper  19  VCCINT 0.7918 V  (-0.0030)  die 55.7 C
  wiper  20  VCCINT 0.7893 V  (-0.0025)  die 55.4 C
  wiper  21  VCCINT 0.7876 V  (-0.0017)  die 55.3 C
  wiper  22  VCCINT 0.7834 V  (-0.0042)  die 55.3 C
  wiper  23  VCCINT 0.7820 V  (-0.0014)  die 55.6 C
  wiper  24  VCCINT 0.7800 V  (-0.0020)  die 56.5 C
  wiper  25  VCCINT 0.7787 V  (-0.0014)  die 54.5 C
  wiper  26  VCCINT 0.7744 V  (-0.0042)  die 55.2 C
  wiper  27  VCCINT 0.7720 V  (-0.0024)  die 55.2 C
  wiper  28  VCCINT 0.7706 V  (-0.0014)  die 56.0 C
  wiper  29  VCCINT 0.7686 V  (-0.0020)  die 56.5 C
  wiper  30  VCCINT 0.7663 V  (-0.0023)  die 55.4 C
  wiper  31  VCCINT 0.7640 V  (-0.0023)  die 55.5 C
  wiper  32  VCCINT 0.7637 V  (-0.0002)  die 54.7 C
  wiper  33  VCCINT 0.7625 V  (-0.0013)  die 56.4 C
  wiper  34  VCCINT 0.7599 V  (-0.0026)  die 55.8 C
  wiper  35  VCCINT 0.7563 V  (-0.0036)  die 55.0 C
  wiper  36  VCCINT 0.7557 V  (-0.0006)  die 56.3 C
  wiper  37  VCCINT 0.7548 V  (-0.0009)  die 55.4 C
  wiper  38  VCCINT 0.7516 V  (-0.0032)  die 54.6 C
  wiper  39  VCCINT 0.7514 V  (-0.0001)  die 55.6 C
  wiper  40  VCCINT 0.7500 V  (-0.0014)  die 55.4 C
  wiper  41  VCCINT 0.7476 V  (-0.0025)  die 55.1 C
  wiper  42  VCCINT 0.7448 V  (-0.0027)  die 54.7 C
  wiper  43  VCCINT 0.7440 V  (-0.0008)  die 55.4 C
  wiper  44  VCCINT 0.7423 V  (-0.0017)  die 55.3 C
  wiper  45  VCCINT 0.7397 V  (-0.0026)  die 55.2 C
  wiper  46  VCCINT 0.7394 V  (-0.0003)  die 55.0 C
  wiper  47  VCCINT 0.7379 V  (-0.0016)  die 55.6 C
  wiper  48  VCCINT 0.7379 V  (+0.0000)  die 55.2 C
  wiper  49  VCCINT 0.7362 V  (-0.0017)  die 55.9 C
  wiper  50  VCCINT 0.7353 V  (-0.0009)  die 54.8 C
  wiper  51  VCCINT 0.7335 V  (-0.0018)  die 55.8 C
  wiper  52  VCCINT 0.7316 V  (-0.0019)  die 55.3 C
  wiper  53  VCCINT 0.7318 V  (+0.0001)  die 54.7 C
  wiper  54  VCCINT 0.7294 V  (-0.0024)  die 55.9 C
  wiper  55  VCCINT 0.7271 V  (-0.0023)  die 54.3 C
  wiper  56  VCCINT 0.7257 V  (-0.0014)  die 55.3 C
  wiper  57  VCCINT 0.7251 V  (-0.0007)  die 55.2 C
  wiper  58  VCCINT 0.7251 V  (+0.0000)  die 56.7 C
  wiper  59  VCCINT 0.7241 V  (-0.0009)  die 55.2 C
  wiper  60  VCCINT 0.7214 V  (-0.0027)  die 55.5 C
  wiper  61  VCCINT 0.7218 V  (+0.0004)  die 55.5 C
  wiper  62  VCCINT 0.7223 V  (+0.0005)  die 55.3 C
  wiper  63  VCCINT 0.7178 V  (-0.0045)  die 53.7 C
  wiper  64  VCCINT 0.7177 V  (-0.0001)  die 54.6 C
  wiper  65  VCCINT 0.7181 V  (+0.0005)  die 55.0 C
  wiper  66  VCCINT 0.7159 V  (-0.0022)  die 55.3 C
  wiper  67  VCCINT 0.7143 V  (-0.0016)  die 54.7 C
  wiper  68  VCCINT 0.7149 V  (+0.0006)  die 55.0 C
RESTORED  wiper 68  VCCINT 0.7149 V
