Copyright 1986-2022 Xilinx, Inc. All Rights Reserved. Copyright 2022-2023 Advanced Micro Devices, Inc. All Rights Reserved.
---------------------------------------------------------------------------------------------------------------------------------------------
| Tool Version : Vivado v.2023.2 (lin64) Build 4029153 Fri Oct 13 20:13:54 MDT 2023
| Date         : Sun Sep 20 21:57:55 2026
| Host         : cachyos-bc250 running 64-bit CachyOS
| Command      : report_utilization -file /home/labuser/hdrcost/out/routeutil_treefix.rpt
| Design       : attn_block
| Device       : xcvu33p-fsvh2104-2L-e
| Speed File   : -2L
| Design State : Routed
---------------------------------------------------------------------------------------------------------------------------------------------

Utilization Design Information

Table of Contents
-----------------
1. CLB Logic
1.1 Summary of Registers by Type
2. CLB Logic Distribution
3. BLOCKRAM
4. ARITHMETIC
5. I/O
6. CLOCK
7. ADVANCED
8. CONFIGURATION
9. Primitives
10. Black Boxes
11. Instantiated Netlists

1. CLB Logic
------------

+----------------------------+--------+-------+------------+-----------+-------+
|          Site Type         |  Used  | Fixed | Prohibited | Available | Util% |
+----------------------------+--------+-------+------------+-----------+-------+
| CLB LUTs                   |  86683 |     0 |          0 |    439680 | 19.72 |
|   LUT as Logic             |  86598 |     0 |          0 |    439680 | 19.70 |
|   LUT as Memory            |     85 |     0 |          0 |    205440 |  0.04 |
|     LUT as Distributed RAM |     60 |     0 |            |           |       |
|     LUT as Shift Register  |     25 |     0 |            |           |       |
| CLB Registers              | 101378 |     0 |          0 |    879360 | 11.53 |
|   Register as Flip Flop    | 101378 |     0 |          0 |    879360 | 11.53 |
|   Register as Latch        |      0 |     0 |          0 |    879360 |  0.00 |
| CARRY8                     |   2753 |     0 |          0 |     54960 |  5.01 |
| F7 Muxes                   |  16343 |     0 |          0 |    219840 |  7.43 |
| F8 Muxes                   |   2992 |     0 |          0 |    109920 |  2.72 |
| F9 Muxes                   |      0 |     0 |          0 |     54960 |  0.00 |
+----------------------------+--------+-------+------------+-----------+-------+
* Warning! LUT value is adjusted to account for LUT combining.


1.1 Summary of Registers by Type
--------------------------------

+--------+--------------+-------------+--------------+
|  Total | Clock Enable | Synchronous | Asynchronous |
+--------+--------------+-------------+--------------+
| 0      |            _ |           - |            - |
| 0      |            _ |           - |          Set |
| 0      |            _ |           - |        Reset |
| 0      |            _ |         Set |            - |
| 0      |            _ |       Reset |            - |
| 0      |          Yes |           - |            - |
| 0      |          Yes |           - |          Set |
| 0      |          Yes |           - |        Reset |
| 683    |          Yes |         Set |            - |
| 100695 |          Yes |       Reset |            - |
+--------+--------------+-------------+--------------+


2. CLB Logic Distribution
-------------------------

+--------------------------------------------+--------+-------+------------+-----------+-------+
|                  Site Type                 |  Used  | Fixed | Prohibited | Available | Util% |
+--------------------------------------------+--------+-------+------------+-----------+-------+
| CLB                                        |  20519 |     0 |          0 |     54960 | 37.33 |
|   CLBL                                     |  10649 |     0 |            |           |       |
|   CLBM                                     |   9870 |     0 |            |           |       |
| LUT as Logic                               |  86598 |     0 |          0 |    439680 | 19.70 |
|   using O5 output only                     |    862 |       |            |           |       |
|   using O6 output only                     |  76509 |       |            |           |       |
|   using O5 and O6                          |   9227 |       |            |           |       |
| LUT as Memory                              |     85 |     0 |          0 |    205440 |  0.04 |
|   LUT as Distributed RAM                   |     60 |     0 |            |           |       |
|     using O5 output only                   |      0 |       |            |           |       |
|     using O6 output only                   |      0 |       |            |           |       |
|     using O5 and O6                        |     60 |       |            |           |       |
|   LUT as Shift Register                    |     25 |     0 |            |           |       |
|     using O5 output only                   |      0 |       |            |           |       |
|     using O6 output only                   |     21 |       |            |           |       |
|     using O5 and O6                        |      4 |       |            |           |       |
| CLB Registers                              | 101378 |     0 |          0 |    879360 | 11.53 |
|   Register driven from within the CLB      |  21277 |       |            |           |       |
|   Register driven from outside the CLB     |  80101 |       |            |           |       |
|     LUT in front of the register is unused |  47449 |       |            |           |       |
|     LUT in front of the register is used   |  32652 |       |            |           |       |
| Unique Control Sets                        |   1791 |       |          0 |    109920 |  1.63 |
+--------------------------------------------+--------+-------+------------+-----------+-------+
* * Note: Available Control Sets calculated as Slices * 2, Review the Control Sets Report for more information regarding control sets.


3. BLOCKRAM
-----------

+-------------------+------+-------+------------+-----------+-------+
|     Site Type     | Used | Fixed | Prohibited | Available | Util% |
+-------------------+------+-------+------------+-----------+-------+
| Block RAM Tile    |   11 |     0 |          0 |       672 |  1.64 |
|   RAMB36/FIFO*    |    3 |     0 |          0 |       672 |  0.45 |
|     RAMB36E2 only |    3 |       |            |           |       |
|   RAMB18          |   16 |     0 |          0 |      1344 |  1.19 |
|     RAMB18E2 only |   16 |       |            |           |       |
| URAM              |    0 |     0 |          0 |       320 |  0.00 |
+-------------------+------+-------+------------+-----------+-------+
* Note: Each Block RAM Tile only has one FIFO logic available and therefore can accommodate only one FIFO36E2 or one FIFO18E2. However, if a FIFO18E2 occupies a Block RAM Tile, that tile can still accommodate a RAMB18E2


4. ARITHMETIC
-------------

+----------------+------+-------+------------+-----------+-------+
|    Site Type   | Used | Fixed | Prohibited | Available | Util% |
+----------------+------+-------+------------+-----------+-------+
| DSPs           |  298 |     0 |          0 |      2880 | 10.35 |
|   DSP48E2 only |  298 |       |            |           |       |
+----------------+------+-------+------------+-----------+-------+


5. I/O
------

+------------------+------+-------+------------+-----------+-------+
|     Site Type    | Used | Fixed | Prohibited | Available | Util% |
+------------------+------+-------+------------+-----------+-------+
| Bonded IOB       |    0 |     0 |          0 |       208 |  0.00 |
| HPIOB_M          |    0 |     0 |          0 |        96 |  0.00 |
| HPIOB_S          |    0 |     0 |          0 |        96 |  0.00 |
| HPIOB_SNGL       |    0 |     0 |          0 |        16 |  0.00 |
| HPIOBDIFFINBUF   |    0 |     0 |          0 |        96 |  0.00 |
| HPIOBDIFFOUTBUF  |    0 |     0 |          0 |        96 |  0.00 |
| BITSLICE_CONTROL |    0 |     0 |          0 |        32 |  0.00 |
| BITSLICE_RX_TX   |    0 |     0 |          0 |      1248 |  0.00 |
| BITSLICE_TX      |    0 |     0 |          0 |        32 |  0.00 |
| RIU_OR           |    0 |     0 |          0 |        16 |  0.00 |
+------------------+------+-------+------------+-----------+-------+


6. CLOCK
--------

+----------------------+------+-------+------------+-----------+-------+
|       Site Type      | Used | Fixed | Prohibited | Available | Util% |
+----------------------+------+-------+------------+-----------+-------+
| GLOBAL CLOCK BUFFERs |   18 |     0 |          0 |       336 |  5.36 |
|   BUFGCE             |   18 |     0 |          0 |        96 | 18.75 |
|   BUFGCE_DIV         |    0 |     0 |          0 |        16 |  0.00 |
|   BUFG_GT            |    0 |     0 |          0 |       192 |  0.00 |
|   BUFGCTRL*          |    0 |     0 |          0 |        32 |  0.00 |
| PLL                  |    0 |     0 |          0 |         8 |  0.00 |
| MMCM                 |    0 |     0 |          0 |         4 |  0.00 |
+----------------------+------+-------+------------+-----------+-------+
* Note: Each used BUFGCTRL counts as two GLOBAL CLOCK BUFFERs. This table does not include global clocking resources, only buffer cell usage. See the Clock Utilization Report (report_clock_utilization) for detailed accounting of global clocking resource availability.


7. ADVANCED
-----------

+----------------------+------+-------+------------+-----------+-------+
|       Site Type      | Used | Fixed | Prohibited | Available | Util% |
+----------------------+------+-------+------------+-----------+-------+
| CMACE4               |    0 |     0 |          0 |         2 |  0.00 |
| GTYE4_CHANNEL        |    0 |     0 |          0 |        32 |  0.00 |
| GTYE4_COMMON         |    0 |     0 |          0 |         8 |  0.00 |
| HBM_REF_CLK          |    0 |     0 |          0 |         2 |  0.00 |
| HBM_SNGLBLI_INTF_APB |    0 |     0 |          0 |        32 |  0.00 |
| HBM_SNGLBLI_INTF_AXI |    0 |     0 |          0 |        32 |  0.00 |
| OBUFDS_GTE4          |    0 |     0 |          0 |        16 |  0.00 |
| OBUFDS_GTE4_ADV      |    0 |     0 |          0 |        16 |  0.00 |
| PCIE4CE4             |    0 |     0 |          0 |         4 |  0.00 |
| SYSMONE4             |    0 |     0 |          0 |         1 |  0.00 |
+----------------------+------+-------+------------+-----------+-------+


8. CONFIGURATION
----------------

+-------------+------+-------+------------+-----------+-------+
|  Site Type  | Used | Fixed | Prohibited | Available | Util% |
+-------------+------+-------+------------+-----------+-------+
| BSCANE2     |    0 |     0 |          0 |         4 |  0.00 |
| DNA_PORTE2  |    0 |     0 |          0 |         1 |  0.00 |
| EFUSE_USR   |    0 |     0 |          0 |         1 |  0.00 |
| FRAME_ECCE4 |    0 |     0 |          0 |         1 |  0.00 |
| ICAPE3      |    0 |     0 |          0 |         2 |  0.00 |
| MASTER_JTAG |    0 |     0 |          0 |         1 |  0.00 |
| STARTUPE3   |    0 |     0 |          0 |         1 |  0.00 |
+-------------+------+-------+------------+-----------+-------+


9. Primitives
-------------

+----------+--------+---------------------+
| Ref Name |  Used  | Functional Category |
+----------+--------+---------------------+
| FDRE     | 100695 |            Register |
| LUT6     |  54154 |                 CLB |
| MUXF7    |  16343 |                 CLB |
| LUT5     |  14424 |                 CLB |
| LUT3     |   9403 |                 CLB |
| LUT2     |   8947 |                 CLB |
| LUT4     |   6667 |                 CLB |
| MUXF8    |   2992 |                 CLB |
| CARRY8   |   2753 |                 CLB |
| LUT1     |   2230 |                 CLB |
| FDSE     |    683 |            Register |
| DSP48E2  |    298 |          Arithmetic |
| RAMD32   |    102 |                 CLB |
| SRL16E   |     29 |                 CLB |
| RAMS32   |     18 |                 CLB |
| BUFGCE   |     18 |               Clock |
| RAMB18E2 |     16 |            BLOCKRAM |
| RAMB36E2 |      3 |            BLOCKRAM |
+----------+--------+---------------------+


10. Black Boxes
---------------

+----------+------+
| Ref Name | Used |
+----------+------+


11. Instantiated Netlists
-------------------------

+----------+------+
| Ref Name | Used |
+----------+------+


