Copyright 1986-2022 Xilinx, Inc. All Rights Reserved. Copyright 2022-2023 Advanced Micro Devices, Inc. All Rights Reserved.
--------------------------------------------------------------------------------------------------------------------------------------------------
| Tool Version      : Vivado v.2023.2 (lin64) Build 4029153 Fri Oct 13 20:13:54 MDT 2023
| Date              : Sun Sep 20 20:33:27 2026
| Host              : cachyos-bc250 running 64-bit CachyOS
| Command           : report_timing_summary -delay_type max -max_paths 5 -file /home/labuser/hdrcost/out/tsum_base.rpt
| Design            : attn_block
| Device            : xcvu33p-fsvh2104
| Speed File        : -2L  PRODUCTION 1.30 05-01-2022
| Design State      : Routed
| Temperature Grade : E
--------------------------------------------------------------------------------------------------------------------------------------------------

Timing Summary Report

------------------------------------------------------------------------------------------------
| Timer Settings
| --------------
------------------------------------------------------------------------------------------------

  Enable Multi Corner Analysis               :  Yes
  Enable Pessimism Removal                   :  Yes
  Pessimism Removal Resolution               :  Nearest Common Node
  Enable Input Delay Default Clock           :  No
  Enable Preset / Clear Arcs                 :  No
  Disable Flight Delays                      :  No
  Ignore I/O Paths                           :  No
  Timing Early Launch at Borrowing Latches   :  No
  Borrow Time for Max Delay Exceptions       :  Yes
  Merge Timing Exceptions                    :  Yes
  Inter-SLR Compensation                     :  Conservative

  Corner  Analyze    Analyze    
  Name    Max Paths  Min Paths  
  ------  ---------  ---------  
  Slow    Yes        Yes        
  Fast    Yes        Yes        


------------------------------------------------------------------------------------------------
| Report Methodology
| ------------------
------------------------------------------------------------------------------------------------

No report available as report_methodology has not been run prior. Run report_methodology on the current design for the summary of methodology violations.



check_timing report

Table of Contents
-----------------
1. checking no_clock (0)
2. checking constant_clock (0)
3. checking pulse_width_clock (0)
4. checking unconstrained_internal_endpoints (0)
5. checking no_input_delay (8966)
6. checking no_output_delay (505)
7. checking multiple_clock (0)
8. checking generated_clocks (0)
9. checking loops (0)
10. checking partial_input_delay (0)
11. checking partial_output_delay (0)
12. checking latch_loops (0)

1. checking no_clock (0)
------------------------
 There are 0 register/latch pins with no clock.


2. checking constant_clock (0)
------------------------------
 There are 0 register/latch pins with constant_clock.


3. checking pulse_width_clock (0)
---------------------------------
 There are 0 register/latch pins which need pulse_width check


4. checking unconstrained_internal_endpoints (0)
------------------------------------------------
 There are 0 pins that are not constrained for maximum delay.

 There are 0 pins that are not constrained for maximum delay due to constant clock.


5. checking no_input_delay (8966)
---------------------------------
 There are 8966 input ports with no input delay specified. (HIGH)

 There are 0 input ports with no input delay but user has a false path constraint.


6. checking no_output_delay (505)
---------------------------------
 There are 505 ports with no output delay specified. (HIGH)

 There are 0 ports with no output delay but user has a false path constraint

 There are 0 ports with no output delay but with a timing clock defined on it or propagating through it


7. checking multiple_clock (0)
------------------------------
 There are 0 register/latch pins with multiple clocks.


8. checking generated_clocks (0)
--------------------------------
 There are 0 generated clocks that are not connected to a clock source.


9. checking loops (0)
---------------------
 There are 0 combinational loops in the design.


10. checking partial_input_delay (0)
------------------------------------
 There are 0 input ports with partial input delay specified.


11. checking partial_output_delay (0)
-------------------------------------
 There are 0 ports with partial output delay specified.


12. checking latch_loops (0)
----------------------------
 There are 0 combinational latch loops in the design through latch input



------------------------------------------------------------------------------------------------
| Design Timing Summary
| ---------------------
------------------------------------------------------------------------------------------------

    WNS(ns)      TNS(ns)  TNS Failing Endpoints  TNS Total Endpoints     WPWS(ns)     TPWS(ns)  TPWS Failing Endpoints  TPWS Total Endpoints  
    -------      -------  ---------------------  -------------------     --------     --------  ----------------------  --------------------  
      3.101        0.000                      0               250281        6.124        0.000                       0                101590  


All user specified timing constraints are met.


------------------------------------------------------------------------------------------------
| Clock Summary
| -------------
------------------------------------------------------------------------------------------------

Clock  Waveform(ns)       Period(ns)      Frequency(MHz)
-----  ------------       ----------      --------------
clk    {0.000 6.667}      13.333          75.002          


------------------------------------------------------------------------------------------------
| Intra Clock Table
| -----------------
------------------------------------------------------------------------------------------------

Clock             WNS(ns)      TNS(ns)  TNS Failing Endpoints  TNS Total Endpoints     WPWS(ns)     TPWS(ns)  TPWS Failing Endpoints  TPWS Total Endpoints  
-----             -------      -------  ---------------------  -------------------     --------     --------  ----------------------  --------------------  
clk                 3.101        0.000                      0               250281        6.124        0.000                       0                101590  


------------------------------------------------------------------------------------------------
| Inter Clock Table
| -----------------
------------------------------------------------------------------------------------------------

From Clock    To Clock          WNS(ns)      TNS(ns)  TNS Failing Endpoints  TNS Total Endpoints  
----------    --------          -------      -------  ---------------------  -------------------  


------------------------------------------------------------------------------------------------
| Other Path Groups Table
| -----------------------
------------------------------------------------------------------------------------------------

Path Group    From Clock    To Clock          WNS(ns)      TNS(ns)  TNS Failing Endpoints  TNS Total Endpoints  
----------    ----------    --------          -------      -------  ---------------------  -------------------  


------------------------------------------------------------------------------------------------
| Timing Details
| --------------
------------------------------------------------------------------------------------------------


---------------------------------------------------------------------------------------------------
From Clock:  clk
  To Clock:  clk

Setup :            0  Failing Endpoints,  Worst Slack        3.101ns,  Total Violation        0.000ns
Hold  :           NA  Failing Endpoints,  Worst Slack           NA  ,  Total Violation           NA
PW    :            0  Failing Endpoints,  Worst Slack        6.124ns,  Total Violation        0.000ns
---------------------------------------------------------------------------------------------------


Max Delay Paths
--------------------------------------------------------------------------------------
Slack (MET) :             3.101ns  (required time - arrival time)
  Source:                 ar_rsb_reg[0]/C
                            (rising edge-triggered cell FDRE clocked by clk  {rise@0.000ns fall@6.667ns period=13.333ns})
  Destination:            u_arr/p_reg_reg[22]/DSP_A_B_DATA_INST/A[16]
                            (rising edge-triggered cell DSP_A_B_DATA clocked by clk  {rise@0.000ns fall@6.667ns period=13.333ns})
  Path Group:             clk
  Path Type:              Setup (Max at Slow Process Corner)
  Requirement:            13.333ns  (clk rise@13.333ns - clk rise@0.000ns)
  Data Path Delay:        9.956ns  (logic 0.294ns (2.953%)  route 9.662ns (97.047%))
  Logic Levels:           3  (LUT4=1 LUT6=1 MUXF7=1)
  Clock Path Skew:        0.014ns (DCD - SCD + CPR)
    Destination Clock Delay (DCD):    0.043ns = ( 13.376 - 13.333 ) 
    Source Clock Delay      (SCD):    0.029ns
    Clock Pessimism Removal (CPR):    0.000ns
  Clock Uncertainty:      0.035ns  ((TSJ^2 + TIJ^2)^1/2 + DJ) / 2 + PE
    Total System Jitter     (TSJ):    0.071ns
    Total Input Jitter      (TIJ):    0.000ns
    Discrete Jitter          (DJ):    0.000ns
    Phase Error              (PE):    0.000ns

    Location             Delay type                Incr(ns)  Path(ns)    Netlist Resource(s)
  -------------------------------------------------------------------    -------------------
                         (clock clk rise edge)        0.000     0.000 r  
                                                      0.000     0.000 r  clk (IN)
                         net (fo=103215, unset)       0.029     0.029    clk
    SLICE_X110Y50        FDRE                                         r  ar_rsb_reg[0]/C
  -------------------------------------------------------------------    -------------------
    SLICE_X110Y50        FDRE (Prop_HFF2_SLICEL_C_Q)
                                                      0.080     0.109 r  ar_rsb_reg[0]/Q
                         net (fo=9176, routed)        8.517     8.626    u_arr/rs_blk[0]
    SLICE_X183Y169       LUT6 (Prop_E6LUT_SLICEL_I4_O)
                                                      0.051     8.677 r  u_arr/p_reg_reg[22]_i_44/O
                         net (fo=1, routed)           0.007     8.684    u_arr/p_reg_reg[22]_i_44_n_0
    SLICE_X183Y169       MUXF7 (Prop_F7MUX_EF_SLICEL_I1_O)
                                                      0.063     8.747 r  u_arr/p_reg_reg[22]_i_22/O
                         net (fo=1, routed)           0.581     9.328    u_arr/p_reg_reg[22]_i_22_n_0
    SLICE_X191Y165       LUT4 (Prop_A6LUT_SLICEM_I3_O)
                                                      0.100     9.428 r  u_arr/p_reg_reg[22]_i_3/O
                         net (fo=1, routed)           0.557     9.985    u_arr/p_reg_reg[22]/A[16]
    DSP48E2_X27Y47       DSP_A_B_DATA                                 r  u_arr/p_reg_reg[22]/DSP_A_B_DATA_INST/A[16]
  -------------------------------------------------------------------    -------------------

                         (clock clk rise edge)       13.333    13.333 r  
                                                      0.000    13.333 r  clk (IN)
                         net (fo=103215, unset)       0.043    13.376    u_arr/p_reg_reg[22]/CLK
    DSP48E2_X27Y47       DSP_A_B_DATA                                 r  u_arr/p_reg_reg[22]/DSP_A_B_DATA_INST/CLK
                         clock pessimism              0.000    13.376    
                         clock uncertainty           -0.035    13.341    
    DSP48E2_X27Y47       DSP_A_B_DATA (Setup_DSP_A_B_DATA_DSP48E2_CLK_A[16])
                                                     -0.255    13.086    u_arr/p_reg_reg[22]/DSP_A_B_DATA_INST
  -------------------------------------------------------------------
                         required time                         13.086    
                         arrival time                          -9.985    
  -------------------------------------------------------------------
                         slack                                  3.101    

Slack (MET) :             3.310ns  (required time - arrival time)
  Source:                 ar_rdh_reg[1]/C
                            (rising edge-triggered cell FDRE clocked by clk  {rise@0.000ns fall@6.667ns period=13.333ns})
  Destination:            u_arr/od_r_reg[31]/D
                            (rising edge-triggered cell FDRE clocked by clk  {rise@0.000ns fall@6.667ns period=13.333ns})
  Path Group:             clk
  Path Type:              Setup (Max at Slow Process Corner)
  Requirement:            13.333ns  (clk rise@13.333ns - clk rise@0.000ns)
  Data Path Delay:        10.004ns  (logic 0.486ns (4.858%)  route 9.518ns (95.142%))
  Logic Levels:           7  (LUT6=3 MUXF7=2 MUXF8=2)
  Clock Path Skew:        -0.008ns (DCD - SCD + CPR)
    Destination Clock Delay (DCD):    0.020ns = ( 13.353 - 13.333 ) 
    Source Clock Delay      (SCD):    0.028ns
    Clock Pessimism Removal (CPR):    0.000ns
  Clock Uncertainty:      0.035ns  ((TSJ^2 + TIJ^2)^1/2 + DJ) / 2 + PE
    Total System Jitter     (TSJ):    0.071ns
    Total Input Jitter      (TIJ):    0.000ns
    Discrete Jitter          (DJ):    0.000ns
    Phase Error              (PE):    0.000ns

    Location             Delay type                Incr(ns)  Path(ns)    Netlist Resource(s)
  -------------------------------------------------------------------    -------------------
                         (clock clk rise edge)        0.000     0.000 r  
                                                      0.000     0.000 r  clk (IN)
                         net (fo=103215, unset)       0.028     0.028    clk
    SLICE_X96Y84         FDRE                                         r  ar_rdh_reg[1]/C
  -------------------------------------------------------------------    -------------------
    SLICE_X96Y84         FDRE (Prop_AFF2_SLICEL_C_Q)
                                                      0.081     0.109 r  ar_rdh_reg[1]/Q
                         net (fo=9216, routed)        7.798     7.907    u_arr/rd_head[1]
    SLICE_X196Y177       LUT6 (Prop_A6LUT_SLICEM_I2_O)
                                                      0.038     7.945 r  u_arr/od_r[31]_i_441/O
                         net (fo=1, routed)           0.011     7.956    u_arr/od_r[31]_i_441_n_0
    SLICE_X196Y177       MUXF7 (Prop_F7MUX_AB_SLICEM_I1_O)
                                                      0.058     8.014 r  u_arr/od_r_reg[31]_i_203/O
                         net (fo=1, routed)           0.000     8.014    u_arr/od_r_reg[31]_i_203_n_0
    SLICE_X196Y177       MUXF8 (Prop_F8MUX_BOT_SLICEM_I1_O)
                                                      0.028     8.042 r  u_arr/od_r_reg[31]_i_84/O
                         net (fo=1, routed)           1.488     9.530    u_arr/od_r_reg[31]_i_84_n_0
    SLICE_X174Y94        LUT6 (Prop_G6LUT_SLICEL_I3_O)
                                                      0.149     9.679 r  u_arr/od_r[31]_i_27/O
                         net (fo=1, routed)           0.008     9.687    u_arr/od_r[31]_i_27_n_0
    SLICE_X174Y94        MUXF7 (Prop_F7MUX_GH_SLICEL_I1_O)
                                                      0.056     9.743 r  u_arr/od_r_reg[31]_i_12/O
                         net (fo=1, routed)           0.000     9.743    u_arr/od_r_reg[31]_i_12_n_0
    SLICE_X174Y94        MUXF8 (Prop_F8MUX_TOP_SLICEL_I0_O)
                                                      0.026     9.769 r  u_arr/od_r_reg[31]_i_5/O
                         net (fo=1, routed)           0.164     9.933    u_arr/od_r_reg[31]_i_5_n_0
    SLICE_X174Y94        LUT6 (Prop_D6LUT_SLICEL_I5_O)
                                                      0.050     9.983 r  u_arr/od_r[31]_i_1/O
                         net (fo=1, routed)           0.049    10.032    u_arr/acc[0][31]
    SLICE_X174Y94        FDRE                                         r  u_arr/od_r_reg[31]/D
  -------------------------------------------------------------------    -------------------

                         (clock clk rise edge)       13.333    13.333 r  
                                                      0.000    13.333 r  clk (IN)
                         net (fo=103215, unset)       0.020    13.353    u_arr/clk
    SLICE_X174Y94        FDRE                                         r  u_arr/od_r_reg[31]/C
                         clock pessimism              0.000    13.353    
                         clock uncertainty           -0.035    13.318    
    SLICE_X174Y94        FDRE (Setup_DFF_SLICEL_C_D)
                                                      0.025    13.343    u_arr/od_r_reg[31]
  -------------------------------------------------------------------
                         required time                         13.343    
                         arrival time                         -10.032    
  -------------------------------------------------------------------
                         slack                                  3.310    

Slack (MET) :             3.340ns  (required time - arrival time)
  Source:                 ar_rsb_reg[0]/C
                            (rising edge-triggered cell FDRE clocked by clk  {rise@0.000ns fall@6.667ns period=13.333ns})
  Destination:            u_arr/p_reg_reg[21]/DSP_A_B_DATA_INST/A[16]
                            (rising edge-triggered cell DSP_A_B_DATA clocked by clk  {rise@0.000ns fall@6.667ns period=13.333ns})
  Path Group:             clk
  Path Type:              Setup (Max at Slow Process Corner)
  Requirement:            13.333ns  (clk rise@13.333ns - clk rise@0.000ns)
  Data Path Delay:        9.717ns  (logic 0.348ns (3.581%)  route 9.369ns (96.419%))
  Logic Levels:           3  (LUT5=1 LUT6=1 MUXF7=1)
  Clock Path Skew:        0.014ns (DCD - SCD + CPR)
    Destination Clock Delay (DCD):    0.043ns = ( 13.376 - 13.333 ) 
    Source Clock Delay      (SCD):    0.029ns
    Clock Pessimism Removal (CPR):    0.000ns
  Clock Uncertainty:      0.035ns  ((TSJ^2 + TIJ^2)^1/2 + DJ) / 2 + PE
    Total System Jitter     (TSJ):    0.071ns
    Total Input Jitter      (TIJ):    0.000ns
    Discrete Jitter          (DJ):    0.000ns
    Phase Error              (PE):    0.000ns

    Location             Delay type                Incr(ns)  Path(ns)    Netlist Resource(s)
  -------------------------------------------------------------------    -------------------
                         (clock clk rise edge)        0.000     0.000 r  
                                                      0.000     0.000 r  clk (IN)
                         net (fo=103215, unset)       0.029     0.029    clk
    SLICE_X110Y50        FDRE                                         r  ar_rsb_reg[0]/C
  -------------------------------------------------------------------    -------------------
    SLICE_X110Y50        FDRE (Prop_HFF2_SLICEL_C_Q)
                                                      0.080     0.109 r  ar_rsb_reg[0]/Q
                         net (fo=9176, routed)        8.531     8.640    u_arr/rs_blk[0]
    SLICE_X182Y170       LUT6 (Prop_B6LUT_SLICEM_I4_O)
                                                      0.100     8.740 r  u_arr/p_reg_reg[21]_i_43/O
                         net (fo=1, routed)           0.017     8.757    u_arr/p_reg_reg[21]_i_43_n_0
    SLICE_X182Y170       MUXF7 (Prop_F7MUX_AB_SLICEM_I0_O)
                                                      0.067     8.824 r  u_arr/p_reg_reg[21]_i_22/O
                         net (fo=1, routed)           0.193     9.017    u_arr/p_reg_reg[21]_i_22_n_0
    SLICE_X182Y170       LUT5 (Prop_H6LUT_SLICEM_I2_O)
                                                      0.101     9.118 r  u_arr/p_reg_reg[21]_i_3/O
                         net (fo=1, routed)           0.628     9.746    u_arr/p_reg_reg[21]/A[16]
    DSP48E2_X27Y49       DSP_A_B_DATA                                 r  u_arr/p_reg_reg[21]/DSP_A_B_DATA_INST/A[16]
  -------------------------------------------------------------------    -------------------

                         (clock clk rise edge)       13.333    13.333 r  
                                                      0.000    13.333 r  clk (IN)
                         net (fo=103215, unset)       0.043    13.376    u_arr/p_reg_reg[21]/CLK
    DSP48E2_X27Y49       DSP_A_B_DATA                                 r  u_arr/p_reg_reg[21]/DSP_A_B_DATA_INST/CLK
                         clock pessimism              0.000    13.376    
                         clock uncertainty           -0.035    13.341    
    DSP48E2_X27Y49       DSP_A_B_DATA (Setup_DSP_A_B_DATA_DSP48E2_CLK_A[16])
                                                     -0.255    13.086    u_arr/p_reg_reg[21]/DSP_A_B_DATA_INST
  -------------------------------------------------------------------
                         required time                         13.086    
                         arrival time                          -9.746    
  -------------------------------------------------------------------
                         slack                                  3.340    

Slack (MET) :             3.383ns  (required time - arrival time)
  Source:                 ar_rsb_reg[1]/C
                            (rising edge-triggered cell FDRE clocked by clk  {rise@0.000ns fall@6.667ns period=13.333ns})
  Destination:            u_arr/p_reg_reg[83]/DSP_A_B_DATA_INST/A[12]
                            (rising edge-triggered cell DSP_A_B_DATA clocked by clk  {rise@0.000ns fall@6.667ns period=13.333ns})
  Path Group:             clk
  Path Type:              Setup (Max at Slow Process Corner)
  Requirement:            13.333ns  (clk rise@13.333ns - clk rise@0.000ns)
  Data Path Delay:        9.671ns  (logic 0.410ns (4.240%)  route 9.261ns (95.760%))
  Logic Levels:           3  (LUT4=1 LUT6=1 MUXF7=1)
  Clock Path Skew:        0.014ns (DCD - SCD + CPR)
    Destination Clock Delay (DCD):    0.043ns = ( 13.376 - 13.333 ) 
    Source Clock Delay      (SCD):    0.029ns
    Clock Pessimism Removal (CPR):    0.000ns
  Clock Uncertainty:      0.035ns  ((TSJ^2 + TIJ^2)^1/2 + DJ) / 2 + PE
    Total System Jitter     (TSJ):    0.071ns
    Total Input Jitter      (TIJ):    0.000ns
    Discrete Jitter          (DJ):    0.000ns
    Phase Error              (PE):    0.000ns

    Location             Delay type                Incr(ns)  Path(ns)    Netlist Resource(s)
  -------------------------------------------------------------------    -------------------
                         (clock clk rise edge)        0.000     0.000 r  
                                                      0.000     0.000 r  clk (IN)
                         net (fo=103215, unset)       0.029     0.029    clk
    SLICE_X110Y50        FDRE                                         r  ar_rsb_reg[1]/C
  -------------------------------------------------------------------    -------------------
    SLICE_X110Y50        FDRE (Prop_GFF2_SLICEL_C_Q)
                                                      0.081     0.110 r  ar_rsb_reg[1]/Q
                         net (fo=9176, routed)        8.135     8.245    u_arr/rs_blk[1]
    SLICE_X224Y97        LUT6 (Prop_A6LUT_SLICEL_I2_O)
                                                      0.149     8.394 r  u_arr/p_reg_reg[83]_i_52/O
                         net (fo=1, routed)           0.009     8.403    u_arr/p_reg_reg[83]_i_52_n_0
    SLICE_X224Y97        MUXF7 (Prop_F7MUX_AB_SLICEL_I1_O)
                                                      0.064     8.467 r  u_arr/p_reg_reg[83]_i_26/O
                         net (fo=1, routed)           0.813     9.280    u_arr/p_reg_reg[83]_i_26_n_0
    SLICE_X196Y106       LUT4 (Prop_B5LUT_SLICEM_I3_O)
                                                      0.116     9.396 r  u_arr/p_reg_reg[83]_i_7/O
                         net (fo=1, routed)           0.304     9.700    u_arr/p_reg_reg[83]/A[12]
    DSP48E2_X28Y37       DSP_A_B_DATA                                 r  u_arr/p_reg_reg[83]/DSP_A_B_DATA_INST/A[12]
  -------------------------------------------------------------------    -------------------

                         (clock clk rise edge)       13.333    13.333 r  
                                                      0.000    13.333 r  clk (IN)
                         net (fo=103215, unset)       0.043    13.376    u_arr/p_reg_reg[83]/CLK
    DSP48E2_X28Y37       DSP_A_B_DATA                                 r  u_arr/p_reg_reg[83]/DSP_A_B_DATA_INST/CLK
                         clock pessimism              0.000    13.376    
                         clock uncertainty           -0.035    13.341    
    DSP48E2_X28Y37       DSP_A_B_DATA (Setup_DSP_A_B_DATA_DSP48E2_CLK_A[12])
                                                     -0.258    13.083    u_arr/p_reg_reg[83]/DSP_A_B_DATA_INST
  -------------------------------------------------------------------
                         required time                         13.083    
                         arrival time                          -9.700    
  -------------------------------------------------------------------
                         slack                                  3.383    

Slack (MET) :             3.396ns  (required time - arrival time)
  Source:                 ar_rsb_reg[1]/C
                            (rising edge-triggered cell FDRE clocked by clk  {rise@0.000ns fall@6.667ns period=13.333ns})
  Destination:            u_arr/p_reg_reg[112]/DSP_A_B_DATA_INST/A[14]
                            (rising edge-triggered cell DSP_A_B_DATA clocked by clk  {rise@0.000ns fall@6.667ns period=13.333ns})
  Path Group:             clk
  Path Type:              Setup (Max at Slow Process Corner)
  Requirement:            13.333ns  (clk rise@13.333ns - clk rise@0.000ns)
  Data Path Delay:        9.652ns  (logic 0.419ns (4.341%)  route 9.233ns (95.659%))
  Logic Levels:           3  (LUT4=1 LUT6=1 MUXF7=1)
  Clock Path Skew:        0.014ns (DCD - SCD + CPR)
    Destination Clock Delay (DCD):    0.043ns = ( 13.376 - 13.333 ) 
    Source Clock Delay      (SCD):    0.029ns
    Clock Pessimism Removal (CPR):    0.000ns
  Clock Uncertainty:      0.035ns  ((TSJ^2 + TIJ^2)^1/2 + DJ) / 2 + PE
    Total System Jitter     (TSJ):    0.071ns
    Total Input Jitter      (TIJ):    0.000ns
    Discrete Jitter          (DJ):    0.000ns
    Phase Error              (PE):    0.000ns

    Location             Delay type                Incr(ns)  Path(ns)    Netlist Resource(s)
  -------------------------------------------------------------------    -------------------
                         (clock clk rise edge)        0.000     0.000 r  
                                                      0.000     0.000 r  clk (IN)
                         net (fo=103215, unset)       0.029     0.029    clk
    SLICE_X110Y50        FDRE                                         r  ar_rsb_reg[1]/C
  -------------------------------------------------------------------    -------------------
    SLICE_X110Y50        FDRE (Prop_GFF2_SLICEL_C_Q)
                                                      0.081     0.110 r  ar_rsb_reg[1]/Q
                         net (fo=9176, routed)        8.232     8.342    u_arr/rs_blk[1]
    SLICE_X227Y99        LUT6 (Prop_B6LUT_SLICEM_I2_O)
                                                      0.149     8.491 r  u_arr/p_reg_reg[112]_i_47/O
                         net (fo=1, routed)           0.017     8.508    u_arr/p_reg_reg[112]_i_47_n_0
    SLICE_X227Y99        MUXF7 (Prop_F7MUX_AB_SLICEM_I0_O)
                                                      0.067     8.575 r  u_arr/p_reg_reg[112]_i_24/O
                         net (fo=1, routed)           0.657     9.232    u_arr/p_reg_reg[112]_i_24_n_0
    SLICE_X206Y94        LUT4 (Prop_D6LUT_SLICEM_I0_O)
                                                      0.122     9.354 r  u_arr/p_reg_reg[112]_i_5/O
                         net (fo=1, routed)           0.327     9.681    u_arr/p_reg_reg[112]/A[14]
    DSP48E2_X29Y25       DSP_A_B_DATA                                 r  u_arr/p_reg_reg[112]/DSP_A_B_DATA_INST/A[14]
  -------------------------------------------------------------------    -------------------

                         (clock clk rise edge)       13.333    13.333 r  
                                                      0.000    13.333 r  clk (IN)
                         net (fo=103215, unset)       0.043    13.376    u_arr/p_reg_reg[112]/CLK
    DSP48E2_X29Y25       DSP_A_B_DATA                                 r  u_arr/p_reg_reg[112]/DSP_A_B_DATA_INST/CLK
                         clock pessimism              0.000    13.376    
                         clock uncertainty           -0.035    13.341    
    DSP48E2_X29Y25       DSP_A_B_DATA (Setup_DSP_A_B_DATA_DSP48E2_CLK_A[14])
                                                     -0.264    13.077    u_arr/p_reg_reg[112]/DSP_A_B_DATA_INST
  -------------------------------------------------------------------
                         required time                         13.077    
                         arrival time                          -9.681    
  -------------------------------------------------------------------
                         slack                                  3.396    





Pulse Width Checks
--------------------------------------------------------------------------------------
Clock Name:         clk
Waveform(ns):       { 0.000 6.667 }
Period(ns):         13.333
Sources:            { clk }

Check Type        Corner  Lib Pin             Reference Pin  Required(ns)  Actual(ns)  Slack(ns)  Location      Pin
Min Period        n/a     RAMB36E2/CLKARDCLK  n/a            1.569         13.333      11.764     RAMB36_X5Y14  ypre_reg_bram_0/CLKARDCLK
Min Period        n/a     RAMB36E2/CLKARDCLK  n/a            1.569         13.333      11.764     RAMB36_X5Y15  ypre_reg_bram_1/CLKARDCLK
Min Period        n/a     RAMB36E2/CLKARDCLK  n/a            1.569         13.333      11.764     RAMB36_X5Y16  ypre_reg_bram_2/CLKARDCLK
Min Period        n/a     RAMB36E2/CLKBWRCLK  n/a            1.355         13.333      11.978     RAMB36_X5Y14  ypre_reg_bram_0/CLKBWRCLK
Min Period        n/a     RAMB36E2/CLKBWRCLK  n/a            1.355         13.333      11.978     RAMB36_X5Y15  ypre_reg_bram_1/CLKBWRCLK
Low Pulse Width   Slow    RAMB36E2/CLKARDCLK  n/a            0.542         6.667       6.125      RAMB36_X5Y14  ypre_reg_bram_0/CLKARDCLK
Low Pulse Width   Fast    RAMB36E2/CLKARDCLK  n/a            0.542         6.667       6.125      RAMB36_X5Y14  ypre_reg_bram_0/CLKARDCLK
Low Pulse Width   Slow    RAMB36E2/CLKBWRCLK  n/a            0.542         6.667       6.125      RAMB36_X5Y14  ypre_reg_bram_0/CLKBWRCLK
Low Pulse Width   Fast    RAMB36E2/CLKBWRCLK  n/a            0.542         6.667       6.125      RAMB36_X5Y14  ypre_reg_bram_0/CLKBWRCLK
Low Pulse Width   Slow    RAMB36E2/CLKARDCLK  n/a            0.542         6.667       6.125      RAMB36_X5Y15  ypre_reg_bram_1/CLKARDCLK
High Pulse Width  Slow    RAMB36E2/CLKARDCLK  n/a            0.542         6.667       6.125      RAMB36_X5Y14  ypre_reg_bram_0/CLKARDCLK
High Pulse Width  Fast    RAMB36E2/CLKARDCLK  n/a            0.542         6.667       6.125      RAMB36_X5Y14  ypre_reg_bram_0/CLKARDCLK
High Pulse Width  Slow    RAMB36E2/CLKBWRCLK  n/a            0.542         6.667       6.125      RAMB36_X5Y14  ypre_reg_bram_0/CLKBWRCLK
High Pulse Width  Fast    RAMB36E2/CLKBWRCLK  n/a            0.542         6.667       6.125      RAMB36_X5Y14  ypre_reg_bram_0/CLKBWRCLK
High Pulse Width  Slow    RAMB36E2/CLKARDCLK  n/a            0.542         6.667       6.125      RAMB36_X5Y15  ypre_reg_bram_1/CLKARDCLK



