Copyright 1986-2022 Xilinx, Inc. All Rights Reserved. Copyright 2022-2023 Advanced Micro Devices, Inc. All Rights Reserved.
--------------------------------------------------------------------------------------------------------------------------------------------------
| Tool Version      : Vivado v.2023.2 (lin64) Build 4029153 Fri Oct 13 20:13:54 MDT 2023
| Date              : Sun Sep 20 21:58:24 2026
| Host              : cachyos-bc250 running 64-bit CachyOS
| Command           : report_timing_summary -delay_type max -max_paths 5 -file /home/labuser/hdrcost/out/tsum_treefix.rpt
| Design            : attn_block
| Device            : xcvu33p-fsvh2104
| Speed File        : -2L  PRODUCTION 1.30 05-01-2022
| Design State      : Routed
| Temperature Grade : E
--------------------------------------------------------------------------------------------------------------------------------------------------

Timing Summary Report

------------------------------------------------------------------------------------------------
| Timer Settings
| --------------
------------------------------------------------------------------------------------------------

  Enable Multi Corner Analysis               :  Yes
  Enable Pessimism Removal                   :  Yes
  Pessimism Removal Resolution               :  Nearest Common Node
  Enable Input Delay Default Clock           :  No
  Enable Preset / Clear Arcs                 :  No
  Disable Flight Delays                      :  No
  Ignore I/O Paths                           :  No
  Timing Early Launch at Borrowing Latches   :  No
  Borrow Time for Max Delay Exceptions       :  Yes
  Merge Timing Exceptions                    :  Yes
  Inter-SLR Compensation                     :  Conservative

  Corner  Analyze    Analyze    
  Name    Max Paths  Min Paths  
  ------  ---------  ---------  
  Slow    Yes        Yes        
  Fast    Yes        Yes        


------------------------------------------------------------------------------------------------
| Report Methodology
| ------------------
------------------------------------------------------------------------------------------------

No report available as report_methodology has not been run prior. Run report_methodology on the current design for the summary of methodology violations.



check_timing report

Table of Contents
-----------------
1. checking no_clock (0)
2. checking constant_clock (0)
3. checking pulse_width_clock (0)
4. checking unconstrained_internal_endpoints (0)
5. checking no_input_delay (8966)
6. checking no_output_delay (505)
7. checking multiple_clock (0)
8. checking generated_clocks (0)
9. checking loops (0)
10. checking partial_input_delay (0)
11. checking partial_output_delay (0)
12. checking latch_loops (0)

1. checking no_clock (0)
------------------------
 There are 0 register/latch pins with no clock.


2. checking constant_clock (0)
------------------------------
 There are 0 register/latch pins with constant_clock.


3. checking pulse_width_clock (0)
---------------------------------
 There are 0 register/latch pins which need pulse_width check


4. checking unconstrained_internal_endpoints (0)
------------------------------------------------
 There are 0 pins that are not constrained for maximum delay.

 There are 0 pins that are not constrained for maximum delay due to constant clock.


5. checking no_input_delay (8966)
---------------------------------
 There are 8966 input ports with no input delay specified. (HIGH)

 There are 0 input ports with no input delay but user has a false path constraint.


6. checking no_output_delay (505)
---------------------------------
 There are 505 ports with no output delay specified. (HIGH)

 There are 0 ports with no output delay but user has a false path constraint

 There are 0 ports with no output delay but with a timing clock defined on it or propagating through it


7. checking multiple_clock (0)
------------------------------
 There are 0 register/latch pins with multiple clocks.


8. checking generated_clocks (0)
--------------------------------
 There are 0 generated clocks that are not connected to a clock source.


9. checking loops (0)
---------------------
 There are 0 combinational loops in the design.


10. checking partial_input_delay (0)
------------------------------------
 There are 0 input ports with partial input delay specified.


11. checking partial_output_delay (0)
-------------------------------------
 There are 0 ports with partial output delay specified.


12. checking latch_loops (0)
----------------------------
 There are 0 combinational latch loops in the design through latch input



------------------------------------------------------------------------------------------------
| Design Timing Summary
| ---------------------
------------------------------------------------------------------------------------------------

    WNS(ns)      TNS(ns)  TNS Failing Endpoints  TNS Total Endpoints     WPWS(ns)     TPWS(ns)  TPWS Failing Endpoints  TPWS Total Endpoints  
    -------      -------  ---------------------  -------------------     --------     --------  ----------------------  --------------------  
      3.101        0.000                      0               250542        6.124        0.000                       0                101727  


All user specified timing constraints are met.


------------------------------------------------------------------------------------------------
| Clock Summary
| -------------
------------------------------------------------------------------------------------------------

Clock  Waveform(ns)       Period(ns)      Frequency(MHz)
-----  ------------       ----------      --------------
clk    {0.000 6.667}      13.333          75.002          


------------------------------------------------------------------------------------------------
| Intra Clock Table
| -----------------
------------------------------------------------------------------------------------------------

Clock             WNS(ns)      TNS(ns)  TNS Failing Endpoints  TNS Total Endpoints     WPWS(ns)     TPWS(ns)  TPWS Failing Endpoints  TPWS Total Endpoints  
-----             -------      -------  ---------------------  -------------------     --------     --------  ----------------------  --------------------  
clk                 3.101        0.000                      0               250542        6.124        0.000                       0                101727  


------------------------------------------------------------------------------------------------
| Inter Clock Table
| -----------------
------------------------------------------------------------------------------------------------

From Clock    To Clock          WNS(ns)      TNS(ns)  TNS Failing Endpoints  TNS Total Endpoints  
----------    --------          -------      -------  ---------------------  -------------------  


------------------------------------------------------------------------------------------------
| Other Path Groups Table
| -----------------------
------------------------------------------------------------------------------------------------

Path Group    From Clock    To Clock          WNS(ns)      TNS(ns)  TNS Failing Endpoints  TNS Total Endpoints  
----------    ----------    --------          -------      -------  ---------------------  -------------------  


------------------------------------------------------------------------------------------------
| Timing Details
| --------------
------------------------------------------------------------------------------------------------


---------------------------------------------------------------------------------------------------
From Clock:  clk
  To Clock:  clk

Setup :            0  Failing Endpoints,  Worst Slack        3.101ns,  Total Violation        0.000ns
Hold  :           NA  Failing Endpoints,  Worst Slack           NA  ,  Total Violation           NA
PW    :            0  Failing Endpoints,  Worst Slack        6.124ns,  Total Violation        0.000ns
---------------------------------------------------------------------------------------------------


Max Delay Paths
--------------------------------------------------------------------------------------
Slack (MET) :             3.101ns  (required time - arrival time)
  Source:                 u_quant/raddr_r_reg[1]/C
                            (rising edge-triggered cell FDRE clocked by clk  {rise@0.000ns fall@6.667ns period=13.333ns})
  Destination:            vs2_q_reg[13]/D
                            (rising edge-triggered cell FDRE clocked by clk  {rise@0.000ns fall@6.667ns period=13.333ns})
  Path Group:             clk
  Path Type:              Setup (Max at Slow Process Corner)
  Requirement:            13.333ns  (clk rise@13.333ns - clk rise@0.000ns)
  Data Path Delay:        10.213ns  (logic 0.510ns (4.994%)  route 9.703ns (95.006%))
  Logic Levels:           5  (LUT5=1 LUT6=4)
  Clock Path Skew:        -0.009ns (DCD - SCD + CPR)
    Destination Clock Delay (DCD):    0.020ns = ( 13.353 - 13.333 ) 
    Source Clock Delay      (SCD):    0.029ns
    Clock Pessimism Removal (CPR):    0.000ns
  Clock Uncertainty:      0.035ns  ((TSJ^2 + TIJ^2)^1/2 + DJ) / 2 + PE
    Total System Jitter     (TSJ):    0.071ns
    Total Input Jitter      (TIJ):    0.000ns
    Discrete Jitter          (DJ):    0.000ns
    Phase Error              (PE):    0.000ns

    Location             Delay type                Incr(ns)  Path(ns)    Netlist Resource(s)
  -------------------------------------------------------------------    -------------------
                         (clock clk rise edge)        0.000     0.000 r  
                                                      0.000     0.000 r  clk (IN)
                         net (fo=103352, unset)       0.029     0.029    u_quant/clk
    SLICE_X80Y74         FDRE                                         r  u_quant/raddr_r_reg[1]/C
  -------------------------------------------------------------------    -------------------
    SLICE_X80Y74         FDRE (Prop_HFF2_SLICEL_C_Q)
                                                      0.080     0.109 r  u_quant/raddr_r_reg[1]/Q
                         net (fo=2048, routed)        4.790     4.899    kq_raddr[1]
    SLICE_X155Y229       LUT6 (Prop_F6LUT_SLICEL_I2_O)
                                                      0.089     4.988 r  vs2_q[13]_i_123/O
                         net (fo=1, routed)           1.865     6.853    vs2_q[13]_i_123_n_0
    SLICE_X187Y63        LUT6 (Prop_H6LUT_SLICEM_I0_O)
                                                      0.053     6.906 r  vs2_q[13]_i_68/O
                         net (fo=1, routed)           0.089     6.995    vs2_q[13]_i_68_n_0
    SLICE_X187Y62        LUT6 (Prop_G6LUT_SLICEM_I4_O)
                                                      0.052     7.047 f  vs2_q[13]_i_20/O
                         net (fo=1, routed)           0.285     7.332    vs2_q[13]_i_20_n_0
    SLICE_X186Y63        LUT5 (Prop_F6LUT_SLICEM_I1_O)
                                                      0.148     7.480 f  vs2_q[13]_i_6/O
                         net (fo=1, routed)           2.624    10.104    vs2_q[13]_i_6_n_0
    SLICE_X49Y68         LUT6 (Prop_C6LUT_SLICEL_I5_O)
                                                      0.088    10.192 r  vs2_q[13]_i_1/O
                         net (fo=1, routed)           0.050    10.242    vs2_q[13]_i_1_n_0
    SLICE_X49Y68         FDRE                                         r  vs2_q_reg[13]/D
  -------------------------------------------------------------------    -------------------

                         (clock clk rise edge)       13.333    13.333 r  
                                                      0.000    13.333 r  clk (IN)
                         net (fo=103352, unset)       0.020    13.353    clk
    SLICE_X49Y68         FDRE                                         r  vs2_q_reg[13]/C
                         clock pessimism              0.000    13.353    
                         clock uncertainty           -0.035    13.318    
    SLICE_X49Y68         FDRE (Setup_CFF_SLICEL_C_D)
                                                      0.025    13.343    vs2_q_reg[13]
  -------------------------------------------------------------------
                         required time                         13.343    
                         arrival time                         -10.242    
  -------------------------------------------------------------------
                         slack                                  3.101    

Slack (MET) :             3.313ns  (required time - arrival time)
  Source:                 u_quant/raddr_r_reg[1]/C
                            (rising edge-triggered cell FDRE clocked by clk  {rise@0.000ns fall@6.667ns period=13.333ns})
  Destination:            vs2_q_reg[12]/D
                            (rising edge-triggered cell FDRE clocked by clk  {rise@0.000ns fall@6.667ns period=13.333ns})
  Path Group:             clk
  Path Type:              Setup (Max at Slow Process Corner)
  Requirement:            13.333ns  (clk rise@13.333ns - clk rise@0.000ns)
  Data Path Delay:        10.002ns  (logic 0.591ns (5.909%)  route 9.411ns (94.091%))
  Logic Levels:           5  (LUT5=1 LUT6=4)
  Clock Path Skew:        -0.008ns (DCD - SCD + CPR)
    Destination Clock Delay (DCD):    0.021ns = ( 13.354 - 13.333 ) 
    Source Clock Delay      (SCD):    0.029ns
    Clock Pessimism Removal (CPR):    0.000ns
  Clock Uncertainty:      0.035ns  ((TSJ^2 + TIJ^2)^1/2 + DJ) / 2 + PE
    Total System Jitter     (TSJ):    0.071ns
    Total Input Jitter      (TIJ):    0.000ns
    Discrete Jitter          (DJ):    0.000ns
    Phase Error              (PE):    0.000ns

    Location             Delay type                Incr(ns)  Path(ns)    Netlist Resource(s)
  -------------------------------------------------------------------    -------------------
                         (clock clk rise edge)        0.000     0.000 r  
                                                      0.000     0.000 r  clk (IN)
                         net (fo=103352, unset)       0.029     0.029    u_quant/clk
    SLICE_X80Y74         FDRE                                         r  u_quant/raddr_r_reg[1]/C
  -------------------------------------------------------------------    -------------------
    SLICE_X80Y74         FDRE (Prop_HFF2_SLICEL_C_Q)
                                                      0.080     0.109 r  u_quant/raddr_r_reg[1]/Q
                         net (fo=2048, routed)        4.445     4.554    kq_raddr[1]
    SLICE_X150Y219       LUT6 (Prop_H6LUT_SLICEM_I2_O)
                                                      0.053     4.607 r  vs2_q[12]_i_113/O
                         net (fo=1, routed)           1.876     6.483    vs2_q[12]_i_113_n_0
    SLICE_X188Y67        LUT6 (Prop_F6LUT_SLICEL_I0_O)
                                                      0.123     6.606 r  vs2_q[12]_i_65/O
                         net (fo=1, routed)           0.348     6.954    vs2_q[12]_i_65_n_0
    SLICE_X188Y66        LUT6 (Prop_D6LUT_SLICEL_I4_O)
                                                      0.089     7.043 f  vs2_q[12]_i_19/O
                         net (fo=1, routed)           0.205     7.248    vs2_q[12]_i_19_n_0
    SLICE_X188Y66        LUT5 (Prop_A6LUT_SLICEL_I0_O)
                                                      0.124     7.372 f  vs2_q[12]_i_6/O
                         net (fo=1, routed)           2.465     9.837    vs2_q[12]_i_6_n_0
    SLICE_X57Y64         LUT6 (Prop_D6LUT_SLICEM_I5_O)
                                                      0.122     9.959 r  vs2_q[12]_i_1/O
                         net (fo=1, routed)           0.072    10.031    vs2_q[12]_i_1_n_0
    SLICE_X57Y64         FDRE                                         r  vs2_q_reg[12]/D
  -------------------------------------------------------------------    -------------------

                         (clock clk rise edge)       13.333    13.333 r  
                                                      0.000    13.333 r  clk (IN)
                         net (fo=103352, unset)       0.021    13.354    clk
    SLICE_X57Y64         FDRE                                         r  vs2_q_reg[12]/C
                         clock pessimism              0.000    13.354    
                         clock uncertainty           -0.035    13.319    
    SLICE_X57Y64         FDRE (Setup_DFF_SLICEM_C_D)
                                                      0.025    13.344    vs2_q_reg[12]
  -------------------------------------------------------------------
                         required time                         13.344    
                         arrival time                         -10.031    
  -------------------------------------------------------------------
                         slack                                  3.313    

Slack (MET) :             3.554ns  (required time - arrival time)
  Source:                 ar_rsb_reg[1]/C
                            (rising edge-triggered cell FDRE clocked by clk  {rise@0.000ns fall@6.667ns period=13.333ns})
  Destination:            u_arr/p_reg_reg[89]/DSP_A_B_DATA_INST/A[5]
                            (rising edge-triggered cell DSP_A_B_DATA clocked by clk  {rise@0.000ns fall@6.667ns period=13.333ns})
  Path Group:             clk
  Path Type:              Setup (Max at Slow Process Corner)
  Requirement:            13.333ns  (clk rise@13.333ns - clk rise@0.000ns)
  Data Path Delay:        9.490ns  (logic 0.390ns (4.110%)  route 9.100ns (95.890%))
  Logic Levels:           3  (LUT5=1 LUT6=1 MUXF7=1)
  Clock Path Skew:        0.013ns (DCD - SCD + CPR)
    Destination Clock Delay (DCD):    0.043ns = ( 13.376 - 13.333 ) 
    Source Clock Delay      (SCD):    0.030ns
    Clock Pessimism Removal (CPR):    0.000ns
  Clock Uncertainty:      0.035ns  ((TSJ^2 + TIJ^2)^1/2 + DJ) / 2 + PE
    Total System Jitter     (TSJ):    0.071ns
    Total Input Jitter      (TIJ):    0.000ns
    Discrete Jitter          (DJ):    0.000ns
    Phase Error              (PE):    0.000ns

    Location             Delay type                Incr(ns)  Path(ns)    Netlist Resource(s)
  -------------------------------------------------------------------    -------------------
                         (clock clk rise edge)        0.000     0.000 r  
                                                      0.000     0.000 r  clk (IN)
                         net (fo=103352, unset)       0.030     0.030    clk
    SLICE_X99Y64         FDRE                                         r  ar_rsb_reg[1]/C
  -------------------------------------------------------------------    -------------------
    SLICE_X99Y64         FDRE (Prop_DFF2_SLICEM_C_Q)
                                                      0.080     0.110 r  ar_rsb_reg[1]/Q
                         net (fo=9176, routed)        8.407     8.517    u_arr/rs_blk[1]
    SLICE_X211Y173       LUT6 (Prop_B6LUT_SLICEL_I2_O)
                                                      0.148     8.665 r  u_arr/p_reg_reg[89]_i_65/O
                         net (fo=1, routed)           0.009     8.674    u_arr/p_reg_reg[89]_i_65_n_0
    SLICE_X211Y173       MUXF7 (Prop_F7MUX_AB_SLICEL_I0_O)
                                                      0.063     8.737 r  u_arr/p_reg_reg[89]_i_33/O
                         net (fo=1, routed)           0.188     8.925    u_arr/p_reg_reg[89]_i_33_n_0
    SLICE_X211Y173       LUT5 (Prop_H6LUT_SLICEL_I0_O)
                                                      0.099     9.024 r  u_arr/p_reg_reg[89]_i_14/O
                         net (fo=1, routed)           0.496     9.520    u_arr/p_reg_reg[89]/A[5]
    DSP48E2_X27Y65       DSP_A_B_DATA                                 r  u_arr/p_reg_reg[89]/DSP_A_B_DATA_INST/A[5]
  -------------------------------------------------------------------    -------------------

                         (clock clk rise edge)       13.333    13.333 r  
                                                      0.000    13.333 r  clk (IN)
                         net (fo=103352, unset)       0.043    13.376    u_arr/p_reg_reg[89]/CLK
    DSP48E2_X27Y65       DSP_A_B_DATA                                 r  u_arr/p_reg_reg[89]/DSP_A_B_DATA_INST/CLK
                         clock pessimism              0.000    13.376    
                         clock uncertainty           -0.035    13.341    
    DSP48E2_X27Y65       DSP_A_B_DATA (Setup_DSP_A_B_DATA_DSP48E2_CLK_A[5])
                                                     -0.267    13.074    u_arr/p_reg_reg[89]/DSP_A_B_DATA_INST
  -------------------------------------------------------------------
                         required time                         13.074    
                         arrival time                          -9.520    
  -------------------------------------------------------------------
                         slack                                  3.554    

Slack (MET) :             3.637ns  (required time - arrival time)
  Source:                 ar_rsb_reg[1]/C
                            (rising edge-triggered cell FDRE clocked by clk  {rise@0.000ns fall@6.667ns period=13.333ns})
  Destination:            u_arr/p_reg_reg[89]0/DSP_A_B_DATA_INST/A[14]
                            (rising edge-triggered cell DSP_A_B_DATA clocked by clk  {rise@0.000ns fall@6.667ns period=13.333ns})
  Path Group:             clk
  Path Type:              Setup (Max at Slow Process Corner)
  Requirement:            13.333ns  (clk rise@13.333ns - clk rise@0.000ns)
  Data Path Delay:        9.410ns  (logic 0.323ns (3.433%)  route 9.087ns (96.567%))
  Logic Levels:           3  (LUT5=1 LUT6=1 MUXF7=1)
  Clock Path Skew:        0.013ns (DCD - SCD + CPR)
    Destination Clock Delay (DCD):    0.043ns = ( 13.376 - 13.333 ) 
    Source Clock Delay      (SCD):    0.030ns
    Clock Pessimism Removal (CPR):    0.000ns
  Clock Uncertainty:      0.035ns  ((TSJ^2 + TIJ^2)^1/2 + DJ) / 2 + PE
    Total System Jitter     (TSJ):    0.071ns
    Total Input Jitter      (TIJ):    0.000ns
    Discrete Jitter          (DJ):    0.000ns
    Phase Error              (PE):    0.000ns

    Location             Delay type                Incr(ns)  Path(ns)    Netlist Resource(s)
  -------------------------------------------------------------------    -------------------
                         (clock clk rise edge)        0.000     0.000 r  
                                                      0.000     0.000 r  clk (IN)
                         net (fo=103352, unset)       0.030     0.030    clk
    SLICE_X99Y64         FDRE                                         r  ar_rsb_reg[1]/C
  -------------------------------------------------------------------    -------------------
    SLICE_X99Y64         FDRE (Prop_DFF2_SLICEM_C_Q)
                                                      0.080     0.110 r  ar_rsb_reg[1]/Q
                         net (fo=9176, routed)        8.153     8.263    u_arr/rs_blk[1]
    SLICE_X208Y157       LUT6 (Prop_B6LUT_SLICEM_I2_O)
                                                      0.052     8.315 r  u_arr/p_reg_reg[89]0_i_52/O
                         net (fo=1, routed)           0.017     8.332    u_arr/p_reg_reg[89]0_i_52_n_0
    SLICE_X208Y157       MUXF7 (Prop_F7MUX_AB_SLICEM_I0_O)
                                                      0.067     8.399 r  u_arr/p_reg_reg[89]0_i_33/O
                         net (fo=1, routed)           0.442     8.841    u_arr/p_reg_reg[89]0_i_33_n_0
    SLICE_X190Y157       LUT5 (Prop_B6LUT_SLICEL_I1_O)
                                                      0.124     8.965 r  u_arr/p_reg_reg[89]0_i_16/O
                         net (fo=1, routed)           0.475     9.440    u_arr/p_reg_reg[89]0/A[14]
    DSP48E2_X27Y64       DSP_A_B_DATA                                 r  u_arr/p_reg_reg[89]0/DSP_A_B_DATA_INST/A[14]
  -------------------------------------------------------------------    -------------------

                         (clock clk rise edge)       13.333    13.333 r  
                                                      0.000    13.333 r  clk (IN)
                         net (fo=103352, unset)       0.043    13.376    u_arr/p_reg_reg[89]0/CLK
    DSP48E2_X27Y64       DSP_A_B_DATA                                 r  u_arr/p_reg_reg[89]0/DSP_A_B_DATA_INST/CLK
                         clock pessimism              0.000    13.376    
                         clock uncertainty           -0.035    13.341    
    DSP48E2_X27Y64       DSP_A_B_DATA (Setup_DSP_A_B_DATA_DSP48E2_CLK_A[14])
                                                     -0.264    13.077    u_arr/p_reg_reg[89]0/DSP_A_B_DATA_INST
  -------------------------------------------------------------------
                         required time                         13.077    
                         arrival time                          -9.440    
  -------------------------------------------------------------------
                         slack                                  3.637    

Slack (MET) :             3.653ns  (required time - arrival time)
  Source:                 ar_rsb_reg[1]/C
                            (rising edge-triggered cell FDRE clocked by clk  {rise@0.000ns fall@6.667ns period=13.333ns})
  Destination:            u_arr/p_reg_reg[27]/DSP_A_B_DATA_INST/A[6]
                            (rising edge-triggered cell DSP_A_B_DATA clocked by clk  {rise@0.000ns fall@6.667ns period=13.333ns})
  Path Group:             clk
  Path Type:              Setup (Max at Slow Process Corner)
  Requirement:            13.333ns  (clk rise@13.333ns - clk rise@0.000ns)
  Data Path Delay:        9.386ns  (logic 0.392ns (4.177%)  route 8.994ns (95.823%))
  Logic Levels:           3  (LUT5=1 LUT6=1 MUXF7=1)
  Clock Path Skew:        0.013ns (DCD - SCD + CPR)
    Destination Clock Delay (DCD):    0.043ns = ( 13.376 - 13.333 ) 
    Source Clock Delay      (SCD):    0.030ns
    Clock Pessimism Removal (CPR):    0.000ns
  Clock Uncertainty:      0.035ns  ((TSJ^2 + TIJ^2)^1/2 + DJ) / 2 + PE
    Total System Jitter     (TSJ):    0.071ns
    Total Input Jitter      (TIJ):    0.000ns
    Discrete Jitter          (DJ):    0.000ns
    Phase Error              (PE):    0.000ns

    Location             Delay type                Incr(ns)  Path(ns)    Netlist Resource(s)
  -------------------------------------------------------------------    -------------------
                         (clock clk rise edge)        0.000     0.000 r  
                                                      0.000     0.000 r  clk (IN)
                         net (fo=103352, unset)       0.030     0.030    clk
    SLICE_X99Y64         FDRE                                         r  ar_rsb_reg[1]/C
  -------------------------------------------------------------------    -------------------
    SLICE_X99Y64         FDRE (Prop_DFF2_SLICEM_C_Q)
                                                      0.080     0.110 r  ar_rsb_reg[1]/Q
                         net (fo=9176, routed)        8.416     8.526    u_arr/rs_blk[1]
    SLICE_X207Y170       LUT6 (Prop_A6LUT_SLICEL_I2_O)
                                                      0.149     8.675 r  u_arr/p_reg_reg[27]_i_64/O
                         net (fo=1, routed)           0.009     8.684    u_arr/p_reg_reg[27]_i_64_n_0
    SLICE_X207Y170       MUXF7 (Prop_F7MUX_AB_SLICEL_I1_O)
                                                      0.064     8.748 r  u_arr/p_reg_reg[27]_i_32/O
                         net (fo=1, routed)           0.189     8.937    u_arr/p_reg_reg[27]_i_32_n_0
    SLICE_X207Y170       LUT5 (Prop_H6LUT_SLICEL_I2_O)
                                                      0.099     9.036 r  u_arr/p_reg_reg[27]_i_13/O
                         net (fo=1, routed)           0.380     9.416    u_arr/p_reg_reg[27]/A[6]
    DSP48E2_X28Y59       DSP_A_B_DATA                                 r  u_arr/p_reg_reg[27]/DSP_A_B_DATA_INST/A[6]
  -------------------------------------------------------------------    -------------------

                         (clock clk rise edge)       13.333    13.333 r  
                                                      0.000    13.333 r  clk (IN)
                         net (fo=103352, unset)       0.043    13.376    u_arr/p_reg_reg[27]/CLK
    DSP48E2_X28Y59       DSP_A_B_DATA                                 r  u_arr/p_reg_reg[27]/DSP_A_B_DATA_INST/CLK
                         clock pessimism              0.000    13.376    
                         clock uncertainty           -0.035    13.341    
    DSP48E2_X28Y59       DSP_A_B_DATA (Setup_DSP_A_B_DATA_DSP48E2_CLK_A[6])
                                                     -0.272    13.069    u_arr/p_reg_reg[27]/DSP_A_B_DATA_INST
  -------------------------------------------------------------------
                         required time                         13.069    
                         arrival time                          -9.416    
  -------------------------------------------------------------------
                         slack                                  3.653    





Pulse Width Checks
--------------------------------------------------------------------------------------
Clock Name:         clk
Waveform(ns):       { 0.000 6.667 }
Period(ns):         13.333
Sources:            { clk }

Check Type        Corner  Lib Pin             Reference Pin  Required(ns)  Actual(ns)  Slack(ns)  Location     Pin
Min Period        n/a     RAMB36E2/CLKARDCLK  n/a            1.569         13.333      11.764     RAMB36_X6Y3  ypre_reg_bram_0/CLKARDCLK
Min Period        n/a     RAMB36E2/CLKARDCLK  n/a            1.569         13.333      11.764     RAMB36_X6Y4  ypre_reg_bram_1/CLKARDCLK
Min Period        n/a     RAMB36E2/CLKARDCLK  n/a            1.569         13.333      11.764     RAMB36_X5Y4  ypre_reg_bram_2/CLKARDCLK
Min Period        n/a     RAMB36E2/CLKBWRCLK  n/a            1.355         13.333      11.978     RAMB36_X6Y3  ypre_reg_bram_0/CLKBWRCLK
Min Period        n/a     RAMB36E2/CLKBWRCLK  n/a            1.355         13.333      11.978     RAMB36_X6Y4  ypre_reg_bram_1/CLKBWRCLK
Low Pulse Width   Slow    RAMB36E2/CLKARDCLK  n/a            0.542         6.667       6.125      RAMB36_X6Y3  ypre_reg_bram_0/CLKARDCLK
Low Pulse Width   Fast    RAMB36E2/CLKARDCLK  n/a            0.542         6.667       6.125      RAMB36_X6Y3  ypre_reg_bram_0/CLKARDCLK
Low Pulse Width   Slow    RAMB36E2/CLKBWRCLK  n/a            0.542         6.667       6.125      RAMB36_X6Y3  ypre_reg_bram_0/CLKBWRCLK
Low Pulse Width   Fast    RAMB36E2/CLKBWRCLK  n/a            0.542         6.667       6.125      RAMB36_X6Y3  ypre_reg_bram_0/CLKBWRCLK
Low Pulse Width   Slow    RAMB36E2/CLKARDCLK  n/a            0.542         6.667       6.125      RAMB36_X6Y4  ypre_reg_bram_1/CLKARDCLK
High Pulse Width  Slow    RAMB36E2/CLKARDCLK  n/a            0.542         6.667       6.125      RAMB36_X6Y3  ypre_reg_bram_0/CLKARDCLK
High Pulse Width  Fast    RAMB36E2/CLKARDCLK  n/a            0.542         6.667       6.125      RAMB36_X6Y3  ypre_reg_bram_0/CLKARDCLK
High Pulse Width  Slow    RAMB36E2/CLKBWRCLK  n/a            0.542         6.667       6.125      RAMB36_X6Y3  ypre_reg_bram_0/CLKBWRCLK
High Pulse Width  Fast    RAMB36E2/CLKBWRCLK  n/a            0.542         6.667       6.125      RAMB36_X6Y3  ypre_reg_bram_0/CLKBWRCLK
High Pulse Width  Slow    RAMB36E2/CLKARDCLK  n/a            0.542         6.667       6.125      RAMB36_X6Y4  ypre_reg_bram_1/CLKARDCLK



