Copyright 1986-2022 Xilinx, Inc. All Rights Reserved. Copyright 2022-2023 Advanced Micro Devices, Inc. All Rights Reserved.
---------------------------------------------------------------------------------------------------------------------------------------------
| Tool Version : Vivado v.2023.2 (lin64) Build 4029153 Fri Oct 13 20:13:54 MDT 2023
| Date         : Mon Aug 31 17:36:37 2026
| Host         : Oren-Dell-Ubuntu running 64-bit Ubuntu 22.04.5 LTS
| Command      : report_design_analysis -congestion -file /mnt/storage/route3_2026-08-31/out/congestion_c3img_routed.rpt
| Design       : compose4_top
| Device       : xcvu33p
| Design State : Routed
---------------------------------------------------------------------------------------------------------------------------------------------

Report Design Analysis

Table of Contents
-----------------
1. Placer Final Level Congestion Reporting
2. Router Initial Congestion
3. SLR Net Crossing Reporting

1. Placer Final Level Congestion Reporting
------------------------------------------

+-----------+--------+-------+---------------------------------+---------------+---------------+-----+--------+------+------+------+------+------+-------+-----+------------------------------------------------------+
| Direction |  Type  | Level |              Window             | Combined LUTs | Avg LUT Input | LUT | LUTRAM | Flop | MUXF | RAMB | URAM |  DSP | CARRY | SRL |                      Cell Names                      |
+-----------+--------+-------+---------------------------------+---------------+---------------+-----+--------+------+------+------+------+------+-------+-----+------------------------------------------------------+
| North     | Global |     5 | (CLEL_R_X13Y108,CLEL_R_X29Y139) |            0% |         3.261 | 63% | 0%     |  27% |  21% | 66%  | 0%   | 100% |   23% |  0% | c_attn/u_arr(87%),a_eng/eng/dut/core(7%)             |
| North     | Long   |     5 | (CLEL_R_X16Y106,CLEL_R_X32Y137) |            0% |         3.181 | 64% | 0%     |  26% |  18% | 66%  | 0%   | 100% |   30% |  0% | c_attn/u_arr(81%),a_eng/eng/dut/core(12%)            |
| North     | Long   |     6 | (CLEL_R_X9Y82,CLEL_R_X41Y145)   |            0% |         2.826 | 57% | 2%     |  27% |  17% | 71%  | 0%   | 91%  |   24% |  0% | c_attn/u_arr(72%),a_eng/eng/dut/core(17%),c_attn(4%) |
| South     | Long   |     5 | (CLEL_R_X14Y99,CLEL_R_X30Y130)  |            0% |         2.966 | 61% | 0%     |  23% |  15% | 57%  | 0%   | 100% |   33% |  0% | c_attn/u_arr(85%),a_eng/eng/dut/core(7%)             |
+-----------+--------+-------+---------------------------------+---------------+---------------+-----+--------+------+------+------+------+------+-------+-----+------------------------------------------------------+


2. Router Initial Congestion
----------------------------

+-----------+--------+-------+------------------------------+---------------+---------------+-----+--------+------+------+------+------+------+-------+-----+--------------------------------------------------------+-----------------------------------------------------------------------------------------------------------------------------------------------------------------------------------------------------------------------------------------------------------------------------------------------------------------------------------------------------------------------------------------------------------------------+
| Direction |  Type  | Level |            Window            | Combined LUTs | Avg LUT Input | LUT | LUTRAM | Flop | MUXF | RAMB | URAM |  DSP | CARRY | SRL |                       Cell Names                       |                                                                                                                                                                                                      Sub Windows                                                                                                                                                                                                      |
+-----------+--------+-------+------------------------------+---------------+---------------+-----+--------+------+------+------+------+------+-------+-----+--------------------------------------------------------+-----------------------------------------------------------------------------------------------------------------------------------------------------------------------------------------------------------------------------------------------------------------------------------------------------------------------------------------------------------------------------------------------------------------------+
| North     | Global |     6 | (CLEL_L_X16Y84,CLEM_X47Y147) |            0% |         4.565 | 60% |     3% |  28% |  15% |  82% |   0% |  99% |   27% |  0% | c_attn/u_arr(71%),a_eng/eng/dut/core(18%),c_attn(8%)   | (CLEL_L_X16Y116,CLEL_R_X47Y147), (CLEL_L_X16Y84,CLEL_R_X47Y115)                                                                                                                                                                                                                                                                                                                                                       |
| North     | Long   |     7 | (CLEL_R_X0Y48,CLEM_X63Y175)  |            0% |         4.527 | 57% |     7% |  27% |  12% |  71% |   0% |  90% |   22% |  0% | c_attn/u_arr(58%),a_eng/eng/dut/core(23%),c_attn(15%)  | (CLEL_R_X0Y112,CLEL_R_X63Y175), (CLEL_R_X0Y48,CLEL_R_X63Y111)                                                                                                                                                                                                                                                                                                                                                         |
| South     | Long   |     6 | (CLEL_L_X15Y48,CLEM_X46Y127) |            0% |         4.836 | 63% |     1% |  26% |  14% |  78% |   0% |  98% |   24% |  0% | c_attn/u_arr(73%),c_attn(15%),a_eng/eng/dut/core(8%)   | (CLEL_L_X15Y112,CLEL_R_X30Y127), (CLEL_L_X15Y96,CLEL_R_X30Y111), (CLEL_L_X15Y80,CLEL_R_X30Y95), (CLEL_L_X15Y64,CLEL_R_X30Y79), (CLEM_X31Y112,CLEL_R_X46Y127), (CLEM_X31Y96,CLEL_R_X46Y111), (CLEM_X31Y64,CLEL_R_X46Y79), (CLEM_X31Y48,CLEL_R_X46Y63)                                                                                                                                                                  |
| East      | Long   |     5 | (CLEM_X32Y170,CLEM_X63Y217)  |            2% |         3.751 | 66% |    26% |  33% |   2% |  97% |   NA | 100% |   30% |  0% | a_eng/eng/dut/core(75%),c_attn(14%),c_attn/u_arr(3%)   | (CLEL_R_X32Y186,CLEL_R_X47Y201), (CLEM_X32Y170,CLEL_R_X47Y185), (CLEM_X48Y202,CLEL_R_X63Y217), (CLEM_X48Y186,CLEL_R_X63Y201), (CLEM_X48Y170,CLEL_R_X63Y185)                                                                                                                                                                                                                                                           |
| East      | Long   |     5 | (CLEM_X24Y170,CLEM_X63Y201)  |            2% |         3.692 | 61% |    21% |  31% |   1% | 100% |   0% | 100% |   27% |  0% | a_eng/eng/dut/core(70%),c_attn(18%),c_attn/u_quant(4%) | (CLEL_R_X24Y194,CLEL_R_X31Y201), (CLEL_R_X24Y186,CLEL_R_X31Y193), (CLEM_X24Y170,CLEL_R_X31Y177), (CLEL_R_X32Y194,CLEM_X39Y201), (CLEL_R_X32Y186,CLEM_X39Y193), (CLEM_X32Y170,CLEM_X39Y177), (CLEM_X40Y186,CLEL_R_X47Y193), (CLEM_X40Y178,CLEL_R_X47Y185), (CLEM_X40Y170,CLEL_R_X47Y177), (CLEM_X48Y186,CLEL_R_X55Y193), (CLEM_X48Y178,CLEL_R_X55Y185), (CLEM_X48Y170,CLEL_R_X55Y177), (CLEL_R_X56Y186,CLEL_R_X63Y193) |
| East      | Long   |     5 | (CLEM_X32Y170,CLEM_X63Y201)  |            1% |         3.578 | 65% |    28% |  33% |   1% |  96% |   NA | 100% |   30% |  0% | a_eng/eng/dut/core(77%),c_attn(13%),c_attn/u_arr(3%)   | (CLEM_X32Y170,CLEL_R_X63Y201)                                                                                                                                                                                                                                                                                                                                                                                         |
| West      | Long   |     5 | (CLEM_X51Y22,CLEM_X66Y53)    |            1% |         4.544 | 64% |     1% |  27% |  11% |   0% |   0% | 100% |   33% |  0% | c_attn/u_arr(83%),c_attn(9%),a_eng/eng/dut/core(6%)    | (CLEM_X51Y38,CLEL_R_X66Y53), (CLEM_X51Y22,CLEL_R_X66Y37)                                                                                                                                                                                                                                                                                                                                                              |
+-----------+--------+-------+------------------------------+---------------+---------------+-----+--------+------+------+------+------+------+-------+-----+--------------------------------------------------------+-----------------------------------------------------------------------------------------------------------------------------------------------------------------------------------------------------------------------------------------------------------------------------------------------------------------------------------------------------------------------------------------------------------------------+


3. SLR Net Crossing Reporting
-----------------------------

+------------+-----------------------------+
| Cell Names | Number of Nets crossing SLR |
+------------+-----------------------------+
* The current part is not an SSI device


