Copyright 1986-2022 Xilinx, Inc. All Rights Reserved. Copyright 2022-2023 Advanced Micro Devices, Inc. All Rights Reserved.
---------------------------------------------------------------------------------------------------------------------------------------------
| Tool Version : Vivado v.2023.2 (lin64) Build 4029153 Fri Oct 13 20:13:54 MDT 2023
| Date         : Mon Aug 31 17:36:44 2026
| Host         : Oren-Dell-Ubuntu running 64-bit Ubuntu 22.04.5 LTS
| Command      : report_utilization -pblocks [get_pblocks pb_core] -file /mnt/storage/route3_2026-08-31/out/pbutil_c3img_routed.rpt
| Design       : compose4_top
| Device       : xcvu33p-fsvh2104-2L-e
| Speed File   : -2L
| Design State : Routed
---------------------------------------------------------------------------------------------------------------------------------------------

Utilization Design Information

Table of Contents
-----------------
1. Pblock Summary
2. Clock Region Statistics
3. CLB Logic
3.1 Summary of Registers by Type
4. CLB Logic Distribution
5. BLOCKRAM
6. ARITHMETIC
7. I/O
8. CLOCK
9. ADVANCED
10. CONFIGURATION
11. Primitives
12. Black Boxes
13. Instantiated Netlists

1. Pblock Summary
-----------------

+-------+---------+-------+-------------------+-----------------+----------------+
| Index |  Parent | Child | EXCLUDE_PLACEMENT | CONTAIN_ROUTING | SLR(s) Covered |
+-------+---------+-------+-------------------+-----------------+----------------+
| 1     | pb_core |       |                 0 |               0 |           SLR0 |
+-------+---------+-------+-------------------+-----------------+----------------+


2. Clock Region Statistics
--------------------------

+-------------+--------------------+
| CLOCKREGION | Pblock Sites in CR |
+-------------+--------------------+
| X0Y0        |              3.61% |
| X0Y1        |              3.63% |
| X0Y2        |              3.63% |
| X0Y3        |              4.11% |
| X1Y0        |              3.05% |
| X1Y1        |              3.07% |
| X1Y2        |              3.07% |
| X1Y3        |              3.54% |
| X2Y0        |              4.32% |
| X2Y1        |              4.34% |
| X2Y2        |              4.34% |
| X2Y3        |              4.82% |
| X3Y0        |              2.52% |
| X3Y1        |              2.53% |
| X3Y2        |              2.53% |
| X3Y3        |              3.01% |
| X4Y0        |              3.72% |
| X4Y1        |              3.73% |
| X4Y2        |              3.73% |
| X4Y3        |              4.21% |
| X5Y0        |              3.42% |
| X5Y1        |              3.45% |
| X5Y2        |              3.45% |
| X5Y3        |              3.92% |
| X6Y0        |              3.42% |
| X6Y1        |              3.45% |
| X6Y2        |              3.45% |
| X6Y3        |              3.92% |
+-------------+--------------------+


3. CLB Logic
------------

+----------------------------+--------+-------+--------------+--------+-------+------------+-----------+-------+
|          Site Type         | Parent | Child | Non-Assigned |  Used  | Fixed | Prohibited | Available | Util% |
+----------------------------+--------+-------+--------------+--------+-------+------------+-----------+-------+
| CLB LUTs                   | 261664 |     0 |            0 | 261664 |     0 |          0 |    388800 | 67.30 |
|   LUT as Logic             | 234347 |     0 |            0 | 234347 |     0 |          0 |    388800 | 60.27 |
|   LUT as Memory            |  27317 |     0 |            0 |  27317 |     0 |          0 |    179520 | 15.22 |
|     LUT as Distributed RAM |  26631 |     0 |            0 |  26631 |     0 |            |           |       |
|     LUT as Shift Register  |    686 |     0 |            0 |    686 |     0 |            |           |       |
| CLB Registers              | 243263 |     0 |            0 | 243263 |     0 |          0 |    777600 | 31.28 |
|   Register as Flip Flop    | 243263 |     0 |            0 | 243263 |     0 |          0 |    777600 | 31.28 |
|   Register as Latch        |      0 |     0 |            0 |      0 |     0 |          0 |    777600 |  0.00 |
| CARRY8                     |  12146 |     0 |           30 |  12176 |     0 |          0 |     48600 | 25.05 |
| F7 Muxes                   |  20235 |     0 |            0 |  20235 |     0 |          0 |    194400 | 10.41 |
| F8 Muxes                   |   3970 |     0 |            0 |   3970 |     0 |          0 |     97200 |  4.08 |
| F9 Muxes                   |      0 |     0 |            0 |      0 |     0 |          0 |     48600 |  0.00 |
+----------------------------+--------+-------+--------------+--------+-------+------------+-----------+-------+
* Warning! LUT value is adjusted to account for LUT combining.


3.1 Summary of Registers by Type
--------------------------------

+--------+--------------+-------------+--------------+
|  Total | Clock Enable | Synchronous | Asynchronous |
+--------+--------------+-------------+--------------+
| 0      |            _ |           - |            - |
| 0      |            _ |           - |          Set |
| 0      |            _ |           - |        Reset |
| 0      |            _ |         Set |            - |
| 0      |            _ |       Reset |            - |
| 0      |          Yes |           - |            - |
| 0      |          Yes |           - |          Set |
| 0      |          Yes |           - |        Reset |
| 1130   |          Yes |         Set |            - |
| 242133 |          Yes |       Reset |            - |
+--------+--------------+-------------+--------------+


4. CLB Logic Distribution
-------------------------

+--------------------------------------------+--------+-------+--------------+--------+-------+------------+-----------+-------+
|                  Site Type                 | Parent | Child | Non-Assigned |  Used  | Fixed | Prohibited | Available | Util% |
+--------------------------------------------+--------+-------+--------------+--------+-------+------------+-----------+-------+
| CLB                                        |  46573 |     0 |           30 |  46573 |     0 |          0 |     48600 | 95.83 |
|   CLBL                                     |  24957 |     0 |           12 |  24957 |     0 |            |           |       |
|   CLBM                                     |  21616 |     0 |           18 |  21616 |     0 |            |           |       |
| LUT as Logic                               | 234347 |     0 |            0 | 234347 |     0 |          0 |    388800 | 60.27 |
|   using O5 output only                     |   1646 |     0 |            0 |   1646 |       |            |           |       |
|   using O6 output only                     | 202266 |     0 |            0 | 202266 |       |            |           |       |
|   using O5 and O6                          |  30435 |     0 |            0 |  30435 |       |            |           |       |
| LUT as Memory                              |  27317 |     0 |            0 |  27317 |     0 |          0 |    179520 | 15.22 |
|   LUT as Distributed RAM                   |  26631 |     0 |            0 |  26631 |     0 |            |           |       |
|     using O5 output only                   |      0 |     0 |            0 |      0 |       |            |           |       |
|     using O6 output only                   |   1356 |     0 |            0 |   1356 |       |            |           |       |
|     using O5 and O6                        |  25275 |     0 |            0 |  25275 |       |            |           |       |
|   LUT as Shift Register                    |    686 |     0 |            0 |    686 |     0 |            |           |       |
|     using O5 output only                   |      0 |     0 |            0 |      0 |       |            |           |       |
|     using O6 output only                   |    200 |     0 |            0 |    200 |       |            |           |       |
|     using O5 and O6                        |    486 |     0 |            0 |    486 |       |            |           |       |
| CLB Registers                              | 243263 |     0 |            0 | 243263 |     0 |          0 |    777600 | 31.28 |
|   Register driven from within the CLB      | 104178 |     0 |            0 | 104178 |       |            |           |       |
|   Register driven from outside the CLB     | 139085 |     0 |            0 | 139085 |       |            |           |       |
|     LUT in front of the register is unused |  66632 |     0 |            0 |  66632 |       |            |           |       |
|     LUT in front of the register is used   |  72453 |     0 |            0 |  72453 |       |            |           |       |
| Unique Control Sets                        |   4663 |     0 |            0 |   4663 |       |          0 |     97200 |  4.80 |
+--------------------------------------------+--------+-------+--------------+--------+-------+------------+-----------+-------+
* * Note: Available Control Sets calculated as Slices * 2, Review the Control Sets Report for more information regarding control sets.


5. BLOCKRAM
-----------

+-------------------+--------+-------+--------------+-------+-------+------------+-----------+-------+
|     Site Type     | Parent | Child | Non-Assigned |  Used | Fixed | Prohibited | Available | Util% |
+-------------------+--------+-------+--------------+-------+-------+------------+-----------+-------+
| Block RAM Tile    |  351.5 |     0 |            0 | 351.5 |     0 |          0 |       576 | 61.02 |
|   RAMB36/FIFO*    |    330 |     0 |            0 |   330 |     0 |          0 |       576 | 57.29 |
|     RAMB36E2 only |    330 |     0 |            0 |   330 |       |            |           |       |
|   RAMB18          |     43 |     0 |            0 |    43 |     0 |          0 |      1152 |  3.73 |
|     RAMB18E2 only |     43 |     0 |            0 |    43 |       |            |           |       |
| URAM              |      0 |     0 |            0 |     0 |     0 |          0 |       320 |  0.00 |
+-------------------+--------+-------+--------------+-------+-------+------------+-----------+-------+
* Note: Each Block RAM Tile only has one FIFO logic available and therefore can accommodate only one FIFO36E2 or one FIFO18E2. However, if a FIFO18E2 occupies a Block RAM Tile, that tile can still accommodate a RAMB18E2


6. ARITHMETIC
-------------

+----------------+--------+-------+--------------+------+-------+------------+-----------+-------+
|    Site Type   | Parent | Child | Non-Assigned | Used | Fixed | Prohibited | Available | Util% |
+----------------+--------+-------+--------------+------+-------+------------+-----------+-------+
| DSPs           |   2177 |     0 |            0 | 2177 |     0 |          0 |      2700 | 80.63 |
|   DSP48E2 only |   2177 |     0 |            0 | 2177 |       |            |           |       |
+----------------+--------+-------+--------------+------+-------+------------+-----------+-------+


7. I/O
------

+------------------+--------+-------+--------------+------+-------+------------+-----------+-------+
|     Site Type    | Parent | Child | Non-Assigned | Used | Fixed | Prohibited | Available | Util% |
+------------------+--------+-------+--------------+------+-------+------------+-----------+-------+
| Bonded IOB       |      0 |     0 |            0 |    0 |     0 |          0 |       208 |  0.00 |
| HPIOB_M          |      0 |     0 |            0 |    0 |     0 |          0 |        96 |  0.00 |
| HPIOB_S          |      0 |     0 |            0 |    0 |     0 |          0 |        96 |  0.00 |
| HPIOB_SNGL       |      0 |     0 |            0 |    0 |     0 |          0 |        16 |  0.00 |
| HPIOBDIFFINBUF   |      0 |     0 |            0 |    0 |     0 |          0 |        96 |  0.00 |
| HPIOBDIFFOUTBUF  |      0 |     0 |            0 |    0 |     0 |          0 |        96 |  0.00 |
| BITSLICE_CONTROL |      0 |     0 |            0 |    0 |     0 |          0 |        32 |  0.00 |
| BITSLICE_RX_TX   |      0 |     0 |            0 |    0 |     0 |          0 |      1248 |  0.00 |
| BITSLICE_TX      |      0 |     0 |            0 |    0 |     0 |          0 |        32 |  0.00 |
| RIU_OR           |      0 |     0 |            0 |    0 |     0 |          0 |        16 |  0.00 |
+------------------+--------+-------+--------------+------+-------+------------+-----------+-------+


8. CLOCK
--------

+----------------------+--------+-------+--------------+------+-------+------------+-----------+-------+
|       Site Type      | Parent | Child | Non-Assigned | Used | Fixed | Prohibited | Available | Util% |
+----------------------+--------+-------+--------------+------+-------+------------+-----------+-------+
| GLOBAL CLOCK BUFFERs |     25 |     0 |            2 |   27 |     0 |          0 |       240 | 11.25 |
|   BUFGCE             |     25 |     0 |            2 |   27 |     0 |          0 |        96 | 28.13 |
|   BUFGCE_DIV         |      0 |     0 |            0 |    0 |     0 |          0 |        16 |  0.00 |
|   BUFG_GT            |      0 |     0 |            0 |    0 |     0 |          0 |        96 |  0.00 |
|   BUFGCTRL*          |      0 |     0 |            0 |    0 |     0 |          0 |        32 |  0.00 |
| PLL                  |      0 |     0 |            0 |    0 |     0 |          0 |         8 |  0.00 |
| MMCM                 |      0 |     0 |            0 |    0 |     0 |          0 |         4 |  0.00 |
+----------------------+--------+-------+--------------+------+-------+------------+-----------+-------+
* Note: Each used BUFGCTRL counts as two GLOBAL CLOCK BUFFERs. This table does not include global clocking resources, only buffer cell usage. See the Clock Utilization Report (report_clock_utilization) for detailed accounting of global clocking resource availability.


9. ADVANCED
-----------

+----------------------+--------+-------+--------------+------+-------+------------+-----------+-------+
|       Site Type      | Parent | Child | Non-Assigned | Used | Fixed | Prohibited | Available | Util% |
+----------------------+--------+-------+--------------+------+-------+------------+-----------+-------+
| CMACE4               |      0 |     0 |            0 |    0 |     0 |          0 |         2 |  0.00 |
| GTYE4_CHANNEL        |      0 |     0 |            0 |    0 |     0 |          0 |        16 |  0.00 |
| GTYE4_COMMON         |      0 |     0 |            0 |    0 |     0 |          0 |         4 |  0.00 |
| HBM_REF_CLK          |      0 |     0 |            0 |    0 |     0 |          0 |         2 |  0.00 |
| HBM_SNGLBLI_INTF_APB |      0 |     0 |            0 |    0 |     0 |          0 |        30 |  0.00 |
| HBM_SNGLBLI_INTF_AXI |      0 |     0 |            0 |    0 |     0 |          0 |        30 |  0.00 |
| OBUFDS_GTE4          |      0 |     0 |            0 |    0 |     0 |          0 |         8 |  0.00 |
| OBUFDS_GTE4_ADV      |      0 |     0 |            0 |    0 |     0 |          0 |         8 |  0.00 |
| PCIE4CE4             |      0 |     0 |            0 |    0 |     0 |          0 |         2 |  0.00 |
+----------------------+--------+-------+--------------+------+-------+------------+-----------+-------+


10. CONFIGURATION
-----------------

+-----------+--------+-------+--------------+------+-------+------------+-----------+-------+
| Site Type | Parent | Child | Non-Assigned | Used | Fixed | Prohibited | Available | Util% |
+-----------+--------+-------+--------------+------+-------+------------+-----------+-------+


11. Primitives
--------------

+----------+--------+---------------------+
| Ref Name |  Used  | Functional Category |
+----------+--------+---------------------+
| FDRE     | 242133 |            Register |
| LUT6     | 106246 |                 CLB |
| LUT2     |  54126 |                 CLB |
| RAMD32   |  44170 |                 CLB |
| LUT5     |  40639 |                 CLB |
| LUT3     |  34090 |                 CLB |
| LUT4     |  21994 |                 CLB |
| MUXF7    |  20235 |                 CLB |
| CARRY8   |  12176 |                 CLB |
| LUT1     |   7687 |                 CLB |
| RAMS32   |   6382 |                 CLB |
| MUXF8    |   3970 |                 CLB |
| DSP48E2  |   2177 |          Arithmetic |
| RAMD64E  |   1354 |                 CLB |
| SRL16E   |   1170 |                 CLB |
| FDSE     |   1130 |            Register |
| RAMB36E2 |    330 |            BLOCKRAM |
| RAMB18E2 |     43 |            BLOCKRAM |
| BUFGCE   |     27 |               Clock |
| SRLC32E  |      2 |                 CLB |
+----------+--------+---------------------+


12. Black Boxes
---------------

+----------+------+
| Ref Name | Used |
+----------+------+


13. Instantiated Netlists
-------------------------

+----------+------+
| Ref Name | Used |
+----------+------+


