Copyright 1986-2022 Xilinx, Inc. All Rights Reserved. Copyright 2022-2023 Advanced Micro Devices, Inc. All Rights Reserved.
---------------------------------------------------------------------------------------------------------------------------------------------
| Tool Version : Vivado v.2023.2 (lin64) Build 4029153 Fri Oct 13 20:13:54 MDT 2023
| Date         : Sat Aug 29 18:40:17 2026
| Host         : Oren-Dell-Ubuntu running 64-bit Ubuntu 22.04.5 LTS
| Command      : report_utilization -hierarchical -file /mnt/storage/lutdiet/out/synthutil_hier_attn_none.rpt
| Design       : attn_block
| Device       : xcvu33p-fsvh2104-2L-e
| Speed File   : -2L
| Design State : Synthesized
---------------------------------------------------------------------------------------------------------------------------------------------

Utilization Design Information

Table of Contents
-----------------
1. Utilization by Hierarchy

1. Utilization by Hierarchy
---------------------------

+--------------------+-------------------+------------+------------+---------+------+--------+--------+--------+------+------------+
|      Instance      |       Module      | Total LUTs | Logic LUTs | LUTRAMs | SRLs |   FFs  | RAMB36 | RAMB18 | URAM | DSP Blocks |
+--------------------+-------------------+------------+------------+---------+------+--------+--------+--------+------+------------+
| attn_block         |             (top) |     157560 |     157451 |      80 |   29 | 101190 |      3 |     16 |    0 |        298 |
|   (attn_block)     |             (top) |      90375 |      90375 |       0 |    0 |  50901 |      3 |      0 |    0 |          0 |
|   gen_head[0].u_sm |   attn_softmax__2 |        340 |        339 |       0 |    1 |    399 |      0 |      3 |    0 |          2 |
|   gen_head[0].u_sq |    attn_score_q12 |        683 |        679 |       4 |    0 |    391 |      0 |      0 |    0 |          0 |
|   gen_head[1].u_sm |   attn_softmax__3 |        340 |        339 |       0 |    1 |    399 |      0 |      3 |    0 |          2 |
|   gen_head[1].u_sq | attn_score_q12__3 |        683 |        679 |       4 |    0 |    391 |      0 |      0 |    0 |          0 |
|   gen_head[2].u_sm |      attn_softmax |        340 |        339 |       0 |    1 |    399 |      0 |      3 |    0 |          2 |
|   gen_head[2].u_sq | attn_score_q12__2 |        683 |        679 |       4 |    0 |    391 |      0 |      0 |    0 |          0 |
|   gen_head[3].u_sm |   attn_softmax__1 |        340 |        339 |       0 |    1 |    399 |      0 |      3 |    0 |          2 |
|   gen_head[3].u_sq | attn_score_q12__1 |        683 |        679 |       4 |    0 |    391 |      0 |      0 |    0 |          0 |
|   u_arr            |    attn_mac_array |      50302 |      50302 |       0 |    0 |  39486 |      0 |      0 |    0 |        256 |
|   u_emit           |         attn_emit |        460 |        440 |       8 |   12 |    390 |      0 |      0 |    0 |          0 |
|   u_gate           |         attn_gate |        789 |        789 |       0 |    0 |    890 |      0 |      2 |    0 |          4 |
|   u_norm           |        rmsnorm_rs |      10801 |      10801 |       0 |    0 |   5393 |      0 |      0 |    0 |         22 |
|   u_quant          |     attn_kv_quant |        228 |        208 |      12 |    8 |    314 |      0 |      0 |    0 |          0 |
|   u_recip          |        attn_recip |        154 |        154 |       0 |    0 |    306 |      0 |      0 |    0 |          0 |
|     (u_recip)      |        attn_recip |         77 |         77 |       0 |    0 |    156 |      0 |      0 |    0 |          0 |
|     u_div          |        divider_rs |         77 |         77 |       0 |    0 |    150 |      0 |      0 |    0 |          0 |
|   u_rope           |         attn_rope |        254 |        205 |      44 |    5 |    150 |      0 |      0 |    0 |          4 |
|   u_tw             |      attn_twiddle |        105 |        105 |       0 |    0 |    200 |      0 |      2 |    0 |          4 |
+--------------------+-------------------+------------+------------+---------+------+--------+--------+--------+------+------------+


