Copyright 1986-2022 Xilinx, Inc. All Rights Reserved. Copyright 2022-2023 Advanced Micro Devices, Inc. All Rights Reserved.
---------------------------------------------------------------------------------------------------------------------------------------------
| Tool Version : Vivado v.2023.2 (lin64) Build 4029153 Fri Oct 13 20:13:54 MDT 2023
| Date         : Sat Aug 29 18:34:59 2026
| Host         : Oren-Dell-Ubuntu running 64-bit Ubuntu 22.04.5 LTS
| Command      : report_utilization -hierarchical -file /mnt/storage/lutdiet/out/synthutil_hier_flat_n4096.rpt
| Design       : lutdiet_rms_flat
| Device       : xcvu33p-fsvh2104-2L-e
| Speed File   : -2L
| Design State : Synthesized
---------------------------------------------------------------------------------------------------------------------------------------------

Utilization Design Information

Table of Contents
-----------------
1. Utilization by Hierarchy

1. Utilization by Hierarchy
---------------------------

+----------------------+------------+------------+------------+---------+------+--------+--------+--------+------+------------+
|       Instance       |   Module   | Total LUTs | Logic LUTs | LUTRAMs | SRLs |   FFs  | RAMB36 | RAMB18 | URAM | DSP Blocks |
+----------------------+------------+------------+------------+---------+------+--------+--------+--------+------+------------+
| lutdiet_rms_flat     |      (top) |     299030 |     299030 |       0 |    0 | 198472 |      0 |      0 |    0 |         40 |
|   (lutdiet_rms_flat) |      (top) |     129216 |     129216 |       0 |    0 | 131088 |      0 |      0 |    0 |          0 |
|   u                  | rmsnorm_rs |     169814 |     169814 |       0 |    0 |  67384 |      0 |      0 |    0 |         40 |
+----------------------+------------+------------+------------+---------+------+--------+--------+--------+------+------------+


