Copyright 1986-2022 Xilinx, Inc. All Rights Reserved. Copyright 2022-2023 Advanced Micro Devices, Inc. All Rights Reserved.
--------------------------------------------------------------------------------------------------------------------------------------------------
| Tool Version      : Vivado v.2023.2 (lin64) Build 4029153 Fri Oct 13 20:13:54 MDT 2023
| Date              : Sat Aug 29 18:40:46 2026
| Host              : Oren-Dell-Ubuntu running 64-bit Ubuntu 22.04.5 LTS
| Command           : report_timing_summary -file /mnt/storage/lutdiet/out/timing_attn_none.rpt
| Design            : attn_block
| Device            : xcvu33p-fsvh2104
| Speed File        : -2L  PRODUCTION 1.30 05-01-2022
| Design State      : Synthesized
| Temperature Grade : E
--------------------------------------------------------------------------------------------------------------------------------------------------

Timing Summary Report

------------------------------------------------------------------------------------------------
| Timer Settings
| --------------
------------------------------------------------------------------------------------------------

  Enable Multi Corner Analysis               :  Yes
  Enable Pessimism Removal                   :  Yes
  Pessimism Removal Resolution               :  Nearest Common Node
  Enable Input Delay Default Clock           :  No
  Enable Preset / Clear Arcs                 :  No
  Disable Flight Delays                      :  No
  Ignore I/O Paths                           :  No
  Timing Early Launch at Borrowing Latches   :  No
  Borrow Time for Max Delay Exceptions       :  Yes
  Merge Timing Exceptions                    :  Yes
  Inter-SLR Compensation                     :  Conservative

  Corner  Analyze    Analyze    
  Name    Max Paths  Min Paths  
  ------  ---------  ---------  
  Slow    Yes        Yes        
  Fast    Yes        Yes        


------------------------------------------------------------------------------------------------
| Report Methodology
| ------------------
------------------------------------------------------------------------------------------------

No report available as report_methodology has not been run prior. Run report_methodology on the current design for the summary of methodology violations.



check_timing report

Table of Contents
-----------------
1. checking no_clock (0)
2. checking constant_clock (0)
3. checking pulse_width_clock (0)
4. checking unconstrained_internal_endpoints (0)
5. checking no_input_delay (8964)
6. checking no_output_delay (493)
7. checking multiple_clock (0)
8. checking generated_clocks (0)
9. checking loops (0)
10. checking partial_input_delay (0)
11. checking partial_output_delay (0)
12. checking latch_loops (0)

1. checking no_clock (0)
------------------------
 There are 0 register/latch pins with no clock.


2. checking constant_clock (0)
------------------------------
 There are 0 register/latch pins with constant_clock.


3. checking pulse_width_clock (0)
---------------------------------
 There are 0 register/latch pins which need pulse_width check


4. checking unconstrained_internal_endpoints (0)
------------------------------------------------
 There are 0 pins that are not constrained for maximum delay.

 There are 0 pins that are not constrained for maximum delay due to constant clock.


5. checking no_input_delay (8964)
---------------------------------
 There are 8964 input ports with no input delay specified. (HIGH)

 There are 0 input ports with no input delay but user has a false path constraint.


6. checking no_output_delay (493)
---------------------------------
 There are 493 ports with no output delay specified. (HIGH)

 There are 0 ports with no output delay but user has a false path constraint

 There are 0 ports with no output delay but with a timing clock defined on it or propagating through it


7. checking multiple_clock (0)
------------------------------
 There are 0 register/latch pins with multiple clocks.


8. checking generated_clocks (0)
--------------------------------
 There are 0 generated clocks that are not connected to a clock source.


9. checking loops (0)
---------------------
 There are 0 combinational loops in the design.


10. checking partial_input_delay (0)
------------------------------------
 There are 0 input ports with partial input delay specified.


11. checking partial_output_delay (0)
-------------------------------------
 There are 0 ports with partial output delay specified.


12. checking latch_loops (0)
----------------------------
 There are 0 combinational latch loops in the design through latch input



------------------------------------------------------------------------------------------------
| Design Timing Summary
| ---------------------
------------------------------------------------------------------------------------------------

    WNS(ns)      TNS(ns)  TNS Failing Endpoints  TNS Total Endpoints      WHS(ns)      THS(ns)  THS Failing Endpoints  THS Total Endpoints     WPWS(ns)     TPWS(ns)  TPWS Failing Endpoints  TPWS Total Endpoints  
    -------      -------  ---------------------  -------------------      -------      -------  ---------------------  -------------------     --------     --------  ----------------------  --------------------  
     -3.111     -742.297                    256               231246        0.045        0.000                      0               231246        1.958        0.000                       0                101571  


Timing constraints are not met.


------------------------------------------------------------------------------------------------
| Clock Summary
| -------------
------------------------------------------------------------------------------------------------

Clock  Waveform(ns)         Period(ns)      Frequency(MHz)
-----  ------------         ----------      --------------
clk    {0.000 2.500}        5.000           200.000         


------------------------------------------------------------------------------------------------
| Intra Clock Table
| -----------------
------------------------------------------------------------------------------------------------

Clock             WNS(ns)      TNS(ns)  TNS Failing Endpoints  TNS Total Endpoints      WHS(ns)      THS(ns)  THS Failing Endpoints  THS Total Endpoints     WPWS(ns)     TPWS(ns)  TPWS Failing Endpoints  TPWS Total Endpoints  
-----             -------      -------  ---------------------  -------------------      -------      -------  ---------------------  -------------------     --------     --------  ----------------------  --------------------  
clk                -3.111     -742.297                    256               231246        0.045        0.000                      0               231246        1.958        0.000                       0                101571  


------------------------------------------------------------------------------------------------
| Inter Clock Table
| -----------------
------------------------------------------------------------------------------------------------

From Clock    To Clock          WNS(ns)      TNS(ns)  TNS Failing Endpoints  TNS Total Endpoints      WHS(ns)      THS(ns)  THS Failing Endpoints  THS Total Endpoints  
----------    --------          -------      -------  ---------------------  -------------------      -------      -------  ---------------------  -------------------  


------------------------------------------------------------------------------------------------
| Other Path Groups Table
| -----------------------
------------------------------------------------------------------------------------------------

Path Group    From Clock    To Clock          WNS(ns)      TNS(ns)  TNS Failing Endpoints  TNS Total Endpoints      WHS(ns)      THS(ns)  THS Failing Endpoints  THS Total Endpoints  
----------    ----------    --------          -------      -------  ---------------------  -------------------      -------      -------  ---------------------  -------------------  


------------------------------------------------------------------------------------------------
| Timing Details
| --------------
------------------------------------------------------------------------------------------------


---------------------------------------------------------------------------------------------------
From Clock:  clk
  To Clock:  clk

Setup :          256  Failing Endpoints,  Worst Slack       -3.111ns,  Total Violation     -742.297ns
Hold  :            0  Failing Endpoints,  Worst Slack        0.045ns,  Total Violation        0.000ns
PW    :            0  Failing Endpoints,  Worst Slack        1.958ns,  Total Violation        0.000ns
---------------------------------------------------------------------------------------------------


Max Delay Paths
--------------------------------------------------------------------------------------
Slack (VIOLATED) :        -3.111ns  (required time - arrival time)
  Source:                 kvh_reg[2]/C
                            (rising edge-triggered cell FDRE clocked by clk  {rise@0.000ns fall@2.500ns period=5.000ns})
  Destination:            vref_r_reg[21][7]/D
                            (rising edge-triggered cell FDRE clocked by clk  {rise@0.000ns fall@2.500ns period=5.000ns})
  Path Group:             clk
  Path Type:              Setup (Max at Slow Process Corner)
  Requirement:            5.000ns  (clk rise@5.000ns - clk rise@0.000ns)
  Data Path Delay:        8.093ns  (logic 2.649ns (32.732%)  route 5.444ns (67.268%))
  Logic Levels:           28  (CARRY8=8 LUT3=5 LUT4=5 LUT5=4 LUT6=5 MUXF7=1)
  Clock Path Skew:        -0.008ns (DCD - SCD + CPR)
    Destination Clock Delay (DCD):    0.020ns = ( 5.020 - 5.000 ) 
    Source Clock Delay      (SCD):    0.028ns
    Clock Pessimism Removal (CPR):    0.000ns
  Clock Uncertainty:      0.035ns  ((TSJ^2 + TIJ^2)^1/2 + DJ) / 2 + PE
    Total System Jitter     (TSJ):    0.071ns
    Total Input Jitter      (TIJ):    0.000ns
    Discrete Jitter          (DJ):    0.000ns
    Phase Error              (PE):    0.000ns

    Location             Delay type                Incr(ns)  Path(ns)    Netlist Resource(s)
  -------------------------------------------------------------------    -------------------
                         (clock clk rise edge)        0.000     0.000 r  
                                                      0.000     0.000 r  clk (IN)
                         net (fo=103196, unset)       0.028     0.028    clk
                         FDRE                                         r  kvh_reg[2]/C
  -------------------------------------------------------------------    -------------------
                         FDRE (Prop_FDRE_C_Q)         0.077     0.105 r  kvh_reg[2]/Q
                         net (fo=164, unplaced)       0.189     0.294    kvh_reg_n_0_[2]
                         LUT4 (Prop_LUT4_I0_O)        0.100     0.394 r  vref_r[1][7]_i_4/O
                         net (fo=37, unplaced)        0.296     0.690    vref_r[0]1[4]
                         MUXF7 (Prop_MUXF7_S_O)       0.076     0.766 r  u_arr_i_7849/O
                         net (fo=7, unplaced)         0.208     0.974    vref_r[0][0]
                         LUT4 (Prop_LUT4_I2_O)        0.070     1.044 r  vref_r[0][7]_i_88/O
                         net (fo=1, unplaced)         0.242     1.286    vref_r[0][7]_i_88_n_0
                         CARRY8 (Prop_CARRY8_DI[0]_CO[3])
                                                      0.182     1.468 r  vref_r_reg[0][7]_i_72/CO[3]
                         net (fo=20, unplaced)        0.140     1.608    vref_r_reg[0][7]_i_72_n_4
                         LUT3 (Prop_LUT3_I1_O)        0.070     1.678 r  vref_r[0][7]_i_96/O
                         net (fo=2, unplaced)         0.185     1.863    ev[1]
                         LUT6 (Prop_LUT6_I0_O)        0.038     1.901 r  vref_r[0][7]_i_80/O
                         net (fo=1, unplaced)         0.233     2.134    vref_r[0][7]_i_80_n_0
                         CARRY8 (Prop_CARRY8_DI[0]_CO[3])
                                                      0.182     2.316 r  vref_r_reg[0][7]_i_71/CO[3]
                         net (fo=8, unplaced)         0.119     2.435    vref_r_reg[0][7]_i_71_n_4
                         LUT5 (Prop_LUT5_I1_O)        0.038     2.473 r  vref_r[0][0]_i_6/O
                         net (fo=5, unplaced)         0.203     2.676    vref_r[0][0]_i_6_n_0
                         LUT4 (Prop_LUT4_I2_O)        0.070     2.746 r  vref_r[0][7]_i_66/O
                         net (fo=1, unplaced)         0.242     2.988    vref_r[0][7]_i_66_n_0
                         CARRY8 (Prop_CARRY8_DI[0]_CO[3])
                                                      0.182     3.170 r  vref_r_reg[0][7]_i_49/CO[3]
                         net (fo=20, unplaced)        0.140     3.310    vref_r_reg[0][7]_i_49_n_4
                         LUT3 (Prop_LUT3_I1_O)        0.070     3.380 r  vref_r[0][7]_i_76/O
                         net (fo=2, unplaced)         0.185     3.565    vref_r[0][7]_i_76_n_0
                         LUT6 (Prop_LUT6_I0_O)        0.038     3.603 r  vref_r[0][7]_i_58/O
                         net (fo=1, unplaced)         0.233     3.836    vref_r[0][7]_i_58_n_0
                         CARRY8 (Prop_CARRY8_DI[0]_CO[3])
                                                      0.182     4.018 r  vref_r_reg[0][7]_i_48/CO[3]
                         net (fo=8, unplaced)         0.119     4.137    vref_r_reg[0][7]_i_48_n_4
                         LUT5 (Prop_LUT5_I1_O)        0.038     4.175 r  vref_r[0][0]_i_5/O
                         net (fo=5, unplaced)         0.203     4.378    vref_r[0][0]_i_5_n_0
                         LUT4 (Prop_LUT4_I2_O)        0.070     4.448 r  vref_r[0][7]_i_43/O
                         net (fo=1, unplaced)         0.242     4.690    vref_r[0][7]_i_43_n_0
                         CARRY8 (Prop_CARRY8_DI[0]_CO[3])
                                                      0.182     4.872 r  vref_r_reg[0][7]_i_22/CO[3]
                         net (fo=20, unplaced)        0.140     5.012    vref_r_reg[0][7]_i_22_n_4
                         LUT3 (Prop_LUT3_I1_O)        0.070     5.082 r  vref_r[0][7]_i_54/O
                         net (fo=2, unplaced)         0.185     5.267    vref_r[0][7]_i_54_n_0
                         LUT6 (Prop_LUT6_I0_O)        0.038     5.305 r  vref_r[0][7]_i_35/O
                         net (fo=1, unplaced)         0.233     5.538    vref_r[0][7]_i_35_n_0
                         CARRY8 (Prop_CARRY8_DI[0]_CO[3])
                                                      0.182     5.720 r  vref_r_reg[0][7]_i_21/CO[3]
                         net (fo=8, unplaced)         0.119     5.839    vref_r_reg[0][7]_i_21_n_4
                         LUT5 (Prop_LUT5_I1_O)        0.038     5.877 r  vref_r[0][0]_i_4/O
                         net (fo=3, unplaced)         0.191     6.068    vref_r[0][0]_i_4_n_0
                         LUT4 (Prop_LUT4_I2_O)        0.070     6.138 r  vref_r[0][7]_i_16/O
                         net (fo=1, unplaced)         0.242     6.380    vref_r[0][7]_i_16_n_0
                         CARRY8 (Prop_CARRY8_DI[0]_CO[3])
                                                      0.182     6.562 r  vref_r_reg[0][7]_i_10/CO[3]
                         net (fo=16, unplaced)        0.135     6.697    ev1
                         LUT3 (Prop_LUT3_I1_O)        0.070     6.767 r  vref_r[0][0]_i_3/O
                         net (fo=3, unplaced)         0.191     6.958    vref_r[0][0]_i_3_n_0
                         LUT6 (Prop_LUT6_I0_O)        0.038     6.996 r  vref_r[0][7]_i_27/O
                         net (fo=1, unplaced)         0.233     7.229    vref_r[0][7]_i_27_n_0
                         CARRY8 (Prop_CARRY8_DI[0]_CO[3])
                                                      0.182     7.411 r  vref_r_reg[0][7]_i_12/CO[3]
                         net (fo=8, unplaced)         0.119     7.530    vref_r_reg[0][7]_i_12_n_4
                         LUT5 (Prop_LUT5_I4_O)        0.038     7.568 r  vref_r[0][7]_i_7/O
                         net (fo=31, unplaced)        0.244     7.812    vref_r[0][7]_i_7_n_0
                         LUT3 (Prop_LUT3_I0_O)        0.038     7.850 f  vref_r[21][7]_i_4/O
                         net (fo=2, unplaced)         0.185     8.035    vref_r[21][7]_i_4_n_0
                         LUT6 (Prop_LUT6_I4_O)        0.038     8.073 r  vref_r[21][7]_i_2/O
                         net (fo=1, unplaced)         0.048     8.121    vref_r[21][7]
                         FDRE                                         r  vref_r_reg[21][7]/D
  -------------------------------------------------------------------    -------------------

                         (clock clk rise edge)        5.000     5.000 r  
                                                      0.000     5.000 r  clk (IN)
                         net (fo=103196, unset)       0.020     5.020    clk
                         FDRE                                         r  vref_r_reg[21][7]/C
                         clock pessimism              0.000     5.020    
                         clock uncertainty           -0.035     4.985    
                         FDRE (Setup_FDRE_C_D)        0.025     5.010    vref_r_reg[21][7]
  -------------------------------------------------------------------
                         required time                          5.010    
                         arrival time                          -8.121    
  -------------------------------------------------------------------
                         slack                                 -3.111    





Min Delay Paths
--------------------------------------------------------------------------------------
Slack (MET) :             0.045ns  (arrival time - required time)
  Source:                 gen_head[0].u_sm/rom_ix_reg[5]/C
                            (rising edge-triggered cell FDRE clocked by clk  {rise@0.000ns fall@2.500ns period=5.000ns})
  Destination:            gen_head[0].u_sm/f_lo_reg/ADDRARDADDR[9]
                            (rising edge-triggered cell RAMB18E2 clocked by clk  {rise@0.000ns fall@2.500ns period=5.000ns})
  Path Group:             clk
  Path Type:              Hold (Min at Fast Process Corner)
  Requirement:            0.000ns  (clk rise@0.000ns - clk rise@0.000ns)
  Data Path Delay:        0.092ns  (logic 0.038ns (41.304%)  route 0.054ns (58.696%))
  Logic Levels:           0  
  Clock Path Skew:        0.041ns (DCD - SCD - CPR)
    Destination Clock Delay (DCD):    0.053ns
    Source Clock Delay      (SCD):    0.012ns
    Clock Pessimism Removal (CPR):    -0.000ns

    Location             Delay type                Incr(ns)  Path(ns)    Netlist Resource(s)
  -------------------------------------------------------------------    -------------------
                         (clock clk rise edge)        0.000     0.000 r  
                                                      0.000     0.000 r  clk (IN)
                         net (fo=103196, unset)       0.012     0.012    gen_head[0].u_sm/clk
                         FDRE                                         r  gen_head[0].u_sm/rom_ix_reg[5]/C
  -------------------------------------------------------------------    -------------------
                         FDRE (Prop_FDRE_C_Q)         0.038     0.050 r  gen_head[0].u_sm/rom_ix_reg[5]/Q
                         net (fo=2, unplaced)         0.054     0.104    gen_head[0].u_sm/rom_ix_reg_n_0_[5]
                         RAMB18E2                                     r  gen_head[0].u_sm/f_lo_reg/ADDRARDADDR[9]
  -------------------------------------------------------------------    -------------------

                         (clock clk rise edge)        0.000     0.000 r  
                                                      0.000     0.000 r  clk (IN)
                         net (fo=103196, unset)       0.053     0.053    gen_head[0].u_sm/clk
                         RAMB18E2                                     r  gen_head[0].u_sm/f_lo_reg/CLKARDCLK
                         clock pessimism              0.000     0.053    
                         RAMB18E2 (Hold_RAMB18E2_CLKARDCLK_ADDRARDADDR[9])
                                                      0.006     0.059    gen_head[0].u_sm/f_lo_reg
  -------------------------------------------------------------------
                         required time                         -0.059    
                         arrival time                           0.104    
  -------------------------------------------------------------------
                         slack                                  0.045    





Pulse Width Checks
--------------------------------------------------------------------------------------
Clock Name:         clk
Waveform(ns):       { 0.000 2.500 }
Period(ns):         5.000
Sources:            { clk }

Check Type        Corner  Lib Pin             Reference Pin  Required(ns)  Actual(ns)  Slack(ns)  Location  Pin
Min Period        n/a     RAMB36E2/CLKARDCLK  n/a            1.569         5.000       3.431                ypre_reg_bram_0/CLKARDCLK
Low Pulse Width   Slow    RAMB36E2/CLKARDCLK  n/a            0.542         2.500       1.958                ypre_reg_bram_0/CLKARDCLK
High Pulse Width  Slow    RAMB36E2/CLKARDCLK  n/a            0.542         2.500       1.958                ypre_reg_bram_0/CLKARDCLK



