Copyright 1986-2022 Xilinx, Inc. All Rights Reserved. Copyright 2022-2023 Advanced Micro Devices, Inc. All Rights Reserved.
--------------------------------------------------------------------------------------------------------------------------------------------------
| Tool Version      : Vivado v.2023.2 (lin64) Build 4029153 Fri Oct 13 20:13:54 MDT 2023
| Date              : Sat Aug 29 18:21:44 2026
| Host              : Oren-Dell-Ubuntu running 64-bit Ubuntu 22.04.5 LTS
| Command           : report_timing_summary -file /mnt/storage/lutdiet/out/timing_rmsnorm_rs_mem.rpt
| Design            : rmsnorm_rs_mem
| Device            : xcvu33p-fsvh2104
| Speed File        : -2L  PRODUCTION 1.30 05-01-2022
| Design State      : Optimized
| Temperature Grade : E
--------------------------------------------------------------------------------------------------------------------------------------------------

Timing Summary Report

------------------------------------------------------------------------------------------------
| Timer Settings
| --------------
------------------------------------------------------------------------------------------------

  Enable Multi Corner Analysis               :  Yes
  Enable Pessimism Removal                   :  Yes
  Pessimism Removal Resolution               :  Nearest Common Node
  Enable Input Delay Default Clock           :  No
  Enable Preset / Clear Arcs                 :  No
  Disable Flight Delays                      :  No
  Ignore I/O Paths                           :  No
  Timing Early Launch at Borrowing Latches   :  No
  Borrow Time for Max Delay Exceptions       :  Yes
  Merge Timing Exceptions                    :  Yes
  Inter-SLR Compensation                     :  Conservative

  Corner  Analyze    Analyze    
  Name    Max Paths  Min Paths  
  ------  ---------  ---------  
  Slow    Yes        Yes        
  Fast    Yes        Yes        


------------------------------------------------------------------------------------------------
| Report Methodology
| ------------------
------------------------------------------------------------------------------------------------

No report available as report_methodology has not been run prior. Run report_methodology on the current design for the summary of methodology violations.



check_timing report

Table of Contents
-----------------
1. checking no_clock (0)
2. checking constant_clock (0)
3. checking pulse_width_clock (0)
4. checking unconstrained_internal_endpoints (0)
5. checking no_input_delay (136)
6. checking no_output_delay (49)
7. checking multiple_clock (0)
8. checking generated_clocks (0)
9. checking loops (0)
10. checking partial_input_delay (0)
11. checking partial_output_delay (0)
12. checking latch_loops (0)

1. checking no_clock (0)
------------------------
 There are 0 register/latch pins with no clock.


2. checking constant_clock (0)
------------------------------
 There are 0 register/latch pins with constant_clock.


3. checking pulse_width_clock (0)
---------------------------------
 There are 0 register/latch pins which need pulse_width check


4. checking unconstrained_internal_endpoints (0)
------------------------------------------------
 There are 0 pins that are not constrained for maximum delay.

 There are 0 pins that are not constrained for maximum delay due to constant clock.


5. checking no_input_delay (136)
--------------------------------
 There are 136 input ports with no input delay specified. (HIGH)

 There are 0 input ports with no input delay but user has a false path constraint.


6. checking no_output_delay (49)
--------------------------------
 There are 49 ports with no output delay specified. (HIGH)

 There are 0 ports with no output delay but user has a false path constraint

 There are 0 ports with no output delay but with a timing clock defined on it or propagating through it


7. checking multiple_clock (0)
------------------------------
 There are 0 register/latch pins with multiple clocks.


8. checking generated_clocks (0)
--------------------------------
 There are 0 generated clocks that are not connected to a clock source.


9. checking loops (0)
---------------------
 There are 0 combinational loops in the design.


10. checking partial_input_delay (0)
------------------------------------
 There are 0 input ports with partial input delay specified.


11. checking partial_output_delay (0)
-------------------------------------
 There are 0 ports with partial output delay specified.


12. checking latch_loops (0)
----------------------------
 There are 0 combinational latch loops in the design through latch input



------------------------------------------------------------------------------------------------
| Design Timing Summary
| ---------------------
------------------------------------------------------------------------------------------------

    WNS(ns)      TNS(ns)  TNS Failing Endpoints  TNS Total Endpoints      WHS(ns)      THS(ns)  THS Failing Endpoints  THS Total Endpoints     WPWS(ns)     TPWS(ns)  TPWS Failing Endpoints  TPWS Total Endpoints  
    -------      -------  ---------------------  -------------------      -------      -------  ---------------------  -------------------     --------     --------  ----------------------  --------------------  
      0.971        0.000                      0                 5263        0.050        0.000                      0                 5263        1.958        0.000                       0                  1732  


All user specified timing constraints are met.


------------------------------------------------------------------------------------------------
| Clock Summary
| -------------
------------------------------------------------------------------------------------------------

Clock  Waveform(ns)         Period(ns)      Frequency(MHz)
-----  ------------         ----------      --------------
clk    {0.000 2.500}        5.000           200.000         


------------------------------------------------------------------------------------------------
| Intra Clock Table
| -----------------
------------------------------------------------------------------------------------------------

Clock             WNS(ns)      TNS(ns)  TNS Failing Endpoints  TNS Total Endpoints      WHS(ns)      THS(ns)  THS Failing Endpoints  THS Total Endpoints     WPWS(ns)     TPWS(ns)  TPWS Failing Endpoints  TPWS Total Endpoints  
-----             -------      -------  ---------------------  -------------------      -------      -------  ---------------------  -------------------     --------     --------  ----------------------  --------------------  
clk                 0.971        0.000                      0                 5263        0.050        0.000                      0                 5263        1.958        0.000                       0                  1732  


------------------------------------------------------------------------------------------------
| Inter Clock Table
| -----------------
------------------------------------------------------------------------------------------------

From Clock    To Clock          WNS(ns)      TNS(ns)  TNS Failing Endpoints  TNS Total Endpoints      WHS(ns)      THS(ns)  THS Failing Endpoints  THS Total Endpoints  
----------    --------          -------      -------  ---------------------  -------------------      -------      -------  ---------------------  -------------------  


------------------------------------------------------------------------------------------------
| Other Path Groups Table
| -----------------------
------------------------------------------------------------------------------------------------

Path Group    From Clock    To Clock          WNS(ns)      TNS(ns)  TNS Failing Endpoints  TNS Total Endpoints      WHS(ns)      THS(ns)  THS Failing Endpoints  THS Total Endpoints  
----------    ----------    --------          -------      -------  ---------------------  -------------------      -------      -------  ---------------------  -------------------  


------------------------------------------------------------------------------------------------
| Timing Details
| --------------
------------------------------------------------------------------------------------------------


---------------------------------------------------------------------------------------------------
From Clock:  clk
  To Clock:  clk

Setup :            0  Failing Endpoints,  Worst Slack        0.971ns,  Total Violation        0.000ns
Hold  :            0  Failing Endpoints,  Worst Slack        0.050ns,  Total Violation        0.000ns
PW    :            0  Failing Endpoints,  Worst Slack        1.958ns,  Total Violation        0.000ns
---------------------------------------------------------------------------------------------------


Max Delay Paths
--------------------------------------------------------------------------------------
Slack (MET) :             0.971ns  (required time - arrival time)
  Source:                 gbank[0].ux/ram_reg_bram_0/CLKBWRCLK
                            (rising edge-triggered cell RAMB18E2 clocked by clk  {rise@0.000ns fall@2.500ns period=5.000ns})
  Destination:            ARG__12/DSP_A_B_DATA_INST/A[0]
                            (rising edge-triggered cell DSP_A_B_DATA clocked by clk  {rise@0.000ns fall@2.500ns period=5.000ns})
  Path Group:             clk
  Path Type:              Setup (Max at Slow Process Corner)
  Requirement:            5.000ns  (clk rise@5.000ns - clk rise@0.000ns)
  Data Path Delay:        3.664ns  (logic 3.111ns (84.907%)  route 0.553ns (15.093%))
  Logic Levels:           8  (DSP_A_B_DATA=1 DSP_ALU=2 DSP_M_DATA=1 DSP_MULTIPLIER=1 DSP_OUTPUT=2 DSP_PREADD_DATA=1)
  Clock Path Skew:        -0.033ns (DCD - SCD + CPR)
    Destination Clock Delay (DCD):    0.043ns = ( 5.043 - 5.000 ) 
    Source Clock Delay      (SCD):    0.076ns
    Clock Pessimism Removal (CPR):    0.000ns
  Clock Uncertainty:      0.035ns  ((TSJ^2 + TIJ^2)^1/2 + DJ) / 2 + PE
    Total System Jitter     (TSJ):    0.071ns
    Total Input Jitter      (TIJ):    0.000ns
    Discrete Jitter          (DJ):    0.000ns
    Phase Error              (PE):    0.000ns

    Location             Delay type                Incr(ns)  Path(ns)    Netlist Resource(s)
  -------------------------------------------------------------------    -------------------
                         (clock clk rise edge)        0.000     0.000 r  
                                                      0.000     0.000 r  clk (IN)
                         net (fo=1963, unset)         0.076     0.076    gbank[0].ux/clk
                         RAMB18E2                                     r  gbank[0].ux/ram_reg_bram_0/CLKBWRCLK
  -------------------------------------------------------------------    -------------------
                         RAMB18E2 (Prop_RAMB18E2_CLKBWRCLK_DOUTBDOUT[4])
                                                      0.884     0.960 f  gbank[0].ux/ram_reg_bram_0/DOUTBDOUT[4]
                         net (fo=4, unplaced)         0.333     1.293    ARG__8/B[4]
                         DSP_A_B_DATA (Prop_DSP_A_B_DATA_B[4]_B2_DATA[4])
                                                      0.151     1.444 r  ARG__8/DSP_A_B_DATA_INST/B2_DATA[4]
                         net (fo=1, unplaced)         0.000     1.444    ARG__8/DSP_A_B_DATA.B2_DATA<4>
                         DSP_PREADD_DATA (Prop_DSP_PREADD_DATA_B2_DATA[4]_B2B1[4])
                                                      0.073     1.517 r  ARG__8/DSP_PREADD_DATA_INST/B2B1[4]
                         net (fo=1, unplaced)         0.000     1.517    ARG__8/DSP_PREADD_DATA.B2B1<4>
                         DSP_MULTIPLIER (Prop_DSP_MULTIPLIER_B2B1[4]_V[34])
                                                      0.609     2.126 f  ARG__8/DSP_MULTIPLIER_INST/V[34]
                         net (fo=1, unplaced)         0.000     2.126    ARG__8/DSP_MULTIPLIER.V<34>
                         DSP_M_DATA (Prop_DSP_M_DATA_V[34]_V_DATA[34])
                                                      0.046     2.172 r  ARG__8/DSP_M_DATA_INST/V_DATA[34]
                         net (fo=1, unplaced)         0.000     2.172    ARG__8/DSP_M_DATA.V_DATA<34>
                         DSP_ALU (Prop_DSP_ALU_V_DATA[34]_ALU_OUT[47])
                                                      0.571     2.743 f  ARG__8/DSP_ALU_INST/ALU_OUT[47]
                         net (fo=1, unplaced)         0.000     2.743    ARG__8/DSP_ALU.ALU_OUT<47>
                         DSP_OUTPUT (Prop_DSP_OUTPUT_ALU_OUT[47]_PCOUT[47])
                                                      0.122     2.865 r  ARG__8/DSP_OUTPUT_INST/PCOUT[47]
                         net (fo=1, unplaced)         0.014     2.879    ARG__9/PCIN[47]
                         DSP_ALU (Prop_DSP_ALU_PCIN[47]_ALU_OUT[0])
                                                      0.546     3.425 f  ARG__9/DSP_ALU_INST/ALU_OUT[0]
                         net (fo=1, unplaced)         0.000     3.425    ARG__9/DSP_ALU.ALU_OUT<0>
                         DSP_OUTPUT (Prop_DSP_OUTPUT_ALU_OUT[0]_P[0])
                                                      0.109     3.534 r  ARG__9/DSP_OUTPUT_INST/P[0]
                         net (fo=1, unplaced)         0.206     3.740    ARG__12/A[0]
                         DSP_A_B_DATA                                 r  ARG__12/DSP_A_B_DATA_INST/A[0]
  -------------------------------------------------------------------    -------------------

                         (clock clk rise edge)        5.000     5.000 r  
                                                      0.000     5.000 r  clk (IN)
                         net (fo=1963, unset)         0.043     5.043    ARG__12/CLK
                         DSP_A_B_DATA                                 r  ARG__12/DSP_A_B_DATA_INST/CLK
                         clock pessimism              0.000     5.043    
                         clock uncertainty           -0.035     5.008    
                         DSP_A_B_DATA (Setup_DSP_A_B_DATA_CLK_A[0])
                                                     -0.297     4.711    ARG__12/DSP_A_B_DATA_INST
  -------------------------------------------------------------------
                         required time                          4.711    
                         arrival time                          -3.740    
  -------------------------------------------------------------------
                         slack                                  0.971    





Min Delay Paths
--------------------------------------------------------------------------------------
Slack (MET) :             0.050ns  (arrival time - required time)
  Source:                 o_wa_reg[5]/C
                            (rising edge-triggered cell FDRE clocked by clk  {rise@0.000ns fall@2.500ns period=5.000ns})
  Destination:            gbank[0].uo/ram_reg_bram_0/ADDRARDADDR[9]
                            (rising edge-triggered cell RAMB18E2 clocked by clk  {rise@0.000ns fall@2.500ns period=5.000ns})
  Path Group:             clk
  Path Type:              Hold (Min at Fast Process Corner)
  Requirement:            0.000ns  (clk rise@0.000ns - clk rise@0.000ns)
  Data Path Delay:        0.097ns  (logic 0.038ns (39.175%)  route 0.059ns (60.825%))
  Logic Levels:           0  
  Clock Path Skew:        0.041ns (DCD - SCD - CPR)
    Destination Clock Delay (DCD):    0.053ns
    Source Clock Delay      (SCD):    0.012ns
    Clock Pessimism Removal (CPR):    -0.000ns

    Location             Delay type                Incr(ns)  Path(ns)    Netlist Resource(s)
  -------------------------------------------------------------------    -------------------
                         (clock clk rise edge)        0.000     0.000 r  
                                                      0.000     0.000 r  clk (IN)
                         net (fo=1963, unset)         0.012     0.012    clk
                         FDRE                                         r  o_wa_reg[5]/C
  -------------------------------------------------------------------    -------------------
                         FDRE (Prop_FDRE_C_Q)         0.038     0.050 r  o_wa_reg[5]/Q
                         net (fo=4, unplaced)         0.059     0.109    gbank[0].uo/waddr[5]
                         RAMB18E2                                     r  gbank[0].uo/ram_reg_bram_0/ADDRARDADDR[9]
  -------------------------------------------------------------------    -------------------

                         (clock clk rise edge)        0.000     0.000 r  
                                                      0.000     0.000 r  clk (IN)
                         net (fo=1963, unset)         0.053     0.053    gbank[0].uo/clk
                         RAMB18E2                                     r  gbank[0].uo/ram_reg_bram_0/CLKARDCLK
                         clock pessimism              0.000     0.053    
                         RAMB18E2 (Hold_RAMB18E2_CLKARDCLK_ADDRARDADDR[9])
                                                      0.006     0.059    gbank[0].uo/ram_reg_bram_0
  -------------------------------------------------------------------
                         required time                         -0.059    
                         arrival time                           0.109    
  -------------------------------------------------------------------
                         slack                                  0.050    





Pulse Width Checks
--------------------------------------------------------------------------------------
Clock Name:         clk
Waveform(ns):       { 0.000 2.500 }
Period(ns):         5.000
Sources:            { clk }

Check Type        Corner  Lib Pin             Reference Pin  Required(ns)  Actual(ns)  Slack(ns)  Location  Pin
Min Period        n/a     RAMB18E2/CLKARDCLK  n/a            1.569         5.000       3.431                gbank[0].uo/ram_reg_bram_0/CLKARDCLK
Low Pulse Width   Slow    RAMB18E2/CLKARDCLK  n/a            0.542         2.500       1.958                gbank[0].uo/ram_reg_bram_0/CLKARDCLK
High Pulse Width  Slow    RAMB18E2/CLKARDCLK  n/a            0.542         2.500       1.958                gbank[0].uo/ram_reg_bram_0/CLKARDCLK



