Copyright 1986-2022 Xilinx, Inc. All Rights Reserved. Copyright 2022-2023 Advanced Micro Devices, Inc. All Rights Reserved.
--------------------------------------------------------------------------------------------------------------------------------------------------
| Tool Version      : Vivado v.2023.2 (lin64) Build 4029153 Fri Oct 13 20:13:54 MDT 2023
| Date              : Sat Aug 29 18:36:20 2026
| Host              : Oren-Dell-Ubuntu running 64-bit Ubuntu 22.04.5 LTS
| Command           : report_timing_summary -file /mnt/storage/lutdiet/out/timing_flat_n4096.rpt
| Design            : lutdiet_rms_flat
| Device            : xcvu33p-fsvh2104
| Speed File        : -2L  PRODUCTION 1.30 05-01-2022
| Design State      : Optimized
| Temperature Grade : E
--------------------------------------------------------------------------------------------------------------------------------------------------

Timing Summary Report

------------------------------------------------------------------------------------------------
| Timer Settings
| --------------
------------------------------------------------------------------------------------------------

  Enable Multi Corner Analysis               :  Yes
  Enable Pessimism Removal                   :  Yes
  Pessimism Removal Resolution               :  Nearest Common Node
  Enable Input Delay Default Clock           :  No
  Enable Preset / Clear Arcs                 :  No
  Disable Flight Delays                      :  No
  Ignore I/O Paths                           :  No
  Timing Early Launch at Borrowing Latches   :  No
  Borrow Time for Max Delay Exceptions       :  Yes
  Merge Timing Exceptions                    :  Yes
  Inter-SLR Compensation                     :  Conservative

  Corner  Analyze    Analyze    
  Name    Max Paths  Min Paths  
  ------  ---------  ---------  
  Slow    Yes        Yes        
  Fast    Yes        Yes        


------------------------------------------------------------------------------------------------
| Report Methodology
| ------------------
------------------------------------------------------------------------------------------------

No report available as report_methodology has not been run prior. Run report_methodology on the current design for the summary of methodology violations.



check_timing report

Table of Contents
-----------------
1. checking no_clock (0)
2. checking constant_clock (0)
3. checking pulse_width_clock (0)
4. checking unconstrained_internal_endpoints (0)
5. checking no_input_delay (136)
6. checking no_output_delay (49)
7. checking multiple_clock (0)
8. checking generated_clocks (0)
9. checking loops (0)
10. checking partial_input_delay (0)
11. checking partial_output_delay (0)
12. checking latch_loops (0)

1. checking no_clock (0)
------------------------
 There are 0 register/latch pins with no clock.


2. checking constant_clock (0)
------------------------------
 There are 0 register/latch pins with constant_clock.


3. checking pulse_width_clock (0)
---------------------------------
 There are 0 register/latch pins which need pulse_width check


4. checking unconstrained_internal_endpoints (0)
------------------------------------------------
 There are 0 pins that are not constrained for maximum delay.

 There are 0 pins that are not constrained for maximum delay due to constant clock.


5. checking no_input_delay (136)
--------------------------------
 There are 136 input ports with no input delay specified. (HIGH)

 There are 0 input ports with no input delay but user has a false path constraint.


6. checking no_output_delay (49)
--------------------------------
 There are 49 ports with no output delay specified. (HIGH)

 There are 0 ports with no output delay but user has a false path constraint

 There are 0 ports with no output delay but with a timing clock defined on it or propagating through it


7. checking multiple_clock (0)
------------------------------
 There are 0 register/latch pins with multiple clocks.


8. checking generated_clocks (0)
--------------------------------
 There are 0 generated clocks that are not connected to a clock source.


9. checking loops (0)
---------------------
 There are 0 combinational loops in the design.


10. checking partial_input_delay (0)
------------------------------------
 There are 0 input ports with partial input delay specified.


11. checking partial_output_delay (0)
-------------------------------------
 There are 0 ports with partial output delay specified.


12. checking latch_loops (0)
----------------------------
 There are 0 combinational latch loops in the design through latch input



------------------------------------------------------------------------------------------------
| Design Timing Summary
| ---------------------
------------------------------------------------------------------------------------------------

    WNS(ns)      TNS(ns)  TNS Failing Endpoints  TNS Total Endpoints      WHS(ns)      THS(ns)  THS Failing Endpoints  THS Total Endpoints     WPWS(ns)     TPWS(ns)  TPWS Failing Endpoints  TPWS Total Endpoints  
    -------      -------  ---------------------  -------------------      -------      -------  ---------------------  -------------------     --------     --------  ----------------------  --------------------  
      1.675        0.000                      0                71206        0.072        0.000                      0                71206        2.225        0.000                       0                198492  


All user specified timing constraints are met.


------------------------------------------------------------------------------------------------
| Clock Summary
| -------------
------------------------------------------------------------------------------------------------

Clock  Waveform(ns)         Period(ns)      Frequency(MHz)
-----  ------------         ----------      --------------
clk    {0.000 2.500}        5.000           200.000         


------------------------------------------------------------------------------------------------
| Intra Clock Table
| -----------------
------------------------------------------------------------------------------------------------

Clock             WNS(ns)      TNS(ns)  TNS Failing Endpoints  TNS Total Endpoints      WHS(ns)      THS(ns)  THS Failing Endpoints  THS Total Endpoints     WPWS(ns)     TPWS(ns)  TPWS Failing Endpoints  TPWS Total Endpoints  
-----             -------      -------  ---------------------  -------------------      -------      -------  ---------------------  -------------------     --------     --------  ----------------------  --------------------  
clk                 1.675        0.000                      0                71206        0.072        0.000                      0                71206        2.225        0.000                       0                198492  


------------------------------------------------------------------------------------------------
| Inter Clock Table
| -----------------
------------------------------------------------------------------------------------------------

From Clock    To Clock          WNS(ns)      TNS(ns)  TNS Failing Endpoints  TNS Total Endpoints      WHS(ns)      THS(ns)  THS Failing Endpoints  THS Total Endpoints  
----------    --------          -------      -------  ---------------------  -------------------      -------      -------  ---------------------  -------------------  


------------------------------------------------------------------------------------------------
| Other Path Groups Table
| -----------------------
------------------------------------------------------------------------------------------------

Path Group    From Clock    To Clock          WNS(ns)      TNS(ns)  TNS Failing Endpoints  TNS Total Endpoints      WHS(ns)      THS(ns)  THS Failing Endpoints  THS Total Endpoints  
----------    ----------    --------          -------      -------  ---------------------  -------------------      -------      -------  ---------------------  -------------------  


------------------------------------------------------------------------------------------------
| Timing Details
| --------------
------------------------------------------------------------------------------------------------


---------------------------------------------------------------------------------------------------
From Clock:  clk
  To Clock:  clk

Setup :            0  Failing Endpoints,  Worst Slack        1.675ns,  Total Violation        0.000ns
Hold  :            0  Failing Endpoints,  Worst Slack        0.072ns,  Total Violation        0.000ns
PW    :            0  Failing Endpoints,  Worst Slack        2.225ns,  Total Violation        0.000ns
---------------------------------------------------------------------------------------------------


Max Delay Paths
--------------------------------------------------------------------------------------
Slack (MET) :             1.675ns  (required time - arrival time)
  Source:                 u/ARG__25/DSP_A_B_DATA_INST/CLK
                            (rising edge-triggered cell DSP_A_B_DATA clocked by clk  {rise@0.000ns fall@2.500ns period=5.000ns})
  Destination:            u/mr_m_reg[60]/D
                            (rising edge-triggered cell FDRE clocked by clk  {rise@0.000ns fall@2.500ns period=5.000ns})
  Path Group:             clk
  Path Type:              Setup (Max at Slow Process Corner)
  Requirement:            5.000ns  (clk rise@5.000ns - clk rise@0.000ns)
  Data Path Delay:        3.275ns  (logic 2.782ns (84.947%)  route 0.493ns (15.053%))
  Logic Levels:           14  (CARRY8=5 DSP_ALU=2 DSP_M_DATA=1 DSP_MULTIPLIER=1 DSP_OUTPUT=2 DSP_PREADD_DATA=1 LUT2=1 LUT5=1)
  Clock Path Skew:        -0.040ns (DCD - SCD + CPR)
    Destination Clock Delay (DCD):    0.020ns = ( 5.020 - 5.000 ) 
    Source Clock Delay      (SCD):    0.060ns
    Clock Pessimism Removal (CPR):    0.000ns
  Clock Uncertainty:      0.035ns  ((TSJ^2 + TIJ^2)^1/2 + DJ) / 2 + PE
    Total System Jitter     (TSJ):    0.071ns
    Total Input Jitter      (TIJ):    0.000ns
    Discrete Jitter          (DJ):    0.000ns
    Phase Error              (PE):    0.000ns

    Location             Delay type                Incr(ns)  Path(ns)    Netlist Resource(s)
  -------------------------------------------------------------------    -------------------
                         (clock clk rise edge)        0.000     0.000 r  
                                                      0.000     0.000 r  clk (IN)
                         net (fo=198711, unset)       0.060     0.060    u/ARG__25/CLK
                         DSP_A_B_DATA                                 r  u/ARG__25/DSP_A_B_DATA_INST/CLK
  -------------------------------------------------------------------    -------------------
                         DSP_A_B_DATA (Prop_DSP_A_B_DATA_CLK_B2_DATA[17])
                                                      0.212     0.272 r  u/ARG__25/DSP_A_B_DATA_INST/B2_DATA[17]
                         net (fo=1, unplaced)         0.000     0.272    u/ARG__25/DSP_A_B_DATA.B2_DATA<17>
                         DSP_PREADD_DATA (Prop_DSP_PREADD_DATA_B2_DATA[17]_B2B1[17])
                                                      0.073     0.345 r  u/ARG__25/DSP_PREADD_DATA_INST/B2B1[17]
                         net (fo=1, unplaced)         0.000     0.345    u/ARG__25/DSP_PREADD_DATA.B2B1<17>
                         DSP_MULTIPLIER (Prop_DSP_MULTIPLIER_B2B1[17]_V[43])
                                                      0.609     0.954 f  u/ARG__25/DSP_MULTIPLIER_INST/V[43]
                         net (fo=1, unplaced)         0.000     0.954    u/ARG__25/DSP_MULTIPLIER.V<43>
                         DSP_M_DATA (Prop_DSP_M_DATA_V[43]_V_DATA[43])
                                                      0.046     1.000 r  u/ARG__25/DSP_M_DATA_INST/V_DATA[43]
                         net (fo=1, unplaced)         0.000     1.000    u/ARG__25/DSP_M_DATA.V_DATA<43>
                         DSP_ALU (Prop_DSP_ALU_V_DATA[43]_ALU_OUT[47])
                                                      0.571     1.571 f  u/ARG__25/DSP_ALU_INST/ALU_OUT[47]
                         net (fo=1, unplaced)         0.000     1.571    u/ARG__25/DSP_ALU.ALU_OUT<47>
                         DSP_OUTPUT (Prop_DSP_OUTPUT_ALU_OUT[47]_PCOUT[47])
                                                      0.122     1.693 r  u/ARG__25/DSP_OUTPUT_INST/PCOUT[47]
                         net (fo=1, unplaced)         0.014     1.707    u/ARG__26/PCIN[47]
                         DSP_ALU (Prop_DSP_ALU_PCIN[47]_ALU_OUT[7])
                                                      0.546     2.253 f  u/ARG__26/DSP_ALU_INST/ALU_OUT[7]
                         net (fo=1, unplaced)         0.000     2.253    u/ARG__26/DSP_ALU.ALU_OUT<7>
                         DSP_OUTPUT (Prop_DSP_OUTPUT_ALU_OUT[7]_P[7])
                                                      0.109     2.362 r  u/ARG__26/DSP_OUTPUT_INST/P[7]
                         net (fo=2, unplaced)         0.208     2.570    u/ARG__26_n_98
                         LUT2 (Prop_LUT2_I0_O)        0.053     2.623 r  u/mr_m[31]_i_13/O
                         net (fo=1, unplaced)         0.020     2.643    u/mr_m[31]_i_13_n_0
                         CARRY8 (Prop_CARRY8_S[0]_CO[7])
                                                      0.199     2.842 r  u/mr_m_reg[31]_i_2/CO[7]
                         net (fo=1, unplaced)         0.005     2.847    u/mr_m_reg[31]_i_2_n_0
                         CARRY8 (Prop_CARRY8_CI_CO[7])
                                                      0.022     2.869 r  u/mr_m_reg[39]_i_2/CO[7]
                         net (fo=1, unplaced)         0.005     2.874    u/mr_m_reg[39]_i_2_n_0
                         CARRY8 (Prop_CARRY8_CI_CO[7])
                                                      0.022     2.896 r  u/mr_m_reg[47]_i_2/CO[7]
                         net (fo=1, unplaced)         0.005     2.901    u/mr_m_reg[47]_i_2_n_0
                         CARRY8 (Prop_CARRY8_CI_CO[7])
                                                      0.022     2.923 r  u/mr_m_reg[55]_i_2/CO[7]
                         net (fo=1, unplaced)         0.005     2.928    u/mr_m_reg[55]_i_2_n_0
                         CARRY8 (Prop_CARRY8_CI_O[4])
                                                      0.086     3.014 r  u/mr_m_reg[65]_i_4/O[4]
                         net (fo=1, unplaced)         0.183     3.197    u/mr_m_reg[65]_i_4_n_11
                         LUT5 (Prop_LUT5_I0_O)        0.090     3.287 r  u/mr_m[60]_i_1/O
                         net (fo=1, unplaced)         0.048     3.335    u/mr_m[60]
                         FDRE                                         r  u/mr_m_reg[60]/D
  -------------------------------------------------------------------    -------------------

                         (clock clk rise edge)        5.000     5.000 r  
                                                      0.000     5.000 r  clk (IN)
                         net (fo=198711, unset)       0.020     5.020    u/clk
                         FDRE                                         r  u/mr_m_reg[60]/C
                         clock pessimism              0.000     5.020    
                         clock uncertainty           -0.035     4.985    
                         FDRE (Setup_FDRE_C_D)        0.025     5.010    u/mr_m_reg[60]
  -------------------------------------------------------------------
                         required time                          5.010    
                         arrival time                          -3.335    
  -------------------------------------------------------------------
                         slack                                  1.675    





Min Delay Paths
--------------------------------------------------------------------------------------
Slack (MET) :             0.072ns  (arrival time - required time)
  Source:                 u/rq_bias_r_reg[32]/C
                            (rising edge-triggered cell FDRE clocked by clk  {rise@0.000ns fall@2.500ns period=5.000ns})
  Destination:            u/rq_sum_r_reg[34]/D
                            (rising edge-triggered cell FDRE clocked by clk  {rise@0.000ns fall@2.500ns period=5.000ns})
  Path Group:             clk
  Path Type:              Hold (Min at Fast Process Corner)
  Requirement:            0.000ns  (clk rise@0.000ns - clk rise@0.000ns)
  Data Path Delay:        0.124ns  (logic 0.069ns (55.645%)  route 0.055ns (44.355%))
  Logic Levels:           1  (CARRY8=1)
  Clock Path Skew:        0.006ns (DCD - SCD - CPR)
    Destination Clock Delay (DCD):    0.018ns
    Source Clock Delay      (SCD):    0.012ns
    Clock Pessimism Removal (CPR):    -0.000ns

    Location             Delay type                Incr(ns)  Path(ns)    Netlist Resource(s)
  -------------------------------------------------------------------    -------------------
                         (clock clk rise edge)        0.000     0.000 r  
                                                      0.000     0.000 r  clk (IN)
                         net (fo=198711, unset)       0.012     0.012    u/clk
                         FDRE                                         r  u/rq_bias_r_reg[32]/C
  -------------------------------------------------------------------    -------------------
                         FDRE (Prop_FDRE_C_Q)         0.038     0.050 r  u/rq_bias_r_reg[32]/Q
                         net (fo=3, unplaced)         0.048     0.098    u/rq_bias_r_reg_n_0_[32]
                         CARRY8 (Prop_CARRY8_DI[1]_O[2])
                                                      0.031     0.129 r  u/rq_sum_r_reg[39]_i_1/O[2]
                         net (fo=1, unplaced)         0.007     0.136    u/sum_r0__0[34]
                         FDRE                                         r  u/rq_sum_r_reg[34]/D
  -------------------------------------------------------------------    -------------------

                         (clock clk rise edge)        0.000     0.000 r  
                                                      0.000     0.000 r  clk (IN)
                         net (fo=198711, unset)       0.018     0.018    u/clk
                         FDRE                                         r  u/rq_sum_r_reg[34]/C
                         clock pessimism              0.000     0.018    
                         FDRE (Hold_FDRE_C_D)         0.046     0.064    u/rq_sum_r_reg[34]
  -------------------------------------------------------------------
                         required time                         -0.064    
                         arrival time                           0.136    
  -------------------------------------------------------------------
                         slack                                  0.072    





Pulse Width Checks
--------------------------------------------------------------------------------------
Clock Name:         clk
Waveform(ns):       { 0.000 2.500 }
Period(ns):         5.000
Sources:            { clk }

Check Type        Corner  Lib Pin         Reference Pin  Required(ns)  Actual(ns)  Slack(ns)  Location  Pin
Min Period        n/a     DSP_OUTPUT/CLK  n/a            0.650         5.000       4.350                u/sq_reg[0]/DSP_OUTPUT_INST/CLK
Low Pulse Width   Slow    FDRE/C          n/a            0.275         2.500       2.225                ord_reg[0]/C
High Pulse Width  Slow    FDRE/C          n/a            0.275         2.500       2.225                ord_reg[0]/C



