Copyright 1986-2022 Xilinx, Inc. All Rights Reserved. Copyright 2022-2023 Advanced Micro Devices, Inc. All Rights Reserved.
---------------------------------------------------------------------------------------------------------------------------------------------
| Tool Version : Vivado v.2023.2 (lin64) Build 4029153 Fri Oct 13 20:13:54 MDT 2023
| Date         : Sat Aug 29 18:50:16 2026
| Host         : Oren-Dell-Ubuntu running 64-bit Ubuntu 22.04.5 LTS
| Command      : report_utilization -hierarchical -file /mnt/storage/lutdiet/out/util_hier_l2_ctrl.rpt
| Design       : l2norm_rs
| Device       : xcvu33p-fsvh2104-2L-e
| Speed File   : -2L
| Design State : Synthesized
---------------------------------------------------------------------------------------------------------------------------------------------

Utilization Design Information

Table of Contents
-----------------
1. Utilization by Hierarchy

1. Utilization by Hierarchy
---------------------------

+-----------+--------+------------+------------+---------+------+------+--------+--------+------+------------+
|  Instance | Module | Total LUTs | Logic LUTs | LUTRAMs | SRLs |  FFs | RAMB36 | RAMB18 | URAM | DSP Blocks |
+-----------+--------+------------+------------+---------+------+------+--------+--------+------+------------+
| l2norm_rs |  (top) |      14931 |      14931 |       0 |    0 | 4833 |      0 |      0 |    0 |         36 |
+-----------+--------+------------+------------+---------+------+------+--------+--------+------+------------+


