Copyright 1986-2022 Xilinx, Inc. All Rights Reserved. Copyright 2022-2023 Advanced Micro Devices, Inc. All Rights Reserved.
---------------------------------------------------------------------------------------------------------------------------------------------
| Tool Version : Vivado v.2023.2 (lin64) Build 4029153 Fri Oct 13 20:13:54 MDT 2023
| Date         : Sun Aug 30 08:27:42 2026
| Host         : Oren-Dell-Ubuntu running 64-bit Ubuntu 22.04.5 LTS
| Command      : report_utilization -pblocks [get_pblocks pb_squeeze] -file /mnt/storage/timing_track/out/pbutil_squeeze_placed.rpt
| Design       : compose4_top
| Device       : xcvu33p-fsvh2104-2L-e
| Speed File   : -2L
| Design State : Fully Placed
---------------------------------------------------------------------------------------------------------------------------------------------

Utilization Design Information

Table of Contents
-----------------
1. Pblock Summary
2. Clock Region Statistics
3. CLB Logic
3.1 Summary of Registers by Type
4. CLB Logic Distribution
5. BLOCKRAM
6. ARITHMETIC
7. I/O
8. CLOCK
9. ADVANCED
10. CONFIGURATION
11. Primitives
12. Black Boxes
13. Instantiated Netlists

1. Pblock Summary
-----------------

+-------+------------+-------+-------------------+-----------------+----------------+
| Index |   Parent   | Child | EXCLUDE_PLACEMENT | CONTAIN_ROUTING | SLR(s) Covered |
+-------+------------+-------+-------------------+-----------------+----------------+
| 1     | pb_squeeze |       |                 0 |               0 |           SLR0 |
+-------+------------+-------+-------------------+-----------------+----------------+


2. Clock Region Statistics
--------------------------

+-------------+--------------------+
| CLOCKREGION | Pblock Sites in CR |
+-------------+--------------------+
| X0Y0        |              3.76% |
| X0Y1        |              3.78% |
| X0Y2        |              3.78% |
| X0Y3        |              4.28% |
| X1Y0        |              3.17% |
| X1Y1        |              3.19% |
| X1Y2        |              3.19% |
| X1Y3        |              3.69% |
| X2Y0        |              4.49% |
| X2Y1        |              4.52% |
| X2Y2        |              4.52% |
| X2Y3        |              5.02% |
| X3Y0        |              2.62% |
| X3Y1        |              2.63% |
| X3Y2        |              2.63% |
| X3Y3        |              3.13% |
| X4Y0        |              3.87% |
| X4Y1        |              3.89% |
| X4Y2        |              3.89% |
| X4Y3        |              4.38% |
| X5Y0        |              3.56% |
| X5Y1        |              3.59% |
| X5Y2        |              3.59% |
| X5Y3        |              4.08% |
| X6Y0        |              3.56% |
| X6Y1        |              3.59% |
| X6Y2        |              3.59% |
+-------------+--------------------+


3. CLB Logic
------------

+----------------------------+--------+-------+--------------+--------+-------+------------+-----------+-------+
|          Site Type         | Parent | Child | Non-Assigned |  Used  | Fixed | Prohibited | Available | Util% |
+----------------------------+--------+-------+--------------+--------+-------+------------+-----------+-------+
| CLB LUTs                   | 347906 |     0 |            0 | 347906 |     0 |          0 |    375360 | 92.69 |
|   LUT as Logic             | 332851 |     0 |            0 | 332851 |     0 |          0 |    375360 | 88.68 |
|   LUT as Memory            |  15055 |     0 |            0 |  15055 |     0 |          0 |    173760 |  8.66 |
|     LUT as Distributed RAM |  14343 |     0 |            0 |  14343 |     0 |            |           |       |
|     LUT as Shift Register  |    712 |     0 |            0 |    712 |     0 |            |           |       |
| CLB Registers              | 356662 |     0 |            0 | 356662 |     0 |          0 |    750720 | 47.51 |
|   Register as Flip Flop    | 356662 |     0 |            0 | 356662 |     0 |          0 |    750720 | 47.51 |
|   Register as Latch        |      0 |     0 |            0 |      0 |     0 |          0 |    750720 |  0.00 |
| CARRY8                     |  12117 |     0 |           24 |  12141 |     0 |          0 |     46920 | 25.88 |
| F7 Muxes                   |  65108 |     0 |            0 |  65108 |     0 |          0 |    187680 | 34.69 |
| F8 Muxes                   |  25788 |     0 |            0 |  25788 |     0 |          0 |     93840 | 27.48 |
| F9 Muxes                   |      0 |     0 |            0 |      0 |     0 |          0 |     46920 |  0.00 |
+----------------------------+--------+-------+--------------+--------+-------+------------+-----------+-------+
* Warning! LUT value is adjusted to account for LUT combining.


3.1 Summary of Registers by Type
--------------------------------

+--------+--------------+-------------+--------------+
|  Total | Clock Enable | Synchronous | Asynchronous |
+--------+--------------+-------------+--------------+
| 0      |            _ |           - |            - |
| 0      |            _ |           - |          Set |
| 0      |            _ |           - |        Reset |
| 0      |            _ |         Set |            - |
| 0      |            _ |       Reset |            - |
| 0      |          Yes |           - |            - |
| 0      |          Yes |           - |          Set |
| 0      |          Yes |           - |        Reset |
| 906    |          Yes |         Set |            - |
| 355756 |          Yes |       Reset |            - |
+--------+--------------+-------------+--------------+


4. CLB Logic Distribution
-------------------------

+--------------------------------------------+--------+-------+--------------+--------+-------+------------+-----------+--------+
|                  Site Type                 | Parent | Child | Non-Assigned |  Used  | Fixed | Prohibited | Available |  Util% |
+--------------------------------------------+--------+-------+--------------+--------+-------+------------+-----------+--------+
| CLB                                        |  49497 |     0 |           24 |  49497 |     0 |          0 |     46920 | 105.49 |
|   CLBL                                     |  26474 |     0 |           12 |  26474 |     0 |            |           |        |
|   CLBM                                     |  23023 |     0 |           12 |  23023 |     0 |            |           |        |
| LUT as Logic                               | 332851 |     0 |            0 | 332851 |     0 |          0 |    375360 |  88.68 |
|   using O5 output only                     |   1220 |     0 |            0 |   1220 |       |            |           |        |
|   using O6 output only                     | 300013 |     0 |            0 | 300013 |       |            |           |        |
|   using O5 and O6                          |  31618 |     0 |            0 |  31618 |       |            |           |        |
| LUT as Memory                              |  15055 |     0 |            0 |  15055 |     0 |          0 |    173760 |   8.66 |
|   LUT as Distributed RAM                   |  14343 |     0 |            0 |  14343 |     0 |            |           |        |
|     using O5 output only                   |      0 |     0 |            0 |      0 |       |            |           |        |
|     using O6 output only                   |   1356 |     0 |            0 |   1356 |       |            |           |        |
|     using O5 and O6                        |  12987 |     0 |            0 |  12987 |       |            |           |        |
|   LUT as Shift Register                    |    712 |     0 |            0 |    712 |     0 |            |           |        |
|     using O5 output only                   |      0 |     0 |            0 |      0 |       |            |           |        |
|     using O6 output only                   |    226 |     0 |            0 |    226 |       |            |           |        |
|     using O5 and O6                        |    486 |     0 |            0 |    486 |       |            |           |        |
| CLB Registers                              | 356662 |     0 |            0 | 356662 |     0 |          0 |    750720 |  47.51 |
|   Register driven from within the CLB      | 106631 |     0 |            0 | 106631 |       |            |           |        |
|   Register driven from outside the CLB     | 250031 |     0 |            0 | 250031 |       |            |           |        |
|     LUT in front of the register is unused |  33686 |     0 |            0 |  33686 |       |            |           |        |
|     LUT in front of the register is used   | 216345 |     0 |            0 | 216345 |       |            |           |        |
| Unique Control Sets                        |   8234 |     0 |            0 |   8234 |       |          0 |     93840 |   8.77 |
+--------------------------------------------+--------+-------+--------------+--------+-------+------------+-----------+--------+
* * Note: Available Control Sets calculated as Slices * 2, Review the Control Sets Report for more information regarding control sets.


5. BLOCKRAM
-----------

+-------------------+--------+-------+--------------+-------+-------+------------+-----------+-------+
|     Site Type     | Parent | Child | Non-Assigned |  Used | Fixed | Prohibited | Available | Util% |
+-------------------+--------+-------+--------------+-------+-------+------------+-----------+-------+
| Block RAM Tile    |  246.5 |     0 |            0 | 246.5 |     0 |          0 |       564 | 43.71 |
|   RAMB36/FIFO*    |    231 |     0 |            0 |   231 |     0 |          0 |       564 | 40.96 |
|     RAMB36E2 only |    231 |     0 |            0 |   231 |       |            |           |       |
|   RAMB18          |     31 |     0 |            0 |    31 |     0 |          0 |      1128 |  2.75 |
|     RAMB18E2 only |     31 |     0 |            0 |    31 |       |            |           |       |
| URAM              |      0 |     0 |            0 |     0 |     0 |          0 |       304 |  0.00 |
+-------------------+--------+-------+--------------+-------+-------+------------+-----------+-------+
* Note: Each Block RAM Tile only has one FIFO logic available and therefore can accommodate only one FIFO36E2 or one FIFO18E2. However, if a FIFO18E2 occupies a Block RAM Tile, that tile can still accommodate a RAMB18E2


6. ARITHMETIC
-------------

+----------------+--------+-------+--------------+------+-------+------------+-----------+-------+
|    Site Type   | Parent | Child | Non-Assigned | Used | Fixed | Prohibited | Available | Util% |
+----------------+--------+-------+--------------+------+-------+------------+-----------+-------+
| DSPs           |   2177 |     0 |            0 | 2177 |     0 |          0 |      2580 | 84.38 |
|   DSP48E2 only |   2177 |     0 |            0 | 2177 |       |            |           |       |
+----------------+--------+-------+--------------+------+-------+------------+-----------+-------+


7. I/O
------

+------------------+--------+-------+--------------+------+-------+------------+-----------+-------+
|     Site Type    | Parent | Child | Non-Assigned | Used | Fixed | Prohibited | Available | Util% |
+------------------+--------+-------+--------------+------+-------+------------+-----------+-------+
| Bonded IOB       |      0 |     0 |            0 |    0 |     0 |          0 |       208 |  0.00 |
| HPIOB_M          |      0 |     0 |            0 |    0 |     0 |          0 |        96 |  0.00 |
| HPIOB_S          |      0 |     0 |            0 |    0 |     0 |          0 |        96 |  0.00 |
| HPIOB_SNGL       |      0 |     0 |            0 |    0 |     0 |          0 |        16 |  0.00 |
| HPIOBDIFFINBUF   |      0 |     0 |            0 |    0 |     0 |          0 |        96 |  0.00 |
| HPIOBDIFFOUTBUF  |      0 |     0 |            0 |    0 |     0 |          0 |        96 |  0.00 |
| BITSLICE_CONTROL |      0 |     0 |            0 |    0 |     0 |          0 |        32 |  0.00 |
| BITSLICE_RX_TX   |      0 |     0 |            0 |    0 |     0 |          0 |      1248 |  0.00 |
| BITSLICE_TX      |      0 |     0 |            0 |    0 |     0 |          0 |        32 |  0.00 |
| RIU_OR           |      0 |     0 |            0 |    0 |     0 |          0 |        16 |  0.00 |
+------------------+--------+-------+--------------+------+-------+------------+-----------+-------+


8. CLOCK
--------

+----------------------+--------+-------+--------------+------+-------+------------+-----------+-------+
|       Site Type      | Parent | Child | Non-Assigned | Used | Fixed | Prohibited | Available | Util% |
+----------------------+--------+-------+--------------+------+-------+------------+-----------+-------+
| GLOBAL CLOCK BUFFERs |     24 |     0 |            2 |   26 |     0 |          0 |       240 | 10.83 |
|   BUFGCE             |     24 |     0 |            2 |   26 |     0 |          0 |        96 | 27.08 |
|   BUFGCE_DIV         |      0 |     0 |            0 |    0 |     0 |          0 |        16 |  0.00 |
|   BUFG_GT            |      0 |     0 |            0 |    0 |     0 |          0 |        96 |  0.00 |
|   BUFGCTRL*          |      0 |     0 |            0 |    0 |     0 |          0 |        32 |  0.00 |
| PLL                  |      0 |     0 |            0 |    0 |     0 |          0 |         8 |  0.00 |
| MMCM                 |      0 |     0 |            0 |    0 |     0 |          0 |         4 |  0.00 |
+----------------------+--------+-------+--------------+------+-------+------------+-----------+-------+
* Note: Each used BUFGCTRL counts as two GLOBAL CLOCK BUFFERs. This table does not include global clocking resources, only buffer cell usage. See the Clock Utilization Report (report_clock_utilization) for detailed accounting of global clocking resource availability.


9. ADVANCED
-----------

+----------------------+--------+-------+--------------+------+-------+------------+-----------+-------+
|       Site Type      | Parent | Child | Non-Assigned | Used | Fixed | Prohibited | Available | Util% |
+----------------------+--------+-------+--------------+------+-------+------------+-----------+-------+
| CMACE4               |      0 |     0 |            0 |    0 |     0 |          0 |         2 |  0.00 |
| GTYE4_CHANNEL        |      0 |     0 |            0 |    0 |     0 |          0 |        16 |  0.00 |
| GTYE4_COMMON         |      0 |     0 |            0 |    0 |     0 |          0 |         4 |  0.00 |
| HBM_REF_CLK          |      0 |     0 |            0 |    0 |     0 |          0 |         2 |  0.00 |
| HBM_SNGLBLI_INTF_APB |      0 |     0 |            0 |    0 |     0 |          0 |        30 |  0.00 |
| HBM_SNGLBLI_INTF_AXI |      0 |     0 |            0 |    0 |     0 |          0 |        30 |  0.00 |
| OBUFDS_GTE4          |      0 |     0 |            0 |    0 |     0 |          0 |         8 |  0.00 |
| OBUFDS_GTE4_ADV      |      0 |     0 |            0 |    0 |     0 |          0 |         8 |  0.00 |
| PCIE4CE4             |      0 |     0 |            0 |    0 |     0 |          0 |         2 |  0.00 |
+----------------------+--------+-------+--------------+------+-------+------------+-----------+-------+


10. CONFIGURATION
-----------------

+-----------+--------+-------+--------------+------+-------+------------+-----------+-------+
| Site Type | Parent | Child | Non-Assigned | Used | Fixed | Prohibited | Available | Util% |
+-----------+--------+-------+--------------+------+-------+------------+-----------+-------+


11. Primitives
--------------

+----------+--------+---------------------+
| Ref Name |  Used  | Functional Category |
+----------+--------+---------------------+
| FDRE     | 355756 |            Register |
| LUT6     | 200164 |                 CLB |
| MUXF7    |  65108 |                 CLB |
| LUT2     |  54378 |                 CLB |
| LUT5     |  44433 |                 CLB |
| LUT3     |  36892 |                 CLB |
| MUXF8    |  25788 |                 CLB |
| RAMD32   |  22666 |                 CLB |
| LUT4     |  20850 |                 CLB |
| CARRY8   |  12141 |                 CLB |
| LUT1     |   7752 |                 CLB |
| RAMS32   |   3310 |                 CLB |
| DSP48E2  |   2177 |          Arithmetic |
| RAMD64E  |   1354 |                 CLB |
| SRL16E   |   1196 |                 CLB |
| FDSE     |    906 |            Register |
| RAMB36E2 |    231 |            BLOCKRAM |
| RAMB18E2 |     31 |            BLOCKRAM |
| BUFGCE   |     26 |               Clock |
| SRLC32E  |      2 |                 CLB |
+----------+--------+---------------------+


12. Black Boxes
---------------

+----------+------+
| Ref Name | Used |
+----------+------+


13. Instantiated Netlists
-------------------------

+----------+------+
| Ref Name | Used |
+----------+------+


