Copyright 1986-2022 Xilinx, Inc. All Rights Reserved. Copyright 2022-2023 Advanced Micro Devices, Inc. All Rights Reserved.
---------------------------------------------------------------------------------------------------------------------------------------------
| Tool Version : Vivado v.2023.2 (lin64) Build 4029153 Fri Oct 13 20:13:54 MDT 2023
| Date         : Sun Sep 20 10:40:21 2026
| Host         : cachyos-bc250 running 64-bit CachyOS
| Command      : report_ram_utilization -file /home/labuser/bmover_ooc/ram_wp4.rpt
| Design       : gdn_state_store
| Device       : xcvu33p-fsvh2104-2L-e
| Speed File   : -2L
---------------------------------------------------------------------------------------------------------------------------------------------

RAM Usage Information

Table of Contents
-----------------
1. Summary
2. Memory Description
3. Memory Utilization - Inferred
4. Memory Performance - Inferred
5. Block Ram / URAM Memory Power - Inferred

1. Summary
----------

+--------------------------+------------+-----------+-------+-----------+
| Memory Type              | Total Used | Available | Util% | Inferred% |
+--------------------------+------------+-----------+-------+-----------+
| URAM                     |         32 |       320 | 10.00 |    100.00 |
|  URAM288                 |         32 |           |       |    100.00 |
| BlockRAM                 |         28 |       672 |  4.17 |    100.00 |
|  RAMB36E2                |         28 |           |       |    100.00 |
| LUTMs as Distributed RAM |       2068 |    205440 |  1.01 |    100.00 |
|  LUTMs as RAM64X1D       |        384 |           |       |    100.00 |
|  LUTMs as RAM64M8        |       1536 |           |       |    100.00 |
|  LUTMs as RAM32M16       |        144 |           |       |    100.00 |
|  LUTMs as RAM32M         |          4 |           |       |    100.00 |
+--------------------------+------------+-----------+-------+-----------+
*  Each RAMB18 is calculated as 0.5 BlockRAM
**  Tables 2, 3, 4 and 5 cover RAMs inferred by Vivado Synthesis using XPMs or RTL inference
***  XRAMs are not reported for detailed tables


2. Memory Description
---------------------

+-------------------------------------+------------+-------------+------------------------+------------------------+
| Memory Name                         | Array Size | Memory Type | Port 1 Dimension / Map | Port 2 Dimension / Map |
+-------------------------------------+------------+-------------+------------------------+------------------------+
| u_mem/gwide.gb[0].bank              |    2097152 | RAM_SDP     | 32768x64               | 32768x64               |
|  u_mem/gwide.gb[0].bank_reg_uram_0  |     262144 |             |  B:B:4096x64           |  A:A:4096x64           |
|  u_mem/gwide.gb[0].bank_reg_uram_1  |     262144 |             |  B:B:4096x64           |  A:A:4096x64           |
|  u_mem/gwide.gb[0].bank_reg_uram_2  |     262144 |             |  B:B:4096x64           |  A:A:4096x64           |
|  u_mem/gwide.gb[0].bank_reg_uram_3  |     262144 |             |  B:B:4096x64           |  A:A:4096x64           |
|  u_mem/gwide.gb[0].bank_reg_uram_4  |     262144 |             |  B:B:4096x64           |  A:A:4096x64           |
|  u_mem/gwide.gb[0].bank_reg_uram_5  |     262144 |             |  B:B:4096x64           |  A:A:4096x64           |
|  u_mem/gwide.gb[0].bank_reg_uram_6  |     262144 |             |  B:B:4096x64           |  A:A:4096x64           |
|  u_mem/gwide.gb[0].bank_reg_uram_7  |     262144 |             |  B:B:4096x64           |  A:A:4096x64           |
| u_mem/gwide.gb[1].bank              |    2097152 | RAM_SDP     | 32768x64               | 32768x64               |
|  u_mem/gwide.gb[1].bank_reg_uram_0  |     262144 |             |  B:B:4096x64           |  A:A:4096x64           |
|  u_mem/gwide.gb[1].bank_reg_uram_1  |     262144 |             |  B:B:4096x64           |  A:A:4096x64           |
|  u_mem/gwide.gb[1].bank_reg_uram_2  |     262144 |             |  B:B:4096x64           |  A:A:4096x64           |
|  u_mem/gwide.gb[1].bank_reg_uram_3  |     262144 |             |  B:B:4096x64           |  A:A:4096x64           |
|  u_mem/gwide.gb[1].bank_reg_uram_4  |     262144 |             |  B:B:4096x64           |  A:A:4096x64           |
|  u_mem/gwide.gb[1].bank_reg_uram_5  |     262144 |             |  B:B:4096x64           |  A:A:4096x64           |
|  u_mem/gwide.gb[1].bank_reg_uram_6  |     262144 |             |  B:B:4096x64           |  A:A:4096x64           |
|  u_mem/gwide.gb[1].bank_reg_uram_7  |     262144 |             |  B:B:4096x64           |  A:A:4096x64           |
| u_mem/gwide.gb[2].bank              |    2097152 | RAM_SDP     | 32768x64               | 32768x64               |
|  u_mem/gwide.gb[2].bank_reg_uram_0  |     262144 |             |  B:B:4096x64           |  A:A:4096x64           |
|  u_mem/gwide.gb[2].bank_reg_uram_1  |     262144 |             |  B:B:4096x64           |  A:A:4096x64           |
|  u_mem/gwide.gb[2].bank_reg_uram_2  |     262144 |             |  B:B:4096x64           |  A:A:4096x64           |
|  u_mem/gwide.gb[2].bank_reg_uram_3  |     262144 |             |  B:B:4096x64           |  A:A:4096x64           |
|  u_mem/gwide.gb[2].bank_reg_uram_4  |     262144 |             |  B:B:4096x64           |  A:A:4096x64           |
|  u_mem/gwide.gb[2].bank_reg_uram_5  |     262144 |             |  B:B:4096x64           |  A:A:4096x64           |
|  u_mem/gwide.gb[2].bank_reg_uram_6  |     262144 |             |  B:B:4096x64           |  A:A:4096x64           |
|  u_mem/gwide.gb[2].bank_reg_uram_7  |     262144 |             |  B:B:4096x64           |  A:A:4096x64           |
| u_mem/gwide.gb[3].bank              |    2097152 | RAM_SDP     | 32768x64               | 32768x64               |
|  u_mem/gwide.gb[3].bank_reg_uram_0  |     262144 |             |  B:B:4096x64           |  A:A:4096x64           |
|  u_mem/gwide.gb[3].bank_reg_uram_1  |     262144 |             |  B:B:4096x64           |  A:A:4096x64           |
|  u_mem/gwide.gb[3].bank_reg_uram_2  |     262144 |             |  B:B:4096x64           |  A:A:4096x64           |
|  u_mem/gwide.gb[3].bank_reg_uram_3  |     262144 |             |  B:B:4096x64           |  A:A:4096x64           |
|  u_mem/gwide.gb[3].bank_reg_uram_4  |     262144 |             |  B:B:4096x64           |  A:A:4096x64           |
|  u_mem/gwide.gb[3].bank_reg_uram_5  |     262144 |             |  B:B:4096x64           |  A:A:4096x64           |
|  u_mem/gwide.gb[3].bank_reg_uram_6  |     262144 |             |  B:B:4096x64           |  A:A:4096x64           |
|  u_mem/gwide.gb[3].bank_reg_uram_7  |     262144 |             |  B:B:4096x64           |  A:A:4096x64           |
| gconst.u_cw/gbank[0].m              |      32768 | RAM_SDP     | 2048x16                | 2048x16                |
|  gconst.u_cw/gbank[0].m_reg_bram_0  |      32768 |             |  A:A:2048x16           |  B:B:2048x16           |
| gconst.u_cw/gbank[10].m             |      32768 | RAM_SDP     | 2048x16                | 2048x16                |
|  gconst.u_cw/gbank[10].m_reg_bram_0 |      32768 |             |  A:A:2048x16           |  B:B:2048x16           |
| gconst.u_cw/gbank[11].m             |      32768 | RAM_SDP     | 2048x16                | 2048x16                |
|  gconst.u_cw/gbank[11].m_reg_bram_0 |      32768 |             |  A:A:2048x16           |  B:B:2048x16           |
| gconst.u_cw/gbank[12].m             |      32768 | RAM_SDP     | 2048x16                | 2048x16                |
|  gconst.u_cw/gbank[12].m_reg_bram_0 |      32768 |             |  A:A:2048x16           |  B:B:2048x16           |
| gconst.u_cw/gbank[13].m             |      32768 | RAM_SDP     | 2048x16                | 2048x16                |
|  gconst.u_cw/gbank[13].m_reg_bram_0 |      32768 |             |  A:A:2048x16           |  B:B:2048x16           |
| gconst.u_cw/gbank[14].m             |      32768 | RAM_SDP     | 2048x16                | 2048x16                |
|  gconst.u_cw/gbank[14].m_reg_bram_0 |      32768 |             |  A:A:2048x16           |  B:B:2048x16           |
| gconst.u_cw/gbank[15].m             |      32768 | RAM_SDP     | 2048x16                | 2048x16                |
|  gconst.u_cw/gbank[15].m_reg_bram_0 |      32768 |             |  A:A:2048x16           |  B:B:2048x16           |
| gconst.u_cw/gbank[1].m              |      32768 | RAM_SDP     | 2048x16                | 2048x16                |
|  gconst.u_cw/gbank[1].m_reg_bram_0  |      32768 |             |  A:A:2048x16           |  B:B:2048x16           |
| gconst.u_cw/gbank[2].m              |      32768 | RAM_SDP     | 2048x16                | 2048x16                |
|  gconst.u_cw/gbank[2].m_reg_bram_0  |      32768 |             |  A:A:2048x16           |  B:B:2048x16           |
| gconst.u_cw/gbank[3].m              |      32768 | RAM_SDP     | 2048x16                | 2048x16                |
|  gconst.u_cw/gbank[3].m_reg_bram_0  |      32768 |             |  A:A:2048x16           |  B:B:2048x16           |
| gconst.u_cw/gbank[4].m              |      32768 | RAM_SDP     | 2048x16                | 2048x16                |
|  gconst.u_cw/gbank[4].m_reg_bram_0  |      32768 |             |  A:A:2048x16           |  B:B:2048x16           |
| gconst.u_cw/gbank[5].m              |      32768 | RAM_SDP     | 2048x16                | 2048x16                |
|  gconst.u_cw/gbank[5].m_reg_bram_0  |      32768 |             |  A:A:2048x16           |  B:B:2048x16           |
| gconst.u_cw/gbank[6].m              |      32768 | RAM_SDP     | 2048x16                | 2048x16                |
|  gconst.u_cw/gbank[6].m_reg_bram_0  |      32768 |             |  A:A:2048x16           |  B:B:2048x16           |
| gconst.u_cw/gbank[7].m              |      32768 | RAM_SDP     | 2048x16                | 2048x16                |
|  gconst.u_cw/gbank[7].m_reg_bram_0  |      32768 |             |  A:A:2048x16           |  B:B:2048x16           |
| gconst.u_cw/gbank[8].m              |      32768 | RAM_SDP     | 2048x16                | 2048x16                |
|  gconst.u_cw/gbank[8].m_reg_bram_0  |      32768 |             |  A:A:2048x16           |  B:B:2048x16           |
| gconst.u_cw/gbank[9].m              |      32768 | RAM_SDP     | 2048x16                | 2048x16                |
|  gconst.u_cw/gbank[9].m_reg_bram_0  |      32768 |             |  A:A:2048x16           |  B:B:2048x16           |
| u_conv/gbank[0].m                   |      32768 | RAM_SDP     | 2048x16                | 2048x16                |
|  u_conv/gbank[0].m_reg_bram_0       |      32768 |             |  A:A:2048x16           |  B:B:2048x16           |
| u_conv/gbank[10].m                  |      32768 | RAM_SDP     | 2048x16                | 2048x16                |
|  u_conv/gbank[10].m_reg_bram_0      |      32768 |             |  A:A:2048x16           |  B:B:2048x16           |
| u_conv/gbank[11].m                  |      32768 | RAM_SDP     | 2048x16                | 2048x16                |
|  u_conv/gbank[11].m_reg_bram_0      |      32768 |             |  A:A:2048x16           |  B:B:2048x16           |
| u_conv/gbank[1].m                   |      32768 | RAM_SDP     | 2048x16                | 2048x16                |
|  u_conv/gbank[1].m_reg_bram_0       |      32768 |             |  A:A:2048x16           |  B:B:2048x16           |
| u_conv/gbank[2].m                   |      32768 | RAM_SDP     | 2048x16                | 2048x16                |
|  u_conv/gbank[2].m_reg_bram_0       |      32768 |             |  A:A:2048x16           |  B:B:2048x16           |
| u_conv/gbank[3].m                   |      32768 | RAM_SDP     | 2048x16                | 2048x16                |
|  u_conv/gbank[3].m_reg_bram_0       |      32768 |             |  A:A:2048x16           |  B:B:2048x16           |
| u_conv/gbank[4].m                   |      32768 | RAM_SDP     | 2048x16                | 2048x16                |
|  u_conv/gbank[4].m_reg_bram_0       |      32768 |             |  A:A:2048x16           |  B:B:2048x16           |
| u_conv/gbank[5].m                   |      32768 | RAM_SDP     | 2048x16                | 2048x16                |
|  u_conv/gbank[5].m_reg_bram_0       |      32768 |             |  A:A:2048x16           |  B:B:2048x16           |
| u_conv/gbank[6].m                   |      32768 | RAM_SDP     | 2048x16                | 2048x16                |
|  u_conv/gbank[6].m_reg_bram_0       |      32768 |             |  A:A:2048x16           |  B:B:2048x16           |
| u_conv/gbank[7].m                   |      32768 | RAM_SDP     | 2048x16                | 2048x16                |
|  u_conv/gbank[7].m_reg_bram_0       |      32768 |             |  A:A:2048x16           |  B:B:2048x16           |
| u_conv/gbank[8].m                   |      32768 | RAM_SDP     | 2048x16                | 2048x16                |
|  u_conv/gbank[8].m_reg_bram_0       |      32768 |             |  A:A:2048x16           |  B:B:2048x16           |
| u_conv/gbank[9].m                   |      32768 | RAM_SDP     | 2048x16                | 2048x16                |
|  u_conv/gbank[9].m_reg_bram_0       |      32768 |             |  A:A:2048x16           |  B:B:2048x16           |
+-------------------------------------+------------+-------------+------------------------+------------------------+


3. Memory Utilization - Inferred
--------------------------------

+-------------------------------------+-----------+----------------+-----------+-----------+---------+---------------+---------------+---------+---------------+---------------+---------+---------------+---------------+---------+---------------+---------------+
| Memory Name                         | Primitive | Available Bits | Used Bits | Bit Util% | A Depth | A Depth Avail | A Depth Util% | A Width | A Width Avail | A Width Util% | B Depth | B Depth Avail | B Depth Util% | B Width | B Width Avail | B Width Util% |
+-------------------------------------+-----------+----------------+-----------+-----------+---------+---------------+---------------+---------+---------------+---------------+---------+---------------+---------------+---------+---------------+---------------+
| u_mem/gwide.gb[0].bank              |           |                |           |           |         |               |               |         |               |               |         |               |               |         |               |               |
|  u_mem/gwide.gb[0].bank_reg_uram_0  | URAM288   |         294912 |    262144 |     88.89 |    4096 |          4096 |        100.00 |      64 |            72 |         88.89 |    4096 |          4096 |        100.00 |      64 |            72 |         88.89 |
|  u_mem/gwide.gb[0].bank_reg_uram_1  | URAM288   |         294912 |    262144 |     88.89 |    4096 |          4096 |        100.00 |      64 |            72 |         88.89 |    4096 |          4096 |        100.00 |      64 |            72 |         88.89 |
|  u_mem/gwide.gb[0].bank_reg_uram_2  | URAM288   |         294912 |    262144 |     88.89 |    4096 |          4096 |        100.00 |      64 |            72 |         88.89 |    4096 |          4096 |        100.00 |      64 |            72 |         88.89 |
|  u_mem/gwide.gb[0].bank_reg_uram_3  | URAM288   |         294912 |    262144 |     88.89 |    4096 |          4096 |        100.00 |      64 |            72 |         88.89 |    4096 |          4096 |        100.00 |      64 |            72 |         88.89 |
|  u_mem/gwide.gb[0].bank_reg_uram_4  | URAM288   |         294912 |    262144 |     88.89 |    4096 |          4096 |        100.00 |      64 |            72 |         88.89 |    4096 |          4096 |        100.00 |      64 |            72 |         88.89 |
|  u_mem/gwide.gb[0].bank_reg_uram_5  | URAM288   |         294912 |    262144 |     88.89 |    4096 |          4096 |        100.00 |      64 |            72 |         88.89 |    4096 |          4096 |        100.00 |      64 |            72 |         88.89 |
|  u_mem/gwide.gb[0].bank_reg_uram_6  | URAM288   |         294912 |    262144 |     88.89 |    4096 |          4096 |        100.00 |      64 |            72 |         88.89 |    4096 |          4096 |        100.00 |      64 |            72 |         88.89 |
|  u_mem/gwide.gb[0].bank_reg_uram_7  | URAM288   |         294912 |    262144 |     88.89 |    4096 |          4096 |        100.00 |      64 |            72 |         88.89 |    4096 |          4096 |        100.00 |      64 |            72 |         88.89 |
| u_mem/gwide.gb[1].bank              |           |                |           |           |         |               |               |         |               |               |         |               |               |         |               |               |
|  u_mem/gwide.gb[1].bank_reg_uram_0  | URAM288   |         294912 |    262144 |     88.89 |    4096 |          4096 |        100.00 |      64 |            72 |         88.89 |    4096 |          4096 |        100.00 |      64 |            72 |         88.89 |
|  u_mem/gwide.gb[1].bank_reg_uram_1  | URAM288   |         294912 |    262144 |     88.89 |    4096 |          4096 |        100.00 |      64 |            72 |         88.89 |    4096 |          4096 |        100.00 |      64 |            72 |         88.89 |
|  u_mem/gwide.gb[1].bank_reg_uram_2  | URAM288   |         294912 |    262144 |     88.89 |    4096 |          4096 |        100.00 |      64 |            72 |         88.89 |    4096 |          4096 |        100.00 |      64 |            72 |         88.89 |
|  u_mem/gwide.gb[1].bank_reg_uram_3  | URAM288   |         294912 |    262144 |     88.89 |    4096 |          4096 |        100.00 |      64 |            72 |         88.89 |    4096 |          4096 |        100.00 |      64 |            72 |         88.89 |
|  u_mem/gwide.gb[1].bank_reg_uram_4  | URAM288   |         294912 |    262144 |     88.89 |    4096 |          4096 |        100.00 |      64 |            72 |         88.89 |    4096 |          4096 |        100.00 |      64 |            72 |         88.89 |
|  u_mem/gwide.gb[1].bank_reg_uram_5  | URAM288   |         294912 |    262144 |     88.89 |    4096 |          4096 |        100.00 |      64 |            72 |         88.89 |    4096 |          4096 |        100.00 |      64 |            72 |         88.89 |
|  u_mem/gwide.gb[1].bank_reg_uram_6  | URAM288   |         294912 |    262144 |     88.89 |    4096 |          4096 |        100.00 |      64 |            72 |         88.89 |    4096 |          4096 |        100.00 |      64 |            72 |         88.89 |
|  u_mem/gwide.gb[1].bank_reg_uram_7  | URAM288   |         294912 |    262144 |     88.89 |    4096 |          4096 |        100.00 |      64 |            72 |         88.89 |    4096 |          4096 |        100.00 |      64 |            72 |         88.89 |
| u_mem/gwide.gb[2].bank              |           |                |           |           |         |               |               |         |               |               |         |               |               |         |               |               |
|  u_mem/gwide.gb[2].bank_reg_uram_0  | URAM288   |         294912 |    262144 |     88.89 |    4096 |          4096 |        100.00 |      64 |            72 |         88.89 |    4096 |          4096 |        100.00 |      64 |            72 |         88.89 |
|  u_mem/gwide.gb[2].bank_reg_uram_1  | URAM288   |         294912 |    262144 |     88.89 |    4096 |          4096 |        100.00 |      64 |            72 |         88.89 |    4096 |          4096 |        100.00 |      64 |            72 |         88.89 |
|  u_mem/gwide.gb[2].bank_reg_uram_2  | URAM288   |         294912 |    262144 |     88.89 |    4096 |          4096 |        100.00 |      64 |            72 |         88.89 |    4096 |          4096 |        100.00 |      64 |            72 |         88.89 |
|  u_mem/gwide.gb[2].bank_reg_uram_3  | URAM288   |         294912 |    262144 |     88.89 |    4096 |          4096 |        100.00 |      64 |            72 |         88.89 |    4096 |          4096 |        100.00 |      64 |            72 |         88.89 |
|  u_mem/gwide.gb[2].bank_reg_uram_4  | URAM288   |         294912 |    262144 |     88.89 |    4096 |          4096 |        100.00 |      64 |            72 |         88.89 |    4096 |          4096 |        100.00 |      64 |            72 |         88.89 |
|  u_mem/gwide.gb[2].bank_reg_uram_5  | URAM288   |         294912 |    262144 |     88.89 |    4096 |          4096 |        100.00 |      64 |            72 |         88.89 |    4096 |          4096 |        100.00 |      64 |            72 |         88.89 |
|  u_mem/gwide.gb[2].bank_reg_uram_6  | URAM288   |         294912 |    262144 |     88.89 |    4096 |          4096 |        100.00 |      64 |            72 |         88.89 |    4096 |          4096 |        100.00 |      64 |            72 |         88.89 |
|  u_mem/gwide.gb[2].bank_reg_uram_7  | URAM288   |         294912 |    262144 |     88.89 |    4096 |          4096 |        100.00 |      64 |            72 |         88.89 |    4096 |          4096 |        100.00 |      64 |            72 |         88.89 |
| u_mem/gwide.gb[3].bank              |           |                |           |           |         |               |               |         |               |               |         |               |               |         |               |               |
|  u_mem/gwide.gb[3].bank_reg_uram_0  | URAM288   |         294912 |    262144 |     88.89 |    4096 |          4096 |        100.00 |      64 |            72 |         88.89 |    4096 |          4096 |        100.00 |      64 |            72 |         88.89 |
|  u_mem/gwide.gb[3].bank_reg_uram_1  | URAM288   |         294912 |    262144 |     88.89 |    4096 |          4096 |        100.00 |      64 |            72 |         88.89 |    4096 |          4096 |        100.00 |      64 |            72 |         88.89 |
|  u_mem/gwide.gb[3].bank_reg_uram_2  | URAM288   |         294912 |    262144 |     88.89 |    4096 |          4096 |        100.00 |      64 |            72 |         88.89 |    4096 |          4096 |        100.00 |      64 |            72 |         88.89 |
|  u_mem/gwide.gb[3].bank_reg_uram_3  | URAM288   |         294912 |    262144 |     88.89 |    4096 |          4096 |        100.00 |      64 |            72 |         88.89 |    4096 |          4096 |        100.00 |      64 |            72 |         88.89 |
|  u_mem/gwide.gb[3].bank_reg_uram_4  | URAM288   |         294912 |    262144 |     88.89 |    4096 |          4096 |        100.00 |      64 |            72 |         88.89 |    4096 |          4096 |        100.00 |      64 |            72 |         88.89 |
|  u_mem/gwide.gb[3].bank_reg_uram_5  | URAM288   |         294912 |    262144 |     88.89 |    4096 |          4096 |        100.00 |      64 |            72 |         88.89 |    4096 |          4096 |        100.00 |      64 |            72 |         88.89 |
|  u_mem/gwide.gb[3].bank_reg_uram_6  | URAM288   |         294912 |    262144 |     88.89 |    4096 |          4096 |        100.00 |      64 |            72 |         88.89 |    4096 |          4096 |        100.00 |      64 |            72 |         88.89 |
|  u_mem/gwide.gb[3].bank_reg_uram_7  | URAM288   |         294912 |    262144 |     88.89 |    4096 |          4096 |        100.00 |      64 |            72 |         88.89 |    4096 |          4096 |        100.00 |      64 |            72 |         88.89 |
| gconst.u_cw/gbank[0].m              |           |                |           |           |         |               |               |         |               |               |         |               |               |         |               |               |
|  gconst.u_cw/gbank[0].m_reg_bram_0  | RAMB36E2  |          36864 |     32768 |     88.89 |    2048 |          2048 |        100.00 |      16 |            18 |         88.89 |    2048 |          2048 |        100.00 |      16 |            18 |         88.89 |
| gconst.u_cw/gbank[10].m             |           |                |           |           |         |               |               |         |               |               |         |               |               |         |               |               |
|  gconst.u_cw/gbank[10].m_reg_bram_0 | RAMB36E2  |          36864 |     32768 |     88.89 |    2048 |          2048 |        100.00 |      16 |            18 |         88.89 |    2048 |          2048 |        100.00 |      16 |            18 |         88.89 |
| gconst.u_cw/gbank[11].m             |           |                |           |           |         |               |               |         |               |               |         |               |               |         |               |               |
|  gconst.u_cw/gbank[11].m_reg_bram_0 | RAMB36E2  |          36864 |     32768 |     88.89 |    2048 |          2048 |        100.00 |      16 |            18 |         88.89 |    2048 |          2048 |        100.00 |      16 |            18 |         88.89 |
| gconst.u_cw/gbank[12].m             |           |                |           |           |         |               |               |         |               |               |         |               |               |         |               |               |
|  gconst.u_cw/gbank[12].m_reg_bram_0 | RAMB36E2  |          36864 |     32768 |     88.89 |    2048 |          2048 |        100.00 |      16 |            18 |         88.89 |    2048 |          2048 |        100.00 |      16 |            18 |         88.89 |
| gconst.u_cw/gbank[13].m             |           |                |           |           |         |               |               |         |               |               |         |               |               |         |               |               |
|  gconst.u_cw/gbank[13].m_reg_bram_0 | RAMB36E2  |          36864 |     32768 |     88.89 |    2048 |          2048 |        100.00 |      16 |            18 |         88.89 |    2048 |          2048 |        100.00 |      16 |            18 |         88.89 |
| gconst.u_cw/gbank[14].m             |           |                |           |           |         |               |               |         |               |               |         |               |               |         |               |               |
|  gconst.u_cw/gbank[14].m_reg_bram_0 | RAMB36E2  |          36864 |     32768 |     88.89 |    2048 |          2048 |        100.00 |      16 |            18 |         88.89 |    2048 |          2048 |        100.00 |      16 |            18 |         88.89 |
| gconst.u_cw/gbank[15].m             |           |                |           |           |         |               |               |         |               |               |         |               |               |         |               |               |
|  gconst.u_cw/gbank[15].m_reg_bram_0 | RAMB36E2  |          36864 |     32768 |     88.89 |    2048 |          2048 |        100.00 |      16 |            18 |         88.89 |    2048 |          2048 |        100.00 |      16 |            18 |         88.89 |
| gconst.u_cw/gbank[1].m              |           |                |           |           |         |               |               |         |               |               |         |               |               |         |               |               |
|  gconst.u_cw/gbank[1].m_reg_bram_0  | RAMB36E2  |          36864 |     32768 |     88.89 |    2048 |          2048 |        100.00 |      16 |            18 |         88.89 |    2048 |          2048 |        100.00 |      16 |            18 |         88.89 |
| gconst.u_cw/gbank[2].m              |           |                |           |           |         |               |               |         |               |               |         |               |               |         |               |               |
|  gconst.u_cw/gbank[2].m_reg_bram_0  | RAMB36E2  |          36864 |     32768 |     88.89 |    2048 |          2048 |        100.00 |      16 |            18 |         88.89 |    2048 |          2048 |        100.00 |      16 |            18 |         88.89 |
| gconst.u_cw/gbank[3].m              |           |                |           |           |         |               |               |         |               |               |         |               |               |         |               |               |
|  gconst.u_cw/gbank[3].m_reg_bram_0  | RAMB36E2  |          36864 |     32768 |     88.89 |    2048 |          2048 |        100.00 |      16 |            18 |         88.89 |    2048 |          2048 |        100.00 |      16 |            18 |         88.89 |
| gconst.u_cw/gbank[4].m              |           |                |           |           |         |               |               |         |               |               |         |               |               |         |               |               |
|  gconst.u_cw/gbank[4].m_reg_bram_0  | RAMB36E2  |          36864 |     32768 |     88.89 |    2048 |          2048 |        100.00 |      16 |            18 |         88.89 |    2048 |          2048 |        100.00 |      16 |            18 |         88.89 |
| gconst.u_cw/gbank[5].m              |           |                |           |           |         |               |               |         |               |               |         |               |               |         |               |               |
|  gconst.u_cw/gbank[5].m_reg_bram_0  | RAMB36E2  |          36864 |     32768 |     88.89 |    2048 |          2048 |        100.00 |      16 |            18 |         88.89 |    2048 |          2048 |        100.00 |      16 |            18 |         88.89 |
| gconst.u_cw/gbank[6].m              |           |                |           |           |         |               |               |         |               |               |         |               |               |         |               |               |
|  gconst.u_cw/gbank[6].m_reg_bram_0  | RAMB36E2  |          36864 |     32768 |     88.89 |    2048 |          2048 |        100.00 |      16 |            18 |         88.89 |    2048 |          2048 |        100.00 |      16 |            18 |         88.89 |
| gconst.u_cw/gbank[7].m              |           |                |           |           |         |               |               |         |               |               |         |               |               |         |               |               |
|  gconst.u_cw/gbank[7].m_reg_bram_0  | RAMB36E2  |          36864 |     32768 |     88.89 |    2048 |          2048 |        100.00 |      16 |            18 |         88.89 |    2048 |          2048 |        100.00 |      16 |            18 |         88.89 |
| gconst.u_cw/gbank[8].m              |           |                |           |           |         |               |               |         |               |               |         |               |               |         |               |               |
|  gconst.u_cw/gbank[8].m_reg_bram_0  | RAMB36E2  |          36864 |     32768 |     88.89 |    2048 |          2048 |        100.00 |      16 |            18 |         88.89 |    2048 |          2048 |        100.00 |      16 |            18 |         88.89 |
| gconst.u_cw/gbank[9].m              |           |                |           |           |         |               |               |         |               |               |         |               |               |         |               |               |
|  gconst.u_cw/gbank[9].m_reg_bram_0  | RAMB36E2  |          36864 |     32768 |     88.89 |    2048 |          2048 |        100.00 |      16 |            18 |         88.89 |    2048 |          2048 |        100.00 |      16 |            18 |         88.89 |
| u_conv/gbank[0].m                   |           |                |           |           |         |               |               |         |               |               |         |               |               |         |               |               |
|  u_conv/gbank[0].m_reg_bram_0       | RAMB36E2  |          36864 |     32768 |     88.89 |    2048 |          2048 |        100.00 |      16 |            18 |         88.89 |    2048 |          2048 |        100.00 |      16 |            18 |         88.89 |
| u_conv/gbank[10].m                  |           |                |           |           |         |               |               |         |               |               |         |               |               |         |               |               |
|  u_conv/gbank[10].m_reg_bram_0      | RAMB36E2  |          36864 |     32768 |     88.89 |    2048 |          2048 |        100.00 |      16 |            18 |         88.89 |    2048 |          2048 |        100.00 |      16 |            18 |         88.89 |
| u_conv/gbank[11].m                  |           |                |           |           |         |               |               |         |               |               |         |               |               |         |               |               |
|  u_conv/gbank[11].m_reg_bram_0      | RAMB36E2  |          36864 |     32768 |     88.89 |    2048 |          2048 |        100.00 |      16 |            18 |         88.89 |    2048 |          2048 |        100.00 |      16 |            18 |         88.89 |
| u_conv/gbank[1].m                   |           |                |           |           |         |               |               |         |               |               |         |               |               |         |               |               |
|  u_conv/gbank[1].m_reg_bram_0       | RAMB36E2  |          36864 |     32768 |     88.89 |    2048 |          2048 |        100.00 |      16 |            18 |         88.89 |    2048 |          2048 |        100.00 |      16 |            18 |         88.89 |
| u_conv/gbank[2].m                   |           |                |           |           |         |               |               |         |               |               |         |               |               |         |               |               |
|  u_conv/gbank[2].m_reg_bram_0       | RAMB36E2  |          36864 |     32768 |     88.89 |    2048 |          2048 |        100.00 |      16 |            18 |         88.89 |    2048 |          2048 |        100.00 |      16 |            18 |         88.89 |
| u_conv/gbank[3].m                   |           |                |           |           |         |               |               |         |               |               |         |               |               |         |               |               |
|  u_conv/gbank[3].m_reg_bram_0       | RAMB36E2  |          36864 |     32768 |     88.89 |    2048 |          2048 |        100.00 |      16 |            18 |         88.89 |    2048 |          2048 |        100.00 |      16 |            18 |         88.89 |
| u_conv/gbank[4].m                   |           |                |           |           |         |               |               |         |               |               |         |               |               |         |               |               |
|  u_conv/gbank[4].m_reg_bram_0       | RAMB36E2  |          36864 |     32768 |     88.89 |    2048 |          2048 |        100.00 |      16 |            18 |         88.89 |    2048 |          2048 |        100.00 |      16 |            18 |         88.89 |
| u_conv/gbank[5].m                   |           |                |           |           |         |               |               |         |               |               |         |               |               |         |               |               |
|  u_conv/gbank[5].m_reg_bram_0       | RAMB36E2  |          36864 |     32768 |     88.89 |    2048 |          2048 |        100.00 |      16 |            18 |         88.89 |    2048 |          2048 |        100.00 |      16 |            18 |         88.89 |
| u_conv/gbank[6].m                   |           |                |           |           |         |               |               |         |               |               |         |               |               |         |               |               |
|  u_conv/gbank[6].m_reg_bram_0       | RAMB36E2  |          36864 |     32768 |     88.89 |    2048 |          2048 |        100.00 |      16 |            18 |         88.89 |    2048 |          2048 |        100.00 |      16 |            18 |         88.89 |
| u_conv/gbank[7].m                   |           |                |           |           |         |               |               |         |               |               |         |               |               |         |               |               |
|  u_conv/gbank[7].m_reg_bram_0       | RAMB36E2  |          36864 |     32768 |     88.89 |    2048 |          2048 |        100.00 |      16 |            18 |         88.89 |    2048 |          2048 |        100.00 |      16 |            18 |         88.89 |
| u_conv/gbank[8].m                   |           |                |           |           |         |               |               |         |               |               |         |               |               |         |               |               |
|  u_conv/gbank[8].m_reg_bram_0       | RAMB36E2  |          36864 |     32768 |     88.89 |    2048 |          2048 |        100.00 |      16 |            18 |         88.89 |    2048 |          2048 |        100.00 |      16 |            18 |         88.89 |
| u_conv/gbank[9].m                   |           |                |           |           |         |               |               |         |               |               |         |               |               |         |               |               |
|  u_conv/gbank[9].m_reg_bram_0       | RAMB36E2  |          36864 |     32768 |     88.89 |    2048 |          2048 |        100.00 |      16 |            18 |         88.89 |    2048 |          2048 |        100.00 |      16 |            18 |         88.89 |
+-------------------------------------+-----------+----------------+-----------+-----------+---------+---------------+---------------+---------+---------------+---------------+---------+---------------+---------------+---------+---------------+---------------+


4. Memory Performance - Inferred
--------------------------------

+-------------------------------------+-----------+------------------------+------------------------+-------------+-------------------------+-------------+-------------------------+-----------+--------+--------+---------+-----------+--------+--------+---------+
| Memory Name                         | Primitive | Port 1 Dimension / Map | Port 2 Dimension / Map | Port A Type | Port A Requirement (ns) | Port B Type | Port B Requirement (ns) | A Cascade | IREG_A | OREG_A | DOA_REG | B Cascade | IREG_B | OREG_B | DOB_REG |
+-------------------------------------+-----------+------------------------+------------------------+-------------+-------------------------+-------------+-------------------------+-----------+--------+--------+---------+-----------+--------+--------+---------+
| u_mem/gwide.gb[0].bank              |           | 32768x64               | 32768x64               |             |                         |             |                         |           |        |        |         |           |        |        |         |
|  u_mem/gwide.gb[0].bank_reg_uram_0  | URAM288   |  B:B:4096x64           |  A:A:4096x64           |        Read |                     0.0 |       Write |                     0.0 |     FIRST |      0 |      0 |         |     FIRST |      0 |      0 |         |
|  u_mem/gwide.gb[0].bank_reg_uram_1  | URAM288   |  B:B:4096x64           |  A:A:4096x64           |        Read |                     0.0 |       Write |                     0.0 |    MIDDLE |      0 |      0 |         |    MIDDLE |      0 |      0 |         |
|  u_mem/gwide.gb[0].bank_reg_uram_2  | URAM288   |  B:B:4096x64           |  A:A:4096x64           |        Read |                     0.0 |       Write |                     0.0 |    MIDDLE |      0 |      0 |         |    MIDDLE |      0 |      0 |         |
|  u_mem/gwide.gb[0].bank_reg_uram_3  | URAM288   |  B:B:4096x64           |  A:A:4096x64           |        Read |                     0.0 |       Write |                     0.0 |    MIDDLE |      0 |      0 |         |    MIDDLE |      0 |      0 |         |
|  u_mem/gwide.gb[0].bank_reg_uram_4  | URAM288   |  B:B:4096x64           |  A:A:4096x64           |        Read |                     0.0 |       Write |                     0.0 |    MIDDLE |      0 |      0 |         |    MIDDLE |      0 |      0 |         |
|  u_mem/gwide.gb[0].bank_reg_uram_5  | URAM288   |  B:B:4096x64           |  A:A:4096x64           |        Read |                     0.0 |       Write |                     0.0 |    MIDDLE |      0 |      0 |         |    MIDDLE |      0 |      0 |         |
|  u_mem/gwide.gb[0].bank_reg_uram_6  | URAM288   |  B:B:4096x64           |  A:A:4096x64           |        Read |                     0.0 |       Write |                     0.0 |    MIDDLE |      0 |      0 |         |    MIDDLE |      0 |      0 |         |
|  u_mem/gwide.gb[0].bank_reg_uram_7  | URAM288   |  B:B:4096x64           |  A:A:4096x64           |        Read |                     0.0 |       Write |                     0.0 |      LAST |      0 |      0 |         |      LAST |      0 |      0 |         |
| u_mem/gwide.gb[1].bank              |           | 32768x64               | 32768x64               |             |                         |             |                         |           |        |        |         |           |        |        |         |
|  u_mem/gwide.gb[1].bank_reg_uram_0  | URAM288   |  B:B:4096x64           |  A:A:4096x64           |        Read |                     0.0 |       Write |                     0.0 |     FIRST |      0 |      0 |         |     FIRST |      0 |      0 |         |
|  u_mem/gwide.gb[1].bank_reg_uram_1  | URAM288   |  B:B:4096x64           |  A:A:4096x64           |        Read |                     0.0 |       Write |                     0.0 |    MIDDLE |      0 |      0 |         |    MIDDLE |      0 |      0 |         |
|  u_mem/gwide.gb[1].bank_reg_uram_2  | URAM288   |  B:B:4096x64           |  A:A:4096x64           |        Read |                     0.0 |       Write |                     0.0 |    MIDDLE |      0 |      0 |         |    MIDDLE |      0 |      0 |         |
|  u_mem/gwide.gb[1].bank_reg_uram_3  | URAM288   |  B:B:4096x64           |  A:A:4096x64           |        Read |                     0.0 |       Write |                     0.0 |    MIDDLE |      0 |      0 |         |    MIDDLE |      0 |      0 |         |
|  u_mem/gwide.gb[1].bank_reg_uram_4  | URAM288   |  B:B:4096x64           |  A:A:4096x64           |        Read |                     0.0 |       Write |                     0.0 |    MIDDLE |      0 |      0 |         |    MIDDLE |      0 |      0 |         |
|  u_mem/gwide.gb[1].bank_reg_uram_5  | URAM288   |  B:B:4096x64           |  A:A:4096x64           |        Read |                     0.0 |       Write |                     0.0 |    MIDDLE |      0 |      0 |         |    MIDDLE |      0 |      0 |         |
|  u_mem/gwide.gb[1].bank_reg_uram_6  | URAM288   |  B:B:4096x64           |  A:A:4096x64           |        Read |                     0.0 |       Write |                     0.0 |    MIDDLE |      0 |      0 |         |    MIDDLE |      0 |      0 |         |
|  u_mem/gwide.gb[1].bank_reg_uram_7  | URAM288   |  B:B:4096x64           |  A:A:4096x64           |        Read |                     0.0 |       Write |                     0.0 |      LAST |      0 |      0 |         |      LAST |      0 |      0 |         |
| u_mem/gwide.gb[2].bank              |           | 32768x64               | 32768x64               |             |                         |             |                         |           |        |        |         |           |        |        |         |
|  u_mem/gwide.gb[2].bank_reg_uram_0  | URAM288   |  B:B:4096x64           |  A:A:4096x64           |        Read |                     0.0 |       Write |                     0.0 |     FIRST |      0 |      0 |         |     FIRST |      0 |      0 |         |
|  u_mem/gwide.gb[2].bank_reg_uram_1  | URAM288   |  B:B:4096x64           |  A:A:4096x64           |        Read |                     0.0 |       Write |                     0.0 |    MIDDLE |      0 |      0 |         |    MIDDLE |      0 |      0 |         |
|  u_mem/gwide.gb[2].bank_reg_uram_2  | URAM288   |  B:B:4096x64           |  A:A:4096x64           |        Read |                     0.0 |       Write |                     0.0 |    MIDDLE |      0 |      0 |         |    MIDDLE |      0 |      0 |         |
|  u_mem/gwide.gb[2].bank_reg_uram_3  | URAM288   |  B:B:4096x64           |  A:A:4096x64           |        Read |                     0.0 |       Write |                     0.0 |    MIDDLE |      0 |      0 |         |    MIDDLE |      0 |      0 |         |
|  u_mem/gwide.gb[2].bank_reg_uram_4  | URAM288   |  B:B:4096x64           |  A:A:4096x64           |        Read |                     0.0 |       Write |                     0.0 |    MIDDLE |      0 |      0 |         |    MIDDLE |      0 |      0 |         |
|  u_mem/gwide.gb[2].bank_reg_uram_5  | URAM288   |  B:B:4096x64           |  A:A:4096x64           |        Read |                     0.0 |       Write |                     0.0 |    MIDDLE |      0 |      0 |         |    MIDDLE |      0 |      0 |         |
|  u_mem/gwide.gb[2].bank_reg_uram_6  | URAM288   |  B:B:4096x64           |  A:A:4096x64           |        Read |                     0.0 |       Write |                     0.0 |    MIDDLE |      0 |      0 |         |    MIDDLE |      0 |      0 |         |
|  u_mem/gwide.gb[2].bank_reg_uram_7  | URAM288   |  B:B:4096x64           |  A:A:4096x64           |        Read |                     0.0 |       Write |                     0.0 |      LAST |      0 |      0 |         |      LAST |      0 |      0 |         |
| u_mem/gwide.gb[3].bank              |           | 32768x64               | 32768x64               |             |                         |             |                         |           |        |        |         |           |        |        |         |
|  u_mem/gwide.gb[3].bank_reg_uram_0  | URAM288   |  B:B:4096x64           |  A:A:4096x64           |        Read |                     0.0 |       Write |                     0.0 |     FIRST |      0 |      0 |         |     FIRST |      0 |      0 |         |
|  u_mem/gwide.gb[3].bank_reg_uram_1  | URAM288   |  B:B:4096x64           |  A:A:4096x64           |        Read |                     0.0 |       Write |                     0.0 |    MIDDLE |      0 |      0 |         |    MIDDLE |      0 |      0 |         |
|  u_mem/gwide.gb[3].bank_reg_uram_2  | URAM288   |  B:B:4096x64           |  A:A:4096x64           |        Read |                     0.0 |       Write |                     0.0 |    MIDDLE |      0 |      0 |         |    MIDDLE |      0 |      0 |         |
|  u_mem/gwide.gb[3].bank_reg_uram_3  | URAM288   |  B:B:4096x64           |  A:A:4096x64           |        Read |                     0.0 |       Write |                     0.0 |    MIDDLE |      0 |      0 |         |    MIDDLE |      0 |      0 |         |
|  u_mem/gwide.gb[3].bank_reg_uram_4  | URAM288   |  B:B:4096x64           |  A:A:4096x64           |        Read |                     0.0 |       Write |                     0.0 |    MIDDLE |      0 |      0 |         |    MIDDLE |      0 |      0 |         |
|  u_mem/gwide.gb[3].bank_reg_uram_5  | URAM288   |  B:B:4096x64           |  A:A:4096x64           |        Read |                     0.0 |       Write |                     0.0 |    MIDDLE |      0 |      0 |         |    MIDDLE |      0 |      0 |         |
|  u_mem/gwide.gb[3].bank_reg_uram_6  | URAM288   |  B:B:4096x64           |  A:A:4096x64           |        Read |                     0.0 |       Write |                     0.0 |    MIDDLE |      0 |      0 |         |    MIDDLE |      0 |      0 |         |
|  u_mem/gwide.gb[3].bank_reg_uram_7  | URAM288   |  B:B:4096x64           |  A:A:4096x64           |        Read |                     0.0 |       Write |                     0.0 |      LAST |      0 |      0 |         |      LAST |      0 |      0 |         |
| gconst.u_cw/gbank[0].m              |           | 2048x16                | 2048x16                |             |                         |             |                         |           |        |        |         |           |        |        |         |
|  gconst.u_cw/gbank[0].m_reg_bram_0  | RAMB36E2  |  A:A:2048x16           |  B:B:2048x16           |       Write |                     0.0 |        Read |                     0.0 |      NONE |        |        |       0 |      NONE |        |        |       0 |
| gconst.u_cw/gbank[10].m             |           | 2048x16                | 2048x16                |             |                         |             |                         |           |        |        |         |           |        |        |         |
|  gconst.u_cw/gbank[10].m_reg_bram_0 | RAMB36E2  |  A:A:2048x16           |  B:B:2048x16           |       Write |                     0.0 |        Read |                     0.0 |      NONE |        |        |       0 |      NONE |        |        |       0 |
| gconst.u_cw/gbank[11].m             |           | 2048x16                | 2048x16                |             |                         |             |                         |           |        |        |         |           |        |        |         |
|  gconst.u_cw/gbank[11].m_reg_bram_0 | RAMB36E2  |  A:A:2048x16           |  B:B:2048x16           |       Write |                     0.0 |        Read |                     0.0 |      NONE |        |        |       0 |      NONE |        |        |       0 |
| gconst.u_cw/gbank[12].m             |           | 2048x16                | 2048x16                |             |                         |             |                         |           |        |        |         |           |        |        |         |
|  gconst.u_cw/gbank[12].m_reg_bram_0 | RAMB36E2  |  A:A:2048x16           |  B:B:2048x16           |       Write |                     0.0 |        Read |                     0.0 |      NONE |        |        |       0 |      NONE |        |        |       0 |
| gconst.u_cw/gbank[13].m             |           | 2048x16                | 2048x16                |             |                         |             |                         |           |        |        |         |           |        |        |         |
|  gconst.u_cw/gbank[13].m_reg_bram_0 | RAMB36E2  |  A:A:2048x16           |  B:B:2048x16           |       Write |                     0.0 |        Read |                     0.0 |      NONE |        |        |       0 |      NONE |        |        |       0 |
| gconst.u_cw/gbank[14].m             |           | 2048x16                | 2048x16                |             |                         |             |                         |           |        |        |         |           |        |        |         |
|  gconst.u_cw/gbank[14].m_reg_bram_0 | RAMB36E2  |  A:A:2048x16           |  B:B:2048x16           |       Write |                     0.0 |        Read |                     0.0 |      NONE |        |        |       0 |      NONE |        |        |       0 |
| gconst.u_cw/gbank[15].m             |           | 2048x16                | 2048x16                |             |                         |             |                         |           |        |        |         |           |        |        |         |
|  gconst.u_cw/gbank[15].m_reg_bram_0 | RAMB36E2  |  A:A:2048x16           |  B:B:2048x16           |       Write |                     0.0 |        Read |                     0.0 |      NONE |        |        |       0 |      NONE |        |        |       0 |
| gconst.u_cw/gbank[1].m              |           | 2048x16                | 2048x16                |             |                         |             |                         |           |        |        |         |           |        |        |         |
|  gconst.u_cw/gbank[1].m_reg_bram_0  | RAMB36E2  |  A:A:2048x16           |  B:B:2048x16           |       Write |                     0.0 |        Read |                     0.0 |      NONE |        |        |       0 |      NONE |        |        |       0 |
| gconst.u_cw/gbank[2].m              |           | 2048x16                | 2048x16                |             |                         |             |                         |           |        |        |         |           |        |        |         |
|  gconst.u_cw/gbank[2].m_reg_bram_0  | RAMB36E2  |  A:A:2048x16           |  B:B:2048x16           |       Write |                     0.0 |        Read |                     0.0 |      NONE |        |        |       0 |      NONE |        |        |       0 |
| gconst.u_cw/gbank[3].m              |           | 2048x16                | 2048x16                |             |                         |             |                         |           |        |        |         |           |        |        |         |
|  gconst.u_cw/gbank[3].m_reg_bram_0  | RAMB36E2  |  A:A:2048x16           |  B:B:2048x16           |       Write |                     0.0 |        Read |                     0.0 |      NONE |        |        |       0 |      NONE |        |        |       0 |
| gconst.u_cw/gbank[4].m              |           | 2048x16                | 2048x16                |             |                         |             |                         |           |        |        |         |           |        |        |         |
|  gconst.u_cw/gbank[4].m_reg_bram_0  | RAMB36E2  |  A:A:2048x16           |  B:B:2048x16           |       Write |                     0.0 |        Read |                     0.0 |      NONE |        |        |       0 |      NONE |        |        |       0 |
| gconst.u_cw/gbank[5].m              |           | 2048x16                | 2048x16                |             |                         |             |                         |           |        |        |         |           |        |        |         |
|  gconst.u_cw/gbank[5].m_reg_bram_0  | RAMB36E2  |  A:A:2048x16           |  B:B:2048x16           |       Write |                     0.0 |        Read |                     0.0 |      NONE |        |        |       0 |      NONE |        |        |       0 |
| gconst.u_cw/gbank[6].m              |           | 2048x16                | 2048x16                |             |                         |             |                         |           |        |        |         |           |        |        |         |
|  gconst.u_cw/gbank[6].m_reg_bram_0  | RAMB36E2  |  A:A:2048x16           |  B:B:2048x16           |       Write |                     0.0 |        Read |                     0.0 |      NONE |        |        |       0 |      NONE |        |        |       0 |
| gconst.u_cw/gbank[7].m              |           | 2048x16                | 2048x16                |             |                         |             |                         |           |        |        |         |           |        |        |         |
|  gconst.u_cw/gbank[7].m_reg_bram_0  | RAMB36E2  |  A:A:2048x16           |  B:B:2048x16           |       Write |                     0.0 |        Read |                     0.0 |      NONE |        |        |       0 |      NONE |        |        |       0 |
| gconst.u_cw/gbank[8].m              |           | 2048x16                | 2048x16                |             |                         |             |                         |           |        |        |         |           |        |        |         |
|  gconst.u_cw/gbank[8].m_reg_bram_0  | RAMB36E2  |  A:A:2048x16           |  B:B:2048x16           |       Write |                     0.0 |        Read |                     0.0 |      NONE |        |        |       0 |      NONE |        |        |       0 |
| gconst.u_cw/gbank[9].m              |           | 2048x16                | 2048x16                |             |                         |             |                         |           |        |        |         |           |        |        |         |
|  gconst.u_cw/gbank[9].m_reg_bram_0  | RAMB36E2  |  A:A:2048x16           |  B:B:2048x16           |       Write |                     0.0 |        Read |                     0.0 |      NONE |        |        |       0 |      NONE |        |        |       0 |
| u_conv/gbank[0].m                   |           | 2048x16                | 2048x16                |             |                         |             |                         |           |        |        |         |           |        |        |         |
|  u_conv/gbank[0].m_reg_bram_0       | RAMB36E2  |  A:A:2048x16           |  B:B:2048x16           |       Write |                     0.0 |        Read |                     0.0 |      NONE |        |        |       0 |      NONE |        |        |       0 |
| u_conv/gbank[10].m                  |           | 2048x16                | 2048x16                |             |                         |             |                         |           |        |        |         |           |        |        |         |
|  u_conv/gbank[10].m_reg_bram_0      | RAMB36E2  |  A:A:2048x16           |  B:B:2048x16           |       Write |                     0.0 |        Read |                     0.0 |      NONE |        |        |       0 |      NONE |        |        |       0 |
| u_conv/gbank[11].m                  |           | 2048x16                | 2048x16                |             |                         |             |                         |           |        |        |         |           |        |        |         |
|  u_conv/gbank[11].m_reg_bram_0      | RAMB36E2  |  A:A:2048x16           |  B:B:2048x16           |       Write |                     0.0 |        Read |                     0.0 |      NONE |        |        |       0 |      NONE |        |        |       0 |
| u_conv/gbank[1].m                   |           | 2048x16                | 2048x16                |             |                         |             |                         |           |        |        |         |           |        |        |         |
|  u_conv/gbank[1].m_reg_bram_0       | RAMB36E2  |  A:A:2048x16           |  B:B:2048x16           |       Write |                     0.0 |        Read |                     0.0 |      NONE |        |        |       0 |      NONE |        |        |       0 |
| u_conv/gbank[2].m                   |           | 2048x16                | 2048x16                |             |                         |             |                         |           |        |        |         |           |        |        |         |
|  u_conv/gbank[2].m_reg_bram_0       | RAMB36E2  |  A:A:2048x16           |  B:B:2048x16           |       Write |                     0.0 |        Read |                     0.0 |      NONE |        |        |       0 |      NONE |        |        |       0 |
| u_conv/gbank[3].m                   |           | 2048x16                | 2048x16                |             |                         |             |                         |           |        |        |         |           |        |        |         |
|  u_conv/gbank[3].m_reg_bram_0       | RAMB36E2  |  A:A:2048x16           |  B:B:2048x16           |       Write |                     0.0 |        Read |                     0.0 |      NONE |        |        |       0 |      NONE |        |        |       0 |
| u_conv/gbank[4].m                   |           | 2048x16                | 2048x16                |             |                         |             |                         |           |        |        |         |           |        |        |         |
|  u_conv/gbank[4].m_reg_bram_0       | RAMB36E2  |  A:A:2048x16           |  B:B:2048x16           |       Write |                     0.0 |        Read |                     0.0 |      NONE |        |        |       0 |      NONE |        |        |       0 |
| u_conv/gbank[5].m                   |           | 2048x16                | 2048x16                |             |                         |             |                         |           |        |        |         |           |        |        |         |
|  u_conv/gbank[5].m_reg_bram_0       | RAMB36E2  |  A:A:2048x16           |  B:B:2048x16           |       Write |                     0.0 |        Read |                     0.0 |      NONE |        |        |       0 |      NONE |        |        |       0 |
| u_conv/gbank[6].m                   |           | 2048x16                | 2048x16                |             |                         |             |                         |           |        |        |         |           |        |        |         |
|  u_conv/gbank[6].m_reg_bram_0       | RAMB36E2  |  A:A:2048x16           |  B:B:2048x16           |       Write |                     0.0 |        Read |                     0.0 |      NONE |        |        |       0 |      NONE |        |        |       0 |
| u_conv/gbank[7].m                   |           | 2048x16                | 2048x16                |             |                         |             |                         |           |        |        |         |           |        |        |         |
|  u_conv/gbank[7].m_reg_bram_0       | RAMB36E2  |  A:A:2048x16           |  B:B:2048x16           |       Write |                     0.0 |        Read |                     0.0 |      NONE |        |        |       0 |      NONE |        |        |       0 |
| u_conv/gbank[8].m                   |           | 2048x16                | 2048x16                |             |                         |             |                         |           |        |        |         |           |        |        |         |
|  u_conv/gbank[8].m_reg_bram_0       | RAMB36E2  |  A:A:2048x16           |  B:B:2048x16           |       Write |                     0.0 |        Read |                     0.0 |      NONE |        |        |       0 |      NONE |        |        |       0 |
| u_conv/gbank[9].m                   |           | 2048x16                | 2048x16                |             |                         |             |                         |           |        |        |         |           |        |        |         |
|  u_conv/gbank[9].m_reg_bram_0       | RAMB36E2  |  A:A:2048x16           |  B:B:2048x16           |       Write |                     0.0 |        Read |                     0.0 |      NONE |        |        |       0 |      NONE |        |        |       0 |
+-------------------------------------+-----------+------------------------+------------------------+-------------+-------------------------+-------------+-------------------------+-----------+--------+--------+---------+-----------+--------+--------+---------+


5. Block Ram / URAM Memory Power - Inferred
-------------------------------------------

+-------------------------------------+-----------+------------------------+------------------------+--------------------+---------------+-------------------+-----------+--------------------+---------------+-------------------+-----------+
| Memory Name                         | Primitive | Port 1 Dimension / Map | Port 2 Dimension / Map | Port A Power Gated | Port A Enable | Port A WRITE_MODE | A Cascade | Port B Power Gated | Port B Enable | Port B WRITE_MODE | B Cascade |
+-------------------------------------+-----------+------------------------+------------------------+--------------------+---------------+-------------------+-----------+--------------------+---------------+-------------------+-----------+
| u_mem/gwide.gb[0].bank              |           | 32768x64               | 32768x64               |                    |               |                   |           |                    |               |                   |           |
|  u_mem/gwide.gb[0].bank_reg_uram_0  | URAM288   |  B:B:4096x64           |  A:A:4096x64           |                    |        SIGNAL |                   |     FIRST |                    |         POWER |                   |     FIRST |
|  u_mem/gwide.gb[0].bank_reg_uram_1  | URAM288   |  B:B:4096x64           |  A:A:4096x64           |                    |        SIGNAL |                   |    MIDDLE |                    |         POWER |                   |    MIDDLE |
|  u_mem/gwide.gb[0].bank_reg_uram_2  | URAM288   |  B:B:4096x64           |  A:A:4096x64           |                    |        SIGNAL |                   |    MIDDLE |                    |         POWER |                   |    MIDDLE |
|  u_mem/gwide.gb[0].bank_reg_uram_3  | URAM288   |  B:B:4096x64           |  A:A:4096x64           |                    |        SIGNAL |                   |    MIDDLE |                    |         POWER |                   |    MIDDLE |
|  u_mem/gwide.gb[0].bank_reg_uram_4  | URAM288   |  B:B:4096x64           |  A:A:4096x64           |                    |        SIGNAL |                   |    MIDDLE |                    |         POWER |                   |    MIDDLE |
|  u_mem/gwide.gb[0].bank_reg_uram_5  | URAM288   |  B:B:4096x64           |  A:A:4096x64           |                    |        SIGNAL |                   |    MIDDLE |                    |         POWER |                   |    MIDDLE |
|  u_mem/gwide.gb[0].bank_reg_uram_6  | URAM288   |  B:B:4096x64           |  A:A:4096x64           |                    |        SIGNAL |                   |    MIDDLE |                    |         POWER |                   |    MIDDLE |
|  u_mem/gwide.gb[0].bank_reg_uram_7  | URAM288   |  B:B:4096x64           |  A:A:4096x64           |                    |        SIGNAL |                   |      LAST |                    |         POWER |                   |      LAST |
| u_mem/gwide.gb[1].bank              |           | 32768x64               | 32768x64               |                    |               |                   |           |                    |               |                   |           |
|  u_mem/gwide.gb[1].bank_reg_uram_0  | URAM288   |  B:B:4096x64           |  A:A:4096x64           |                    |        SIGNAL |                   |     FIRST |                    |         POWER |                   |     FIRST |
|  u_mem/gwide.gb[1].bank_reg_uram_1  | URAM288   |  B:B:4096x64           |  A:A:4096x64           |                    |        SIGNAL |                   |    MIDDLE |                    |         POWER |                   |    MIDDLE |
|  u_mem/gwide.gb[1].bank_reg_uram_2  | URAM288   |  B:B:4096x64           |  A:A:4096x64           |                    |        SIGNAL |                   |    MIDDLE |                    |         POWER |                   |    MIDDLE |
|  u_mem/gwide.gb[1].bank_reg_uram_3  | URAM288   |  B:B:4096x64           |  A:A:4096x64           |                    |        SIGNAL |                   |    MIDDLE |                    |         POWER |                   |    MIDDLE |
|  u_mem/gwide.gb[1].bank_reg_uram_4  | URAM288   |  B:B:4096x64           |  A:A:4096x64           |                    |        SIGNAL |                   |    MIDDLE |                    |         POWER |                   |    MIDDLE |
|  u_mem/gwide.gb[1].bank_reg_uram_5  | URAM288   |  B:B:4096x64           |  A:A:4096x64           |                    |        SIGNAL |                   |    MIDDLE |                    |         POWER |                   |    MIDDLE |
|  u_mem/gwide.gb[1].bank_reg_uram_6  | URAM288   |  B:B:4096x64           |  A:A:4096x64           |                    |        SIGNAL |                   |    MIDDLE |                    |         POWER |                   |    MIDDLE |
|  u_mem/gwide.gb[1].bank_reg_uram_7  | URAM288   |  B:B:4096x64           |  A:A:4096x64           |                    |        SIGNAL |                   |      LAST |                    |         POWER |                   |      LAST |
| u_mem/gwide.gb[2].bank              |           | 32768x64               | 32768x64               |                    |               |                   |           |                    |               |                   |           |
|  u_mem/gwide.gb[2].bank_reg_uram_0  | URAM288   |  B:B:4096x64           |  A:A:4096x64           |                    |        SIGNAL |                   |     FIRST |                    |         POWER |                   |     FIRST |
|  u_mem/gwide.gb[2].bank_reg_uram_1  | URAM288   |  B:B:4096x64           |  A:A:4096x64           |                    |        SIGNAL |                   |    MIDDLE |                    |         POWER |                   |    MIDDLE |
|  u_mem/gwide.gb[2].bank_reg_uram_2  | URAM288   |  B:B:4096x64           |  A:A:4096x64           |                    |        SIGNAL |                   |    MIDDLE |                    |         POWER |                   |    MIDDLE |
|  u_mem/gwide.gb[2].bank_reg_uram_3  | URAM288   |  B:B:4096x64           |  A:A:4096x64           |                    |        SIGNAL |                   |    MIDDLE |                    |         POWER |                   |    MIDDLE |
|  u_mem/gwide.gb[2].bank_reg_uram_4  | URAM288   |  B:B:4096x64           |  A:A:4096x64           |                    |        SIGNAL |                   |    MIDDLE |                    |         POWER |                   |    MIDDLE |
|  u_mem/gwide.gb[2].bank_reg_uram_5  | URAM288   |  B:B:4096x64           |  A:A:4096x64           |                    |        SIGNAL |                   |    MIDDLE |                    |         POWER |                   |    MIDDLE |
|  u_mem/gwide.gb[2].bank_reg_uram_6  | URAM288   |  B:B:4096x64           |  A:A:4096x64           |                    |        SIGNAL |                   |    MIDDLE |                    |         POWER |                   |    MIDDLE |
|  u_mem/gwide.gb[2].bank_reg_uram_7  | URAM288   |  B:B:4096x64           |  A:A:4096x64           |                    |        SIGNAL |                   |      LAST |                    |         POWER |                   |      LAST |
| u_mem/gwide.gb[3].bank              |           | 32768x64               | 32768x64               |                    |               |                   |           |                    |               |                   |           |
|  u_mem/gwide.gb[3].bank_reg_uram_0  | URAM288   |  B:B:4096x64           |  A:A:4096x64           |                    |        SIGNAL |                   |     FIRST |                    |         POWER |                   |     FIRST |
|  u_mem/gwide.gb[3].bank_reg_uram_1  | URAM288   |  B:B:4096x64           |  A:A:4096x64           |                    |        SIGNAL |                   |    MIDDLE |                    |         POWER |                   |    MIDDLE |
|  u_mem/gwide.gb[3].bank_reg_uram_2  | URAM288   |  B:B:4096x64           |  A:A:4096x64           |                    |        SIGNAL |                   |    MIDDLE |                    |         POWER |                   |    MIDDLE |
|  u_mem/gwide.gb[3].bank_reg_uram_3  | URAM288   |  B:B:4096x64           |  A:A:4096x64           |                    |        SIGNAL |                   |    MIDDLE |                    |         POWER |                   |    MIDDLE |
|  u_mem/gwide.gb[3].bank_reg_uram_4  | URAM288   |  B:B:4096x64           |  A:A:4096x64           |                    |        SIGNAL |                   |    MIDDLE |                    |         POWER |                   |    MIDDLE |
|  u_mem/gwide.gb[3].bank_reg_uram_5  | URAM288   |  B:B:4096x64           |  A:A:4096x64           |                    |        SIGNAL |                   |    MIDDLE |                    |         POWER |                   |    MIDDLE |
|  u_mem/gwide.gb[3].bank_reg_uram_6  | URAM288   |  B:B:4096x64           |  A:A:4096x64           |                    |        SIGNAL |                   |    MIDDLE |                    |         POWER |                   |    MIDDLE |
|  u_mem/gwide.gb[3].bank_reg_uram_7  | URAM288   |  B:B:4096x64           |  A:A:4096x64           |                    |        SIGNAL |                   |      LAST |                    |         POWER |                   |      LAST |
| gconst.u_cw/gbank[0].m              |           | 2048x16                | 2048x16                |                    |               |                   |           |                    |               |                   |           |
|  gconst.u_cw/gbank[0].m_reg_bram_0  | RAMB36E2  |  A:A:2048x16           |  B:B:2048x16           |        ENARDEN=AUG |        SIGNAL |        READ_FIRST |      NONE |        ENARDEN=AUG |         POWER |       WRITE_FIRST |      NONE |
| gconst.u_cw/gbank[10].m             |           | 2048x16                | 2048x16                |                    |               |                   |           |                    |               |                   |           |
|  gconst.u_cw/gbank[10].m_reg_bram_0 | RAMB36E2  |  A:A:2048x16           |  B:B:2048x16           |        ENARDEN=AUG |        SIGNAL |        READ_FIRST |      NONE |        ENARDEN=AUG |         POWER |       WRITE_FIRST |      NONE |
| gconst.u_cw/gbank[11].m             |           | 2048x16                | 2048x16                |                    |               |                   |           |                    |               |                   |           |
|  gconst.u_cw/gbank[11].m_reg_bram_0 | RAMB36E2  |  A:A:2048x16           |  B:B:2048x16           |        ENARDEN=AUG |        SIGNAL |        READ_FIRST |      NONE |        ENARDEN=AUG |         POWER |       WRITE_FIRST |      NONE |
| gconst.u_cw/gbank[12].m             |           | 2048x16                | 2048x16                |                    |               |                   |           |                    |               |                   |           |
|  gconst.u_cw/gbank[12].m_reg_bram_0 | RAMB36E2  |  A:A:2048x16           |  B:B:2048x16           |        ENARDEN=AUG |        SIGNAL |        READ_FIRST |      NONE |        ENARDEN=AUG |         POWER |       WRITE_FIRST |      NONE |
| gconst.u_cw/gbank[13].m             |           | 2048x16                | 2048x16                |                    |               |                   |           |                    |               |                   |           |
|  gconst.u_cw/gbank[13].m_reg_bram_0 | RAMB36E2  |  A:A:2048x16           |  B:B:2048x16           |        ENARDEN=AUG |        SIGNAL |        READ_FIRST |      NONE |        ENARDEN=AUG |         POWER |       WRITE_FIRST |      NONE |
| gconst.u_cw/gbank[14].m             |           | 2048x16                | 2048x16                |                    |               |                   |           |                    |               |                   |           |
|  gconst.u_cw/gbank[14].m_reg_bram_0 | RAMB36E2  |  A:A:2048x16           |  B:B:2048x16           |        ENARDEN=AUG |        SIGNAL |        READ_FIRST |      NONE |        ENARDEN=AUG |         POWER |       WRITE_FIRST |      NONE |
| gconst.u_cw/gbank[15].m             |           | 2048x16                | 2048x16                |                    |               |                   |           |                    |               |                   |           |
|  gconst.u_cw/gbank[15].m_reg_bram_0 | RAMB36E2  |  A:A:2048x16           |  B:B:2048x16           |        ENARDEN=AUG |        SIGNAL |        READ_FIRST |      NONE |        ENARDEN=AUG |         POWER |       WRITE_FIRST |      NONE |
| gconst.u_cw/gbank[1].m              |           | 2048x16                | 2048x16                |                    |               |                   |           |                    |               |                   |           |
|  gconst.u_cw/gbank[1].m_reg_bram_0  | RAMB36E2  |  A:A:2048x16           |  B:B:2048x16           |        ENARDEN=AUG |        SIGNAL |        READ_FIRST |      NONE |        ENARDEN=AUG |         POWER |       WRITE_FIRST |      NONE |
| gconst.u_cw/gbank[2].m              |           | 2048x16                | 2048x16                |                    |               |                   |           |                    |               |                   |           |
|  gconst.u_cw/gbank[2].m_reg_bram_0  | RAMB36E2  |  A:A:2048x16           |  B:B:2048x16           |        ENARDEN=AUG |        SIGNAL |        READ_FIRST |      NONE |        ENARDEN=AUG |         POWER |       WRITE_FIRST |      NONE |
| gconst.u_cw/gbank[3].m              |           | 2048x16                | 2048x16                |                    |               |                   |           |                    |               |                   |           |
|  gconst.u_cw/gbank[3].m_reg_bram_0  | RAMB36E2  |  A:A:2048x16           |  B:B:2048x16           |        ENARDEN=AUG |        SIGNAL |        READ_FIRST |      NONE |        ENARDEN=AUG |         POWER |       WRITE_FIRST |      NONE |
| gconst.u_cw/gbank[4].m              |           | 2048x16                | 2048x16                |                    |               |                   |           |                    |               |                   |           |
|  gconst.u_cw/gbank[4].m_reg_bram_0  | RAMB36E2  |  A:A:2048x16           |  B:B:2048x16           |        ENARDEN=AUG |        SIGNAL |        READ_FIRST |      NONE |        ENARDEN=AUG |         POWER |       WRITE_FIRST |      NONE |
| gconst.u_cw/gbank[5].m              |           | 2048x16                | 2048x16                |                    |               |                   |           |                    |               |                   |           |
|  gconst.u_cw/gbank[5].m_reg_bram_0  | RAMB36E2  |  A:A:2048x16           |  B:B:2048x16           |        ENARDEN=AUG |        SIGNAL |        READ_FIRST |      NONE |        ENARDEN=AUG |         POWER |       WRITE_FIRST |      NONE |
| gconst.u_cw/gbank[6].m              |           | 2048x16                | 2048x16                |                    |               |                   |           |                    |               |                   |           |
|  gconst.u_cw/gbank[6].m_reg_bram_0  | RAMB36E2  |  A:A:2048x16           |  B:B:2048x16           |        ENARDEN=AUG |        SIGNAL |        READ_FIRST |      NONE |        ENARDEN=AUG |         POWER |       WRITE_FIRST |      NONE |
| gconst.u_cw/gbank[7].m              |           | 2048x16                | 2048x16                |                    |               |                   |           |                    |               |                   |           |
|  gconst.u_cw/gbank[7].m_reg_bram_0  | RAMB36E2  |  A:A:2048x16           |  B:B:2048x16           |        ENARDEN=AUG |        SIGNAL |        READ_FIRST |      NONE |        ENARDEN=AUG |         POWER |       WRITE_FIRST |      NONE |
| gconst.u_cw/gbank[8].m              |           | 2048x16                | 2048x16                |                    |               |                   |           |                    |               |                   |           |
|  gconst.u_cw/gbank[8].m_reg_bram_0  | RAMB36E2  |  A:A:2048x16           |  B:B:2048x16           |        ENARDEN=AUG |        SIGNAL |        READ_FIRST |      NONE |        ENARDEN=AUG |         POWER |       WRITE_FIRST |      NONE |
| gconst.u_cw/gbank[9].m              |           | 2048x16                | 2048x16                |                    |               |                   |           |                    |               |                   |           |
|  gconst.u_cw/gbank[9].m_reg_bram_0  | RAMB36E2  |  A:A:2048x16           |  B:B:2048x16           |        ENARDEN=AUG |        SIGNAL |        READ_FIRST |      NONE |        ENARDEN=AUG |         POWER |       WRITE_FIRST |      NONE |
| u_conv/gbank[0].m                   |           | 2048x16                | 2048x16                |                    |               |                   |           |                    |               |                   |           |
|  u_conv/gbank[0].m_reg_bram_0       | RAMB36E2  |  A:A:2048x16           |  B:B:2048x16           |        ENARDEN=NEW |        SIGNAL |        READ_FIRST |      NONE |        ENARDEN=NEW |         POWER |       WRITE_FIRST |      NONE |
| u_conv/gbank[10].m                  |           | 2048x16                | 2048x16                |                    |               |                   |           |                    |               |                   |           |
|  u_conv/gbank[10].m_reg_bram_0      | RAMB36E2  |  A:A:2048x16           |  B:B:2048x16           |        ENARDEN=NEW |        SIGNAL |        READ_FIRST |      NONE |        ENARDEN=NEW |         POWER |       WRITE_FIRST |      NONE |
| u_conv/gbank[11].m                  |           | 2048x16                | 2048x16                |                    |               |                   |           |                    |               |                   |           |
|  u_conv/gbank[11].m_reg_bram_0      | RAMB36E2  |  A:A:2048x16           |  B:B:2048x16           |        ENARDEN=NEW |        SIGNAL |        READ_FIRST |      NONE |        ENARDEN=NEW |         POWER |       WRITE_FIRST |      NONE |
| u_conv/gbank[1].m                   |           | 2048x16                | 2048x16                |                    |               |                   |           |                    |               |                   |           |
|  u_conv/gbank[1].m_reg_bram_0       | RAMB36E2  |  A:A:2048x16           |  B:B:2048x16           |        ENARDEN=NEW |        SIGNAL |        READ_FIRST |      NONE |        ENARDEN=NEW |         POWER |       WRITE_FIRST |      NONE |
| u_conv/gbank[2].m                   |           | 2048x16                | 2048x16                |                    |               |                   |           |                    |               |                   |           |
|  u_conv/gbank[2].m_reg_bram_0       | RAMB36E2  |  A:A:2048x16           |  B:B:2048x16           |        ENARDEN=NEW |        SIGNAL |        READ_FIRST |      NONE |        ENARDEN=NEW |         POWER |       WRITE_FIRST |      NONE |
| u_conv/gbank[3].m                   |           | 2048x16                | 2048x16                |                    |               |                   |           |                    |               |                   |           |
|  u_conv/gbank[3].m_reg_bram_0       | RAMB36E2  |  A:A:2048x16           |  B:B:2048x16           |        ENARDEN=NEW |        SIGNAL |        READ_FIRST |      NONE |        ENARDEN=NEW |         POWER |       WRITE_FIRST |      NONE |
| u_conv/gbank[4].m                   |           | 2048x16                | 2048x16                |                    |               |                   |           |                    |               |                   |           |
|  u_conv/gbank[4].m_reg_bram_0       | RAMB36E2  |  A:A:2048x16           |  B:B:2048x16           |        ENARDEN=NEW |        SIGNAL |        READ_FIRST |      NONE |        ENARDEN=NEW |         POWER |       WRITE_FIRST |      NONE |
| u_conv/gbank[5].m                   |           | 2048x16                | 2048x16                |                    |               |                   |           |                    |               |                   |           |
|  u_conv/gbank[5].m_reg_bram_0       | RAMB36E2  |  A:A:2048x16           |  B:B:2048x16           |        ENARDEN=NEW |        SIGNAL |        READ_FIRST |      NONE |        ENARDEN=NEW |         POWER |       WRITE_FIRST |      NONE |
| u_conv/gbank[6].m                   |           | 2048x16                | 2048x16                |                    |               |                   |           |                    |               |                   |           |
|  u_conv/gbank[6].m_reg_bram_0       | RAMB36E2  |  A:A:2048x16           |  B:B:2048x16           |        ENARDEN=NEW |        SIGNAL |        READ_FIRST |      NONE |        ENARDEN=NEW |         POWER |       WRITE_FIRST |      NONE |
| u_conv/gbank[7].m                   |           | 2048x16                | 2048x16                |                    |               |                   |           |                    |               |                   |           |
|  u_conv/gbank[7].m_reg_bram_0       | RAMB36E2  |  A:A:2048x16           |  B:B:2048x16           |        ENARDEN=NEW |        SIGNAL |        READ_FIRST |      NONE |        ENARDEN=NEW |         POWER |       WRITE_FIRST |      NONE |
| u_conv/gbank[8].m                   |           | 2048x16                | 2048x16                |                    |               |                   |           |                    |               |                   |           |
|  u_conv/gbank[8].m_reg_bram_0       | RAMB36E2  |  A:A:2048x16           |  B:B:2048x16           |        ENARDEN=NEW |        SIGNAL |        READ_FIRST |      NONE |        ENARDEN=NEW |         POWER |       WRITE_FIRST |      NONE |
| u_conv/gbank[9].m                   |           | 2048x16                | 2048x16                |                    |               |                   |           |                    |               |                   |           |
|  u_conv/gbank[9].m_reg_bram_0       | RAMB36E2  |  A:A:2048x16           |  B:B:2048x16           |        ENARDEN=NEW |        SIGNAL |        READ_FIRST |      NONE |        ENARDEN=NEW |         POWER |       WRITE_FIRST |      NONE |
+-------------------------------------+-----------+------------------------+------------------------+--------------------+---------------+-------------------+-----------+--------------------+---------------+-------------------+-----------+
* only one URAM is read at a time in any given cascade chain.


