Copyright 1986-2022 Xilinx, Inc. All Rights Reserved. Copyright 2022-2023 Advanced Micro Devices, Inc. All Rights Reserved.
--------------------------------------------------------------------------------------------------------------------------------------------------
| Tool Version      : Vivado v.2023.2 (lin64) Build 4029153 Fri Oct 13 20:13:54 MDT 2023
| Date              : Sun Sep 20 10:38:42 2026
| Host              : cachyos-bc250 running 64-bit CachyOS
| Command           : report_timing_summary -delay_type max -max_paths 3 -file /home/labuser/bmover_ooc/timing_13p333_ctrl.rpt
| Design            : gdn_state_store
| Device            : xcvu33p-fsvh2104
| Speed File        : -2L  PRODUCTION 1.30 05-01-2022
| Design State      : Optimized
| Temperature Grade : E
--------------------------------------------------------------------------------------------------------------------------------------------------

Timing Summary Report

------------------------------------------------------------------------------------------------
| Timer Settings
| --------------
------------------------------------------------------------------------------------------------

  Enable Multi Corner Analysis               :  Yes
  Enable Pessimism Removal                   :  Yes
  Pessimism Removal Resolution               :  Nearest Common Node
  Enable Input Delay Default Clock           :  No
  Enable Preset / Clear Arcs                 :  No
  Disable Flight Delays                      :  No
  Ignore I/O Paths                           :  No
  Timing Early Launch at Borrowing Latches   :  No
  Borrow Time for Max Delay Exceptions       :  Yes
  Merge Timing Exceptions                    :  Yes
  Inter-SLR Compensation                     :  Conservative

  Corner  Analyze    Analyze    
  Name    Max Paths  Min Paths  
  ------  ---------  ---------  
  Slow    Yes        Yes        
  Fast    Yes        Yes        


------------------------------------------------------------------------------------------------
| Report Methodology
| ------------------
------------------------------------------------------------------------------------------------

No report available as report_methodology has not been run prior. Run report_methodology on the current design for the summary of methodology violations.



check_timing report

Table of Contents
-----------------
1. checking no_clock (0)
2. checking constant_clock (0)
3. checking pulse_width_clock (0)
4. checking unconstrained_internal_endpoints (0)
5. checking no_input_delay (563)
6. checking no_output_delay (3971)
7. checking multiple_clock (0)
8. checking generated_clocks (0)
9. checking loops (0)
10. checking partial_input_delay (0)
11. checking partial_output_delay (0)
12. checking latch_loops (0)

1. checking no_clock (0)
------------------------
 There are 0 register/latch pins with no clock.


2. checking constant_clock (0)
------------------------------
 There are 0 register/latch pins with constant_clock.


3. checking pulse_width_clock (0)
---------------------------------
 There are 0 register/latch pins which need pulse_width check


4. checking unconstrained_internal_endpoints (0)
------------------------------------------------
 There are 0 pins that are not constrained for maximum delay.

 There are 0 pins that are not constrained for maximum delay due to constant clock.


5. checking no_input_delay (563)
--------------------------------
 There are 563 input ports with no input delay specified. (HIGH)

 There are 0 input ports with no input delay but user has a false path constraint.


6. checking no_output_delay (3971)
----------------------------------
 There are 3971 ports with no output delay specified. (HIGH)

 There are 0 ports with no output delay but user has a false path constraint

 There are 0 ports with no output delay but with a timing clock defined on it or propagating through it


7. checking multiple_clock (0)
------------------------------
 There are 0 register/latch pins with multiple clocks.


8. checking generated_clocks (0)
--------------------------------
 There are 0 generated clocks that are not connected to a clock source.


9. checking loops (0)
---------------------
 There are 0 combinational loops in the design.


10. checking partial_input_delay (0)
------------------------------------
 There are 0 input ports with partial input delay specified.


11. checking partial_output_delay (0)
-------------------------------------
 There are 0 ports with partial output delay specified.


12. checking latch_loops (0)
----------------------------
 There are 0 combinational latch loops in the design through latch input



------------------------------------------------------------------------------------------------
| Design Timing Summary
| ---------------------
------------------------------------------------------------------------------------------------

    WNS(ns)      TNS(ns)  TNS Failing Endpoints  TNS Total Endpoints     WPWS(ns)     TPWS(ns)  TPWS Failing Endpoints  TPWS Total Endpoints  
    -------      -------  ---------------------  -------------------     --------     --------  ----------------------  --------------------  
      9.733        0.000                      0                29738        5.966        0.000                       0                  7480  


All user specified timing constraints are met.


------------------------------------------------------------------------------------------------
| Clock Summary
| -------------
------------------------------------------------------------------------------------------------

Clock  Waveform(ns)       Period(ns)      Frequency(MHz)
-----  ------------       ----------      --------------
clk    {0.000 6.667}      13.333          75.002          


------------------------------------------------------------------------------------------------
| Intra Clock Table
| -----------------
------------------------------------------------------------------------------------------------

Clock             WNS(ns)      TNS(ns)  TNS Failing Endpoints  TNS Total Endpoints     WPWS(ns)     TPWS(ns)  TPWS Failing Endpoints  TPWS Total Endpoints  
-----             -------      -------  ---------------------  -------------------     --------     --------  ----------------------  --------------------  
clk                 9.733        0.000                      0                29738        5.966        0.000                       0                  7480  


------------------------------------------------------------------------------------------------
| Inter Clock Table
| -----------------
------------------------------------------------------------------------------------------------

From Clock    To Clock          WNS(ns)      TNS(ns)  TNS Failing Endpoints  TNS Total Endpoints  
----------    --------          -------      -------  ---------------------  -------------------  


------------------------------------------------------------------------------------------------
| Other Path Groups Table
| -----------------------
------------------------------------------------------------------------------------------------

Path Group    From Clock    To Clock          WNS(ns)      TNS(ns)  TNS Failing Endpoints  TNS Total Endpoints  
----------    ----------    --------          -------      -------  ---------------------  -------------------  


------------------------------------------------------------------------------------------------
| Timing Details
| --------------
------------------------------------------------------------------------------------------------


---------------------------------------------------------------------------------------------------
From Clock:  clk
  To Clock:  clk

Setup :            0  Failing Endpoints,  Worst Slack        9.733ns,  Total Violation        0.000ns
Hold  :           NA  Failing Endpoints,  Worst Slack           NA  ,  Total Violation           NA
PW    :            0  Failing Endpoints,  Worst Slack        5.966ns,  Total Violation        0.000ns
---------------------------------------------------------------------------------------------------


Max Delay Paths
--------------------------------------------------------------------------------------
Slack (MET) :             9.733ns  (required time - arrival time)
  Source:                 u_mem/gflat.mem_reg_uram_8/CLK
                            (rising edge-triggered cell URAM288 clocked by clk  {rise@0.000ns fall@6.667ns period=13.333ns})
  Destination:            u_dma/wbuf_reg[130]/D
                            (rising edge-triggered cell FDRE clocked by clk  {rise@0.000ns fall@6.667ns period=13.333ns})
  Path Group:             clk
  Path Type:              Setup (Max at Slow Process Corner)
  Requirement:            13.333ns  (clk rise@13.333ns - clk rise@0.000ns)
  Data Path Delay:        3.527ns  (logic 2.995ns (84.916%)  route 0.532ns (15.084%))
  Logic Levels:           9  (LUT5=2 URAM288=7)
  Clock Path Skew:        -0.063ns (DCD - SCD + CPR)
    Destination Clock Delay (DCD):    0.020ns = ( 13.353 - 13.333 ) 
    Source Clock Delay      (SCD):    0.083ns
    Clock Pessimism Removal (CPR):    0.000ns
  Clock Uncertainty:      0.035ns  ((TSJ^2 + TIJ^2)^1/2 + DJ) / 2 + PE
    Total System Jitter     (TSJ):    0.071ns
    Total Input Jitter      (TIJ):    0.000ns
    Discrete Jitter          (DJ):    0.000ns
    Phase Error              (PE):    0.000ns

    Location             Delay type                Incr(ns)  Path(ns)    Netlist Resource(s)
  -------------------------------------------------------------------    -------------------
                         (clock clk rise edge)        0.000     0.000 r  
                                                      0.000     0.000 r  clk (IN)
                         net (fo=7499, unset)         0.083     0.083    u_mem/clk
                         URAM288                                      r  u_mem/gflat.mem_reg_uram_8/CLK
  -------------------------------------------------------------------    -------------------
                         URAM288 (Prop_URAM288_CLK_CAS_OUT_DOUT_A[2])
                                                      1.397     1.480 r  u_mem/gflat.mem_reg_uram_8/CAS_OUT_DOUT_A[2]
                         net (fo=1, unplaced)         0.001     1.481    u_mem/gflat.mem_reg_uram_9_Cas_DoutA_1[2]
                         URAM288 (Prop_URAM288_CAS_IN_DOUT_A[2]_CAS_OUT_DOUT_A[2])
                                                      0.207     1.688 r  u_mem/gflat.mem_reg_uram_9/CAS_OUT_DOUT_A[2]
                         net (fo=1, unplaced)         0.001     1.689    u_mem/gflat.mem_reg_uram_10_Cas_DoutA_2[2]
                         URAM288 (Prop_URAM288_CAS_IN_DOUT_A[2]_CAS_OUT_DOUT_A[2])
                                                      0.207     1.896 r  u_mem/gflat.mem_reg_uram_10/CAS_OUT_DOUT_A[2]
                         net (fo=1, unplaced)         0.001     1.897    u_mem/gflat.mem_reg_uram_11_Cas_DoutA_3[2]
                         URAM288 (Prop_URAM288_CAS_IN_DOUT_A[2]_CAS_OUT_DOUT_A[2])
                                                      0.207     2.104 r  u_mem/gflat.mem_reg_uram_11/CAS_OUT_DOUT_A[2]
                         net (fo=1, unplaced)         0.001     2.105    u_mem/gflat.mem_reg_uram_12_Cas_DoutA_4[2]
                         URAM288 (Prop_URAM288_CAS_IN_DOUT_A[2]_CAS_OUT_DOUT_A[2])
                                                      0.207     2.312 r  u_mem/gflat.mem_reg_uram_12/CAS_OUT_DOUT_A[2]
                         net (fo=1, unplaced)         0.001     2.313    u_mem/gflat.mem_reg_uram_13_Cas_DoutA_5[2]
                         URAM288 (Prop_URAM288_CAS_IN_DOUT_A[2]_CAS_OUT_DOUT_A[2])
                                                      0.207     2.520 r  u_mem/gflat.mem_reg_uram_13/CAS_OUT_DOUT_A[2]
                         net (fo=1, unplaced)         0.001     2.521    u_mem/gflat.mem_reg_uram_14_Cas_DoutA_6[2]
                         URAM288 (Prop_URAM288_CAS_IN_DOUT_A[2]_CAS_OUT_DOUT_A[2])
                                                      0.207     2.728 r  u_mem/gflat.mem_reg_uram_14/CAS_OUT_DOUT_A[2]
                         net (fo=1, unplaced)         0.001     2.729    u_mem/gflat.mem_reg_uram_15_Cas_DoutA_7[2]
                         URAM288 (Prop_URAM288_CAS_IN_DOUT_A[2]_DOUT_A[2])
                                                      0.193     2.922 r  u_mem/gflat.mem_reg_uram_15/DOUT_A[2]
                         net (fo=1, unplaced)         0.292     3.214    u_mem/gflat.mem_reg_uram_15_n_419
                         LUT5 (Prop_LUT5_I0_O)        0.125     3.339 r  u_mem/r_data[2]_INST_0_i_1/O
                         net (fo=1, unplaced)         0.185     3.524    u_mem/r_data[2]_INST_0_i_1_n_0
                         LUT5 (Prop_LUT5_I4_O)        0.038     3.562 r  u_mem/r_data[2]_INST_0/O
                         net (fo=4, unplaced)         0.048     3.610    u_dma/m_r_data[2]
                         FDRE                                         r  u_dma/wbuf_reg[130]/D
  -------------------------------------------------------------------    -------------------

                         (clock clk rise edge)       13.333    13.333 r  
                                                      0.000    13.333 r  clk (IN)
                         net (fo=7499, unset)         0.020    13.353    u_dma/clk
                         FDRE                                         r  u_dma/wbuf_reg[130]/C
                         clock pessimism              0.000    13.353    
                         clock uncertainty           -0.035    13.318    
                         FDRE (Setup_FDRE_C_D)        0.025    13.343    u_dma/wbuf_reg[130]
  -------------------------------------------------------------------
                         required time                         13.343    
                         arrival time                          -3.610    
  -------------------------------------------------------------------
                         slack                                  9.733    

Slack (MET) :             9.733ns  (required time - arrival time)
  Source:                 u_mem/gflat.mem_reg_uram_8/CLK
                            (rising edge-triggered cell URAM288 clocked by clk  {rise@0.000ns fall@6.667ns period=13.333ns})
  Destination:            u_dma/wbuf_reg[194]/D
                            (rising edge-triggered cell FDRE clocked by clk  {rise@0.000ns fall@6.667ns period=13.333ns})
  Path Group:             clk
  Path Type:              Setup (Max at Slow Process Corner)
  Requirement:            13.333ns  (clk rise@13.333ns - clk rise@0.000ns)
  Data Path Delay:        3.527ns  (logic 2.995ns (84.916%)  route 0.532ns (15.084%))
  Logic Levels:           9  (LUT5=2 URAM288=7)
  Clock Path Skew:        -0.063ns (DCD - SCD + CPR)
    Destination Clock Delay (DCD):    0.020ns = ( 13.353 - 13.333 ) 
    Source Clock Delay      (SCD):    0.083ns
    Clock Pessimism Removal (CPR):    0.000ns
  Clock Uncertainty:      0.035ns  ((TSJ^2 + TIJ^2)^1/2 + DJ) / 2 + PE
    Total System Jitter     (TSJ):    0.071ns
    Total Input Jitter      (TIJ):    0.000ns
    Discrete Jitter          (DJ):    0.000ns
    Phase Error              (PE):    0.000ns

    Location             Delay type                Incr(ns)  Path(ns)    Netlist Resource(s)
  -------------------------------------------------------------------    -------------------
                         (clock clk rise edge)        0.000     0.000 r  
                                                      0.000     0.000 r  clk (IN)
                         net (fo=7499, unset)         0.083     0.083    u_mem/clk
                         URAM288                                      r  u_mem/gflat.mem_reg_uram_8/CLK
  -------------------------------------------------------------------    -------------------
                         URAM288 (Prop_URAM288_CLK_CAS_OUT_DOUT_A[2])
                                                      1.397     1.480 r  u_mem/gflat.mem_reg_uram_8/CAS_OUT_DOUT_A[2]
                         net (fo=1, unplaced)         0.001     1.481    u_mem/gflat.mem_reg_uram_9_Cas_DoutA_1[2]
                         URAM288 (Prop_URAM288_CAS_IN_DOUT_A[2]_CAS_OUT_DOUT_A[2])
                                                      0.207     1.688 r  u_mem/gflat.mem_reg_uram_9/CAS_OUT_DOUT_A[2]
                         net (fo=1, unplaced)         0.001     1.689    u_mem/gflat.mem_reg_uram_10_Cas_DoutA_2[2]
                         URAM288 (Prop_URAM288_CAS_IN_DOUT_A[2]_CAS_OUT_DOUT_A[2])
                                                      0.207     1.896 r  u_mem/gflat.mem_reg_uram_10/CAS_OUT_DOUT_A[2]
                         net (fo=1, unplaced)         0.001     1.897    u_mem/gflat.mem_reg_uram_11_Cas_DoutA_3[2]
                         URAM288 (Prop_URAM288_CAS_IN_DOUT_A[2]_CAS_OUT_DOUT_A[2])
                                                      0.207     2.104 r  u_mem/gflat.mem_reg_uram_11/CAS_OUT_DOUT_A[2]
                         net (fo=1, unplaced)         0.001     2.105    u_mem/gflat.mem_reg_uram_12_Cas_DoutA_4[2]
                         URAM288 (Prop_URAM288_CAS_IN_DOUT_A[2]_CAS_OUT_DOUT_A[2])
                                                      0.207     2.312 r  u_mem/gflat.mem_reg_uram_12/CAS_OUT_DOUT_A[2]
                         net (fo=1, unplaced)         0.001     2.313    u_mem/gflat.mem_reg_uram_13_Cas_DoutA_5[2]
                         URAM288 (Prop_URAM288_CAS_IN_DOUT_A[2]_CAS_OUT_DOUT_A[2])
                                                      0.207     2.520 r  u_mem/gflat.mem_reg_uram_13/CAS_OUT_DOUT_A[2]
                         net (fo=1, unplaced)         0.001     2.521    u_mem/gflat.mem_reg_uram_14_Cas_DoutA_6[2]
                         URAM288 (Prop_URAM288_CAS_IN_DOUT_A[2]_CAS_OUT_DOUT_A[2])
                                                      0.207     2.728 r  u_mem/gflat.mem_reg_uram_14/CAS_OUT_DOUT_A[2]
                         net (fo=1, unplaced)         0.001     2.729    u_mem/gflat.mem_reg_uram_15_Cas_DoutA_7[2]
                         URAM288 (Prop_URAM288_CAS_IN_DOUT_A[2]_DOUT_A[2])
                                                      0.193     2.922 r  u_mem/gflat.mem_reg_uram_15/DOUT_A[2]
                         net (fo=1, unplaced)         0.292     3.214    u_mem/gflat.mem_reg_uram_15_n_419
                         LUT5 (Prop_LUT5_I0_O)        0.125     3.339 r  u_mem/r_data[2]_INST_0_i_1/O
                         net (fo=1, unplaced)         0.185     3.524    u_mem/r_data[2]_INST_0_i_1_n_0
                         LUT5 (Prop_LUT5_I4_O)        0.038     3.562 r  u_mem/r_data[2]_INST_0/O
                         net (fo=4, unplaced)         0.048     3.610    u_dma/m_r_data[2]
                         FDRE                                         r  u_dma/wbuf_reg[194]/D
  -------------------------------------------------------------------    -------------------

                         (clock clk rise edge)       13.333    13.333 r  
                                                      0.000    13.333 r  clk (IN)
                         net (fo=7499, unset)         0.020    13.353    u_dma/clk
                         FDRE                                         r  u_dma/wbuf_reg[194]/C
                         clock pessimism              0.000    13.353    
                         clock uncertainty           -0.035    13.318    
                         FDRE (Setup_FDRE_C_D)        0.025    13.343    u_dma/wbuf_reg[194]
  -------------------------------------------------------------------
                         required time                         13.343    
                         arrival time                          -3.610    
  -------------------------------------------------------------------
                         slack                                  9.733    

Slack (MET) :             9.733ns  (required time - arrival time)
  Source:                 u_mem/gflat.mem_reg_uram_8/CLK
                            (rising edge-triggered cell URAM288 clocked by clk  {rise@0.000ns fall@6.667ns period=13.333ns})
  Destination:            u_dma/wbuf_reg[2]/D
                            (rising edge-triggered cell FDRE clocked by clk  {rise@0.000ns fall@6.667ns period=13.333ns})
  Path Group:             clk
  Path Type:              Setup (Max at Slow Process Corner)
  Requirement:            13.333ns  (clk rise@13.333ns - clk rise@0.000ns)
  Data Path Delay:        3.527ns  (logic 2.995ns (84.916%)  route 0.532ns (15.084%))
  Logic Levels:           9  (LUT5=2 URAM288=7)
  Clock Path Skew:        -0.063ns (DCD - SCD + CPR)
    Destination Clock Delay (DCD):    0.020ns = ( 13.353 - 13.333 ) 
    Source Clock Delay      (SCD):    0.083ns
    Clock Pessimism Removal (CPR):    0.000ns
  Clock Uncertainty:      0.035ns  ((TSJ^2 + TIJ^2)^1/2 + DJ) / 2 + PE
    Total System Jitter     (TSJ):    0.071ns
    Total Input Jitter      (TIJ):    0.000ns
    Discrete Jitter          (DJ):    0.000ns
    Phase Error              (PE):    0.000ns

    Location             Delay type                Incr(ns)  Path(ns)    Netlist Resource(s)
  -------------------------------------------------------------------    -------------------
                         (clock clk rise edge)        0.000     0.000 r  
                                                      0.000     0.000 r  clk (IN)
                         net (fo=7499, unset)         0.083     0.083    u_mem/clk
                         URAM288                                      r  u_mem/gflat.mem_reg_uram_8/CLK
  -------------------------------------------------------------------    -------------------
                         URAM288 (Prop_URAM288_CLK_CAS_OUT_DOUT_A[2])
                                                      1.397     1.480 r  u_mem/gflat.mem_reg_uram_8/CAS_OUT_DOUT_A[2]
                         net (fo=1, unplaced)         0.001     1.481    u_mem/gflat.mem_reg_uram_9_Cas_DoutA_1[2]
                         URAM288 (Prop_URAM288_CAS_IN_DOUT_A[2]_CAS_OUT_DOUT_A[2])
                                                      0.207     1.688 r  u_mem/gflat.mem_reg_uram_9/CAS_OUT_DOUT_A[2]
                         net (fo=1, unplaced)         0.001     1.689    u_mem/gflat.mem_reg_uram_10_Cas_DoutA_2[2]
                         URAM288 (Prop_URAM288_CAS_IN_DOUT_A[2]_CAS_OUT_DOUT_A[2])
                                                      0.207     1.896 r  u_mem/gflat.mem_reg_uram_10/CAS_OUT_DOUT_A[2]
                         net (fo=1, unplaced)         0.001     1.897    u_mem/gflat.mem_reg_uram_11_Cas_DoutA_3[2]
                         URAM288 (Prop_URAM288_CAS_IN_DOUT_A[2]_CAS_OUT_DOUT_A[2])
                                                      0.207     2.104 r  u_mem/gflat.mem_reg_uram_11/CAS_OUT_DOUT_A[2]
                         net (fo=1, unplaced)         0.001     2.105    u_mem/gflat.mem_reg_uram_12_Cas_DoutA_4[2]
                         URAM288 (Prop_URAM288_CAS_IN_DOUT_A[2]_CAS_OUT_DOUT_A[2])
                                                      0.207     2.312 r  u_mem/gflat.mem_reg_uram_12/CAS_OUT_DOUT_A[2]
                         net (fo=1, unplaced)         0.001     2.313    u_mem/gflat.mem_reg_uram_13_Cas_DoutA_5[2]
                         URAM288 (Prop_URAM288_CAS_IN_DOUT_A[2]_CAS_OUT_DOUT_A[2])
                                                      0.207     2.520 r  u_mem/gflat.mem_reg_uram_13/CAS_OUT_DOUT_A[2]
                         net (fo=1, unplaced)         0.001     2.521    u_mem/gflat.mem_reg_uram_14_Cas_DoutA_6[2]
                         URAM288 (Prop_URAM288_CAS_IN_DOUT_A[2]_CAS_OUT_DOUT_A[2])
                                                      0.207     2.728 r  u_mem/gflat.mem_reg_uram_14/CAS_OUT_DOUT_A[2]
                         net (fo=1, unplaced)         0.001     2.729    u_mem/gflat.mem_reg_uram_15_Cas_DoutA_7[2]
                         URAM288 (Prop_URAM288_CAS_IN_DOUT_A[2]_DOUT_A[2])
                                                      0.193     2.922 r  u_mem/gflat.mem_reg_uram_15/DOUT_A[2]
                         net (fo=1, unplaced)         0.292     3.214    u_mem/gflat.mem_reg_uram_15_n_419
                         LUT5 (Prop_LUT5_I0_O)        0.125     3.339 r  u_mem/r_data[2]_INST_0_i_1/O
                         net (fo=1, unplaced)         0.185     3.524    u_mem/r_data[2]_INST_0_i_1_n_0
                         LUT5 (Prop_LUT5_I4_O)        0.038     3.562 r  u_mem/r_data[2]_INST_0/O
                         net (fo=4, unplaced)         0.048     3.610    u_dma/m_r_data[2]
                         FDRE                                         r  u_dma/wbuf_reg[2]/D
  -------------------------------------------------------------------    -------------------

                         (clock clk rise edge)       13.333    13.333 r  
                                                      0.000    13.333 r  clk (IN)
                         net (fo=7499, unset)         0.020    13.353    u_dma/clk
                         FDRE                                         r  u_dma/wbuf_reg[2]/C
                         clock pessimism              0.000    13.353    
                         clock uncertainty           -0.035    13.318    
                         FDRE (Setup_FDRE_C_D)        0.025    13.343    u_dma/wbuf_reg[2]
  -------------------------------------------------------------------
                         required time                         13.343    
                         arrival time                          -3.610    
  -------------------------------------------------------------------
                         slack                                  9.733    





Pulse Width Checks
--------------------------------------------------------------------------------------
Clock Name:         clk
Waveform(ns):       { 0.000 6.667 }
Period(ns):         13.333
Sources:            { clk }

Check Type        Corner  Lib Pin      Reference Pin  Required(ns)  Actual(ns)  Slack(ns)  Location  Pin
Min Period        n/a     URAM288/CLK  n/a            2.000         13.333      11.333               u_mem/gflat.mem_reg_uram_0/CLK
Min Period        n/a     URAM288/CLK  n/a            2.000         13.333      11.333               u_mem/gflat.mem_reg_uram_1/CLK
Min Period        n/a     URAM288/CLK  n/a            2.000         13.333      11.333               u_mem/gflat.mem_reg_uram_10/CLK
Low Pulse Width   Slow    URAM288/CLK  n/a            0.700         6.667       5.967                u_mem/gflat.mem_reg_uram_0/CLK
Low Pulse Width   Fast    URAM288/CLK  n/a            0.700         6.666       5.966                u_mem/gflat.mem_reg_uram_0/CLK
Low Pulse Width   Slow    URAM288/CLK  n/a            0.700         6.667       5.967                u_mem/gflat.mem_reg_uram_1/CLK
High Pulse Width  Slow    URAM288/CLK  n/a            0.700         6.667       5.967                u_mem/gflat.mem_reg_uram_0/CLK
High Pulse Width  Fast    URAM288/CLK  n/a            0.700         6.667       5.967                u_mem/gflat.mem_reg_uram_0/CLK
High Pulse Width  Slow    URAM288/CLK  n/a            0.700         6.667       5.967                u_mem/gflat.mem_reg_uram_1/CLK



