Copyright 1986-2022 Xilinx, Inc. All Rights Reserved. Copyright 2022-2023 Advanced Micro Devices, Inc. All Rights Reserved.
--------------------------------------------------------------------------------------------------------------------------------------------------
| Tool Version      : Vivado v.2023.2 (lin64) Build 4029153 Fri Oct 13 20:13:54 MDT 2023
| Date              : Sun Sep 20 10:42:52 2026
| Host              : cachyos-bc250 running 64-bit CachyOS
| Command           : report_timing -delay_type max -max_paths 3 -nworst 1 -file /home/labuser/bmover_ooc/worst_13p333_wp8.rpt
| Design            : gdn_state_store
| Device            : xcvu33p-fsvh2104
| Speed File        : -2L  PRODUCTION 1.30 05-01-2022
| Design State      : Optimized
| Temperature Grade : E
--------------------------------------------------------------------------------------------------------------------------------------------------

Timing Report

Slack (MET) :             10.096ns  (required time - arrival time)
  Source:                 u_mem/gwide.gb[3].bank_reg_uram_0/CLK
                            (rising edge-triggered cell URAM288 clocked by clk  {rise@0.000ns fall@6.667ns period=13.333ns})
  Destination:            u_dma/wfifo_reg_0_3_196_209/RAMF/I
                            (rising edge-triggered cell RAMD32 clocked by clk  {rise@0.000ns fall@6.667ns period=13.333ns})
  Path Group:             clk
  Path Type:              Setup (Max at Slow Process Corner)
  Requirement:            13.333ns  (clk rise@13.333ns - clk rise@0.000ns)
  Data Path Delay:        3.062ns  (logic 2.789ns (91.084%)  route 0.273ns (8.916%))
  Logic Levels:           7  (URAM288=7)
  Clock Path Skew:        -0.083ns (DCD - SCD + CPR)
    Destination Clock Delay (DCD):    0.000ns = ( 13.333 - 13.333 ) 
    Source Clock Delay      (SCD):    0.083ns
    Clock Pessimism Removal (CPR):    0.000ns
  Clock Uncertainty:      0.035ns  ((TSJ^2 + TIJ^2)^1/2 + DJ) / 2 + PE
    Total System Jitter     (TSJ):    0.071ns
    Total Input Jitter      (TIJ):    0.000ns
    Discrete Jitter          (DJ):    0.000ns
    Phase Error              (PE):    0.000ns

    Location             Delay type                Incr(ns)  Path(ns)    Netlist Resource(s)
  -------------------------------------------------------------------    -------------------
                         (clock clk rise edge)        0.000     0.000 r  
                                                      0.000     0.000 r  clk (IN)
                         net (fo=8836, unset)         0.083     0.083    u_mem/clk
                         URAM288                                      r  u_mem/gwide.gb[3].bank_reg_uram_0/CLK
  -------------------------------------------------------------------    -------------------
                         URAM288 (Prop_URAM288_CLK_CAS_OUT_DOUT_A[14])
                                                      1.372     1.455 r  u_mem/gwide.gb[3].bank_reg_uram_0/CAS_OUT_DOUT_A[14]
                         net (fo=1, unplaced)         0.001     1.456    u_mem/gwide.gb[3].bank_reg_uram_1_Cas_DoutA_1[14]
                         URAM288 (Prop_URAM288_CAS_IN_DOUT_A[14]_CAS_OUT_DOUT_A[14])
                                                      0.204     1.660 r  u_mem/gwide.gb[3].bank_reg_uram_1/CAS_OUT_DOUT_A[14]
                         net (fo=1, unplaced)         0.001     1.661    u_mem/gwide.gb[3].bank_reg_uram_2_Cas_DoutA_2[14]
                         URAM288 (Prop_URAM288_CAS_IN_DOUT_A[14]_CAS_OUT_DOUT_A[14])
                                                      0.204     1.865 r  u_mem/gwide.gb[3].bank_reg_uram_2/CAS_OUT_DOUT_A[14]
                         net (fo=1, unplaced)         0.001     1.866    u_mem/gwide.gb[3].bank_reg_uram_3_Cas_DoutA_3[14]
                         URAM288 (Prop_URAM288_CAS_IN_DOUT_A[14]_CAS_OUT_DOUT_A[14])
                                                      0.204     2.070 r  u_mem/gwide.gb[3].bank_reg_uram_3/CAS_OUT_DOUT_A[14]
                         net (fo=1, unplaced)         0.001     2.071    u_mem/gwide.gb[3].bank_reg_uram_4_Cas_DoutA_4[14]
                         URAM288 (Prop_URAM288_CAS_IN_DOUT_A[14]_CAS_OUT_DOUT_A[14])
                                                      0.204     2.275 r  u_mem/gwide.gb[3].bank_reg_uram_4/CAS_OUT_DOUT_A[14]
                         net (fo=1, unplaced)         0.001     2.276    u_mem/gwide.gb[3].bank_reg_uram_5_Cas_DoutA_5[14]
                         URAM288 (Prop_URAM288_CAS_IN_DOUT_A[14]_CAS_OUT_DOUT_A[14])
                                                      0.204     2.480 r  u_mem/gwide.gb[3].bank_reg_uram_5/CAS_OUT_DOUT_A[14]
                         net (fo=1, unplaced)         0.001     2.481    u_mem/gwide.gb[3].bank_reg_uram_6_Cas_DoutA_6[14]
                         URAM288 (Prop_URAM288_CAS_IN_DOUT_A[14]_CAS_OUT_DOUT_A[14])
                                                      0.204     2.685 r  u_mem/gwide.gb[3].bank_reg_uram_6/CAS_OUT_DOUT_A[14]
                         net (fo=1, unplaced)         0.001     2.686    u_mem/gwide.gb[3].bank_reg_uram_7_Cas_DoutA_7[14]
                         URAM288 (Prop_URAM288_CAS_IN_DOUT_A[14]_DOUT_A[14])
                                                      0.193     2.879 r  u_mem/gwide.gb[3].bank_reg_uram_7/DOUT_A[14]
                         net (fo=2, unplaced)         0.266     3.145    u_dma/wfifo_reg_0_3_196_209/DIF0
                         RAMD32                                       r  u_dma/wfifo_reg_0_3_196_209/RAMF/I
  -------------------------------------------------------------------    -------------------

                         (clock clk rise edge)       13.333    13.333 r  
                                                      0.000    13.333 r  clk (IN)
                         net (fo=8836, unset)         0.000    13.333    u_dma/wfifo_reg_0_3_196_209/WCLK
                         RAMD32                                       r  u_dma/wfifo_reg_0_3_196_209/RAMF/CLK
                         clock pessimism              0.000    13.333    
                         clock uncertainty           -0.035    13.298    
                         RAMD32 (Setup_RAMD32_CLK_I)
                                                     -0.057    13.241    u_dma/wfifo_reg_0_3_196_209/RAMF
  -------------------------------------------------------------------
                         required time                         13.241    
                         arrival time                          -3.145    
  -------------------------------------------------------------------
                         slack                                 10.096    

Slack (MET) :             10.096ns  (required time - arrival time)
  Source:                 u_mem/gwide.gb[1].bank_reg_uram_0/CLK
                            (rising edge-triggered cell URAM288 clocked by clk  {rise@0.000ns fall@6.667ns period=13.333ns})
  Destination:            u_dma/wfifo_reg_0_3_70_83/RAME/I
                            (rising edge-triggered cell RAMD32 clocked by clk  {rise@0.000ns fall@6.667ns period=13.333ns})
  Path Group:             clk
  Path Type:              Setup (Max at Slow Process Corner)
  Requirement:            13.333ns  (clk rise@13.333ns - clk rise@0.000ns)
  Data Path Delay:        3.062ns  (logic 2.789ns (91.084%)  route 0.273ns (8.916%))
  Logic Levels:           7  (URAM288=7)
  Clock Path Skew:        -0.083ns (DCD - SCD + CPR)
    Destination Clock Delay (DCD):    0.000ns = ( 13.333 - 13.333 ) 
    Source Clock Delay      (SCD):    0.083ns
    Clock Pessimism Removal (CPR):    0.000ns
  Clock Uncertainty:      0.035ns  ((TSJ^2 + TIJ^2)^1/2 + DJ) / 2 + PE
    Total System Jitter     (TSJ):    0.071ns
    Total Input Jitter      (TIJ):    0.000ns
    Discrete Jitter          (DJ):    0.000ns
    Phase Error              (PE):    0.000ns

    Location             Delay type                Incr(ns)  Path(ns)    Netlist Resource(s)
  -------------------------------------------------------------------    -------------------
                         (clock clk rise edge)        0.000     0.000 r  
                                                      0.000     0.000 r  clk (IN)
                         net (fo=8836, unset)         0.083     0.083    u_mem/clk
                         URAM288                                      r  u_mem/gwide.gb[1].bank_reg_uram_0/CLK
  -------------------------------------------------------------------    -------------------
                         URAM288 (Prop_URAM288_CLK_CAS_OUT_DOUT_A[14])
                                                      1.372     1.455 r  u_mem/gwide.gb[1].bank_reg_uram_0/CAS_OUT_DOUT_A[14]
                         net (fo=1, unplaced)         0.001     1.456    u_mem/gwide.gb[1].bank_reg_uram_1_Cas_DoutA_1[14]
                         URAM288 (Prop_URAM288_CAS_IN_DOUT_A[14]_CAS_OUT_DOUT_A[14])
                                                      0.204     1.660 r  u_mem/gwide.gb[1].bank_reg_uram_1/CAS_OUT_DOUT_A[14]
                         net (fo=1, unplaced)         0.001     1.661    u_mem/gwide.gb[1].bank_reg_uram_2_Cas_DoutA_2[14]
                         URAM288 (Prop_URAM288_CAS_IN_DOUT_A[14]_CAS_OUT_DOUT_A[14])
                                                      0.204     1.865 r  u_mem/gwide.gb[1].bank_reg_uram_2/CAS_OUT_DOUT_A[14]
                         net (fo=1, unplaced)         0.001     1.866    u_mem/gwide.gb[1].bank_reg_uram_3_Cas_DoutA_3[14]
                         URAM288 (Prop_URAM288_CAS_IN_DOUT_A[14]_CAS_OUT_DOUT_A[14])
                                                      0.204     2.070 r  u_mem/gwide.gb[1].bank_reg_uram_3/CAS_OUT_DOUT_A[14]
                         net (fo=1, unplaced)         0.001     2.071    u_mem/gwide.gb[1].bank_reg_uram_4_Cas_DoutA_4[14]
                         URAM288 (Prop_URAM288_CAS_IN_DOUT_A[14]_CAS_OUT_DOUT_A[14])
                                                      0.204     2.275 r  u_mem/gwide.gb[1].bank_reg_uram_4/CAS_OUT_DOUT_A[14]
                         net (fo=1, unplaced)         0.001     2.276    u_mem/gwide.gb[1].bank_reg_uram_5_Cas_DoutA_5[14]
                         URAM288 (Prop_URAM288_CAS_IN_DOUT_A[14]_CAS_OUT_DOUT_A[14])
                                                      0.204     2.480 r  u_mem/gwide.gb[1].bank_reg_uram_5/CAS_OUT_DOUT_A[14]
                         net (fo=1, unplaced)         0.001     2.481    u_mem/gwide.gb[1].bank_reg_uram_6_Cas_DoutA_6[14]
                         URAM288 (Prop_URAM288_CAS_IN_DOUT_A[14]_CAS_OUT_DOUT_A[14])
                                                      0.204     2.685 r  u_mem/gwide.gb[1].bank_reg_uram_6/CAS_OUT_DOUT_A[14]
                         net (fo=1, unplaced)         0.001     2.686    u_mem/gwide.gb[1].bank_reg_uram_7_Cas_DoutA_7[14]
                         URAM288 (Prop_URAM288_CAS_IN_DOUT_A[14]_DOUT_A[14])
                                                      0.193     2.879 r  u_mem/gwide.gb[1].bank_reg_uram_7/DOUT_A[14]
                         net (fo=2, unplaced)         0.266     3.145    u_dma/wfifo_reg_0_3_70_83/DIE0
                         RAMD32                                       r  u_dma/wfifo_reg_0_3_70_83/RAME/I
  -------------------------------------------------------------------    -------------------

                         (clock clk rise edge)       13.333    13.333 r  
                                                      0.000    13.333 r  clk (IN)
                         net (fo=8836, unset)         0.000    13.333    u_dma/wfifo_reg_0_3_70_83/WCLK
                         RAMD32                                       r  u_dma/wfifo_reg_0_3_70_83/RAME/CLK
                         clock pessimism              0.000    13.333    
                         clock uncertainty           -0.035    13.298    
                         RAMD32 (Setup_RAMD32_CLK_I)
                                                     -0.057    13.241    u_dma/wfifo_reg_0_3_70_83/RAME
  -------------------------------------------------------------------
                         required time                         13.241    
                         arrival time                          -3.145    
  -------------------------------------------------------------------
                         slack                                 10.096    

Slack (MET) :             10.097ns  (required time - arrival time)
  Source:                 u_mem/gwide.gb[2].bank_reg_uram_0/CLK
                            (rising edge-triggered cell URAM288 clocked by clk  {rise@0.000ns fall@6.667ns period=13.333ns})
  Destination:            u_dma/wfifo_reg_0_3_140_153/RAMB/I
                            (rising edge-triggered cell RAMD32 clocked by clk  {rise@0.000ns fall@6.667ns period=13.333ns})
  Path Group:             clk
  Path Type:              Setup (Max at Slow Process Corner)
  Requirement:            13.333ns  (clk rise@13.333ns - clk rise@0.000ns)
  Data Path Delay:        3.062ns  (logic 2.789ns (91.084%)  route 0.273ns (8.916%))
  Logic Levels:           7  (URAM288=7)
  Clock Path Skew:        -0.083ns (DCD - SCD + CPR)
    Destination Clock Delay (DCD):    0.000ns = ( 13.333 - 13.333 ) 
    Source Clock Delay      (SCD):    0.083ns
    Clock Pessimism Removal (CPR):    0.000ns
  Clock Uncertainty:      0.035ns  ((TSJ^2 + TIJ^2)^1/2 + DJ) / 2 + PE
    Total System Jitter     (TSJ):    0.071ns
    Total Input Jitter      (TIJ):    0.000ns
    Discrete Jitter          (DJ):    0.000ns
    Phase Error              (PE):    0.000ns

    Location             Delay type                Incr(ns)  Path(ns)    Netlist Resource(s)
  -------------------------------------------------------------------    -------------------
                         (clock clk rise edge)        0.000     0.000 r  
                                                      0.000     0.000 r  clk (IN)
                         net (fo=8836, unset)         0.083     0.083    u_mem/clk
                         URAM288                                      r  u_mem/gwide.gb[2].bank_reg_uram_0/CLK
  -------------------------------------------------------------------    -------------------
                         URAM288 (Prop_URAM288_CLK_CAS_OUT_DOUT_A[14])
                                                      1.372     1.455 r  u_mem/gwide.gb[2].bank_reg_uram_0/CAS_OUT_DOUT_A[14]
                         net (fo=1, unplaced)         0.001     1.456    u_mem/gwide.gb[2].bank_reg_uram_1_Cas_DoutA_1[14]
                         URAM288 (Prop_URAM288_CAS_IN_DOUT_A[14]_CAS_OUT_DOUT_A[14])
                                                      0.204     1.660 r  u_mem/gwide.gb[2].bank_reg_uram_1/CAS_OUT_DOUT_A[14]
                         net (fo=1, unplaced)         0.001     1.661    u_mem/gwide.gb[2].bank_reg_uram_2_Cas_DoutA_2[14]
                         URAM288 (Prop_URAM288_CAS_IN_DOUT_A[14]_CAS_OUT_DOUT_A[14])
                                                      0.204     1.865 r  u_mem/gwide.gb[2].bank_reg_uram_2/CAS_OUT_DOUT_A[14]
                         net (fo=1, unplaced)         0.001     1.866    u_mem/gwide.gb[2].bank_reg_uram_3_Cas_DoutA_3[14]
                         URAM288 (Prop_URAM288_CAS_IN_DOUT_A[14]_CAS_OUT_DOUT_A[14])
                                                      0.204     2.070 r  u_mem/gwide.gb[2].bank_reg_uram_3/CAS_OUT_DOUT_A[14]
                         net (fo=1, unplaced)         0.001     2.071    u_mem/gwide.gb[2].bank_reg_uram_4_Cas_DoutA_4[14]
                         URAM288 (Prop_URAM288_CAS_IN_DOUT_A[14]_CAS_OUT_DOUT_A[14])
                                                      0.204     2.275 r  u_mem/gwide.gb[2].bank_reg_uram_4/CAS_OUT_DOUT_A[14]
                         net (fo=1, unplaced)         0.001     2.276    u_mem/gwide.gb[2].bank_reg_uram_5_Cas_DoutA_5[14]
                         URAM288 (Prop_URAM288_CAS_IN_DOUT_A[14]_CAS_OUT_DOUT_A[14])
                                                      0.204     2.480 r  u_mem/gwide.gb[2].bank_reg_uram_5/CAS_OUT_DOUT_A[14]
                         net (fo=1, unplaced)         0.001     2.481    u_mem/gwide.gb[2].bank_reg_uram_6_Cas_DoutA_6[14]
                         URAM288 (Prop_URAM288_CAS_IN_DOUT_A[14]_CAS_OUT_DOUT_A[14])
                                                      0.204     2.685 r  u_mem/gwide.gb[2].bank_reg_uram_6/CAS_OUT_DOUT_A[14]
                         net (fo=1, unplaced)         0.001     2.686    u_mem/gwide.gb[2].bank_reg_uram_7_Cas_DoutA_7[14]
                         URAM288 (Prop_URAM288_CAS_IN_DOUT_A[14]_DOUT_A[14])
                                                      0.193     2.879 r  u_mem/gwide.gb[2].bank_reg_uram_7/DOUT_A[14]
                         net (fo=2, unplaced)         0.266     3.145    u_dma/wfifo_reg_0_3_140_153/DIB0
                         RAMD32                                       r  u_dma/wfifo_reg_0_3_140_153/RAMB/I
  -------------------------------------------------------------------    -------------------

                         (clock clk rise edge)       13.333    13.333 r  
                                                      0.000    13.333 r  clk (IN)
                         net (fo=8836, unset)         0.000    13.333    u_dma/wfifo_reg_0_3_140_153/WCLK
                         RAMD32                                       r  u_dma/wfifo_reg_0_3_140_153/RAMB/CLK
                         clock pessimism              0.000    13.333    
                         clock uncertainty           -0.035    13.298    
                         RAMD32 (Setup_RAMD32_CLK_I)
                                                     -0.056    13.242    u_dma/wfifo_reg_0_3_140_153/RAMB
  -------------------------------------------------------------------
                         required time                         13.242    
                         arrival time                          -3.145    
  -------------------------------------------------------------------
                         slack                                 10.097    




