23:38 active=active done=0 swap=5G stgfree=280G
23:43 active=active done=0 swap=5G stgfree=280G
23:48 active=active done=0 swap=22G stgfree=280G
23:53 active=active done=0 swap=23G stgfree=278G
23:58 active=active done=0 swap=23G stgfree=278G
00:03 active=active done=0 swap=25G stgfree=278G
00:08 active=active done=0 swap=24G stgfree=277G
00:13 active=active done=0 swap=8G stgfree=280G
00:18 active=active done=0 swap=8G stgfree=280G
00:23 active=active done=0 swap=8G stgfree=279G
00:28 active=active done=0 swap=8G stgfree=279G
00:33 active=active done=0 swap=8G stgfree=279G
00:38 active=active done=0 swap=8G stgfree=279G
00:43 active=active done=0 swap=8G stgfree=279G
00:48 active=active done=0 swap=8G stgfree=279G
00:53 active=active done=0 swap=8G stgfree=279G
00:58 active=active done=0 swap=8G stgfree=279G
01:03 active=active done=0 swap=8G stgfree=279G
01:08 active=active done=0 swap=8G stgfree=279G
01:13 active=active done=0 swap=8G stgfree=279G
01:18 active=active done=0 swap=8G stgfree=279G
01:23 active=active done=0 swap=7G stgfree=279G
01:28 active=active done=0 swap=7G stgfree=279G
01:33 active=active done=0 swap=7G stgfree=279G
01:38 active=active done=0 swap=7G stgfree=279G
01:43 active=active done=0 swap=7G stgfree=279G
01:48 active=active done=0 swap=7G stgfree=279G
01:53 active=active done=0 swap=7G stgfree=279G
01:58 active=active done=0 swap=7G stgfree=279G
02:03 active=active done=0 swap=7G stgfree=279G
02:08 active=active done=0 swap=7G stgfree=279G
02:13 active=active done=0 swap=7G stgfree=279G
02:18 active=active done=0 swap=7G stgfree=279G
02:23 active=active done=0 swap=7G stgfree=279G
02:28 active=active done=0 swap=7G stgfree=279G
02:33 active=active done=0 swap=7G stgfree=279G
02:38 active=active done=0 swap=7G stgfree=279G
02:43 active=active done=0 swap=7G stgfree=279G
02:48 active=active done=0 swap=7G stgfree=279G
02:53 active=active done=0 swap=7G stgfree=279G
02:58 active=active done=0 swap=7G stgfree=279G
03:03 active=active done=0 swap=7G stgfree=279G
03:08 active=active done=0 swap=7G stgfree=279G
03:13 active=active done=0 swap=7G stgfree=279G
03:18 active=active done=0 swap=7G stgfree=279G
03:23 active=active done=0 swap=7G stgfree=279G
03:28 active=active done=0 swap=7G stgfree=279G
03:33 active=active done=0 swap=7G stgfree=279G
03:38 active=active done=0 swap=7G stgfree=279G
03:43 active=active done=0 swap=7G stgfree=279G
03:48 active=active done=0 swap=7G stgfree=279G
03:53 active=active done=0 swap=7G stgfree=279G
03:58 active=active done=0 swap=7G stgfree=279G
04:03 active=active done=0 swap=7G stgfree=279G
04:08 active=active done=0 swap=7G stgfree=279G
04:13 active=active done=0 swap=7G stgfree=279G
04:18 active=active done=0 swap=7G stgfree=279G
04:23 active=active done=0 swap=7G stgfree=279G
04:28 active=active done=0 swap=7G stgfree=279G
04:33 active=active done=0 swap=7G stgfree=279G
04:38 active=active done=0 swap=7G stgfree=279G
04:43 active=active done=0 swap=7G stgfree=279G
04:48 active=active done=0 swap=7G stgfree=279G
04:53 active=active done=0 swap=7G stgfree=279G
04:58 active=active done=0 swap=7G stgfree=279G
05:03 active=active done=0 swap=7G stgfree=279G
05:08 active=active done=0 swap=7G stgfree=279G
05:13 active=active done=0 swap=7G stgfree=279G
05:18 active=active done=0 swap=7G stgfree=279G
05:23 active=active done=0 swap=7G stgfree=279G
05:28 active=active done=0 swap=7G stgfree=279G
05:33 active=active done=0 swap=7G stgfree=279G
05:38 active=active done=0 swap=7G stgfree=279G
05:43 active=active done=0 swap=7G stgfree=278G
05:48 active=active done=0 swap=7G stgfree=278G
05:53 active=failed done=0 swap=5G stgfree=278G
UNIT ENDED WITHOUT SENTINEL: FAILURE
FK33_CB_STYLE distributed
ERROR: [DRC RTSTAT-6] Partial route conflicts: 11 net(s) have a partial conflict. The problem bus(es) and/or net(s) are bd_i/card/inst/u/gcr.u_attn/u_arr/acc[13][35]_i_1_n_0, bd_i/card/inst/u/gcr.u_attn/u_arr/acc[231][9], bd_i/card/inst/u/gcr.u_attn/u_arr/acc_reg_n_0_[486][24], bd_i/card/inst/u/gcr.u_attn/u_arr/acc_reg_n_0_[836][2], bd_i/card/inst/u/gcr.u_attn/u_arr/acc_reg_n_0_[870][23], bd_i/card/inst/u/gcr.u_attn/ar_pve_reg[1], bd_i/card/inst/u/gcr.u_attn/u_arr/av[94][6], bd_i/eng/inst/eng/cb_data_reg_n_0_[2], bd_i/card/inst/u/u_regmem/g_region[11].wr_addr[5], bd_i/card/inst/u/gcr.u_attn/u_arr/p_reg_reg[33]0_i_4_n_0, and bd_i/card/inst/u/gcr.u_attn/u_arr/p_reg_reg[33]0_i_13_n_0.
ERROR: [Vivado 12-1345] Error(s) found during DRC. Bitgen not run.
ERROR: [Common 17-39] 'write_bitstream' failed due to earlier errors.
ERROR: [Vivado 12-13638] Failed runs(s) : 'impl_1'
ERROR: [Common 17-39] 'wait_on_runs' failed due to earlier errors.
