Copyright 1986-2022 Xilinx, Inc. All Rights Reserved. Copyright 2022-2023 Advanced Micro Devices, Inc. All Rights Reserved.
---------------------------------------------------------------------------------------------------------------------------------------------
| Tool Version : Vivado v.2023.2 (lin64) Build 4029153 Fri Oct 13 20:13:54 MDT 2023
| Date         : Sun Aug 30 22:10:32 2026
| Host         : Oren-Dell-Ubuntu running 64-bit Ubuntu 22.04.5 LTS
| Command      : report_design_analysis -congestion -file /mnt/storage/route2_2026-08-30/out/congestion_c4lev_routed.rpt
| Design       : compose4_top
| Device       : xcvu33p
| Design State : Routed
---------------------------------------------------------------------------------------------------------------------------------------------

Report Design Analysis

Table of Contents
-----------------
1. Placer Final Level Congestion Reporting
2. Router Initial Congestion
3. SLR Net Crossing Reporting

1. Placer Final Level Congestion Reporting
------------------------------------------

+-----------+-------+-------+----------------------------------+---------------+---------------+-----+--------+------+------+------+------+------+-------+-----+--------------------------------------------------------+
| Direction |  Type | Level |              Window              | Combined LUTs | Avg LUT Input | LUT | LUTRAM | Flop | MUXF | RAMB | URAM |  DSP | CARRY | SRL |                       Cell Names                       |
+-----------+-------+-------+----------------------------------+---------------+---------------+-----+--------+------+------+------+------+------+-------+-----+--------------------------------------------------------+
| North     | Long  |     5 | (CLEM_X17Y75,CLEM_X33Y106)       |            0% |         3.223 | 68% | 0%     |  23% |  11% | 0%   | 0%   | 85%  |   40% |  0% | c_attn/u_arr(97%)                                      |
| East      | Long  |     5 | (CLEL_R_X12Y186,CLEL_R_X28Y217)  |            3% |         3.521 | 66% | 5%     |  33% |   2% | 83%  | 0%   | 64%  |   16% |  0% | a_eng/eng/dut/core(51%),c_attn(23%),c_attn/u_norm(21%) |
| West      | Long  |     5 | (CLEM_X36Y127,CLEL_R_X51Y158)    |            0% |         1.662 | 45% | 22%    |  31% |   2% | 16%  | NA   | 100% |   31% |  0% | a_eng/eng/dut/core(63%),c_attn(20%),c_attn/u_quant(8%) |
| West      | Long  |     6 | (CLEL_R_X29Y121,LAG_LAG_X60Y184) |            0% |         2.015 | 47% | 21%    |  29% |   4% | 54%  | NA   | 100% |   27% |  0% | a_eng/eng/dut/core(56%),c_attn(16%),c_attn/u_arr(11%)  |
| East      | Short |     5 | (CLEL_R_X10Y185,CLEL_R_X26Y216)  |            3% |         3.536 | 66% | 5%     |  34% |   2% | 85%  | 0%   | 62%  |   16% |  0% | a_eng/eng/dut/core(49%),c_attn(23%),c_attn/u_norm(23%) |
+-----------+-------+-------+----------------------------------+---------------+---------------+-----+--------+------+------+------+------+------+-------+-----+--------------------------------------------------------+


2. Router Initial Congestion
----------------------------

+-----------+--------+-------+----------------------------------+---------------+---------------+-----+--------+------+------+------+------+------+-------+-----+-----------------------------------------------------------------+---------------------------------------------------------------------------------------------------------------------------------------------------------------------------------------------------------------------------------------------------------------------------------------------------------------------------------------------+
| Direction |  Type  | Level |              Window              | Combined LUTs | Avg LUT Input | LUT | LUTRAM | Flop | MUXF | RAMB | URAM |  DSP | CARRY | SRL |                            Cell Names                           |                                                                                                                                                                 Sub Windows                                                                                                                                                                 |
+-----------+--------+-------+----------------------------------+---------------+---------------+-----+--------+------+------+------+------+------+-------+-----+-----------------------------------------------------------------+---------------------------------------------------------------------------------------------------------------------------------------------------------------------------------------------------------------------------------------------------------------------------------------------------------------------------------------------+
| East      | Global |     5 | (CLEL_L_X16Y190,CLEM_X31Y221)    |            2% |         4.984 | 66% |     6% |  32% |   3% |  71% |   0% |  62% |   17% |  0% | a_eng/eng/dut/core(50%),c_attn(23%),c_attn/u_norm(22%)          | (CLEL_L_X16Y206,CLEL_R_X31Y221), (CLEL_L_X16Y190,CLEL_R_X31Y205)                                                                                                                                                                                                                                                                            |
| North     | Long   |     6 | (CLEM_X9Y56,CLEM_X72Y119)        |            0% |         4.532 | 64% |     6% |  29% |  14% |  41% |   0% |  94% |   28% |  0% | c_attn/u_arr(73%),a_eng/eng/dut/core(16%),c_attn(10%)           | (CLEM_X9Y88,CLEL_R_X24Y103), (CLEM_X9Y72,CLEL_R_X24Y87), (CLEM_X25Y104,CLEL_R_X40Y119), (CLEM_X25Y88,CLEL_R_X40Y103), (CLEM_X41Y88,CLEL_R_X56Y103), (CLEM_X41Y72,CLEL_R_X56Y87), (CLEM_X57Y88,CLEM_X72Y103), (CLEM_X57Y72,CLEM_X72Y87), (CLEM_X57Y56,CLEM_X72Y71)                                                                           |
| North     | Long   |     6 | (CLEM_X9Y72,CLEM_X72Y103)        |            0% |         4.578 | 64% |     6% |  28% |  14% |  42% |   0% |  94% |   27% |  0% | c_attn/u_arr(77%),a_eng/eng/dut/core(12%),c_attn(9%)            | (CLEM_X9Y72,CLEL_R_X40Y103), (CLEM_X41Y72,CLEM_X72Y103)                                                                                                                                                                                                                                                                                     |
| South     | Long   |     5 | (CLEM_X54Y149,CLEM_X77Y196)      |            3% |         3.219 | 70% |    37% |  42% |   1% |  92% |   0% | 100% |   26% |  5% | a_eng/eng/dut/core(56%),a_eng/eng/dut/streamer(28%),c_attn(12%) | (CLEM_X54Y189,CLEL_R_X61Y196), (CLEM_X54Y181,CLEL_R_X61Y188), (CLEM_X54Y173,CLEL_R_X61Y180), (CLEM_X54Y165,CLEL_R_X61Y172), (CLEM_X62Y181,CLEL_R_X69Y188), (CLEM_X62Y173,CLEL_R_X69Y180), (CLEM_X62Y165,CLEL_R_X69Y172), (CLEM_X70Y173,CLEM_X77Y180), (CLEM_X70Y165,CLEM_X77Y172), (CLEM_X70Y157,CLEM_X77Y164), (CLEM_X70Y149,CLEM_X77Y156) |
| East      | Long   |     5 | (CLEL_R_X10Y177,LAG_LAG_X40Y224) |            1% |         4.867 | 67% |     5% |  31% |   3% |  76% |   NA |  75% |   20% |  0% | a_eng/eng/dut/core(49%),c_attn(22%),c_attn/u_norm(22%)          | (CLEL_R_X10Y209,CLEM_X25Y224), (CLEL_R_X10Y193,CLEM_X25Y208), (CLEL_R_X10Y177,CLEM_X25Y192), (CLEL_R_X26Y209,CLEL_R_X41Y224), (CLEL_R_X26Y193,CLEL_R_X41Y208)                                                                                                                                                                               |
| East      | Long   |     5 | (CLEL_R_X10Y193,LAG_LAG_X40Y224) |            1% |         4.871 | 68% |     5% |  31% |   3% |  83% |   0% |  69% |   20% |  0% | a_eng/eng/dut/core(50%),c_attn(21%),c_attn/u_norm(21%)          | (CLEL_R_X10Y193,CLEL_R_X41Y224)                                                                                                                                                                                                                                                                                                             |
| West      | Long   |     6 | (CLEM_X32Y99,CLEM_X95Y194)       |            2% |         3.512 | 60% |    23% |  32% |   4% |  67% |   0% |  99% |   27% |  0% | a_eng/eng/dut/core(48%),c_attn(27%),c_attn/u_arr(13%)           | (CLEM_X32Y163,CLEL_R_X63Y194), (CLEM_X32Y131,CLEL_R_X63Y162), (CLEM_X32Y99,CLEL_R_X63Y130), (CLEM_X64Y131,CLEM_X95Y162)                                                                                                                                                                                                                     |
| West      | Long   |     6 | (CLEM_X32Y115,CLEM_X79Y178)      |            1% |         3.319 | 57% |    23% |  31% |   3% |  56% |   0% | 100% |   26% |  1% | a_eng/eng/dut/core(49%),c_attn(28%),a_eng/eng/dut(11%)          | (CLEM_X32Y163,CLEL_R_X47Y178), (CLEM_X32Y147,CLEL_R_X47Y162), (CLEM_X32Y131,CLEL_R_X47Y146), (CLEM_X32Y115,CLEL_R_X47Y130), (CLEM_X48Y163,CLEL_R_X63Y178), (CLEM_X48Y147,CLEL_R_X63Y162), (CLEM_X48Y131,CLEL_R_X63Y146), (CLEM_X48Y115,CLEL_R_X63Y130), (CLEM_X64Y163,CLEL_R_X79Y178)                                                       |
+-----------+--------+-------+----------------------------------+---------------+---------------+-----+--------+------+------+------+------+------+-------+-----+-----------------------------------------------------------------+---------------------------------------------------------------------------------------------------------------------------------------------------------------------------------------------------------------------------------------------------------------------------------------------------------------------------------------------+


3. SLR Net Crossing Reporting
-----------------------------

+------------+-----------------------------+
| Cell Names | Number of Nets crossing SLR |
+------------+-----------------------------+
* The current part is not an SSI device


