Copyright 1986-2022 Xilinx, Inc. All Rights Reserved. Copyright 2022-2023 Advanced Micro Devices, Inc. All Rights Reserved.
---------------------------------------------------------------------------------------------------------------------------------------------
| Tool Version : Vivado v.2023.2 (lin64) Build 4029153 Fri Oct 13 20:13:54 MDT 2023
| Date         : Sun Aug 30 23:23:30 2026
| Host         : Oren-Dell-Ubuntu running 64-bit Ubuntu 22.04.5 LTS
| Command      : report_design_analysis -congestion -file /mnt/storage/route2_2026-08-30/out/congestion_c4ctl_routed.rpt
| Design       : compose4_ctl_top
| Device       : xcvu33p
| Design State : Routed
---------------------------------------------------------------------------------------------------------------------------------------------

Report Design Analysis

Table of Contents
-----------------
1. Placer Final Level Congestion Reporting
2. Router Initial Congestion
3. SLR Net Crossing Reporting

1. Placer Final Level Congestion Reporting
------------------------------------------

+-----------+--------+-------+--------------------------------+---------------+---------------+-----+--------+------+------+------+------+------+-------+-----+---------------------------------------------------------------+
| Direction |  Type  | Level |             Window             | Combined LUTs | Avg LUT Input | LUT | LUTRAM | Flop | MUXF | RAMB | URAM |  DSP | CARRY | SRL |                           Cell Names                          |
+-----------+--------+-------+--------------------------------+---------------+---------------+-----+--------+------+------+------+------+------+-------+-----+---------------------------------------------------------------+
| North     | Global |     5 | (CLEM_X27Y69,CLEL_R_X42Y100)   |            0% |         3.603 | 73% | 6%     |  32% |  34% | 85%  | NA   | 100% |   21% |  0% | c_attn/u_arr(57%),a_eng/eng/dut/core(40%)                     |
| West      | Global |     5 | (CLEL_R_X41Y13,CLEM_X57Y44)    |            0% |         3.642 | 76% | 0%     |  26% |  16% | 0%   | NA   | 100% |   30% |  0% | c_attn/u_arr(94%)                                             |
| North     | Long   |     5 | (CLEL_R_X21Y66,CLEL_R_X37Y97)  |            0% |         3.368 | 70% | 4%     |  30% |  27% | 66%  | 0%   | 100% |   27% |  0% | c_attn/u_arr(70%),a_eng/eng/dut/core(28%)                     |
| North     | Long   |     6 | (CLEL_R_X10Y53,CLEL_R_X42Y116) |            0% |         3.549 | 72% | 4%     |  26% |  28% | 64%  | 0%   | 100% |   30% |  0% | c_attn/u_arr(63%),a_eng/eng/dut/core(33%)                     |
| South     | Long   |     5 | (CLEM_X33Y163,DSP_X48Y190)     |            0% |         4.270 | 78% | 8%     |  21% |  42% | 50%  | NA   | 100% |   13% |  0% | a_eng/eng/dut/core(82%),c_attn(8%),a_eng/eng/dut/streamer(5%) |
| West      | Long   |     5 | (CLEL_R_X42Y13,BRAM_X58Y40)    |            0% |         3.630 | 76% | 0%     |  26% |  15% | 0%   | NA   | 100% |   32% |  0% | c_attn/u_arr(94%)                                             |
| South     | Short  |     5 | (CLEL_R_X29Y167,CLEM_X45Y198)  |            0% |         4.302 | 79% | 7%     |  22% |  40% | 41%  | NA   | 100% |   15% |  0% | a_eng/eng/dut/core(81%),c_attn(9%),a_eng/eng/dut/streamer(4%) |
| East      | Short  |     5 | (CLEM_X39Y12,DSP_X54Y40)       |            0% |         3.683 | 75% | 0%     |  25% |  17% | NA   | NA   | 100% |   27% |  0% | c_attn/u_arr(91%),c_attn(4%)                                  |
| East      | Short  |     6 | (CLEM_X11Y110,CLEL_L_X43Y173)  |            0% |         3.940 | 79% | 7%     |  22% |  39% | 76%  | 0%   | 100% |   26% |  0% | a_eng/eng/dut/core(81%),c_attn(7%),a_eng/eng/dut/streamer(6%) |
| West      | Short  |     5 | (CLEL_R_X40Y13,BRAM_X56Y40)    |            0% |         3.682 | 76% | 0%     |  26% |  17% | 0%   | NA   | 100% |   28% |  0% | c_attn/u_arr(93%)                                             |
| West      | Short  |     6 | (CLEL_R_X9Y14,CLEL_R_X41Y77)   |            0% |         3.600 | 73% | 0%     |  26% |  18% | 5%   | 0%   | 100% |   31% |  0% | c_attn/u_arr(92%),a_eng/eng/dut/core(5%)                      |
+-----------+--------+-------+--------------------------------+---------------+---------------+-----+--------+------+------+------+------+------+-------+-----+---------------------------------------------------------------+


2. Router Initial Congestion
----------------------------

+-----------+--------+-------+-------------------------------+---------------+---------------+-----+--------+------+------+------+------+------+-------+-----+----------------------------------------------------------------+----------------------------------------------------------------------------------------------------------------------------------------------------------------------------------------------------------------------------------------------------------------------------------------------------------------------------------------------------------------------------------------------------------------------------------------------------------------+
| Direction |  Type  | Level |             Window            | Combined LUTs | Avg LUT Input | LUT | LUTRAM | Flop | MUXF | RAMB | URAM |  DSP | CARRY | SRL |                           Cell Names                           |                                                                                                                                                                                                                           Sub Windows                                                                                                                                                                                                                          |
+-----------+--------+-------+-------------------------------+---------------+---------------+-----+--------+------+------+------+------+------+-------+-----+----------------------------------------------------------------+----------------------------------------------------------------------------------------------------------------------------------------------------------------------------------------------------------------------------------------------------------------------------------------------------------------------------------------------------------------------------------------------------------------------------------------------------------------+
| West      | Global |     5 | (CLEM_X32Y16,CLEM_X63Y47)     |            0% |         4.894 | 77% |     0% |  26% |  18% |   0% |   NA |  98% |   28% |  0% | c_attn/u_arr(92%),c_attn(4%),a_eng/eng/dut/core(1%)            | (CLEM_X32Y16,CLEL_R_X63Y47)                                                                                                                                                                                                                                                                                                                                                                                                                                    |
| West      | Global |     5 | (CLEM_X40Y16,CLEL_R_X71Y39)   |            0% |         4.799 | 75% |     0% |  25% |  16% |   0% |   0% |  97% |   33% |  0% | c_attn/u_arr(96%),c_attn(2%),a_eng/eng/dut/core(0%)            | (CLEM_X40Y32,CLEL_R_X47Y39), (CLEM_X40Y24,CLEL_R_X47Y31), (CLEM_X40Y16,CLEL_R_X47Y23), (CLEM_X48Y32,CLEL_R_X55Y39), (CLEM_X48Y24,CLEL_R_X55Y31), (CLEM_X48Y16,CLEL_R_X55Y23), (CLEL_R_X56Y32,CLEL_R_X63Y39), (CLEL_R_X56Y24,CLEL_R_X63Y31), (CLEL_R_X56Y16,CLEL_R_X63Y23), (CLEM_X64Y32,CLEL_R_X71Y39), (CLEM_X64Y24,CLEL_R_X71Y31), (CLEM_X64Y16,CLEL_R_X71Y23)                                                                                               |
| West      | Global |     5 | (CLEM_X48Y16,CLEM_X79Y47)     |            0% |         4.874 | 71% |     0% |  26% |  15% |  11% |   0% |  96% |   31% |  0% | c_attn/u_arr(92%),c_attn(4%),b_gdn/u_silu_conv(1%)             | (CLEM_X48Y32,CLEL_R_X63Y47), (CLEM_X48Y16,CLEL_R_X63Y31), (CLEM_X64Y16,CLEL_R_X79Y31)                                                                                                                                                                                                                                                                                                                                                                          |
| North     | Long   |     5 | (CLEM_X28Y46,CLEM_X59Y93)     |            0% |         4.859 | 75% |     3% |  28% |  27% |  37% |   NA | 100% |   25% |  0% | c_attn/u_arr(69%),a_eng/eng/dut/core(25%),c_attn(4%)           | (CLEM_X28Y78,CLEL_R_X43Y93), (CLEM_X28Y62,CLEL_R_X43Y77), (CLEM_X28Y46,CLEL_R_X43Y61), (CLEL_L_X44Y62,CLEM_X59Y77)                                                                                                                                                                                                                                                                                                                                             |
| South     | Long   |     5 | (CLEM_X45Y154,CLEL_R_X76Y185) |            2% |         4.656 | 75% |     8% |  27% |  25% |  67% |   0% | 100% |   25% |  1% | a_eng/eng/dut/core(78%),a_eng/eng/dut/streamer(8%),c_attn(8%)  | (CLEM_X45Y170,CLEL_R_X60Y185), (CLEM_X45Y154,CLEL_R_X60Y169), (CLEM_X61Y170,CLEL_R_X76Y185), (CLEM_X61Y154,CLEL_R_X76Y169)                                                                                                                                                                                                                                                                                                                                     |
| East      | Long   |     5 | (CLEL_R_X6Y144,CLEM_X37Y159)  |            1% |         4.671 | 80% |     3% |  25% |  31% |  22% |   0% | 100% |   30% |  0% | a_eng/eng/dut/core(76%),c_attn(12%),a_eng/eng/dut/streamer(6%) | (CLEL_R_X6Y144,CLEL_R_X21Y159), (CLEM_X22Y144,CLEL_R_X37Y159)                                                                                                                                                                                                                                                                                                                                                                                                  |
| West      | Long   |     5 | (CLEM_X34Y0,CLEL_R_X81Y47)    |            0% |         4.965 | 74% |     0% |  27% |  18% |   5% |   0% |  98% |   27% |  0% | c_attn/u_arr(90%),c_attn(5%),c_attn/u_quant(1%)                | (CLEM_X34Y32,CLEL_R_X49Y47), (CLEM_X34Y16,CLEL_R_X49Y31), (CLEL_L_X50Y32,CLEL_R_X65Y47), (CLEL_L_X50Y16,CLEL_R_X65Y31), (CLEL_L_X50Y0,CLEL_R_X65Y15), (CLEM_X66Y16,CLEL_R_X81Y31)                                                                                                                                                                                                                                                                              |
| West      | Long   |     5 | (CLEM_X34Y8,CLEM_X73Y47)      |            0% |         4.858 | 75% |     0% |  25% |  16% |   0% |   0% |  98% |   31% |  0% | c_attn/u_arr(95%),c_attn(2%),a_eng/eng/dut/core(0%)            | (CLEM_X34Y40,CLEL_R_X41Y47), (CLEM_X34Y32,CLEL_R_X41Y39), (CLEM_X42Y32,CLEL_R_X49Y39), (CLEM_X42Y24,CLEL_R_X49Y31), (CLEM_X42Y16,CLEL_R_X49Y23), (CLEL_L_X50Y32,CLEL_R_X57Y39), (CLEL_L_X50Y24,CLEL_R_X57Y31), (CLEL_L_X50Y16,CLEL_R_X57Y23), (CLEL_L_X50Y8,CLEL_R_X57Y15), (CLEL_R_X58Y32,CLEL_R_X65Y39), (CLEL_R_X58Y24,CLEL_R_X65Y31), (CLEL_R_X58Y16,CLEL_R_X65Y23), (CLEM_X66Y32,CLEL_R_X73Y39), (CLEM_X66Y24,CLEL_R_X73Y31), (CLEM_X66Y16,CLEL_R_X73Y23) |
| West      | Long   |     5 | (CLEM_X34Y16,CLEL_R_X65Y47)   |            0% |         4.841 | 77% |     0% |  26% |  17% |   0% |   0% |  98% |   29% |  0% | c_attn/u_arr(91%),c_attn(4%),a_eng/eng/dut/core(1%)            | (CLEM_X34Y16,CLEL_R_X65Y47)                                                                                                                                                                                                                                                                                                                                                                                                                                    |
| East      | Short  |     5 | (CLEL_R_X8Y32,CLEM_X23Y63)    |            0% |         4.889 | 73% |     0% |  31% |  18% |   0% |   NA | 100% |   29% |  0% | c_attn/u_arr(99%),c_attn(0%)                                   | (CLEL_R_X8Y48,CLEL_R_X23Y63), (CLEL_R_X8Y32,CLEL_R_X23Y47)                                                                                                                                                                                                                                                                                                                                                                                                     |
| West      | Short  |     5 | (CLEM_X39Y11,CLEM_X70Y42)     |            0% |         4.885 | 76% |     0% |  27% |  18% |   0% |   0% | 100% |   31% |  0% | c_attn/u_arr(96%),c_attn(2%),c_attn/u_quant(0%)                | (CLEM_X39Y27,CLEL_R_X46Y34), (CLEM_X47Y27,CLEM_X54Y34), (CLEM_X55Y35,CLEM_X62Y42), (CLEM_X55Y27,CLEM_X62Y34), (CLEM_X55Y19,CLEM_X62Y26), (CLEM_X55Y11,CLEM_X62Y18), (CLEM_X63Y27,CLEL_R_X70Y34), (CLEM_X63Y19,CLEL_R_X70Y26), (CLEM_X63Y11,CLEL_R_X70Y18)                                                                                                                                                                                                      |
| West      | Short  |     5 | (CLEM_X39Y11,CLEM_X70Y42)     |            0% |         4.974 | 76% |     0% |  28% |  20% |   0% |   0% |  98% |   26% |  0% | c_attn/u_arr(95%),c_attn(3%),c_attn/u_quant(0%)                | (CLEM_X39Y27,CLEM_X54Y42), (CLEM_X55Y27,CLEL_R_X70Y42), (CLEM_X55Y11,CLEL_R_X70Y26)                                                                                                                                                                                                                                                                                                                                                                            |
+-----------+--------+-------+-------------------------------+---------------+---------------+-----+--------+------+------+------+------+------+-------+-----+----------------------------------------------------------------+----------------------------------------------------------------------------------------------------------------------------------------------------------------------------------------------------------------------------------------------------------------------------------------------------------------------------------------------------------------------------------------------------------------------------------------------------------------+


3. SLR Net Crossing Reporting
-----------------------------

+------------+-----------------------------+
| Cell Names | Number of Nets crossing SLR |
+------------+-----------------------------+
* The current part is not an SSI device


