Copyright 1986-2022 Xilinx, Inc. All Rights Reserved. Copyright 2022-2023 Advanced Micro Devices, Inc. All Rights Reserved.
---------------------------------------------------------------------------------------------------------------------------------------------
| Tool Version : Vivado v.2023.2 (lin64) Build 4029153 Fri Oct 13 20:13:54 MDT 2023
| Date         : Sun Aug 30 22:44:02 2026
| Host         : Oren-Dell-Ubuntu running 64-bit Ubuntu 22.04.5 LTS
| Command      : report_utilization -pblocks [get_pblocks pb_core] -file /mnt/storage/route2_2026-08-30/out/pbutil_c4ctl_placed.rpt
| Design       : compose4_ctl_top
| Device       : xcvu33p-fsvh2104-2L-e
| Speed File   : -2L
| Design State : Fully Placed
---------------------------------------------------------------------------------------------------------------------------------------------

Utilization Design Information

Table of Contents
-----------------
1. Pblock Summary
2. Clock Region Statistics
3. CLB Logic
3.1 Summary of Registers by Type
4. CLB Logic Distribution
5. BLOCKRAM
6. ARITHMETIC
7. I/O
8. CLOCK
9. ADVANCED
10. CONFIGURATION
11. Primitives
12. Black Boxes
13. Instantiated Netlists

1. Pblock Summary
-----------------

+-------+---------+-------+-------------------+-----------------+----------------+
| Index |  Parent | Child | EXCLUDE_PLACEMENT | CONTAIN_ROUTING | SLR(s) Covered |
+-------+---------+-------+-------------------+-----------------+----------------+
| 1     | pb_core |       |                 0 |               0 |           SLR0 |
+-------+---------+-------+-------------------+-----------------+----------------+


2. Clock Region Statistics
--------------------------

+-------------+--------------------+
| CLOCKREGION | Pblock Sites in CR |
+-------------+--------------------+
| X0Y0        |              3.61% |
| X0Y1        |              3.63% |
| X0Y2        |              3.63% |
| X0Y3        |              4.11% |
| X1Y0        |              3.05% |
| X1Y1        |              3.07% |
| X1Y2        |              3.07% |
| X1Y3        |              3.54% |
| X2Y0        |              4.32% |
| X2Y1        |              4.34% |
| X2Y2        |              4.34% |
| X2Y3        |              4.82% |
| X3Y0        |              2.52% |
| X3Y1        |              2.53% |
| X3Y2        |              2.53% |
| X3Y3        |              3.01% |
| X4Y0        |              3.72% |
| X4Y1        |              3.73% |
| X4Y2        |              3.73% |
| X4Y3        |              4.21% |
| X5Y0        |              3.42% |
| X5Y1        |              3.45% |
| X5Y2        |              3.45% |
| X5Y3        |              3.92% |
| X6Y0        |              3.42% |
| X6Y1        |              3.45% |
| X6Y2        |              3.45% |
| X6Y3        |              3.92% |
+-------------+--------------------+


3. CLB Logic
------------

+----------------------------+--------+-------+--------------+--------+-------+------------+-----------+-------+
|          Site Type         | Parent | Child | Non-Assigned |  Used  | Fixed | Prohibited | Available | Util% |
+----------------------------+--------+-------+--------------+--------+-------+------------+-----------+-------+
| CLB LUTs                   | 306003 |     0 |            0 | 306003 |     0 |          0 |    388800 | 78.70 |
|   LUT as Logic             | 290948 |     0 |            0 | 290948 |     0 |          0 |    388800 | 74.83 |
|   LUT as Memory            |  15055 |     0 |            0 |  15055 |     0 |          0 |    179520 |  8.39 |
|     LUT as Distributed RAM |  14343 |     0 |            0 |  14343 |     0 |            |           |       |
|     LUT as Shift Register  |    712 |     0 |            0 |    712 |     0 |            |           |       |
| CLB Registers              | 226842 |     0 |            0 | 226842 |     0 |          0 |    777600 | 29.17 |
|   Register as Flip Flop    | 226842 |     0 |            0 | 226842 |     0 |          0 |    777600 | 29.17 |
|   Register as Latch        |      0 |     0 |            0 |      0 |     0 |          0 |    777600 |  0.00 |
| CARRY8                     |  12123 |     0 |           30 |  12153 |     0 |          0 |     48600 | 25.01 |
| F7 Muxes                   |  45611 |     0 |            0 |  45611 |     0 |          0 |    194400 | 23.46 |
| F8 Muxes                   |  16268 |     0 |            0 |  16268 |     0 |          0 |     97200 | 16.74 |
| F9 Muxes                   |      0 |     0 |            0 |      0 |     0 |          0 |     48600 |  0.00 |
+----------------------------+--------+-------+--------------+--------+-------+------------+-----------+-------+
* Warning! LUT value is adjusted to account for LUT combining.


3.1 Summary of Registers by Type
--------------------------------

+--------+--------------+-------------+--------------+
|  Total | Clock Enable | Synchronous | Asynchronous |
+--------+--------------+-------------+--------------+
| 0      |            _ |           - |            - |
| 0      |            _ |           - |          Set |
| 0      |            _ |           - |        Reset |
| 0      |            _ |         Set |            - |
| 0      |            _ |       Reset |            - |
| 0      |          Yes |           - |            - |
| 0      |          Yes |           - |          Set |
| 0      |          Yes |           - |        Reset |
| 908    |          Yes |         Set |            - |
| 225934 |          Yes |       Reset |            - |
+--------+--------------+-------------+--------------+


4. CLB Logic Distribution
-------------------------

+--------------------------------------------+--------+-------+--------------+--------+-------+------------+-----------+--------+
|                  Site Type                 | Parent | Child | Non-Assigned |  Used  | Fixed | Prohibited | Available |  Util% |
+--------------------------------------------+--------+-------+--------------+--------+-------+------------+-----------+--------+
| CLB                                        |  48960 |     0 |           30 |  48960 |     0 |          0 |     48600 | 100.74 |
|   CLBL                                     |  26276 |     0 |           14 |  26276 |     0 |            |           |        |
|   CLBM                                     |  22684 |     0 |           16 |  22684 |     0 |            |           |        |
| LUT as Logic                               | 290948 |     0 |            0 | 290948 |     0 |          0 |    388800 |  74.83 |
|   using O5 output only                     |   1614 |     0 |            0 |   1614 |       |            |           |        |
|   using O6 output only                     | 258650 |     0 |            0 | 258650 |       |            |           |        |
|   using O5 and O6                          |  30684 |     0 |            0 |  30684 |       |            |           |        |
| LUT as Memory                              |  15055 |     0 |            0 |  15055 |     0 |          0 |    179520 |   8.39 |
|   LUT as Distributed RAM                   |  14343 |     0 |            0 |  14343 |     0 |            |           |        |
|     using O5 output only                   |      0 |     0 |            0 |      0 |       |            |           |        |
|     using O6 output only                   |   1356 |     0 |            0 |   1356 |       |            |           |        |
|     using O5 and O6                        |  12987 |     0 |            0 |  12987 |       |            |           |        |
|   LUT as Shift Register                    |    712 |     0 |            0 |    712 |     0 |            |           |        |
|     using O5 output only                   |      0 |     0 |            0 |      0 |       |            |           |        |
|     using O6 output only                   |    226 |     0 |            0 |    226 |       |            |           |        |
|     using O5 and O6                        |    486 |     0 |            0 |    486 |       |            |           |        |
| CLB Registers                              | 226842 |     0 |            0 | 226842 |     0 |          0 |    777600 |  29.17 |
|   Register driven from within the CLB      | 111279 |     0 |            0 | 111279 |       |            |           |        |
|   Register driven from outside the CLB     | 115563 |     0 |            0 | 115563 |       |            |           |        |
|     LUT in front of the register is unused |  43817 |     0 |            0 |  43817 |       |            |           |        |
|     LUT in front of the register is used   |  71746 |     0 |            0 |  71746 |       |            |           |        |
| Unique Control Sets                        |   3151 |     0 |            0 |   3151 |       |          0 |     97200 |   3.24 |
+--------------------------------------------+--------+-------+--------------+--------+-------+------------+-----------+--------+
* * Note: Available Control Sets calculated as Slices * 2, Review the Control Sets Report for more information regarding control sets.


5. BLOCKRAM
-----------

+-------------------+--------+-------+--------------+-------+-------+------------+-----------+-------+
|     Site Type     | Parent | Child | Non-Assigned |  Used | Fixed | Prohibited | Available | Util% |
+-------------------+--------+-------+--------------+-------+-------+------------+-----------+-------+
| Block RAM Tile    |  253.5 |     0 |            0 | 253.5 |     0 |          0 |       576 | 44.01 |
|   RAMB36/FIFO*    |    232 |     0 |            0 |   232 |     0 |          0 |       576 | 40.28 |
|     RAMB36E2 only |    232 |     0 |            0 |   232 |       |            |           |       |
|   RAMB18          |     43 |     0 |            0 |    43 |     0 |          0 |      1152 |  3.73 |
|     RAMB18E2 only |     43 |     0 |            0 |    43 |       |            |           |       |
| URAM              |      0 |     0 |            0 |     0 |     0 |          0 |       320 |  0.00 |
+-------------------+--------+-------+--------------+-------+-------+------------+-----------+-------+
* Note: Each Block RAM Tile only has one FIFO logic available and therefore can accommodate only one FIFO36E2 or one FIFO18E2. However, if a FIFO18E2 occupies a Block RAM Tile, that tile can still accommodate a RAMB18E2


6. ARITHMETIC
-------------

+----------------+--------+-------+--------------+------+-------+------------+-----------+-------+
|    Site Type   | Parent | Child | Non-Assigned | Used | Fixed | Prohibited | Available | Util% |
+----------------+--------+-------+--------------+------+-------+------------+-----------+-------+
| DSPs           |   2177 |     0 |            0 | 2177 |     0 |          0 |      2700 | 80.63 |
|   DSP48E2 only |   2177 |     0 |            0 | 2177 |       |            |           |       |
+----------------+--------+-------+--------------+------+-------+------------+-----------+-------+


7. I/O
------

+------------------+--------+-------+--------------+------+-------+------------+-----------+-------+
|     Site Type    | Parent | Child | Non-Assigned | Used | Fixed | Prohibited | Available | Util% |
+------------------+--------+-------+--------------+------+-------+------------+-----------+-------+
| Bonded IOB       |      0 |     0 |            0 |    0 |     0 |          0 |       208 |  0.00 |
| HPIOB_M          |      0 |     0 |            0 |    0 |     0 |          0 |        96 |  0.00 |
| HPIOB_S          |      0 |     0 |            0 |    0 |     0 |          0 |        96 |  0.00 |
| HPIOB_SNGL       |      0 |     0 |            0 |    0 |     0 |          0 |        16 |  0.00 |
| HPIOBDIFFINBUF   |      0 |     0 |            0 |    0 |     0 |          0 |        96 |  0.00 |
| HPIOBDIFFOUTBUF  |      0 |     0 |            0 |    0 |     0 |          0 |        96 |  0.00 |
| BITSLICE_CONTROL |      0 |     0 |            0 |    0 |     0 |          0 |        32 |  0.00 |
| BITSLICE_RX_TX   |      0 |     0 |            0 |    0 |     0 |          0 |      1248 |  0.00 |
| BITSLICE_TX      |      0 |     0 |            0 |    0 |     0 |          0 |        32 |  0.00 |
| RIU_OR           |      0 |     0 |            0 |    0 |     0 |          0 |        16 |  0.00 |
+------------------+--------+-------+--------------+------+-------+------------+-----------+-------+


8. CLOCK
--------

+----------------------+--------+-------+--------------+------+-------+------------+-----------+-------+
|       Site Type      | Parent | Child | Non-Assigned | Used | Fixed | Prohibited | Available | Util% |
+----------------------+--------+-------+--------------+------+-------+------------+-----------+-------+
| GLOBAL CLOCK BUFFERs |     26 |     0 |            2 |   28 |     0 |          0 |       240 | 11.67 |
|   BUFGCE             |     26 |     0 |            2 |   28 |     0 |          0 |        96 | 29.17 |
|   BUFGCE_DIV         |      0 |     0 |            0 |    0 |     0 |          0 |        16 |  0.00 |
|   BUFG_GT            |      0 |     0 |            0 |    0 |     0 |          0 |        96 |  0.00 |
|   BUFGCTRL*          |      0 |     0 |            0 |    0 |     0 |          0 |        32 |  0.00 |
| PLL                  |      0 |     0 |            0 |    0 |     0 |          0 |         8 |  0.00 |
| MMCM                 |      0 |     0 |            0 |    0 |     0 |          0 |         4 |  0.00 |
+----------------------+--------+-------+--------------+------+-------+------------+-----------+-------+
* Note: Each used BUFGCTRL counts as two GLOBAL CLOCK BUFFERs. This table does not include global clocking resources, only buffer cell usage. See the Clock Utilization Report (report_clock_utilization) for detailed accounting of global clocking resource availability.


9. ADVANCED
-----------

+----------------------+--------+-------+--------------+------+-------+------------+-----------+-------+
|       Site Type      | Parent | Child | Non-Assigned | Used | Fixed | Prohibited | Available | Util% |
+----------------------+--------+-------+--------------+------+-------+------------+-----------+-------+
| CMACE4               |      0 |     0 |            0 |    0 |     0 |          0 |         2 |  0.00 |
| GTYE4_CHANNEL        |      0 |     0 |            0 |    0 |     0 |          0 |        16 |  0.00 |
| GTYE4_COMMON         |      0 |     0 |            0 |    0 |     0 |          0 |         4 |  0.00 |
| HBM_REF_CLK          |      0 |     0 |            0 |    0 |     0 |          0 |         2 |  0.00 |
| HBM_SNGLBLI_INTF_APB |      0 |     0 |            0 |    0 |     0 |          0 |        30 |  0.00 |
| HBM_SNGLBLI_INTF_AXI |      0 |     0 |            0 |    0 |     0 |          0 |        30 |  0.00 |
| OBUFDS_GTE4          |      0 |     0 |            0 |    0 |     0 |          0 |         8 |  0.00 |
| OBUFDS_GTE4_ADV      |      0 |     0 |            0 |    0 |     0 |          0 |         8 |  0.00 |
| PCIE4CE4             |      0 |     0 |            0 |    0 |     0 |          0 |         2 |  0.00 |
+----------------------+--------+-------+--------------+------+-------+------------+-----------+-------+


10. CONFIGURATION
-----------------

+-----------+--------+-------+--------------+------+-------+------------+-----------+-------+
| Site Type | Parent | Child | Non-Assigned | Used | Fixed | Prohibited | Available | Util% |
+-----------+--------+-------+--------------+------+-------+------------+-----------+-------+


11. Primitives
--------------

+----------+--------+---------------------+
| Ref Name |  Used  | Functional Category |
+----------+--------+---------------------+
| FDRE     | 225934 |            Register |
| LUT6     | 159907 |                 CLB |
| LUT2     |  54260 |                 CLB |
| MUXF7    |  45611 |                 CLB |
| LUT5     |  42360 |                 CLB |
| LUT3     |  36664 |                 CLB |
| RAMD32   |  22666 |                 CLB |
| LUT4     |  20638 |                 CLB |
| MUXF8    |  16268 |                 CLB |
| CARRY8   |  12153 |                 CLB |
| LUT1     |   7803 |                 CLB |
| RAMS32   |   3310 |                 CLB |
| DSP48E2  |   2177 |          Arithmetic |
| RAMD64E  |   1354 |                 CLB |
| SRL16E   |   1196 |                 CLB |
| FDSE     |    908 |            Register |
| RAMB36E2 |    232 |            BLOCKRAM |
| RAMB18E2 |     43 |            BLOCKRAM |
| BUFGCE   |     28 |               Clock |
| SRLC32E  |      2 |                 CLB |
+----------+--------+---------------------+


12. Black Boxes
---------------

+----------+------+
| Ref Name | Used |
+----------+------+


13. Instantiated Netlists
-------------------------

+----------+------+
| Ref Name | Used |
+----------+------+


