Copyright 1986-2022 Xilinx, Inc. All Rights Reserved. Copyright 2022-2023 Advanced Micro Devices, Inc. All Rights Reserved.
---------------------------------------------------------------------------------------------------------------------------------------------
| Tool Version : Vivado v.2023.2 (lin64) Build 4029153 Fri Oct 13 20:13:54 MDT 2023
| Date         : Sun Aug 30 21:16:55 2026
| Host         : Oren-Dell-Ubuntu running 64-bit Ubuntu 22.04.5 LTS
| Command      : report_utilization -pblocks [get_pblocks pb_core] -file /mnt/storage/route2_2026-08-30/out/pbutil_c4lev_preplace.rpt
| Design       : compose4_top
| Device       : xcvu33p-fsvh2104-2L-e
| Speed File   : -2L
| Design State : Synthesized
---------------------------------------------------------------------------------------------------------------------------------------------

Utilization Design Information

Table of Contents
-----------------
1. Pblock Summary
2. Clock Region Statistics
3. CLB Logic
3.1 Summary of Registers by Type
4. BLOCKRAM
5. ARITHMETIC
6. I/O
7. CLOCK
8. ADVANCED
9. CONFIGURATION
10. Primitives
11. Black Boxes
12. Instantiated Netlists

1. Pblock Summary
-----------------

+-------+---------+-------+-------------------+-----------------+----------------+
| Index |  Parent | Child | EXCLUDE_PLACEMENT | CONTAIN_ROUTING | SLR(s) Covered |
+-------+---------+-------+-------------------+-----------------+----------------+
| 1     | pb_core |       |                 0 |               0 |           SLR0 |
+-------+---------+-------+-------------------+-----------------+----------------+


2. Clock Region Statistics
--------------------------

+-------------+--------------------+
| CLOCKREGION | Pblock Sites in CR |
+-------------+--------------------+
| X0Y0        |              3.61% |
| X0Y1        |              3.63% |
| X0Y2        |              3.63% |
| X0Y3        |              4.11% |
| X1Y0        |              3.05% |
| X1Y1        |              3.07% |
| X1Y2        |              3.07% |
| X1Y3        |              3.54% |
| X2Y0        |              4.32% |
| X2Y1        |              4.34% |
| X2Y2        |              4.34% |
| X2Y3        |              4.82% |
| X3Y0        |              2.52% |
| X3Y1        |              2.53% |
| X3Y2        |              2.53% |
| X3Y3        |              3.01% |
| X4Y0        |              3.72% |
| X4Y1        |              3.73% |
| X4Y2        |              3.73% |
| X4Y3        |              4.21% |
| X5Y0        |              3.42% |
| X5Y1        |              3.45% |
| X5Y2        |              3.45% |
| X5Y3        |              3.92% |
| X6Y0        |              3.42% |
| X6Y1        |              3.45% |
| X6Y2        |              3.45% |
| X6Y3        |              3.92% |
+-------------+--------------------+


3. CLB Logic
------------

+----------------------------+--------+-------+--------------+--------+-------+------------+-----------+-------+
|          Site Type         | Parent | Child | Non-Assigned |  Used  | Fixed | Prohibited | Available | Util% |
+----------------------------+--------+-------+--------------+--------+-------+------------+-----------+-------+
| CLB LUTs*                  | 265658 |     0 |            0 | 265658 |     0 |          0 |    388800 | 68.33 |
|   LUT as Logic             | 237816 |     0 |            0 | 237816 |     0 |          0 |    388800 | 61.17 |
|   LUT as Memory            |  27842 |     0 |            0 |  27842 |     0 |          0 |    179520 | 15.51 |
|     LUT as Distributed RAM |  26670 |     0 |            0 |  26670 |     0 |            |           |       |
|     LUT as Shift Register  |   1172 |     0 |            0 |   1172 |     0 |            |           |       |
| CLB Registers              | 237832 |     0 |            0 | 237832 |     0 |          0 |    777600 | 30.59 |
|   Register as Flip Flop    | 237832 |     0 |            0 | 237832 |     0 |          0 |    777600 | 30.59 |
|   Register as Latch        |      0 |     0 |            0 |      0 |     0 |          0 |    777600 |  0.00 |
| CARRY8                     |  12144 |     0 |            0 |  12144 |     0 |          0 |     48600 | 24.99 |
| F7 Muxes                   |  20225 |     0 |            0 |  20225 |     0 |          0 |    194400 | 10.40 |
| F8 Muxes                   |   3970 |     0 |            0 |   3970 |     0 |          0 |     97200 |  4.08 |
| F9 Muxes                   |      0 |     0 |            0 |      0 |     0 |          0 |     48600 |  0.00 |
+----------------------------+--------+-------+--------------+--------+-------+------------+-----------+-------+
* Warning! The Final LUT count, after physical optimizations and full implementation, is typically lower. Run opt_design after synthesis, if not already completed, for a more realistic count.
Warning! LUT value is adjusted to account for LUT combining.


3.1 Summary of Registers by Type
--------------------------------

+--------+--------------+-------------+--------------+
|  Total | Clock Enable | Synchronous | Asynchronous |
+--------+--------------+-------------+--------------+
| 0      |            _ |           - |            - |
| 0      |            _ |           - |          Set |
| 0      |            _ |           - |        Reset |
| 0      |            _ |         Set |            - |
| 0      |            _ |       Reset |            - |
| 0      |          Yes |           - |            - |
| 0      |          Yes |           - |          Set |
| 0      |          Yes |           - |        Reset |
| 1130   |          Yes |         Set |            - |
| 236702 |          Yes |       Reset |            - |
+--------+--------------+-------------+--------------+


4. BLOCKRAM
-----------

+-------------------+--------+-------+--------------+-------+-------+------------+-----------+-------+
|     Site Type     | Parent | Child | Non-Assigned |  Used | Fixed | Prohibited | Available | Util% |
+-------------------+--------+-------+--------------+-------+-------+------------+-----------+-------+
| Block RAM Tile    |  253.5 |     0 |            0 | 253.5 |     0 |          0 |       576 | 44.01 |
|   RAMB36/FIFO*    |    232 |     0 |            0 |   232 |     0 |          0 |       576 | 40.28 |
|     RAMB36E2 only |    232 |     0 |            0 |   232 |       |            |           |       |
|   RAMB18          |     43 |     0 |            0 |    43 |     0 |          0 |      1152 |  3.73 |
|     RAMB18E2 only |     43 |     0 |            0 |    43 |       |            |           |       |
| URAM              |      0 |     0 |            0 |     0 |     0 |          0 |       320 |  0.00 |
+-------------------+--------+-------+--------------+-------+-------+------------+-----------+-------+
* Note: Each Block RAM Tile only has one FIFO logic available and therefore can accommodate only one FIFO36E2 or one FIFO18E2. However, if a FIFO18E2 occupies a Block RAM Tile, that tile can still accommodate a RAMB18E2


5. ARITHMETIC
-------------

+----------------+--------+-------+--------------+------+-------+------------+-----------+-------+
|    Site Type   | Parent | Child | Non-Assigned | Used | Fixed | Prohibited | Available | Util% |
+----------------+--------+-------+--------------+------+-------+------------+-----------+-------+
| DSPs           |   2177 |     0 |            0 | 2177 |     0 |          0 |      2700 | 80.63 |
|   DSP48E2 only |   2177 |     0 |            0 | 2177 |       |            |           |       |
+----------------+--------+-------+--------------+------+-------+------------+-----------+-------+


6. I/O
------

+------------+--------+-------+--------------+------+-------+------------+-----------+-------+
|  Site Type | Parent | Child | Non-Assigned | Used | Fixed | Prohibited | Available | Util% |
+------------+--------+-------+--------------+------+-------+------------+-----------+-------+
| Bonded IOB |      0 |     0 |            0 |    0 |     0 |          0 |       208 |  0.00 |
+------------+--------+-------+--------------+------+-------+------------+-----------+-------+


7. CLOCK
--------

+----------------------+--------+-------+--------------+------+-------+------------+-----------+-------+
|       Site Type      | Parent | Child | Non-Assigned | Used | Fixed | Prohibited | Available | Util% |
+----------------------+--------+-------+--------------+------+-------+------------+-----------+-------+
| GLOBAL CLOCK BUFFERs |      0 |     0 |            0 |    0 |     0 |          0 |       240 |  0.00 |
|   BUFGCE             |      0 |     0 |            0 |    0 |     0 |          0 |        96 |  0.00 |
|   BUFGCE_DIV         |      0 |     0 |            0 |    0 |     0 |          0 |        16 |  0.00 |
|   BUFG_GT            |      0 |     0 |            0 |    0 |     0 |          0 |        96 |  0.00 |
|   BUFGCTRL*          |      0 |     0 |            0 |    0 |     0 |          0 |        32 |  0.00 |
| PLL                  |      0 |     0 |            0 |    0 |     0 |          0 |         8 |  0.00 |
| MMCM                 |      0 |     0 |            0 |    0 |     0 |          0 |         4 |  0.00 |
+----------------------+--------+-------+--------------+------+-------+------------+-----------+-------+
* Note: Each used BUFGCTRL counts as two GLOBAL CLOCK BUFFERs. This table does not include global clocking resources, only buffer cell usage. See the Clock Utilization Report (report_clock_utilization) for detailed accounting of global clocking resource availability.


8. ADVANCED
-----------

+----------------------+--------+-------+--------------+------+-------+------------+-----------+-------+
|       Site Type      | Parent | Child | Non-Assigned | Used | Fixed | Prohibited | Available | Util% |
+----------------------+--------+-------+--------------+------+-------+------------+-----------+-------+
| CMACE4               |      0 |     0 |            0 |    0 |     0 |          0 |         2 |  0.00 |
| GTYE4_CHANNEL        |      0 |     0 |            0 |    0 |     0 |          0 |        16 |  0.00 |
| GTYE4_COMMON         |      0 |     0 |            0 |    0 |     0 |          0 |         4 |  0.00 |
| HBM_REF_CLK          |      0 |     0 |            0 |    0 |     0 |          0 |         2 |  0.00 |
| HBM_SNGLBLI_INTF_APB |      0 |     0 |            0 |    0 |     0 |          0 |        30 |  0.00 |
| HBM_SNGLBLI_INTF_AXI |      0 |     0 |            0 |    0 |     0 |          0 |        30 |  0.00 |
| OBUFDS_GTE4          |      0 |     0 |            0 |    0 |     0 |          0 |         8 |  0.00 |
| OBUFDS_GTE4_ADV      |      0 |     0 |            0 |    0 |     0 |          0 |         8 |  0.00 |
| PCIE4CE4             |      0 |     0 |            0 |    0 |     0 |          0 |         2 |  0.00 |
+----------------------+--------+-------+--------------+------+-------+------------+-----------+-------+


9. CONFIGURATION
----------------

+-----------+--------+-------+--------------+------+-------+------------+-----------+-------+
| Site Type | Parent | Child | Non-Assigned | Used | Fixed | Prohibited | Available | Util% |
+-----------+--------+-------+--------------+------+-------+------------+-----------+-------+


10. Primitives
--------------

+----------+--------+---------------------+
| Ref Name |  Used  | Functional Category |
+----------+--------+---------------------+
| FDRE     | 236702 |            Register |
| LUT6     | 106236 |                 CLB |
| LUT2     |  54192 |                 CLB |
| RAMD32   |  44170 |                 CLB |
| LUT5     |  40638 |                 CLB |
| LUT3     |  34056 |                 CLB |
| LUT4     |  21978 |                 CLB |
| MUXF7    |  20225 |                 CLB |
| CARRY8   |  12144 |                 CLB |
| LUT1     |   7661 |                 CLB |
| RAMS32   |   6382 |                 CLB |
| MUXF8    |   3970 |                 CLB |
| DSP48E2  |   2177 |          Arithmetic |
| RAMD64E  |   1354 |                 CLB |
| SRL16E   |   1170 |                 CLB |
| FDSE     |   1130 |            Register |
| RAMB36E2 |    232 |            BLOCKRAM |
| RAMB18E2 |     43 |            BLOCKRAM |
| SRLC32E  |      2 |                 CLB |
+----------+--------+---------------------+


11. Black Boxes
---------------

+----------+------+
| Ref Name | Used |
+----------+------+


12. Instantiated Netlists
-------------------------

+----------+------+
| Ref Name | Used |
+----------+------+


