Copyright 1986-2022 Xilinx, Inc. All Rights Reserved. Copyright 2022-2023 Advanced Micro Devices, Inc. All Rights Reserved.
---------------------------------------------------------------------------------------------------------------------------------------------
| Tool Version : Vivado v.2023.2 (lin64) Build 4029153 Fri Oct 13 20:13:54 MDT 2023
| Date         : Thu Sep 17 03:50:11 2026
| Host         : Oren-Dell-Ubuntu running 64-bit Ubuntu 22.04.5 LTS
| Command      : report_utilization -pblocks [get_pblocks pb_core] -file fk33_pcieep_pblock_util.rpt
| Design       : bd_wrapper
| Device       : xcvu33p-fsvh2104-2L-e
| Speed File   : -2L
| Design State : Routed
---------------------------------------------------------------------------------------------------------------------------------------------

Utilization Design Information

Table of Contents
-----------------
1. Pblock Summary
2. Clock Region Statistics
3. CLB Logic
3.1 Summary of Registers by Type
4. CLB Logic Distribution
5. BLOCKRAM
6. ARITHMETIC
7. I/O
8. CLOCK
9. ADVANCED
10. CONFIGURATION
11. Primitives
12. Black Boxes
13. Instantiated Netlists

1. Pblock Summary
-----------------

+-------+---------+-------+-------------------+-----------------+----------------+
| Index |  Parent | Child | EXCLUDE_PLACEMENT | CONTAIN_ROUTING | SLR(s) Covered |
+-------+---------+-------+-------------------+-----------------+----------------+
| 1     | pb_core |       |                 0 |               0 |           SLR0 |
+-------+---------+-------+-------------------+-----------------+----------------+


2. Clock Region Statistics
--------------------------

+-------------+--------------------+
| CLOCKREGION | Pblock Sites in CR |
+-------------+--------------------+
| X0Y0        |              3.61% |
| X0Y1        |              3.63% |
| X0Y2        |              3.63% |
| X0Y3        |              4.11% |
| X1Y0        |              3.05% |
| X1Y1        |              3.07% |
| X1Y2        |              3.07% |
| X1Y3        |              3.54% |
| X2Y0        |              4.32% |
| X2Y1        |              4.34% |
| X2Y2        |              4.34% |
| X2Y3        |              4.82% |
| X3Y0        |              2.52% |
| X3Y1        |              2.53% |
| X3Y2        |              2.53% |
| X3Y3        |              3.01% |
| X4Y0        |              3.72% |
| X4Y1        |              3.73% |
| X4Y2        |              3.73% |
| X4Y3        |              4.21% |
| X5Y0        |              3.42% |
| X5Y1        |              3.45% |
| X5Y2        |              3.45% |
| X5Y3        |              3.92% |
| X6Y0        |              3.42% |
| X6Y1        |              3.45% |
| X6Y2        |              3.45% |
| X6Y3        |              3.92% |
+-------------+--------------------+


3. CLB Logic
------------

+----------------------------+--------+-------+--------------+--------+-------+------------+-----------+-------+
|          Site Type         | Parent | Child | Non-Assigned |  Used  | Fixed | Prohibited | Available | Util% |
+----------------------------+--------+-------+--------------+--------+-------+------------+-----------+-------+
| CLB LUTs                   |      0 |     0 |       278692 | 278692 |     0 |          0 |    388800 | 71.68 |
|   LUT as Logic             |      0 |     0 |       254472 | 254472 |     0 |          0 |    388800 | 65.45 |
|   LUT as Memory            |      0 |     0 |        24220 |  24220 |     0 |          0 |    179520 | 13.49 |
|     LUT as Distributed RAM |      0 |     0 |        23720 |  23720 |     0 |            |           |       |
|     LUT as Shift Register  |      0 |     0 |          500 |    500 |     0 |            |           |       |
| CLB Registers              |      0 |     0 |       372034 | 372034 |     0 |          0 |    777600 | 47.84 |
|   Register as Flip Flop    |      0 |     0 |       372034 | 372034 |     0 |          0 |    777600 | 47.84 |
|   Register as Latch        |      0 |     0 |            0 |      0 |     0 |          0 |    777600 |  0.00 |
| CARRY8                     |      0 |     0 |         5215 |   5215 |     0 |          0 |     48600 | 10.73 |
| F7 Muxes                   |      0 |     0 |        47132 |  47132 |     0 |          0 |    194400 | 24.24 |
| F8 Muxes                   |      0 |     0 |        17183 |  17183 |     0 |          0 |     97200 | 17.68 |
| F9 Muxes                   |      0 |     0 |            0 |      0 |     0 |          0 |     48600 |  0.00 |
+----------------------------+--------+-------+--------------+--------+-------+------------+-----------+-------+
* Warning! LUT value is adjusted to account for LUT combining.


3.1 Summary of Registers by Type
--------------------------------

+--------+--------------+-------------+--------------+
|  Total | Clock Enable | Synchronous | Asynchronous |
+--------+--------------+-------------+--------------+
| 0      |            _ |           - |            - |
| 0      |            _ |           - |          Set |
| 0      |            _ |           - |        Reset |
| 0      |            _ |         Set |            - |
| 0      |            _ |       Reset |            - |
| 0      |          Yes |           - |            - |
| 89     |          Yes |           - |          Set |
| 1373   |          Yes |           - |        Reset |
| 1877   |          Yes |         Set |            - |
| 368695 |          Yes |       Reset |            - |
+--------+--------------+-------------+--------------+


4. CLB Logic Distribution
-------------------------

+--------------------------------------------+--------+-------+--------------+--------+-------+------------+-----------+-------+
|                  Site Type                 | Parent | Child | Non-Assigned |  Used  | Fixed | Prohibited | Available | Util% |
+--------------------------------------------+--------+-------+--------------+--------+-------+------------+-----------+-------+
| CLB                                        |      0 |     0 |        48576 |  48576 |     0 |          0 |     48600 | 99.95 |
|   CLBL                                     |      0 |     0 |        26140 |  26140 |     0 |            |           |       |
|   CLBM                                     |      0 |     0 |        22436 |  22436 |     0 |            |           |       |
| LUT as Logic                               |      0 |     0 |       254472 | 254472 |     0 |          0 |    388800 | 65.45 |
|   using O5 output only                     |      0 |     0 |         1747 |   1747 |       |            |           |       |
|   using O6 output only                     |      0 |     0 |       212068 | 212068 |       |            |           |       |
|   using O5 and O6                          |      0 |     0 |        40657 |  40657 |       |            |           |       |
| LUT as Memory                              |      0 |     0 |        24220 |  24220 |     0 |          0 |    179520 | 13.49 |
|   LUT as Distributed RAM                   |      0 |     0 |        23720 |  23720 |     0 |            |           |       |
|     using O5 output only                   |      0 |     0 |            0 |      0 |       |            |           |       |
|     using O6 output only                   |      0 |     0 |         9380 |   9380 |       |            |           |       |
|     using O5 and O6                        |      0 |     0 |        14340 |  14340 |       |            |           |       |
|   LUT as Shift Register                    |      0 |     0 |          500 |    500 |     0 |            |           |       |
|     using O5 output only                   |      0 |     0 |            0 |      0 |       |            |           |       |
|     using O6 output only                   |      0 |     0 |          401 |    401 |       |            |           |       |
|     using O5 and O6                        |      0 |     0 |           99 |     99 |       |            |           |       |
| CLB Registers                              |      0 |     0 |       372034 | 372034 |     0 |          0 |    777600 | 47.84 |
|   Register driven from within the CLB      |      0 |     0 |        79439 |  79439 |       |            |           |       |
|   Register driven from outside the CLB     |      0 |     0 |       292595 | 292595 |       |            |           |       |
|     LUT in front of the register is unused |      0 |     0 |        99110 |  99110 |       |            |           |       |
|     LUT in front of the register is used   |      0 |     0 |       193485 | 193485 |       |            |           |       |
| Unique Control Sets                        |      0 |     0 |        17283 |  17283 |       |          0 |     97200 | 17.78 |
+--------------------------------------------+--------+-------+--------------+--------+-------+------------+-----------+-------+
* * Note: Available Control Sets calculated as Slices * 2, Review the Control Sets Report for more information regarding control sets.


5. BLOCKRAM
-----------

+-------------------+--------+-------+--------------+------+-------+------------+-----------+-------+
|     Site Type     | Parent | Child | Non-Assigned | Used | Fixed | Prohibited | Available | Util% |
+-------------------+--------+-------+--------------+------+-------+------------+-----------+-------+
| Block RAM Tile    |      0 |     0 |          216 |  216 |     0 |          0 |       576 | 37.50 |
|   RAMB36/FIFO*    |      0 |     0 |          192 |  192 |     0 |          0 |       576 | 33.33 |
|     RAMB36E2 only |      0 |     0 |          192 |  192 |       |            |           |       |
|   RAMB18          |      0 |     0 |           48 |   48 |     0 |          0 |      1152 |  4.17 |
|     RAMB18E2 only |      0 |     0 |           48 |   48 |       |            |           |       |
| URAM              |      0 |     0 |           32 |   32 |     0 |          0 |       320 | 10.00 |
+-------------------+--------+-------+--------------+------+-------+------------+-----------+-------+
* Note: Each Block RAM Tile only has one FIFO logic available and therefore can accommodate only one FIFO36E2 or one FIFO18E2. However, if a FIFO18E2 occupies a Block RAM Tile, that tile can still accommodate a RAMB18E2


6. ARITHMETIC
-------------

+----------------+--------+-------+--------------+------+-------+------------+-----------+-------+
|    Site Type   | Parent | Child | Non-Assigned | Used | Fixed | Prohibited | Available | Util% |
+----------------+--------+-------+--------------+------+-------+------------+-----------+-------+
| DSPs           |      0 |     0 |          491 |  491 |     0 |          0 |      2700 | 18.19 |
|   DSP48E2 only |      0 |     0 |          491 |  491 |       |            |           |       |
+----------------+--------+-------+--------------+------+-------+------------+-----------+-------+


7. I/O
------

+------------------+--------+-------+--------------+------+-------+------------+-----------+-------+
|     Site Type    | Parent | Child | Non-Assigned | Used | Fixed | Prohibited | Available | Util% |
+------------------+--------+-------+--------------+------+-------+------------+-----------+-------+
| Bonded IOB       |      0 |     0 |            0 |    0 |     0 |          0 |       208 |  0.00 |
| HPIOB_M          |      0 |     0 |            0 |    0 |     0 |          0 |        96 |  0.00 |
| HPIOB_S          |      0 |     0 |            0 |    0 |     0 |          0 |        96 |  0.00 |
| HPIOB_SNGL       |      0 |     0 |            0 |    0 |     0 |          0 |        16 |  0.00 |
| HPIOBDIFFINBUF   |      0 |     0 |            1 |    1 |     1 |          0 |        96 |  1.04 |
|   DIFFINBUF      |      0 |     0 |            1 |    1 |     1 |            |           |       |
| HPIOBDIFFOUTBUF  |      0 |     0 |            0 |    0 |     0 |          0 |        96 |  0.00 |
| BITSLICE_CONTROL |      0 |     0 |            0 |    0 |     0 |          0 |        32 |  0.00 |
| BITSLICE_RX_TX   |      0 |     0 |            0 |    0 |     0 |          0 |      1248 |  0.00 |
| BITSLICE_TX      |      0 |     0 |            0 |    0 |     0 |          0 |        32 |  0.00 |
| RIU_OR           |      0 |     0 |            0 |    0 |     0 |          0 |        16 |  0.00 |
+------------------+--------+-------+--------------+------+-------+------------+-----------+-------+


8. CLOCK
--------

+----------------------+--------+-------+--------------+------+-------+------------+-----------+-------+
|       Site Type      | Parent | Child | Non-Assigned | Used | Fixed | Prohibited | Available | Util% |
+----------------------+--------+-------+--------------+------+-------+------------+-----------+-------+
| GLOBAL CLOCK BUFFERs |      0 |     0 |           15 |   15 |     0 |          0 |       240 |  6.25 |
|   BUFGCE             |      0 |     0 |           15 |   15 |     0 |          0 |        96 | 15.63 |
|   BUFGCE_DIV         |      0 |     0 |            0 |    0 |     0 |          0 |        16 |  0.00 |
|   BUFG_GT            |      0 |     0 |            0 |    0 |     0 |          0 |        96 |  0.00 |
|   BUFGCTRL*          |      0 |     0 |            0 |    0 |     0 |          0 |        32 |  0.00 |
| PLL                  |      0 |     0 |            0 |    0 |     0 |          0 |         8 |  0.00 |
| MMCM                 |      0 |     0 |            1 |    1 |     0 |          0 |         4 | 25.00 |
+----------------------+--------+-------+--------------+------+-------+------------+-----------+-------+
* Note: Each used BUFGCTRL counts as two GLOBAL CLOCK BUFFERs. This table does not include global clocking resources, only buffer cell usage. See the Clock Utilization Report (report_clock_utilization) for detailed accounting of global clocking resource availability.


9. ADVANCED
-----------

+----------------------+--------+-------+--------------+------+-------+------------+-----------+--------+
|       Site Type      | Parent | Child | Non-Assigned | Used | Fixed | Prohibited | Available |  Util% |
+----------------------+--------+-------+--------------+------+-------+------------+-----------+--------+
| CMACE4               |      0 |     0 |            0 |    0 |     0 |          0 |         2 |   0.00 |
| GTYE4_CHANNEL        |      0 |     0 |            0 |    0 |     0 |          0 |        16 |   0.00 |
| GTYE4_COMMON         |      0 |     0 |            0 |    0 |     0 |          0 |         4 |   0.00 |
| HBM_REF_CLK          |      0 |     0 |            2 |    2 |     2 |          0 |         2 | 100.00 |
| HBM_SNGLBLI_INTF_APB |      0 |     0 |            2 |    2 |     2 |          0 |        30 |   6.67 |
| HBM_SNGLBLI_INTF_AXI |      0 |     0 |           30 |   30 |    30 |          0 |        30 | 100.00 |
| OBUFDS_GTE4          |      0 |     0 |            0 |    0 |     0 |          0 |         8 |   0.00 |
| OBUFDS_GTE4_ADV      |      0 |     0 |            0 |    0 |     0 |          0 |         8 |   0.00 |
| PCIE4CE4             |      0 |     0 |            0 |    0 |     0 |          0 |         2 |   0.00 |
+----------------------+--------+-------+--------------+------+-------+------------+-----------+--------+


10. CONFIGURATION
-----------------

+-----------+--------+-------+--------------+------+-------+------------+-----------+-------+
| Site Type | Parent | Child | Non-Assigned | Used | Fixed | Prohibited | Available | Util% |
+-----------+--------+-------+--------------+------+-------+------------+-----------+-------+


11. Primitives
--------------

+----------------------+--------+---------------------+
|       Ref Name       |  Used  | Functional Category |
+----------------------+--------+---------------------+
| FDRE                 | 368695 |            Register |
| LUT6                 | 158380 |                 CLB |
| MUXF7                |  47132 |                 CLB |
| LUT4                 |  41705 |                 CLB |
| LUT5                 |  35931 |                 CLB |
| LUT3                 |  27301 |                 CLB |
| LUT2                 |  25707 |                 CLB |
| RAMD32               |  25592 |                 CLB |
| MUXF8                |  17183 |                 CLB |
| RAMD64E              |   9366 |                 CLB |
| LUT1                 |   6105 |                 CLB |
| CARRY8               |   5215 |                 CLB |
| RAMS32               |   3102 |                 CLB |
| FDSE                 |   1877 |            Register |
| FDCE                 |   1373 |            Register |
| SRL16E               |    540 |                 CLB |
| DSP48E2              |    491 |          Arithmetic |
| RAMB36E2             |    192 |            BLOCKRAM |
| FDPE                 |     89 |            Register |
| SRLC32E              |     59 |                 CLB |
| RAMB18E2             |     48 |            BLOCKRAM |
| URAM288              |     32 |            BLOCKRAM |
| HBM_SNGLBLI_INTF_AXI |     30 |            Advanced |
| BUFGCE               |     15 |               Clock |
| IBUF_ANALOG          |     12 |                 I/O |
| OBUF                 |      8 |                 I/O |
| IBUFCTRL             |      4 |              Others |
| INBUF                |      3 |                 I/O |
| OBUFT                |      2 |                 I/O |
| HBM_SNGLBLI_INTF_APB |      2 |            Advanced |
| HBM_REF_CLK          |      2 |            Advanced |
| MMCME4_ADV           |      1 |               Clock |
| DIFFINBUF            |      1 |                 I/O |
+----------------------+--------+---------------------+


12. Black Boxes
---------------

+----------+------+
| Ref Name | Used |
+----------+------+


13. Instantiated Netlists
-------------------------

+----------+------+
| Ref Name | Used |
+----------+------+
| dbg_hub  |    1 |
+----------+------+


