Copyright 1986-2022 Xilinx, Inc. All Rights Reserved. Copyright 2022-2023 Advanced Micro Devices, Inc. All Rights Reserved.
---------------------------------------------------------------------------------------------------------------------------------------------
| Tool Version : Vivado v.2023.2 (lin64) Build 4029153 Fri Oct 13 20:13:54 MDT 2023
| Date         : Thu Sep 17 03:49:53 2026
| Host         : Oren-Dell-Ubuntu running 64-bit Ubuntu 22.04.5 LTS
| Command      : report_design_analysis -congestion -file fk33_pcieep_congestion.rpt
| Design       : bd_wrapper
| Device       : xcvu33p
| Design State : Routed
---------------------------------------------------------------------------------------------------------------------------------------------

Report Design Analysis

Table of Contents
-----------------
1. Placer Final Level Congestion Reporting
2. Router Initial Congestion
3. SLR Net Crossing Reporting

1. Placer Final Level Congestion Reporting
------------------------------------------

+-----------+-------+-------+--------------------------------+---------------+---------------+-----+--------+------+------+------+------+-----+-------+-----+----------------------------------------------------------------------------------------------+
| Direction |  Type | Level |             Window             | Combined LUTs | Avg LUT Input | LUT | LUTRAM | Flop | MUXF | RAMB | URAM | DSP | CARRY | SRL |                                          Cell Names                                          |
+-----------+-------+-------+--------------------------------+---------------+---------------+-----+--------+------+------+------+------+-----+-------+-----+----------------------------------------------------------------------------------------------+
| East      | Short |     5 | (CLEL_R_X102Y3,CLEL_R_X118Y34) |           34% |         4.776 | 84% | 2%     |  52% |   9% | 66%  | 100% | 6%  |    8% |  0% | bd_i/card/inst/u/gcr.gkvaxi.u_kv(56%),bd_i/card/inst/u/gcr.u_attn(29%),bd_i(8%)              |
| East      | Short |     6 | (CLEM_X82Y4,CLEM_X114Y67)      |           23% |         4.713 | 82% | 2%     |  52% |  10% | 46%  | 75%  | 7%  |   13% |  0% | bd_i/card/inst/u/gcr.u_attn(47%),bd_i/card/inst/u/gcr.gkvaxi.u_kv(43%)                       |
| East      | Short |     7 | (CLEL_R_X12Y5,BRAM_X76Y130)    |           11% |         3.719 | 66% | 26%    |  45% |  16% | 32%  | 0%   | 22% |   11% |  0% | bd_i/card/inst/u(41%),bd_i/pcie2hbm/inst(11%),bd_i/card/inst/u/gb_real.u_gdn(10%)            |
| West      | Short |     5 | (CLEM_X39Y3,DSP_X54Y30)        |           14% |         3.247 | 58% | 49%    |  47% |  10% | NA   | NA   | 6%  |    5% |  2% | bd_i/pcie2hbm/inst(52%),bd_i/card/inst/u(25%),bd_i/card/inst/u/gb_real.u_gdn/u_silu_conv(8%) |
| West      | Short |     6 | (CLEL_R_X83Y4,CLEL_R_X115Y67)  |           24% |         4.718 | 82% | 1%     |  51% |  10% | 46%  | 75%  | 7%  |   13% |  0% | bd_i/card/inst/u/gcr.u_attn(46%),bd_i/card/inst/u/gcr.gkvaxi.u_kv(43%)                       |
| West      | Short |     7 | (CLEL_R_X10Y5,CMT_L_X74Y120)   |           11% |         3.736 | 66% | 25%    |  45% |  16% | 29%  | 0%   | 23% |   12% |  0% | bd_i/card/inst/u(42%),bd_i/pcie2hbm/inst(11%),bd_i/card/inst/u/gb_real.u_gdn(10%)            |
+-----------+-------+-------+--------------------------------+---------------+---------------+-----+--------+------+------+------+------+-----+-------+-----+----------------------------------------------------------------------------------------------+


2. Router Initial Congestion
----------------------------

+-----------+--------+-------+-------------------------------+---------------+---------------+-----+--------+------+------+------+------+-----+-------+-----+-----------------------------------------------------------------------------------------------+---------------------------------------------------------------------------------------------------------------------------------------------------------------------------------------------------------------------------------------------------------------------------------+
| Direction |  Type  | Level |             Window            | Combined LUTs | Avg LUT Input | LUT | LUTRAM | Flop | MUXF | RAMB | URAM | DSP | CARRY | SRL |                                           Cell Names                                          |                                                                                                                                   Sub Windows                                                                                                                                   |
+-----------+--------+-------+-------------------------------+---------------+---------------+-----+--------+------+------+------+------+-----+-------+-----+-----------------------------------------------------------------------------------------------+---------------------------------------------------------------------------------------------------------------------------------------------------------------------------------------------------------------------------------------------------------------------------------+
| West      | Global |     5 | (CLEM_X29Y186,CLEL_L_X52Y209) |            1% |         5.499 | 69% |     0% |  48% |  22% | 100% |   NA | 31% |    9% |  0% | bd_i/card/inst/u(84%),bd_i/card/inst/u/gen_vstub[0].gvr.u_rms(9%),bd_i/card/inst/u/u_vres(5%) | (CLEM_X29Y202,CLEM_X36Y209), (CLEM_X29Y194,CLEM_X36Y201), (CLEM_X29Y186,CLEM_X36Y193), (CLEM_X37Y202,CLEL_R_X44Y209), (CLEM_X37Y194,CLEL_R_X44Y201), (CLEM_X37Y186,CLEL_R_X44Y193), (CLEM_X45Y202,CLEL_R_X52Y209), (CLEM_X45Y194,CLEL_R_X52Y201), (CLEM_X45Y186,CLEL_R_X52Y193) |
| West      | Long   |     5 | (CLEM_X20Y181,CLEM_X51Y212)   |            1% |         5.614 | 66% |     0% |  49% |  22% | 100% |   0% | 19% |    6% |  0% | bd_i/card/inst/u(84%),bd_i/card/inst/u/gen_vstub[0].gvr.u_rms(8%),bd_i/card/inst/u/u_vres(7%) | (CLEM_X20Y197,CLEL_R_X35Y212), (CLEM_X20Y181,CLEL_R_X35Y196), (CLEM_X36Y197,CLEL_R_X51Y212), (CLEM_X36Y181,CLEL_R_X51Y196)                                                                                                                                                      |
| West      | Short  |     5 | (CLEM_X67Y33,CLEM_X98Y64)     |           28% |         5.731 | 80% |     4% |  46% |   9% |  44% |   0% |  5% |   22% |  0% | bd_i/card/inst/u/gcr.gkvaxi.u_kv(54%),bd_i/card/inst/u/gcr.u_attn(36%),bd_i/pcie2hbm/inst(4%) | (CLEM_X67Y33,CLEM_X82Y48), (CLEM_X83Y49,CLEM_X98Y64), (CLEM_X83Y33,CLEM_X98Y48)                                                                                                                                                                                                 |
+-----------+--------+-------+-------------------------------+---------------+---------------+-----+--------+------+------+------+------+-----+-------+-----+-----------------------------------------------------------------------------------------------+---------------------------------------------------------------------------------------------------------------------------------------------------------------------------------------------------------------------------------------------------------------------------------+


3. SLR Net Crossing Reporting
-----------------------------

+------------+-----------------------------+
| Cell Names | Number of Nets crossing SLR |
+------------+-----------------------------+
* The current part is not an SSI device


