Copyright 1986-2022 Xilinx, Inc. All Rights Reserved. Copyright 2022-2023 Advanced Micro Devices, Inc. All Rights Reserved.
--------------------------------------------------------------------------------------------------------------------------------------------------
| Tool Version      : Vivado v.2023.2 (lin64) Build 4029153 Fri Oct 13 20:13:54 MDT 2023
| Date              : Mon Sep 21 12:03:48 2026
| Host              : cachyos-bc250 running 64-bit CachyOS
| Command           : report_timing_summary -delay_type max -max_paths 5 -file /home/labuser/attndraw/out/tsum_con.rpt
| Design            : attn_block
| Device            : xcvu33p-fsvh2104
| Speed File        : -2L  PRODUCTION 1.30 05-01-2022
| Design State      : Routed
| Temperature Grade : E
--------------------------------------------------------------------------------------------------------------------------------------------------

Timing Summary Report

------------------------------------------------------------------------------------------------
| Timer Settings
| --------------
------------------------------------------------------------------------------------------------

  Enable Multi Corner Analysis               :  Yes
  Enable Pessimism Removal                   :  Yes
  Pessimism Removal Resolution               :  Nearest Common Node
  Enable Input Delay Default Clock           :  No
  Enable Preset / Clear Arcs                 :  No
  Disable Flight Delays                      :  No
  Ignore I/O Paths                           :  No
  Timing Early Launch at Borrowing Latches   :  No
  Borrow Time for Max Delay Exceptions       :  Yes
  Merge Timing Exceptions                    :  Yes
  Inter-SLR Compensation                     :  Conservative

  Corner  Analyze    Analyze    
  Name    Max Paths  Min Paths  
  ------  ---------  ---------  
  Slow    Yes        Yes        
  Fast    Yes        Yes        


------------------------------------------------------------------------------------------------
| Report Methodology
| ------------------
------------------------------------------------------------------------------------------------

No report available as report_methodology has not been run prior. Run report_methodology on the current design for the summary of methodology violations.



check_timing report

Table of Contents
-----------------
1. checking no_clock (0)
2. checking constant_clock (0)
3. checking pulse_width_clock (0)
4. checking unconstrained_internal_endpoints (0)
5. checking no_input_delay (8966)
6. checking no_output_delay (505)
7. checking multiple_clock (0)
8. checking generated_clocks (0)
9. checking loops (0)
10. checking partial_input_delay (0)
11. checking partial_output_delay (0)
12. checking latch_loops (0)

1. checking no_clock (0)
------------------------
 There are 0 register/latch pins with no clock.


2. checking constant_clock (0)
------------------------------
 There are 0 register/latch pins with constant_clock.


3. checking pulse_width_clock (0)
---------------------------------
 There are 0 register/latch pins which need pulse_width check


4. checking unconstrained_internal_endpoints (0)
------------------------------------------------
 There are 0 pins that are not constrained for maximum delay.

 There are 0 pins that are not constrained for maximum delay due to constant clock.


5. checking no_input_delay (8966)
---------------------------------
 There are 8966 input ports with no input delay specified. (HIGH)

 There are 0 input ports with no input delay but user has a false path constraint.


6. checking no_output_delay (505)
---------------------------------
 There are 505 ports with no output delay specified. (HIGH)

 There are 0 ports with no output delay but user has a false path constraint

 There are 0 ports with no output delay but with a timing clock defined on it or propagating through it


7. checking multiple_clock (0)
------------------------------
 There are 0 register/latch pins with multiple clocks.


8. checking generated_clocks (0)
--------------------------------
 There are 0 generated clocks that are not connected to a clock source.


9. checking loops (0)
---------------------
 There are 0 combinational loops in the design.


10. checking partial_input_delay (0)
------------------------------------
 There are 0 input ports with partial input delay specified.


11. checking partial_output_delay (0)
-------------------------------------
 There are 0 ports with partial output delay specified.


12. checking latch_loops (0)
----------------------------
 There are 0 combinational latch loops in the design through latch input



------------------------------------------------------------------------------------------------
| Design Timing Summary
| ---------------------
------------------------------------------------------------------------------------------------

    WNS(ns)      TNS(ns)  TNS Failing Endpoints  TNS Total Endpoints     WPWS(ns)     TPWS(ns)  TPWS Failing Endpoints  TPWS Total Endpoints  
    -------      -------  ---------------------  -------------------     --------     --------  ----------------------  --------------------  
      2.735        0.000                      0               250285        6.124        0.000                       0                101593  


All user specified timing constraints are met.


------------------------------------------------------------------------------------------------
| Clock Summary
| -------------
------------------------------------------------------------------------------------------------

Clock  Waveform(ns)       Period(ns)      Frequency(MHz)
-----  ------------       ----------      --------------
clk    {0.000 6.667}      13.333          75.002          


------------------------------------------------------------------------------------------------
| Intra Clock Table
| -----------------
------------------------------------------------------------------------------------------------

Clock             WNS(ns)      TNS(ns)  TNS Failing Endpoints  TNS Total Endpoints     WPWS(ns)     TPWS(ns)  TPWS Failing Endpoints  TPWS Total Endpoints  
-----             -------      -------  ---------------------  -------------------     --------     --------  ----------------------  --------------------  
clk                 2.735        0.000                      0               250285        6.124        0.000                       0                101593  


------------------------------------------------------------------------------------------------
| Inter Clock Table
| -----------------
------------------------------------------------------------------------------------------------

From Clock    To Clock          WNS(ns)      TNS(ns)  TNS Failing Endpoints  TNS Total Endpoints  
----------    --------          -------      -------  ---------------------  -------------------  


------------------------------------------------------------------------------------------------
| Other Path Groups Table
| -----------------------
------------------------------------------------------------------------------------------------

Path Group    From Clock    To Clock          WNS(ns)      TNS(ns)  TNS Failing Endpoints  TNS Total Endpoints  
----------    ----------    --------          -------      -------  ---------------------  -------------------  


------------------------------------------------------------------------------------------------
| Timing Details
| --------------
------------------------------------------------------------------------------------------------


---------------------------------------------------------------------------------------------------
From Clock:  clk
  To Clock:  clk

Setup :            0  Failing Endpoints,  Worst Slack        2.735ns,  Total Violation        0.000ns
Hold  :           NA  Failing Endpoints,  Worst Slack           NA  ,  Total Violation           NA
PW    :            0  Failing Endpoints,  Worst Slack        6.124ns,  Total Violation        0.000ns
---------------------------------------------------------------------------------------------------


Max Delay Paths
--------------------------------------------------------------------------------------
Slack (MET) :             2.735ns  (required time - arrival time)
  Source:                 u_quant/raddr_r_reg[0]/C
                            (rising edge-triggered cell FDRE clocked by clk  {rise@0.000ns fall@6.667ns period=13.333ns})
  Destination:            vs2_q_reg[15]/D
                            (rising edge-triggered cell FDRE clocked by clk  {rise@0.000ns fall@6.667ns period=13.333ns})
  Path Group:             clk
  Path Type:              Setup (Max at Slow Process Corner)
  Requirement:            13.333ns  (clk rise@13.333ns - clk rise@0.000ns)
  Data Path Delay:        10.578ns  (logic 0.600ns (5.672%)  route 9.978ns (94.328%))
  Logic Levels:           6  (LUT4=1 LUT5=1 LUT6=4)
  Clock Path Skew:        -0.009ns (DCD - SCD + CPR)
    Destination Clock Delay (DCD):    0.020ns = ( 13.353 - 13.333 ) 
    Source Clock Delay      (SCD):    0.029ns
    Clock Pessimism Removal (CPR):    0.000ns
  Clock Uncertainty:      0.035ns  ((TSJ^2 + TIJ^2)^1/2 + DJ) / 2 + PE
    Total System Jitter     (TSJ):    0.071ns
    Total Input Jitter      (TIJ):    0.000ns
    Discrete Jitter          (DJ):    0.000ns
    Phase Error              (PE):    0.000ns

    Location             Delay type                Incr(ns)  Path(ns)    Netlist Resource(s)
  -------------------------------------------------------------------    -------------------
                         (clock clk rise edge)        0.000     0.000 r  
                                                      0.000     0.000 r  clk (IN)
                         net (fo=103218, unset)       0.029     0.029    u_quant/clk
    SLICE_X90Y172        FDRE                                         r  u_quant/raddr_r_reg[0]/C
  -------------------------------------------------------------------    -------------------
    SLICE_X90Y172        FDRE (Prop_EFF_SLICEL_C_Q)
                                                      0.079     0.108 r  u_quant/raddr_r_reg[0]/Q
                         net (fo=2048, routed)        4.773     4.881    kq_raddr[0]
    SLICE_X216Y4         LUT6 (Prop_F6LUT_SLICEM_I4_O)
                                                      0.123     5.004 r  vs2_q[15]_i_182/O
                         net (fo=1, routed)           0.365     5.369    vs2_q[15]_i_182_n_0
    SLICE_X199Y3         LUT6 (Prop_H6LUT_SLICEL_I1_O)
                                                      0.124     5.493 r  vs2_q[15]_i_144/O
                         net (fo=1, routed)           0.196     5.689    vs2_q[15]_i_144_n_0
    SLICE_X199Y4         LUT4 (Prop_G6LUT_SLICEL_I3_O)
                                                      0.050     5.739 r  vs2_q[15]_i_78/O
                         net (fo=1, routed)           2.095     7.834    vs2_q[15]_i_78_n_0
    SLICE_X183Y225       LUT6 (Prop_B6LUT_SLICEL_I1_O)
                                                      0.124     7.958 f  vs2_q[15]_i_28/O
                         net (fo=1, routed)           0.041     7.999    vs2_q[15]_i_28_n_0
    SLICE_X183Y225       LUT5 (Prop_A6LUT_SLICEL_I4_O)
                                                      0.050     8.049 f  vs2_q[15]_i_6/O
                         net (fo=1, routed)           2.459    10.508    vs2_q[15]_i_6_n_0
    SLICE_X78Y176        LUT6 (Prop_D6LUT_SLICEL_I5_O)
                                                      0.050    10.558 r  vs2_q[15]_i_1/O
                         net (fo=1, routed)           0.049    10.607    vs2_q[15]_i_1_n_0
    SLICE_X78Y176        FDRE                                         r  vs2_q_reg[15]/D
  -------------------------------------------------------------------    -------------------

                         (clock clk rise edge)       13.333    13.333 r  
                                                      0.000    13.333 r  clk (IN)
                         net (fo=103218, unset)       0.020    13.353    clk
    SLICE_X78Y176        FDRE                                         r  vs2_q_reg[15]/C
                         clock pessimism              0.000    13.353    
                         clock uncertainty           -0.035    13.318    
    SLICE_X78Y176        FDRE (Setup_DFF_SLICEL_C_D)
                                                      0.025    13.343    vs2_q_reg[15]
  -------------------------------------------------------------------
                         required time                         13.343    
                         arrival time                         -10.607    
  -------------------------------------------------------------------
                         slack                                  2.735    

Slack (MET) :             2.847ns  (required time - arrival time)
  Source:                 u_quant/raddr_r_reg[0]/C
                            (rising edge-triggered cell FDRE clocked by clk  {rise@0.000ns fall@6.667ns period=13.333ns})
  Destination:            vs2_q_reg[14]/D
                            (rising edge-triggered cell FDRE clocked by clk  {rise@0.000ns fall@6.667ns period=13.333ns})
  Path Group:             clk
  Path Type:              Setup (Max at Slow Process Corner)
  Requirement:            13.333ns  (clk rise@13.333ns - clk rise@0.000ns)
  Data Path Delay:        10.467ns  (logic 0.534ns (5.102%)  route 9.933ns (94.898%))
  Logic Levels:           6  (LUT4=1 LUT5=1 LUT6=4)
  Clock Path Skew:        -0.009ns (DCD - SCD + CPR)
    Destination Clock Delay (DCD):    0.020ns = ( 13.353 - 13.333 ) 
    Source Clock Delay      (SCD):    0.029ns
    Clock Pessimism Removal (CPR):    0.000ns
  Clock Uncertainty:      0.035ns  ((TSJ^2 + TIJ^2)^1/2 + DJ) / 2 + PE
    Total System Jitter     (TSJ):    0.071ns
    Total Input Jitter      (TIJ):    0.000ns
    Discrete Jitter          (DJ):    0.000ns
    Phase Error              (PE):    0.000ns

    Location             Delay type                Incr(ns)  Path(ns)    Netlist Resource(s)
  -------------------------------------------------------------------    -------------------
                         (clock clk rise edge)        0.000     0.000 r  
                                                      0.000     0.000 r  clk (IN)
                         net (fo=103218, unset)       0.029     0.029    u_quant/clk
    SLICE_X90Y172        FDRE                                         r  u_quant/raddr_r_reg[0]/C
  -------------------------------------------------------------------    -------------------
    SLICE_X90Y172        FDRE (Prop_EFF_SLICEL_C_Q)
                                                      0.079     0.108 r  u_quant/raddr_r_reg[0]/Q
                         net (fo=2048, routed)        5.150     5.258    kq_raddr[0]
    SLICE_X214Y23        LUT6 (Prop_G6LUT_SLICEM_I4_O)
                                                      0.052     5.310 r  vs2_q[14]_i_174/O
                         net (fo=1, routed)           0.048     5.358    vs2_q[14]_i_174_n_0
    SLICE_X214Y23        LUT6 (Prop_H6LUT_SLICEM_I5_O)
                                                      0.053     5.411 r  vs2_q[14]_i_137/O
                         net (fo=1, routed)           0.061     5.472    vs2_q[14]_i_137_n_0
    SLICE_X214Y23        LUT4 (Prop_B6LUT_SLICEM_I2_O)
                                                      0.149     5.621 r  vs2_q[14]_i_72/O
                         net (fo=1, routed)           2.251     7.872    vs2_q[14]_i_72_n_0
    SLICE_X172Y224       LUT6 (Prop_H6LUT_SLICEL_I1_O)
                                                      0.099     7.971 f  vs2_q[14]_i_22/O
                         net (fo=1, routed)           0.085     8.056    vs2_q[14]_i_22_n_0
    SLICE_X171Y224       LUT5 (Prop_E6LUT_SLICEM_I4_O)
                                                      0.052     8.108 f  vs2_q[14]_i_6/O
                         net (fo=1, routed)           2.289    10.397    vs2_q[14]_i_6_n_0
    SLICE_X78Y175        LUT6 (Prop_D6LUT_SLICEL_I5_O)
                                                      0.050    10.447 r  vs2_q[14]_i_1/O
                         net (fo=1, routed)           0.049    10.496    vs2_q[14]_i_1_n_0
    SLICE_X78Y175        FDRE                                         r  vs2_q_reg[14]/D
  -------------------------------------------------------------------    -------------------

                         (clock clk rise edge)       13.333    13.333 r  
                                                      0.000    13.333 r  clk (IN)
                         net (fo=103218, unset)       0.020    13.353    clk
    SLICE_X78Y175        FDRE                                         r  vs2_q_reg[14]/C
                         clock pessimism              0.000    13.353    
                         clock uncertainty           -0.035    13.318    
    SLICE_X78Y175        FDRE (Setup_DFF_SLICEL_C_D)
                                                      0.025    13.343    vs2_q_reg[14]
  -------------------------------------------------------------------
                         required time                         13.343    
                         arrival time                         -10.496    
  -------------------------------------------------------------------
                         slack                                  2.847    

Slack (MET) :             2.937ns  (required time - arrival time)
  Source:                 u_quant/raddr_r_reg[3]/C
                            (rising edge-triggered cell FDRE clocked by clk  {rise@0.000ns fall@6.667ns period=13.333ns})
  Destination:            vs2_q_reg[13]/D
                            (rising edge-triggered cell FDRE clocked by clk  {rise@0.000ns fall@6.667ns period=13.333ns})
  Path Group:             clk
  Path Type:              Setup (Max at Slow Process Corner)
  Requirement:            13.333ns  (clk rise@13.333ns - clk rise@0.000ns)
  Data Path Delay:        10.377ns  (logic 0.641ns (6.177%)  route 9.736ns (93.823%))
  Logic Levels:           5  (LUT4=1 LUT5=1 LUT6=3)
  Clock Path Skew:        -0.008ns (DCD - SCD + CPR)
    Destination Clock Delay (DCD):    0.020ns = ( 13.353 - 13.333 ) 
    Source Clock Delay      (SCD):    0.028ns
    Clock Pessimism Removal (CPR):    0.000ns
  Clock Uncertainty:      0.035ns  ((TSJ^2 + TIJ^2)^1/2 + DJ) / 2 + PE
    Total System Jitter     (TSJ):    0.071ns
    Total Input Jitter      (TIJ):    0.000ns
    Discrete Jitter          (DJ):    0.000ns
    Phase Error              (PE):    0.000ns

    Location             Delay type                Incr(ns)  Path(ns)    Netlist Resource(s)
  -------------------------------------------------------------------    -------------------
                         (clock clk rise edge)        0.000     0.000 r  
                                                      0.000     0.000 r  clk (IN)
                         net (fo=103218, unset)       0.028     0.028    u_quant/clk
    SLICE_X90Y173        FDRE                                         r  u_quant/raddr_r_reg[3]/C
  -------------------------------------------------------------------    -------------------
    SLICE_X90Y173        FDRE (Prop_DFF2_SLICEL_C_Q)
                                                      0.081     0.109 r  u_quant/raddr_r_reg[3]/Q
                         net (fo=512, routed)         4.850     4.959    kq_raddr[3]
    SLICE_X207Y54        LUT6 (Prop_H6LUT_SLICEL_I2_O)
                                                      0.090     5.049 r  vs2_q[13]_i_117/O
                         net (fo=1, routed)           0.301     5.350    vs2_q[13]_i_117_n_0
    SLICE_X204Y54        LUT4 (Prop_F6LUT_SLICEL_I2_O)
                                                      0.148     5.498 r  vs2_q[13]_i_66/O
                         net (fo=1, routed)           1.908     7.406    vs2_q[13]_i_66_n_0
    SLICE_X168Y225       LUT6 (Prop_G6LUT_SLICEL_I1_O)
                                                      0.149     7.555 f  vs2_q[13]_i_20/O
                         net (fo=1, routed)           0.141     7.696    vs2_q[13]_i_20_n_0
    SLICE_X167Y225       LUT5 (Prop_C6LUT_SLICEM_I1_O)
                                                      0.051     7.747 f  vs2_q[13]_i_6/O
                         net (fo=1, routed)           2.487    10.234    vs2_q[13]_i_6_n_0
    SLICE_X78Y172        LUT6 (Prop_D6LUT_SLICEL_I5_O)
                                                      0.122    10.356 r  vs2_q[13]_i_1/O
                         net (fo=1, routed)           0.049    10.405    vs2_q[13]_i_1_n_0
    SLICE_X78Y172        FDRE                                         r  vs2_q_reg[13]/D
  -------------------------------------------------------------------    -------------------

                         (clock clk rise edge)       13.333    13.333 r  
                                                      0.000    13.333 r  clk (IN)
                         net (fo=103218, unset)       0.020    13.353    clk
    SLICE_X78Y172        FDRE                                         r  vs2_q_reg[13]/C
                         clock pessimism              0.000    13.353    
                         clock uncertainty           -0.035    13.318    
    SLICE_X78Y172        FDRE (Setup_DFF_SLICEL_C_D)
                                                      0.025    13.343    vs2_q_reg[13]
  -------------------------------------------------------------------
                         required time                         13.343    
                         arrival time                         -10.405    
  -------------------------------------------------------------------
                         slack                                  2.937    

Slack (MET) :             2.966ns  (required time - arrival time)
  Source:                 u_quant/raddr_r_reg[3]/C
                            (rising edge-triggered cell FDRE clocked by clk  {rise@0.000ns fall@6.667ns period=13.333ns})
  Destination:            vs2_q_reg[1]/D
                            (rising edge-triggered cell FDRE clocked by clk  {rise@0.000ns fall@6.667ns period=13.333ns})
  Path Group:             clk
  Path Type:              Setup (Max at Slow Process Corner)
  Requirement:            13.333ns  (clk rise@13.333ns - clk rise@0.000ns)
  Data Path Delay:        10.350ns  (logic 0.507ns (4.898%)  route 9.843ns (95.102%))
  Logic Levels:           5  (LUT4=1 LUT5=1 LUT6=3)
  Clock Path Skew:        -0.007ns (DCD - SCD + CPR)
    Destination Clock Delay (DCD):    0.021ns = ( 13.354 - 13.333 ) 
    Source Clock Delay      (SCD):    0.028ns
    Clock Pessimism Removal (CPR):    0.000ns
  Clock Uncertainty:      0.035ns  ((TSJ^2 + TIJ^2)^1/2 + DJ) / 2 + PE
    Total System Jitter     (TSJ):    0.071ns
    Total Input Jitter      (TIJ):    0.000ns
    Discrete Jitter          (DJ):    0.000ns
    Phase Error              (PE):    0.000ns

    Location             Delay type                Incr(ns)  Path(ns)    Netlist Resource(s)
  -------------------------------------------------------------------    -------------------
                         (clock clk rise edge)        0.000     0.000 r  
                                                      0.000     0.000 r  clk (IN)
                         net (fo=103218, unset)       0.028     0.028    u_quant/clk
    SLICE_X90Y173        FDRE                                         r  u_quant/raddr_r_reg[3]/C
  -------------------------------------------------------------------    -------------------
    SLICE_X90Y173        FDRE (Prop_DFF2_SLICEL_C_Q)
                                                      0.081     0.109 r  u_quant/raddr_r_reg[3]/Q
                         net (fo=512, routed)         5.679     5.788    kq_raddr[3]
    SLICE_X209Y8         LUT6 (Prop_H6LUT_SLICEL_I2_O)
                                                      0.124     5.912 r  vs2_q[1]_i_128/O
                         net (fo=1, routed)           0.085     5.997    vs2_q[1]_i_128_n_0
    SLICE_X208Y8         LUT4 (Prop_G6LUT_SLICEM_I3_O)
                                                      0.090     6.087 r  vs2_q[1]_i_69/O
                         net (fo=1, routed)           1.942     8.029    vs2_q[1]_i_69_n_0
    SLICE_X171Y166       LUT6 (Prop_G6LUT_SLICEM_I1_O)
                                                      0.123     8.152 f  vs2_q[1]_i_21/O
                         net (fo=1, routed)           0.085     8.237    vs2_q[1]_i_21_n_0
    SLICE_X172Y166       LUT5 (Prop_C6LUT_SLICEL_I3_O)
                                                      0.050     8.287 f  vs2_q[1]_i_6/O
                         net (fo=1, routed)           1.994    10.281    vs2_q[1]_i_6_n_0
    SLICE_X81Y166        LUT6 (Prop_H6LUT_SLICEM_I5_O)
                                                      0.039    10.320 r  vs2_q[1]_i_1/O
                         net (fo=1, routed)           0.058    10.378    vs2_q[1]_i_1_n_0
    SLICE_X81Y166        FDRE                                         r  vs2_q_reg[1]/D
  -------------------------------------------------------------------    -------------------

                         (clock clk rise edge)       13.333    13.333 r  
                                                      0.000    13.333 r  clk (IN)
                         net (fo=103218, unset)       0.021    13.354    clk
    SLICE_X81Y166        FDRE                                         r  vs2_q_reg[1]/C
                         clock pessimism              0.000    13.354    
                         clock uncertainty           -0.035    13.319    
    SLICE_X81Y166        FDRE (Setup_HFF_SLICEM_C_D)
                                                      0.025    13.344    vs2_q_reg[1]
  -------------------------------------------------------------------
                         required time                         13.344    
                         arrival time                         -10.378    
  -------------------------------------------------------------------
                         slack                                  2.966    

Slack (MET) :             3.089ns  (required time - arrival time)
  Source:                 u_quant/raddr_r_reg[0]/C
                            (rising edge-triggered cell FDRE clocked by clk  {rise@0.000ns fall@6.667ns period=13.333ns})
  Destination:            vs2_q_reg[0]/D
                            (rising edge-triggered cell FDRE clocked by clk  {rise@0.000ns fall@6.667ns period=13.333ns})
  Path Group:             clk
  Path Type:              Setup (Max at Slow Process Corner)
  Requirement:            13.333ns  (clk rise@13.333ns - clk rise@0.000ns)
  Data Path Delay:        10.225ns  (logic 0.723ns (7.071%)  route 9.502ns (92.929%))
  Logic Levels:           6  (LUT4=1 LUT5=1 LUT6=4)
  Clock Path Skew:        -0.009ns (DCD - SCD + CPR)
    Destination Clock Delay (DCD):    0.020ns = ( 13.353 - 13.333 ) 
    Source Clock Delay      (SCD):    0.029ns
    Clock Pessimism Removal (CPR):    0.000ns
  Clock Uncertainty:      0.035ns  ((TSJ^2 + TIJ^2)^1/2 + DJ) / 2 + PE
    Total System Jitter     (TSJ):    0.071ns
    Total Input Jitter      (TIJ):    0.000ns
    Discrete Jitter          (DJ):    0.000ns
    Phase Error              (PE):    0.000ns

    Location             Delay type                Incr(ns)  Path(ns)    Netlist Resource(s)
  -------------------------------------------------------------------    -------------------
                         (clock clk rise edge)        0.000     0.000 r  
                                                      0.000     0.000 r  clk (IN)
                         net (fo=103218, unset)       0.029     0.029    u_quant/clk
    SLICE_X90Y172        FDRE                                         r  u_quant/raddr_r_reg[0]/C
  -------------------------------------------------------------------    -------------------
    SLICE_X90Y172        FDRE (Prop_EFF_SLICEL_C_Q)
                                                      0.079     0.108 r  u_quant/raddr_r_reg[0]/Q
                         net (fo=2048, routed)        5.233     5.341    kq_raddr[0]
    SLICE_X195Y17        LUT6 (Prop_B6LUT_SLICEL_I4_O)
                                                      0.051     5.392 r  vs2_q[0]_i_167/O
                         net (fo=1, routed)           0.259     5.651    vs2_q[0]_i_167_n_0
    SLICE_X197Y14        LUT6 (Prop_H6LUT_SLICEM_I0_O)
                                                      0.101     5.752 r  vs2_q[0]_i_128/O
                         net (fo=1, routed)           0.179     5.931    vs2_q[0]_i_128_n_0
    SLICE_X196Y14        LUT4 (Prop_F6LUT_SLICEM_I3_O)
                                                      0.123     6.054 r  vs2_q[0]_i_69/O
                         net (fo=1, routed)           1.697     7.751    vs2_q[0]_i_69_n_0
    SLICE_X166Y134       LUT6 (Prop_H6LUT_SLICEM_I1_O)
                                                      0.125     7.876 f  vs2_q[0]_i_21/O
                         net (fo=1, routed)           0.110     7.986    vs2_q[0]_i_21_n_0
    SLICE_X165Y135       LUT5 (Prop_F6LUT_SLICEL_I3_O)
                                                      0.148     8.134 f  vs2_q[0]_i_6/O
                         net (fo=1, routed)           1.974    10.108    vs2_q[0]_i_6_n_0
    SLICE_X78Y169        LUT6 (Prop_C6LUT_SLICEL_I5_O)
                                                      0.096    10.204 r  vs2_q[0]_i_1/O
                         net (fo=1, routed)           0.050    10.254    vs2_q[0]_i_1_n_0
    SLICE_X78Y169        FDRE                                         r  vs2_q_reg[0]/D
  -------------------------------------------------------------------    -------------------

                         (clock clk rise edge)       13.333    13.333 r  
                                                      0.000    13.333 r  clk (IN)
                         net (fo=103218, unset)       0.020    13.353    clk
    SLICE_X78Y169        FDRE                                         r  vs2_q_reg[0]/C
                         clock pessimism              0.000    13.353    
                         clock uncertainty           -0.035    13.318    
    SLICE_X78Y169        FDRE (Setup_CFF_SLICEL_C_D)
                                                      0.025    13.343    vs2_q_reg[0]
  -------------------------------------------------------------------
                         required time                         13.343    
                         arrival time                         -10.254    
  -------------------------------------------------------------------
                         slack                                  3.089    





Pulse Width Checks
--------------------------------------------------------------------------------------
Clock Name:         clk
Waveform(ns):       { 0.000 6.667 }
Period(ns):         13.333
Sources:            { clk }

Check Type        Corner  Lib Pin             Reference Pin  Required(ns)  Actual(ns)  Slack(ns)  Location      Pin
Min Period        n/a     RAMB36E2/CLKARDCLK  n/a            1.569         13.333      11.764     RAMB36_X5Y36  ypre_reg_bram_0/CLKARDCLK
Min Period        n/a     RAMB36E2/CLKARDCLK  n/a            1.569         13.333      11.764     RAMB36_X5Y37  ypre_reg_bram_1/CLKARDCLK
Min Period        n/a     RAMB36E2/CLKARDCLK  n/a            1.569         13.333      11.764     RAMB36_X5Y38  ypre_reg_bram_2/CLKARDCLK
Min Period        n/a     RAMB36E2/CLKBWRCLK  n/a            1.355         13.333      11.978     RAMB36_X5Y36  ypre_reg_bram_0/CLKBWRCLK
Min Period        n/a     RAMB36E2/CLKBWRCLK  n/a            1.355         13.333      11.978     RAMB36_X5Y37  ypre_reg_bram_1/CLKBWRCLK
Low Pulse Width   Slow    RAMB36E2/CLKARDCLK  n/a            0.542         6.667       6.125      RAMB36_X5Y36  ypre_reg_bram_0/CLKARDCLK
Low Pulse Width   Fast    RAMB36E2/CLKARDCLK  n/a            0.542         6.667       6.125      RAMB36_X5Y36  ypre_reg_bram_0/CLKARDCLK
Low Pulse Width   Slow    RAMB36E2/CLKBWRCLK  n/a            0.542         6.667       6.125      RAMB36_X5Y36  ypre_reg_bram_0/CLKBWRCLK
Low Pulse Width   Fast    RAMB36E2/CLKBWRCLK  n/a            0.542         6.667       6.125      RAMB36_X5Y36  ypre_reg_bram_0/CLKBWRCLK
Low Pulse Width   Slow    RAMB36E2/CLKARDCLK  n/a            0.542         6.667       6.125      RAMB36_X5Y37  ypre_reg_bram_1/CLKARDCLK
High Pulse Width  Slow    RAMB36E2/CLKARDCLK  n/a            0.542         6.667       6.125      RAMB36_X5Y36  ypre_reg_bram_0/CLKARDCLK
High Pulse Width  Fast    RAMB36E2/CLKARDCLK  n/a            0.542         6.667       6.125      RAMB36_X5Y36  ypre_reg_bram_0/CLKARDCLK
High Pulse Width  Slow    RAMB36E2/CLKBWRCLK  n/a            0.542         6.667       6.125      RAMB36_X5Y36  ypre_reg_bram_0/CLKBWRCLK
High Pulse Width  Fast    RAMB36E2/CLKBWRCLK  n/a            0.542         6.667       6.125      RAMB36_X5Y36  ypre_reg_bram_0/CLKBWRCLK
High Pulse Width  Slow    RAMB36E2/CLKARDCLK  n/a            0.542         6.667       6.125      RAMB36_X5Y37  ypre_reg_bram_1/CLKARDCLK



