Copyright 1986-2022 Xilinx, Inc. All Rights Reserved. Copyright 2022-2023 Advanced Micro Devices, Inc. All Rights Reserved.
--------------------------------------------------------------------------------------------------------------------------------------------------
| Tool Version      : Vivado v.2023.2 (lin64) Build 4029153 Fri Oct 13 20:13:54 MDT 2023
| Date              : Mon Oct  5 22:14:25 2026
| Host              : cachyos-bc250 running 64-bit CachyOS
| Command           : report_exceptions -file /home/labuser/jcl_ooc/r4/exceptions.rpt
| Design            : jc_loader_core
| Device            : xcvu35p-fsvh2104
| Speed File        : -1  PRODUCTION 1.30 05-01-2022
| Design State      : Routed
| Temperature Grade : E
--------------------------------------------------------------------------------------------------------------------------------------------------

Exceptions Report

Position  From               Through         To                                                                      Setup           Hold            Status           
--------  -----------------  --------------  ----------------------------------------------------------------------  --------------  --------------  -----------------
6         [get_clocks aclk]  *               [get_cells -quiet -hierarchical -filter {NAME =~ "sync/st_r_reg*"}]     max_dpo=37.037  -               
7         [get_clocks aclk]  *               [get_cells -quiet -hierarchical -filter {NAME =~ "sync/tgl_s1_reg"}]    max_dpo=5       -               
8         [get_clocks tck]   *               [get_cells -quiet -hierarchical -filter {NAME =~ "sync/ack_s1_reg"}]    max_dpo=5       -               
9         [get_clocks tck]   *               [get_cells -quiet -hierarchical -filter {NAME =~ "fifo/wp_g_s1_reg*"}]  max_dpo=5       -               
11        [get_clocks aclk]  *               [get_cells -quiet -hierarchical -filter {NAME =~ "fifo/rp_g_s1_reg*"}]  max_dpo=5       -               
13        [get_clocks aclk]  *               [get_cells -quiet -hierarchical -filter {NAME =~ "trst_s1_reg"}]        max_dpo=5       -               
14        *                  *               [get_pins -quiet -hierarchical -filter {NAME =~ "trip_s1_reg/D"}]       false           false           

