unit=jcl_ooc4.service cgroup=/sys/fs/cgroup/user.slice/user-1000.slice/user@1000.service/app.slice/jcl_ooc4.service requested_cap=11G swap_kill=4294967296
readback MemoryHigh=11811160064
readback memory.high=11811160064
sample 1791252641 current=2723840 swap.current=0 memory.peak=3846144
sample 1791252643 current=118353920 swap.current=0 memory.peak=118362112
sample 1791252645 current=420462592 swap.current=0 memory.peak=420986880
sample 1791252647 current=429338624 swap.current=0 memory.peak=429342720
sample 1791252649 current=428818432 swap.current=0 memory.peak=429342720
sample 1791252651 current=430915584 swap.current=0 memory.peak=430915584
sample 1791252653 current=474497024 swap.current=0 memory.peak=474497024
sample 1791252655 current=711122944 swap.current=0 memory.peak=712171520
sample 1791252657 current=1188225024 swap.current=0 memory.peak=1188958208
sample 1791252659 current=1333628928 swap.current=0 memory.peak=1334677504
sample 1791252661 current=1418493952 swap.current=0 memory.peak=1438679040
sample 1791252663 current=2038620160 swap.current=0 memory.peak=2042028032
sample 1791252665 current=2467209216 swap.current=0 memory.peak=2467209216
sample 1791252667 current=2492391424 swap.current=0 memory.peak=2525425664
sample 1791252669 current=2494488576 swap.current=0 memory.peak=2525425664
sample 1791252671 current=2494488576 swap.current=0 memory.peak=2525425664
sample 1791252673 current=2494488576 swap.current=0 memory.peak=2525425664
sample 1791252675 current=2541936640 swap.current=0 memory.peak=2541936640
sample 1791252677 current=2678284288 swap.current=0 memory.peak=2678284288
sample 1791252679 current=2704498688 swap.current=0 memory.peak=2704498688
sample 1791252681 current=2704498688 swap.current=0 memory.peak=2704498688
sample 1791252683 current=2704416768 swap.current=0 memory.peak=2704498688
sample 1791252685 current=2704678912 swap.current=0 memory.peak=2704678912
sample 1791252687 current=2704678912 swap.current=0 memory.peak=2704678912
sample 1791252689 current=2704678912 swap.current=0 memory.peak=2704678912
sample 1791252691 current=2720145408 swap.current=0 memory.peak=2720145408
sample 1791252693 current=2720407552 swap.current=0 memory.peak=2720407552
sample 1791252695 current=2737123328 swap.current=0 memory.peak=2737184768
sample 1791252697 current=2737123328 swap.current=0 memory.peak=2737184768
sample 1791252699 current=2737033216 swap.current=0 memory.peak=2737184768
sample 1791252701 current=2383929344 swap.current=0 memory.peak=2737221632
sample 1791252703 current=2388443136 swap.current=0 memory.peak=2737221632
sample 1791252705 current=2389925888 swap.current=0 memory.peak=2737221632
sample 1791252708 current=2389749760 swap.current=0 memory.peak=2737221632
sample 1791252710 current=2409336832 swap.current=0 memory.peak=2737221632
sample 1791252712 current=2575536128 swap.current=0 memory.peak=2737221632
sample 1791252714 current=2619314176 swap.current=0 memory.peak=2737221632
sample 1791252716 current=2720239616 swap.current=0 memory.peak=2737221632
sample 1791252718 current=2726006784 swap.current=0 memory.peak=2737221632
sample 1791252720 current=2726006784 swap.current=0 memory.peak=2737221632
sample 1791252722 current=2946469888 swap.current=0 memory.peak=2949091328
sample 1791252724 current=3205328896 swap.current=0 memory.peak=3205328896
sample 1791252726 current=3206107136 swap.current=0 memory.peak=3206107136
sample 1791252728 current=3450159104 swap.current=0 memory.peak=3450159104
sample 1791252730 current=3451731968 swap.current=0 memory.peak=3451731968
sample 1791252732 current=3495804928 swap.current=0 memory.peak=3495804928
sample 1791252734 current=3498250240 swap.current=0 memory.peak=3498295296
sample 1791252736 current=3498110976 swap.current=0 memory.peak=3498295296
sample 1791252738 current=3588800512 swap.current=0 memory.peak=3589206016
sample 1791252740 current=3649753088 swap.current=0 memory.peak=3651600384
sample 1791252742 current=3646148608 swap.current=0 memory.peak=3651600384
sample 1791252744 current=3728846848 swap.current=0 memory.peak=3728863232
sample 1791252746 current=3730038784 swap.current=0 memory.peak=3735367680
sample 1791252748 current=4114862080 swap.current=0 memory.peak=4114862080
sample 1791252750 current=4131332096 swap.current=0 memory.peak=4131332096
sample 1791252752 current=4131389440 swap.current=0 memory.peak=4131573760
sample 1791252754 current=4136407040 swap.current=0 memory.peak=4137218048
sample 1791252756 current=4135620608 swap.current=0 memory.peak=4150718464
sample 1791252758 current=4132397056 swap.current=0 memory.peak=4150718464
sample 1791252760 current=4469702656 swap.current=0 memory.peak=4469702656
sample 1791252762 current=4471910400 swap.current=0 memory.peak=4472508416
sample 1791252764 current=4478599168 swap.current=0 memory.peak=4479299584
sample 1791252766 current=4475813888 swap.current=0 memory.peak=4481679360
sample 1791252768 current=4477726720 swap.current=0 memory.peak=4481679360
sample 1791252770 current=4476313600 swap.current=0 memory.peak=4481679360
sample 1791252772 current=4477538304 swap.current=0 memory.peak=4481679360
sample 1791252774 current=4477751296 swap.current=0 memory.peak=4481679360
sample 1791252776 current=4477669376 swap.current=0 memory.peak=4481679360
sample 1791252778 current=4478316544 swap.current=0 memory.peak=4481679360
sample 1791252780 current=4478132224 swap.current=0 memory.peak=4481679360
sample 1791252782 current=4477476864 swap.current=0 memory.peak=4481679360
sample 1791252784 current=4449263616 swap.current=0 memory.peak=4481679360
sample 1791252786 current=4477390848 swap.current=0 memory.peak=4481679360
sample 1791252788 current=4477378560 swap.current=0 memory.peak=4481679360
sample 1791252790 current=4478111744 swap.current=0 memory.peak=4481679360
sample 1791252792 current=4478431232 swap.current=0 memory.peak=4481679360
sample 1791252794 current=4478431232 swap.current=0 memory.peak=4481679360
sample 1791252796 current=4478431232 swap.current=0 memory.peak=4481679360
sample 1791252798 current=4477919232 swap.current=0 memory.peak=4481679360
sample 1791252800 current=4478099456 swap.current=0 memory.peak=4481679360
sample 1791252802 current=4478021632 swap.current=0 memory.peak=4481679360
sample 1791252804 current=4477358080 swap.current=0 memory.peak=4481679360
sample 1791252806 current=4478324736 swap.current=0 memory.peak=4481679360
sample 1791252808 current=4477534208 swap.current=0 memory.peak=4481679360
sample 1791252810 current=4477693952 swap.current=0 memory.peak=4481679360
sample 1791252812 current=4481609728 swap.current=0 memory.peak=4481679360
sample 1791252814 current=4480176128 swap.current=0 memory.peak=4481679360
sample 1791252816 current=4479840256 swap.current=0 memory.peak=4481679360
sample 1791252818 current=4479840256 swap.current=0 memory.peak=4481679360
sample 1791252820 current=4479840256 swap.current=0 memory.peak=4481679360
sample 1791252822 current=4479840256 swap.current=0 memory.peak=4481679360
sample 1791252824 current=4479635456 swap.current=0 memory.peak=4481679360
sample 1791252826 current=4479897600 swap.current=0 memory.peak=4481679360
sample 1791252828 current=4479897600 swap.current=0 memory.peak=4481679360
sample 1791252830 current=4479897600 swap.current=0 memory.peak=4481679360
sample 1791252832 current=4479897600 swap.current=0 memory.peak=4481679360
sample 1791252834 current=4479897600 swap.current=0 memory.peak=4481679360
sample 1791252836 current=4480159744 swap.current=0 memory.peak=4481679360
sample 1791252838 current=4482904064 swap.current=0 memory.peak=4483321856
sample 1791252840 current=4483149824 swap.current=0 memory.peak=4483321856
sample 1791252842 current=4483039232 swap.current=0 memory.peak=4483321856
sample 1791252844 current=4482408448 swap.current=0 memory.peak=4483321856
sample 1791252846 current=4482543616 swap.current=0 memory.peak=4483321856
sample 1791252848 current=4482560000 swap.current=0 memory.peak=4483321856
sample 1791252850 current=4645228544 swap.current=0 memory.peak=4645228544
sample 1791252852 current=4672221184 swap.current=0 memory.peak=4672229376
sample 1791252854 current=4672049152 swap.current=0 memory.peak=4672315392
sample 1791252856 current=4672241664 swap.current=0 memory.peak=4672315392
sample 1791252858 current=4672241664 swap.current=0 memory.peak=4672315392
sample 1791252860 current=4672229376 swap.current=0 memory.peak=4672495616
sample 1791252863 current=4674584576 swap.current=0 memory.peak=4689723392
sample 1791252865 current=4674838528 swap.current=0 memory.peak=4689723392
sample 1791252867 current=4674826240 swap.current=0 memory.peak=4689723392
sample 1791252869 current=4670562304 swap.current=0 memory.peak=4689723392
sample 1791252871 current=4670464000 swap.current=0 memory.peak=4689723392
sample 1791252873 current=4670423040 swap.current=0 memory.peak=4689723392
sample 1791252875 current=4670201856 swap.current=0 memory.peak=4689723392
sample 1791252877 current=4669726720 swap.current=0 memory.peak=4689723392
sample 1791252879 current=4669329408 swap.current=0 memory.peak=4689723392
sampled_peak_current=4674838528 sampled_peak_swap=0 last_memory.peak=4689723392
RC=0
