Copyright 1986-2022 Xilinx, Inc. All Rights Reserved. Copyright 2022-2023 Advanced Micro Devices, Inc. All Rights Reserved.
---------------------------------------------------------------------------------------------------------------------------------------------
| Tool Version : Vivado v.2023.2 (lin64) Build 4029153 Fri Oct 13 20:13:54 MDT 2023
| Date         : Mon Oct  5 22:14:22 2026
| Host         : cachyos-bc250 running 64-bit CachyOS
| Command      : report_utilization -hierarchical -file /home/labuser/jcl_ooc/r4/util_routed_hier.rpt
| Design       : jc_loader_core
| Device       : xcvu35p-fsvh2104-1-e
| Speed File   : -1
| Design State : Routed
---------------------------------------------------------------------------------------------------------------------------------------------

Utilization Design Information

Table of Contents
-----------------
1. Utilization by Hierarchy

1. Utilization by Hierarchy
---------------------------

+--------------------+----------------+------------+------------+---------+------+------+--------+--------+------+------------+
|      Instance      |     Module     | Total LUTs | Logic LUTs | LUTRAMs | SRLs |  FFs | RAMB36 | RAMB18 | URAM | DSP Blocks |
+--------------------+----------------+------------+------------+---------+------+------+--------+--------+------+------------+
| jc_loader_core     |          (top) |       1171 |       1023 |     148 |    0 | 2635 |      8 |      0 |    0 |          0 |
|   (jc_loader_core) |          (top) |          0 |          0 |       0 |    0 |   10 |      0 |      0 |    0 |          0 |
|   cu               |     jc_hbm_crc |        377 |        377 |       0 |    0 |  434 |      0 |      0 |    0 |          0 |
|   dnar             |  jc_dna_reader |         20 |         20 |       0 |    0 |  209 |      0 |      0 |    0 |          0 |
|   fifo             |     async_fifo |        208 |         60 |     148 |    0 |   70 |      4 |      0 |    0 |          0 |
|   rx               |  jc_frame_core |        396 |        396 |       0 |    0 | 1010 |      0 |      0 |    0 |          0 |
|   sync             | jc_status_sync |          3 |          3 |       0 |    0 |  592 |      0 |      0 |    0 |          0 |
|   wr               |  jc_hbm_writer |        168 |        168 |       0 |    0 |  310 |      4 |      0 |    0 |          0 |
+--------------------+----------------+------------+------------+---------+------+------+--------+--------+------+------------+
* Note: The sum of lower-level cells may be larger than their parent cells total, due to cross-hierarchy LUT combining


