Copyright 1986-2022 Xilinx, Inc. All Rights Reserved. Copyright 2022-2023 Advanced Micro Devices, Inc. All Rights Reserved.
---------------------------------------------------------------------------------------------------------------------------------------------
| Tool Version : Vivado v.2023.2 (lin64) Build 4029153 Fri Oct 13 20:13:54 MDT 2023
| Date         : Wed Sep 23 13:36:41 2026
| Host         : cachyos-bc250 running 64-bit CachyOS
| Command      : report_utilization -hierarchical -file /home/labuser/probe27b/out/optutil_hier_attn27.rpt
| Design       : attn_block
| Device       : xcvu33p-fsvh2104-2L-e
| Speed File   : -2L
| Design State : Optimized
---------------------------------------------------------------------------------------------------------------------------------------------

Utilization Design Information

Table of Contents
-----------------
1. Utilization by Hierarchy

1. Utilization by Hierarchy
---------------------------

+--------------------+-------------------+------------+------------+---------+------+--------+--------+--------+------+------------+
|      Instance      |       Module      | Total LUTs | Logic LUTs | LUTRAMs | SRLs |   FFs  | RAMB36 | RAMB18 | URAM | DSP Blocks |
+--------------------+-------------------+------------+------------+---------+------+--------+--------+--------+------+------------+
| attn_block         |             (top) |     116949 |     116853 |      64 |   32 | 130927 |      4 |     23 |    0 |        430 |
|   (attn_block)     |             (top) |      26623 |      26623 |       0 |    0 |  59432 |      4 |      1 |    0 |          0 |
|   gen_head[0].u_sm |   attn_softmax__1 |        340 |        339 |       0 |    1 |    399 |      0 |      3 |    0 |          2 |
|   gen_head[0].u_sq | attn_score_q12__1 |        715 |        715 |       0 |    0 |    445 |      0 |      0 |    0 |          0 |
|   gen_head[1].u_sm |   attn_softmax__2 |        340 |        339 |       0 |    1 |    399 |      0 |      3 |    0 |          2 |
|   gen_head[1].u_sq | attn_score_q12__2 |        715 |        715 |       0 |    0 |    445 |      0 |      0 |    0 |          0 |
|   gen_head[2].u_sm |   attn_softmax__3 |        340 |        339 |       0 |    1 |    399 |      0 |      3 |    0 |          2 |
|   gen_head[2].u_sq | attn_score_q12__3 |        715 |        715 |       0 |    0 |    445 |      0 |      0 |    0 |          0 |
|   gen_head[3].u_sm |   attn_softmax__4 |        340 |        339 |       0 |    1 |    399 |      0 |      3 |    0 |          2 |
|   gen_head[3].u_sq | attn_score_q12__4 |        715 |        715 |       0 |    0 |    445 |      0 |      0 |    0 |          0 |
|   gen_head[4].u_sm |   attn_softmax__5 |        340 |        339 |       0 |    1 |    399 |      0 |      3 |    0 |          2 |
|   gen_head[4].u_sq | attn_score_q12__5 |        715 |        715 |       0 |    0 |    445 |      0 |      0 |    0 |          0 |
|   gen_head[5].u_sm |      attn_softmax |        340 |        339 |       0 |    1 |    399 |      0 |      3 |    0 |          2 |
|   gen_head[5].u_sq |    attn_score_q12 |        715 |        715 |       0 |    0 |    445 |      0 |      0 |    0 |          0 |
|   u_arr            |    attn_mac_array |      76535 |      76535 |       0 |    0 |  58871 |      0 |      0 |    0 |        384 |
|   u_emit           |         attn_emit |        462 |        441 |       8 |   13 |    394 |      0 |      0 |    0 |          0 |
|   u_gate           |         attn_gate |        789 |        789 |       0 |    0 |    890 |      0 |      2 |    0 |          4 |
|   u_norm           |        rmsnorm_rs |       5471 |       5471 |       0 |    0 |   5306 |      0 |      0 |    0 |         22 |
|   u_quant          |     attn_kv_quant |        227 |        207 |      12 |    8 |    314 |      0 |      0 |    0 |          0 |
|   u_recip          |        attn_recip |        154 |        154 |       0 |    0 |    306 |      0 |      0 |    0 |          0 |
|     (u_recip)      |        attn_recip |         77 |         77 |       0 |    0 |    156 |      0 |      0 |    0 |          0 |
|     u_div          |        divider_rs |         77 |         77 |       0 |    0 |    150 |      0 |      0 |    0 |          0 |
|   u_rope           |         attn_rope |        253 |        204 |      44 |    5 |    150 |      0 |      0 |    0 |          4 |
|   u_tw             |      attn_twiddle |        105 |        105 |       0 |    0 |    200 |      0 |      2 |    0 |          4 |
+--------------------+-------------------+------------+------------+---------+------+--------+--------+--------+------+------------+


