== reload 23:46:34
crw-rw---- 1 root fk33 510, 1 Sep 22 23:47 /dev/xdma0_control
crw------- 1 root root 510, 0 Sep 22 23:47 /dev/xdma0_user
FK33_PCI_UP
BUS_UP_OK
== seam 23:47:29
  in spec

Cross-check this against hw/fk33/pcieep.sh --check, which reads the
same registers over JTAG.  Agreement proves the PCIe MMIO path end
== weights 23:47:29
extents      6974 of 6974 digested
PASS  the image on the card is the image the manifest describes (251 of 251 objects read and checked)
image record written at 0x1ffb03e00: 7f9e57e300d7beb3c1967bd56e87f3a3
      the card now answers `which image is resident` with this manifest's placement
== control (one run) 23:47:43
prefill    20 ids, pos 20, first argmax 0, exp 44
timing     83 GOs: run_chunk 24.521 s (of which STATUS wait 24.520 s over 228071 polls), X pushes 0.099 s, wall since st
== tok0 23:48:08
/mnt/storage/fk33_builds/build17/silicon_diag3b/tok0.out:prefill    1 ids, pos 1, first argmax 0, exp 43
/mnt/storage/fk33_builds/build17/silicon_diag3b/tok0.out:decode     1 ids generated, pos 1, stopped at --max-new
/mnt/storage/fk33_builds/build17/silicon_diag3b/tok0.out:timing     1 GOs: run_chunk 0.294 s (of which STATUS wait 0.294 s over 2741 polls),
/mnt/storage/fk33_builds/build17/silicon_diag3b/tok0.out:xout       R_X after the last GO: exp 14, 4096 mantissas -> /mnt/storage/fk33_build
card exp 14 n 4096  first [0, 0, 0, 0, 0, 0]  nonzero 0
mismatching mantissas 4092 of 4096; max |delta| 28810
XOUT_VS_REF: FAIL
E2_DONE 23:48:08
