Copyright 1986-2022 Xilinx, Inc. All Rights Reserved. Copyright 2022-2023 Advanced Micro Devices, Inc. All Rights Reserved.
---------------------------------------------------------------------------------------------------------------------------------------------
| Tool Version : Vivado v.2023.2 (lin64) Build 4029153 Fri Oct 13 20:13:54 MDT 2023
| Date         : Sun Aug 30 23:17:55 2026
| Host         : cachyos-bc250 running 64-bit CachyOS
| Command      : report_utilization -hierarchical -file /home/labuser/gwtwo/out/synthutil_hier_gw8.rpt
| Design       : ooc_normadapt
| Device       : xcvu33p-fsvh2104-2L-e
| Speed File   : -2L
| Design State : Synthesized
---------------------------------------------------------------------------------------------------------------------------------------------

Utilization Design Information

Table of Contents
-----------------
1. Utilization by Hierarchy

1. Utilization by Hierarchy
---------------------------

+-------------------+----------------+------------+------------+---------+------+------+--------+--------+------+------------+
|      Instance     |     Module     | Total LUTs | Logic LUTs | LUTRAMs | SRLs |  FFs | RAMB36 | RAMB18 | URAM | DSP Blocks |
+-------------------+----------------+------------+------------+---------+------+------+--------+--------+------+------------+
| ooc_normadapt     |          (top) |       5277 |       5277 |       0 |    0 | 2133 |    226 |     12 |    0 |         41 |
|   (ooc_normadapt) |          (top) |        482 |        482 |       0 |    0 |  567 |    226 |      0 |    0 |          1 |
|   gvr.u_rms       | rmsnorm_rs_mem |       4795 |       4795 |       0 |    0 | 1566 |      0 |     12 |    0 |         40 |
|     (gvr.u_rms)   | rmsnorm_rs_mem |       4795 |       4795 |       0 |    0 | 1566 |      0 |      0 |    0 |         40 |
|     gbank[0].uo   |     vec_mem__3 |          0 |          0 |       0 |    0 |    0 |      0 |      1 |    0 |          0 |
|     gbank[0].uw   |     vec_mem__2 |          0 |          0 |       0 |    0 |    0 |      0 |      1 |    0 |          0 |
|     gbank[0].ux   |     vec_mem__1 |          0 |          0 |       0 |    0 |    0 |      0 |      1 |    0 |          0 |
|     gbank[1].uo   |     vec_mem__6 |          0 |          0 |       0 |    0 |    0 |      0 |      1 |    0 |          0 |
|     gbank[1].uw   |     vec_mem__5 |          0 |          0 |       0 |    0 |    0 |      0 |      1 |    0 |          0 |
|     gbank[1].ux   |     vec_mem__4 |          0 |          0 |       0 |    0 |    0 |      0 |      1 |    0 |          0 |
|     gbank[2].uo   |     vec_mem__9 |          0 |          0 |       0 |    0 |    0 |      0 |      1 |    0 |          0 |
|     gbank[2].uw   |     vec_mem__8 |          0 |          0 |       0 |    0 |    0 |      0 |      1 |    0 |          0 |
|     gbank[2].ux   |     vec_mem__7 |          0 |          0 |       0 |    0 |    0 |      0 |      1 |    0 |          0 |
|     gbank[3].uo   |        vec_mem |          0 |          0 |       0 |    0 |    0 |      0 |      1 |    0 |          0 |
|     gbank[3].uw   |    vec_mem__11 |          0 |          0 |       0 |    0 |    0 |      0 |      1 |    0 |          0 |
|     gbank[3].ux   |    vec_mem__10 |          0 |          0 |       0 |    0 |    0 |      0 |      1 |    0 |          0 |
+-------------------+----------------+------------+------------+---------+------+------+--------+--------+------+------------+


