Copyright 1986-2022 Xilinx, Inc. All Rights Reserved. Copyright 2022-2023 Advanced Micro Devices, Inc. All Rights Reserved.
---------------------------------------------------------------------------------------------------------------------------------------------
| Tool Version : Vivado v.2023.2 (lin64) Build 4029153 Fri Oct 13 20:13:54 MDT 2023
| Date         : Thu Sep 17 19:03:48 2026
| Host         : Oren-Dell-Ubuntu running 64-bit Ubuntu 22.04.5 LTS
| Command      : report_design_analysis -congestion -file fk33_pcieep_congestion.rpt
| Design       : bd_wrapper
| Device       : xcvu33p
| Design State : Routed
---------------------------------------------------------------------------------------------------------------------------------------------

Report Design Analysis

Table of Contents
-----------------
1. Placer Final Level Congestion Reporting
2. Router Initial Congestion
3. SLR Net Crossing Reporting

1. Placer Final Level Congestion Reporting
------------------------------------------

+-----------+--------+-------+--------------------------------+---------------+---------------+-----+--------+------+------+------+------+------+-------+-----+-------------------------------------------------------------------------------------------------------------+
| Direction |  Type  | Level |             Window             | Combined LUTs | Avg LUT Input | LUT | LUTRAM | Flop | MUXF | RAMB | URAM |  DSP | CARRY | SRL |                                                  Cell Names                                                 |
+-----------+--------+-------+--------------------------------+---------------+---------------+-----+--------+------+------+------+------+------+-------+-----+-------------------------------------------------------------------------------------------------------------+
| South     | Global |     5 | (CLEL_R_X84Y62,DSP_X100Y90)    |            6% |         2.992 | 69% | 24%    |  30% |   4% | 100% | 50%  | 100% |   49% |  0% | bd_i/eng/inst/eng/dut/core(65%),bd_i/card/inst/u/gcr.u_attn/u_arr(20%)                                      |
| South     | Global |     6 | (CLEL_R_X53Y45,CLEM_X85Y108)   |            2% |         2.876 | 61% | 23%    |  31% |  11% | 28%  | 0%   | 100% |   29% |  0% | bd_i/eng/inst/eng/dut/core(38%),bd_i/card/inst/u/gcr.u_attn/u_arr(34%),bd_i/card/inst/u/gcr.u_attn(11%)     |
| East      | Global |     5 | (CLEL_R_X74Y86,CLEL_R_X90Y117) |            0% |         2.763 | 66% | 34%    |  23% |  11% | 50%  | 0%   | 100% |   45% |  0% | bd_i/eng/inst/eng/dut/core(49%),bd_i/card/inst/u/gcr.u_attn/u_arr(38%),bd_i/card/inst/u(8%)                 |
| West      | Global |     5 | (CLEM_X77Y52,CLEM_X93Y83)      |            9% |         2.850 | 66% | 28%    |  31% |   3% | 100% | 0%   | 100% |   42% |  0% | bd_i/eng/inst/eng/dut/core(62%),bd_i/card/inst/u/gcr.gkvaxi.u_kv(10%),bd_i/card/inst/u/gcr.u_attn/u_arr(9%) |
| West      | Global |     6 | (CLEM_X48Y32,CLEM_X79Y95)      |            4% |         2.968 | 60% | 19%    |  35% |   9% | 34%  | 0%   | 100% |   22% |  0% | bd_i/eng/inst/eng/dut/core(32%),bd_i/card/inst/u/gcr.u_attn/u_arr(24%),bd_i/card/inst/u/gcr.u_attn(17%)     |
| North     | Long   |     5 | (CLEL_R_X84Y119,DSP_X100Y150)  |            1% |         3.175 | 69% | 40%    |  30% |   6% | 85%  | 0%   | 100% |   32% |  0% | bd_i/eng/inst/eng/dut/core(70%),bd_i/card/inst/u/gcr.u_attn/u_arr(10%),bd_i/card/inst/u(7%)                 |
| South     | Long   |     5 | (CLEL_R_X83Y59,CLEL_R_X99Y90)  |            7% |         3.009 | 70% | 24%    |  31% |   4% | 100% | 66%  | 100% |   49% |  0% | bd_i/eng/inst/eng/dut/core(65%),bd_i/card/inst/u/gcr.u_attn/u_arr(17%),bd_i/card/inst/u/gcr.gkvaxi.u_kv(6%) |
| South     | Long   |     6 | (CLEL_R_X53Y47,CLEM_X85Y110)   |            2% |         2.870 | 61% | 23%    |  31% |  11% | 25%  | 0%   | 100% |   29% |  0% | bd_i/eng/inst/eng/dut/core(38%),bd_i/card/inst/u/gcr.u_attn/u_arr(35%),bd_i/card/inst/u/gcr.u_attn(10%)     |
| East      | Long   |     5 | (CLEM_X72Y86,CLEM_X87Y117)     |            1% |         2.844 | 64% | 36%    |  23% |  12% | 50%  | 0%   | 100% |   38% |  0% | bd_i/eng/inst/eng/dut/core(47%),bd_i/card/inst/u/gcr.u_attn/u_arr(40%),bd_i/card/inst/u(9%)                 |
| West      | Long   |     5 | (CLEL_R_X74Y52,CLEL_R_X90Y83)  |            8% |         2.880 | 67% | 26%    |  28% |   3% | 33%  | 0%   | 100% |   45% |  0% | bd_i/eng/inst/eng/dut/core(61%),bd_i/card/inst/u/gcr.gkvaxi.u_kv(9%),bd_i/card/inst/u/gcr.u_attn/u_arr(8%)  |
| West      | Long   |     6 | (CLEL_R_X47Y32,CLEL_R_X78Y95)  |            4% |         2.980 | 61% | 19%    |  35% |   8% | 34%  | 0%   | 100% |   23% |  0% | bd_i/eng/inst/eng/dut/core(32%),bd_i/card/inst/u/gcr.u_attn/u_arr(24%),bd_i/card/inst/u/gcr.u_attn(17%)     |
| South     | Short  |     5 | (CLEL_R_X84Y47,DSP_X100Y75)    |           13% |         3.333 | 72% | 22%    |  35% |   4% | 100% | 100% | 100% |   37% |  0% | bd_i/eng/inst/eng/dut/core(63%),bd_i/card/inst/u/gcr.gkvaxi.u_kv(17%),bd_i/card/inst/u/gcr.u_attn/u_arr(7%) |
| East      | Short  |     5 | (CLEL_R_X28Y2,CLEL_L_X44Y33)   |           28% |         2.474 | 49% | 42%    |  52% |   0% | 100% | NA   | 100% |    9% |  0% | bd_i/pcie2hbm/inst(57%),bd_i/eng/inst/eng/dut/streamer(17%),bd_i(13%)                                       |
| East      | Short  |     6 | (CLEL_R_X34Y3,CLEL_R_X66Y66)   |           14% |         2.654 | 54% | 28%    |  46% |   3% | 92%  | 0%   | 100% |   14% |  1% | bd_i/pcie2hbm/inst(38%),bd_i/eng/inst/eng/dut/core(22%),bd_i/card/inst/u/gcr.u_attn(10%)                    |
| East      | Short  |     7 | (CLEL_R_X9Y5,HPIO_L_X73Y120)   |            8% |         2.826 | 57% | 27%    |  40% |   6% | 56%  | 0%   | 88%  |   15% |  0% | bd_i/eng/inst/eng/dut/core(22%),bd_i/pcie2hbm/inst(11%),bd_i/card/inst/u/gcr.u_attn(10%)                    |
| West      | Short  |     5 | (CLEM_X100Y2,CLEL_R_X115Y33)   |           54% |         4.997 | 78% | 6%     |  44% |   9% | 100% | NA   | 32%  |    5% |  1% | bd_i/card/inst/u/gcr.gkvaxi.u_kv(78%),bd_i/eng/inst/eng/dut/streamer(12%)                                   |
| West      | Short  |     6 | (CLEL_R_X53Y3,CLEM_X85Y66)     |            8% |         2.951 | 62% | 20%    |  40% |   4% | 63%  | 0%   | 100% |   19% |  0% | bd_i/eng/inst/eng/dut/core(27%),bd_i/card/inst/u/gcr.u_attn(20%),bd_i/pcie2hbm/inst(14%)                    |
| West      | Short  |     7 | (CLEM_X7Y5,CLEM_X72Y132)       |            8% |         2.815 | 56% | 28%    |  40% |   6% | 56%  | 0%   | 87%  |   15% |  0% | bd_i/eng/inst/eng/dut/core(21%),bd_i/pcie2hbm/inst(11%),bd_i/card/inst/u/gcr.u_attn(10%)                    |
+-----------+--------+-------+--------------------------------+---------------+---------------+-----+--------+------+------+------+------+------+-------+-----+-------------------------------------------------------------------------------------------------------------+


2. Router Initial Congestion
----------------------------

+-----------+--------+-------+-------------------------------+---------------+---------------+-----+--------+------+------+------+------+------+-------+-----+--------------------------------------------------------------------------------------------------------------+-------------------------------------------------------------------------------------------------------------------------------------------------------------------------------------------------------------------------------------------------------------------------------------------------------------------------------------------------------------------------+
| Direction |  Type  | Level |             Window            | Combined LUTs | Avg LUT Input | LUT | LUTRAM | Flop | MUXF | RAMB | URAM |  DSP | CARRY | SRL |                                                  Cell Names                                                  |                                                                                                                                                                               Sub Windows                                                                                                                                                                               |
+-----------+--------+-------+-------------------------------+---------------+---------------+-----+--------+------+------+------+------+------+-------+-----+--------------------------------------------------------------------------------------------------------------+-------------------------------------------------------------------------------------------------------------------------------------------------------------------------------------------------------------------------------------------------------------------------------------------------------------------------------------------------------------------------+
| South     | Global |     6 | (CLEM_X85Y27,CLEM_X116Y106)   |           14% |         4.559 | 80% |    17% |  34% |   7% |  86% |  66% |  97% |   29% |  0% | bd_i/eng/inst/eng/dut/core(35%),bd_i/card/inst/u/gcr.gkvaxi.u_kv(27%),bd_i/card/inst/u/gcr.u_attn/u_arr(26%) | (CLEM_X85Y91,CLEM_X100Y106), (CLEM_X85Y75,CLEM_X100Y90), (CLEM_X85Y59,CLEM_X100Y74), (CLEM_X85Y43,CLEM_X100Y58), (CLEM_X85Y27,CLEM_X100Y42), (CLEM_X101Y91,CLEL_R_X116Y106), (CLEM_X101Y75,CLEL_R_X116Y90), (CLEM_X101Y59,CLEL_R_X116Y74), (CLEM_X101Y43,CLEL_R_X116Y58)                                                                                                |
| East      | Global |     5 | (CLEM_X67Y36,CLEM_X98Y67)     |           10% |         4.239 | 81% |    21% |  36% |   3% |  50% |   0% | 100% |   26% |  0% | bd_i/eng/inst/eng/dut/core(48%),bd_i/card/inst/u/gcr.u_attn(21%),bd_i/card/inst/u/gcr.gkvaxi.u_kv(18%)       | (CLEM_X67Y52,CLEL_R_X74Y59), (CLEM_X67Y36,CLEL_R_X74Y43), (CLEM_X75Y60,CLEM_X82Y67), (CLEM_X75Y52,CLEM_X82Y59), (CLEM_X75Y44,CLEM_X82Y51), (CLEM_X75Y36,CLEM_X82Y43), (CLEM_X83Y52,CLEL_R_X90Y59), (CLEM_X83Y44,CLEL_R_X90Y51), (CLEL_R_X91Y44,CLEM_X98Y51)                                                                                                             |
| West      | Global |     6 | (CLEM_X82Y31,CLEL_R_X113Y94)  |           20% |         4.573 | 80% |    19% |  36% |   6% |  91% |  75% |  97% |   27% |  0% | bd_i/eng/inst/eng/dut/core(36%),bd_i/card/inst/u/gcr.gkvaxi.u_kv(36%),bd_i/card/inst/u/gcr.u_attn/u_arr(15%) | (CLEM_X82Y63,CLEL_R_X113Y94), (CLEM_X82Y31,CLEL_R_X113Y62)                                                                                                                                                                                                                                                                                                              |
| South     | Long   |     6 | (CLEM_X66Y41,CLEL_L_X129Y104) |            8% |         4.485 | 78% |    15% |  29% |   8% |  58% |  50% |  94% |   34% |  0% | bd_i/card/inst/u/gcr.u_attn/u_arr(36%),bd_i/eng/inst/eng/dut/core(30%),bd_i/card/inst/u/gcr.gkvaxi.u_kv(19%) | (CLEM_X66Y73,CLEL_R_X97Y104), (CLEM_X66Y41,CLEL_R_X97Y72), (CLEM_X98Y73,CLEL_R_X129Y104), (CLEM_X98Y41,CLEL_R_X129Y72)                                                                                                                                                                                                                                                  |
| South     | Long   |     6 | (CLEM_X82Y25,CLEL_R_X113Y136) |           11% |         4.220 | 81% |    22% |  33% |   7% |  83% |  50% |  99% |   33% |  0% | bd_i/eng/inst/eng/dut/core(42%),bd_i/card/inst/u/gcr.u_attn/u_arr(25%),bd_i/card/inst/u/gcr.gkvaxi.u_kv(21%) | (CLEM_X82Y121,CLEL_R_X97Y136), (CLEM_X82Y105,CLEL_R_X97Y120), (CLEM_X82Y89,CLEL_R_X97Y104), (CLEM_X82Y73,CLEL_R_X97Y88), (CLEM_X82Y57,CLEL_R_X97Y72), (CLEM_X82Y41,CLEL_R_X97Y56), (CLEM_X82Y25,CLEL_R_X97Y40), (CLEM_X98Y105,CLEL_R_X113Y120), (CLEM_X98Y89,CLEL_R_X113Y104), (CLEM_X98Y73,CLEL_R_X113Y88), (CLEM_X98Y57,CLEL_R_X113Y72), (CLEM_X98Y41,CLEL_R_X113Y56) |
| South     | Long   |     6 | (CLEM_X66Y41,CLEL_L_X129Y104) |            8% |         4.485 | 78% |    15% |  29% |   8% |  58% |  50% |  94% |   34% |  0% | bd_i/card/inst/u/gcr.u_attn/u_arr(36%),bd_i/eng/inst/eng/dut/core(30%),bd_i/card/inst/u/gcr.gkvaxi.u_kv(19%) | (CLEM_X66Y41,CLEL_R_X129Y104)                                                                                                                                                                                                                                                                                                                                           |
| East      | Long   |     6 | (CLEL_R_X35Y36,CLEM_X98Y99)   |            7% |         3.934 | 72% |    22% |  36% |   7% |  53% |   0% | 100% |   28% |  0% | bd_i/eng/inst/eng/dut/core(36%),bd_i/card/inst/u/gcr.u_attn/u_arr(20%),bd_i/card/inst/u/gcr.u_attn(16%)      | (CLEL_R_X35Y36,CLEM_X98Y99)                                                                                                                                                                                                                                                                                                                                             |
| West      | Long   |     6 | (CLEM_X64Y3,CLEL_L_X127Y98)   |           23% |         4.876 | 79% |    14% |  35% |   7% |  66% |  37% |  73% |   23% |  0% | bd_i/card/inst/u/gcr.gkvaxi.u_kv(45%),bd_i/eng/inst/eng/dut/core(22%),bd_i/card/inst/u/gcr.u_attn/u_arr(12%) | (CLEM_X64Y67,CLEM_X95Y98), (CLEM_X64Y35,CLEM_X95Y66), (CLEM_X96Y35,CLEL_R_X127Y66), (CLEM_X96Y3,CLEL_R_X127Y34)                                                                                                                                                                                                                                                         |
| West      | Long   |     6 | (CLEM_X80Y3,CLEL_L_X127Y98)   |           29% |         4.999 | 81% |    15% |  38% |   7% | 100% |  45% |  77% |   21% |  0% | bd_i/card/inst/u/gcr.gkvaxi.u_kv(51%),bd_i/eng/inst/eng/dut/core(24%),bd_i/card/inst/u/gcr.u_attn/u_arr(11%) | (CLEM_X80Y83,CLEM_X95Y98), (CLEM_X80Y67,CLEM_X95Y82), (CLEM_X80Y51,CLEM_X95Y66), (CLEM_X96Y83,CLEM_X111Y98), (CLEM_X96Y67,CLEM_X111Y82), (CLEM_X96Y51,CLEM_X111Y66), (CLEM_X96Y35,CLEM_X111Y50), (CLEM_X96Y19,CLEM_X111Y34), (CLEM_X96Y3,CLEM_X111Y18), (CLEM_X112Y19,CLEL_R_X127Y34), (CLEM_X112Y3,CLEL_R_X127Y18)                                                     |
| East      | Short  |     5 | (CLEL_R_X26Y0,CLEM_X57Y15)    |           24% |         3.547 | 71% |    49% |  57% |   0% |  91% |   NA |  85% |    5% |  0% | bd_i/pcie2hbm/inst(76%),bd_i/eng/inst/eng/dut/streamer(11%),bd_i(6%)                                         | (CLEL_R_X26Y0,CLEL_R_X41Y15), (CLEM_X42Y0,CLEL_R_X57Y15)                                                                                                                                                                                                                                                                                                                |
| West      | Short  |     5 | (CLEM_X96Y0,CLEL_L_X127Y31)   |           55% |         6.207 | 82% |     3% |  44% |   9% | 100% |  20% |   0% |    5% |  0% | bd_i/card/inst/u/gcr.gkvaxi.u_kv(81%),bd_i/eng/inst/eng/dut/streamer(7%),bd_i(5%)                            | (CLEM_X96Y0,CLEM_X111Y15), (CLEM_X112Y16,CLEL_R_X127Y31), (CLEM_X112Y0,CLEL_R_X127Y15)                                                                                                                                                                                                                                                                                  |
| West      | Short  |     5 | (CLEM_X104Y0,CLEL_L_X127Y23)  |           68% |         6.589 | 82% |     2% |  47% |  10% | 100% |   0% |   0% |    2% |  0% | bd_i/card/inst/u/gcr.gkvaxi.u_kv(92%),bd_i/eng/inst/eng/dut/streamer(4%),bd_i(1%)                            | (CLEM_X104Y16,CLEM_X111Y23), (CLEM_X104Y8,CLEM_X111Y15), (CLEM_X104Y0,CLEM_X111Y7), (CLEM_X112Y16,CLEM_X119Y23), (CLEM_X112Y8,CLEM_X119Y15), (CLEM_X112Y0,CLEM_X119Y7), (CLEM_X120Y16,CLEL_R_X127Y23), (CLEM_X120Y8,CLEL_R_X127Y15), (CLEM_X120Y0,CLEL_R_X127Y7)                                                                                                        |
+-----------+--------+-------+-------------------------------+---------------+---------------+-----+--------+------+------+------+------+------+-------+-----+--------------------------------------------------------------------------------------------------------------+-------------------------------------------------------------------------------------------------------------------------------------------------------------------------------------------------------------------------------------------------------------------------------------------------------------------------------------------------------------------------+


3. SLR Net Crossing Reporting
-----------------------------

+------------+-----------------------------+
| Cell Names | Number of Nets crossing SLR |
+------------+-----------------------------+
* The current part is not an SSI device


