Copyright 1986-2022 Xilinx, Inc. All Rights Reserved. Copyright 2022-2023 Advanced Micro Devices, Inc. All Rights Reserved.
---------------------------------------------------------------------------------------------------------------------------------------------
| Tool Version : Vivado v.2023.2 (lin64) Build 4029153 Fri Oct 13 20:13:54 MDT 2023
| Date         : Thu Sep 17 19:04:05 2026
| Host         : Oren-Dell-Ubuntu running 64-bit Ubuntu 22.04.5 LTS
| Command      : report_utilization -pblocks [get_pblocks pb_core] -file fk33_pcieep_pblock_util.rpt
| Design       : bd_wrapper
| Device       : xcvu33p-fsvh2104-2L-e
| Speed File   : -2L
| Design State : Routed
---------------------------------------------------------------------------------------------------------------------------------------------

Utilization Design Information

Table of Contents
-----------------
1. Pblock Summary
2. Clock Region Statistics
3. CLB Logic
3.1 Summary of Registers by Type
4. CLB Logic Distribution
5. BLOCKRAM
6. ARITHMETIC
7. I/O
8. CLOCK
9. ADVANCED
10. CONFIGURATION
11. Primitives
12. Black Boxes
13. Instantiated Netlists

1. Pblock Summary
-----------------

+-------+---------+-------+-------------------+-----------------+----------------+
| Index |  Parent | Child | EXCLUDE_PLACEMENT | CONTAIN_ROUTING | SLR(s) Covered |
+-------+---------+-------+-------------------+-----------------+----------------+
| 1     | pb_core |       |                 0 |               0 |           SLR0 |
+-------+---------+-------+-------------------+-----------------+----------------+


2. Clock Region Statistics
--------------------------

+-------------+--------------------+
| CLOCKREGION | Pblock Sites in CR |
+-------------+--------------------+
| X0Y0        |              3.61% |
| X0Y1        |              3.63% |
| X0Y2        |              3.63% |
| X0Y3        |              4.11% |
| X1Y0        |              3.05% |
| X1Y1        |              3.07% |
| X1Y2        |              3.07% |
| X1Y3        |              3.54% |
| X2Y0        |              4.32% |
| X2Y1        |              4.34% |
| X2Y2        |              4.34% |
| X2Y3        |              4.82% |
| X3Y0        |              2.52% |
| X3Y1        |              2.53% |
| X3Y2        |              2.53% |
| X3Y3        |              3.01% |
| X4Y0        |              3.72% |
| X4Y1        |              3.73% |
| X4Y2        |              3.73% |
| X4Y3        |              4.21% |
| X5Y0        |              3.42% |
| X5Y1        |              3.45% |
| X5Y2        |              3.45% |
| X5Y3        |              3.92% |
| X6Y0        |              3.42% |
| X6Y1        |              3.45% |
| X6Y2        |              3.45% |
| X6Y3        |              3.92% |
+-------------+--------------------+


3. CLB Logic
------------

+----------------------------+--------+-------+--------------+--------+-------+------------+-----------+-------+
|          Site Type         | Parent | Child | Non-Assigned |  Used  | Fixed | Prohibited | Available | Util% |
+----------------------------+--------+-------+--------------+--------+-------+------------+-----------+-------+
| CLB LUTs                   |  71924 |     0 |       230974 | 302894 |     0 |          0 |    388800 | 77.90 |
|   LUT as Logic             |  58926 |     0 |       194494 | 253416 |     0 |          0 |    388800 | 65.18 |
|   LUT as Memory            |  12998 |     0 |        36480 |  49478 |     0 |          0 |    179520 | 27.56 |
|     LUT as Distributed RAM |  12584 |     0 |        35808 |  48392 |     0 |            |           |       |
|     LUT as Shift Register  |    414 |     0 |          672 |   1086 |     0 |            |           |       |
| CLB Registers              |  65909 |     0 |       195192 | 261101 |     0 |          0 |    777600 | 33.58 |
|   Register as Flip Flop    |  65909 |     0 |       195192 | 261101 |     0 |          0 |    777600 | 33.58 |
|   Register as Latch        |      0 |     0 |            0 |      0 |     0 |          0 |    777600 |  0.00 |
| CARRY8                     |   5375 |     0 |         5872 |  11247 |     0 |          0 |     48600 | 23.14 |
| F7 Muxes                   |      0 |     0 |        21959 |  21959 |     0 |          0 |    194400 | 11.30 |
| F8 Muxes                   |      0 |     0 |         4457 |   4457 |     0 |          0 |     97200 |  4.59 |
| F9 Muxes                   |      0 |     0 |            0 |      0 |     0 |          0 |     48600 |  0.00 |
+----------------------------+--------+-------+--------------+--------+-------+------------+-----------+-------+
* Warning! LUT value is adjusted to account for LUT combining.


3.1 Summary of Registers by Type
--------------------------------

+--------+--------------+-------------+--------------+
|  Total | Clock Enable | Synchronous | Asynchronous |
+--------+--------------+-------------+--------------+
| 0      |            _ |           - |            - |
| 0      |            _ |           - |          Set |
| 0      |            _ |           - |        Reset |
| 0      |            _ |         Set |            - |
| 0      |            _ |       Reset |            - |
| 0      |          Yes |           - |            - |
| 119    |          Yes |           - |          Set |
| 1812   |          Yes |           - |        Reset |
| 2943   |          Yes |         Set |            - |
| 256227 |          Yes |       Reset |            - |
+--------+--------------+-------------+--------------+


4. CLB Logic Distribution
-------------------------

+--------------------------------------------+--------+-------+--------------+--------+-------+------------+-----------+-------+
|                  Site Type                 | Parent | Child | Non-Assigned |  Used  | Fixed | Prohibited | Available | Util% |
+--------------------------------------------+--------+-------+--------------+--------+-------+------------+-----------+-------+
| CLB                                        |  15261 |     0 |        41193 |  48563 |     0 |          0 |     48600 | 99.92 |
|   CLBL                                     |   7672 |     0 |        22489 |  26137 |     0 |            |           |       |
|   CLBM                                     |   7589 |     0 |        18704 |  22426 |     0 |            |           |       |
| LUT as Logic                               |  58926 |     0 |       194494 | 253416 |     0 |          0 |    388800 | 65.18 |
|   using O5 output only                     |     37 |     0 |         2618 |   2651 |       |            |           |       |
|   using O6 output only                     |  51585 |     0 |       153882 | 205463 |       |            |           |       |
|   using O5 and O6                          |   7304 |     0 |        37994 |  45302 |       |            |           |       |
| LUT as Memory                              |  12998 |     0 |        36480 |  49478 |     0 |          0 |    179520 | 27.56 |
|   LUT as Distributed RAM                   |  12584 |     0 |        35808 |  48392 |     0 |            |           |       |
|     using O5 output only                   |      0 |     0 |            0 |      0 |       |            |           |       |
|     using O6 output only                   |      0 |     0 |        16708 |  16708 |       |            |           |       |
|     using O5 and O6                        |  12584 |     0 |        19100 |  31684 |       |            |           |       |
|   LUT as Shift Register                    |    414 |     0 |          672 |   1086 |     0 |            |           |       |
|     using O5 output only                   |      0 |     0 |            0 |      0 |       |            |           |       |
|     using O6 output only                   |     30 |     0 |          573 |    603 |       |            |           |       |
|     using O5 and O6                        |    384 |     0 |           99 |    483 |       |            |           |       |
| CLB Registers                              |  65909 |     0 |       195192 | 261101 |     0 |          0 |    777600 | 33.58 |
|   Register driven from within the CLB      |  33313 |     0 |        93257 | 132970 |       |            |           |       |
|   Register driven from outside the CLB     |  32596 |     0 |       101935 | 128131 |       |            |           |       |
|     LUT in front of the register is unused |  26614 |     0 |        49268 |  55791 |       |            |           |       |
|     LUT in front of the register is used   |   5982 |     0 |        52667 |  72340 |       |            |           |       |
| Unique Control Sets                        |   1581 |     0 |         6429 |   8008 |       |          0 |     97200 |  8.24 |
+--------------------------------------------+--------+-------+--------------+--------+-------+------------+-----------+-------+
* * Note: Available Control Sets calculated as Slices * 2, Review the Control Sets Report for more information regarding control sets.


5. BLOCKRAM
-----------

+-------------------+--------+-------+--------------+-------+-------+------------+-----------+-------+
|     Site Type     | Parent | Child | Non-Assigned |  Used | Fixed | Prohibited | Available | Util% |
+-------------------+--------+-------+--------------+-------+-------+------------+-----------+-------+
| Block RAM Tile    |   21.5 |     0 |          394 | 415.5 |     0 |          0 |       576 | 72.14 |
|   RAMB36/FIFO*    |     21 |     0 |          369 |   390 |     0 |          0 |       576 | 67.71 |
|     RAMB36E2 only |     21 |     0 |          369 |   390 |       |            |           |       |
|   RAMB18          |      1 |     0 |           50 |    51 |     0 |          0 |      1152 |  4.43 |
|     RAMB18E2 only |      1 |     0 |           50 |    51 |       |            |           |       |
| URAM              |      0 |     0 |           32 |    32 |     0 |          0 |       320 | 10.00 |
+-------------------+--------+-------+--------------+-------+-------+------------+-----------+-------+
* Note: Each Block RAM Tile only has one FIFO logic available and therefore can accommodate only one FIFO36E2 or one FIFO18E2. However, if a FIFO18E2 occupies a Block RAM Tile, that tile can still accommodate a RAMB18E2


6. ARITHMETIC
-------------

+----------------+--------+-------+--------------+------+-------+------------+-----------+-------+
|    Site Type   | Parent | Child | Non-Assigned | Used | Fixed | Prohibited | Available | Util% |
+----------------+--------+-------+--------------+------+-------+------------+-----------+-------+
| DSPs           |   1584 |     0 |          531 | 2115 |     0 |          0 |      2700 | 78.33 |
|   DSP48E2 only |   1584 |     0 |          531 | 2115 |       |            |           |       |
+----------------+--------+-------+--------------+------+-------+------------+-----------+-------+


7. I/O
------

+------------------+--------+-------+--------------+------+-------+------------+-----------+-------+
|     Site Type    | Parent | Child | Non-Assigned | Used | Fixed | Prohibited | Available | Util% |
+------------------+--------+-------+--------------+------+-------+------------+-----------+-------+
| Bonded IOB       |      0 |     0 |            0 |    0 |     0 |          0 |       208 |  0.00 |
| HPIOB_M          |      0 |     0 |            0 |    0 |     0 |          0 |        96 |  0.00 |
| HPIOB_S          |      0 |     0 |            0 |    0 |     0 |          0 |        96 |  0.00 |
| HPIOB_SNGL       |      0 |     0 |            0 |    0 |     0 |          0 |        16 |  0.00 |
| HPIOBDIFFINBUF   |      0 |     0 |            1 |    1 |     1 |          0 |        96 |  1.04 |
|   DIFFINBUF      |      0 |     0 |            1 |    1 |     1 |            |           |       |
| HPIOBDIFFOUTBUF  |      0 |     0 |            0 |    0 |     0 |          0 |        96 |  0.00 |
| BITSLICE_CONTROL |      0 |     0 |            0 |    0 |     0 |          0 |        32 |  0.00 |
| BITSLICE_RX_TX   |      0 |     0 |            0 |    0 |     0 |          0 |      1248 |  0.00 |
| BITSLICE_TX      |      0 |     0 |            0 |    0 |     0 |          0 |        32 |  0.00 |
| RIU_OR           |      0 |     0 |            0 |    0 |     0 |          0 |        16 |  0.00 |
+------------------+--------+-------+--------------+------+-------+------------+-----------+-------+


8. CLOCK
--------

+----------------------+--------+-------+--------------+------+-------+------------+-----------+-------+
|       Site Type      | Parent | Child | Non-Assigned | Used | Fixed | Prohibited | Available | Util% |
+----------------------+--------+-------+--------------+------+-------+------------+-----------+-------+
| GLOBAL CLOCK BUFFERs |      4 |     0 |           12 |   16 |     0 |          0 |       240 |  6.67 |
|   BUFGCE             |      4 |     0 |           12 |   16 |     0 |          0 |        96 | 16.67 |
|   BUFGCE_DIV         |      0 |     0 |            0 |    0 |     0 |          0 |        16 |  0.00 |
|   BUFG_GT            |      0 |     0 |            0 |    0 |     0 |          0 |        96 |  0.00 |
|   BUFGCTRL*          |      0 |     0 |            0 |    0 |     0 |          0 |        32 |  0.00 |
| PLL                  |      0 |     0 |            0 |    0 |     0 |          0 |         8 |  0.00 |
| MMCM                 |      0 |     0 |            1 |    1 |     0 |          0 |         4 | 25.00 |
+----------------------+--------+-------+--------------+------+-------+------------+-----------+-------+
* Note: Each used BUFGCTRL counts as two GLOBAL CLOCK BUFFERs. This table does not include global clocking resources, only buffer cell usage. See the Clock Utilization Report (report_clock_utilization) for detailed accounting of global clocking resource availability.


9. ADVANCED
-----------

+----------------------+--------+-------+--------------+------+-------+------------+-----------+--------+
|       Site Type      | Parent | Child | Non-Assigned | Used | Fixed | Prohibited | Available |  Util% |
+----------------------+--------+-------+--------------+------+-------+------------+-----------+--------+
| CMACE4               |      0 |     0 |            0 |    0 |     0 |          0 |         2 |   0.00 |
| GTYE4_CHANNEL        |      0 |     0 |            0 |    0 |     0 |          0 |        16 |   0.00 |
| GTYE4_COMMON         |      0 |     0 |            0 |    0 |     0 |          0 |         4 |   0.00 |
| HBM_REF_CLK          |      0 |     0 |            2 |    2 |     2 |          0 |         2 | 100.00 |
| HBM_SNGLBLI_INTF_APB |      0 |     0 |            2 |    2 |     2 |          0 |        30 |   6.67 |
| HBM_SNGLBLI_INTF_AXI |      0 |     0 |           30 |   30 |    30 |          0 |        30 | 100.00 |
| OBUFDS_GTE4          |      0 |     0 |            0 |    0 |     0 |          0 |         8 |   0.00 |
| OBUFDS_GTE4_ADV      |      0 |     0 |            0 |    0 |     0 |          0 |         8 |   0.00 |
| PCIE4CE4             |      0 |     0 |            0 |    0 |     0 |          0 |         2 |   0.00 |
+----------------------+--------+-------+--------------+------+-------+------------+-----------+--------+


10. CONFIGURATION
-----------------

+-----------+--------+-------+--------------+------+-------+------------+-----------+-------+
| Site Type | Parent | Child | Non-Assigned | Used | Fixed | Prohibited | Available | Util% |
+-----------+--------+-------+--------------+------+-------+------------+-----------+-------+


11. Primitives
--------------

+----------------------+--------+---------------------+
|       Ref Name       |  Used  | Functional Category |
+----------------------+--------+---------------------+
| FDRE                 | 256227 |            Register |
| LUT6                 | 110478 |                 CLB |
| RAMD32               |  55948 |                 CLB |
| LUT2                 |  54309 |                 CLB |
| LUT5                 |  45460 |                 CLB |
| LUT3                 |  42876 |                 CLB |
| LUT4                 |  36571 |                 CLB |
| MUXF7                |  21959 |                 CLB |
| RAMD64E              |  16654 |                 CLB |
| CARRY8               |  11247 |                 CLB |
| LUT1                 |   9024 |                 CLB |
| RAMS32               |   7474 |                 CLB |
| MUXF8                |   4457 |                 CLB |
| FDSE                 |   2943 |            Register |
| DSP48E2              |   2115 |          Arithmetic |
| FDCE                 |   1812 |            Register |
| SRL16E               |   1432 |                 CLB |
| RAMB36E2             |    390 |            BLOCKRAM |
| SRLC32E              |    137 |                 CLB |
| FDPE                 |    119 |            Register |
| RAMB18E2             |     51 |            BLOCKRAM |
| URAM288              |     32 |            BLOCKRAM |
| HBM_SNGLBLI_INTF_AXI |     30 |            Advanced |
| BUFGCE               |     16 |               Clock |
| IBUF_ANALOG          |     12 |                 I/O |
| OBUF                 |      8 |                 I/O |
| IBUFCTRL             |      4 |              Others |
| INBUF                |      3 |                 I/O |
| OBUFT                |      2 |                 I/O |
| HBM_SNGLBLI_INTF_APB |      2 |            Advanced |
| HBM_REF_CLK          |      2 |            Advanced |
| MMCME4_ADV           |      1 |               Clock |
| DIFFINBUF            |      1 |                 I/O |
+----------------------+--------+---------------------+


12. Black Boxes
---------------

+----------+------+
| Ref Name | Used |
+----------+------+


13. Instantiated Netlists
-------------------------

+----------+------+
| Ref Name | Used |
+----------+------+
| dbg_hub  |    1 |
+----------+------+


