Copyright 1986-2022 Xilinx, Inc. All Rights Reserved. Copyright 2022-2023 Advanced Micro Devices, Inc. All Rights Reserved.
---------------------------------------------------------------------------------------------------------------------------------------------
| Tool Version : Vivado v.2023.2 (lin64) Build 4029153 Fri Oct 13 20:13:54 MDT 2023
| Date         : Sun Aug 30 09:19:20 2026
| Host         : Oren-Dell-Ubuntu running 64-bit Ubuntu 22.04.5 LTS
| Command      : report_utilization -hierarchical -file /mnt/storage/normuram/out/synthutil_hier_nu_rom.rpt
| Design       : ooc_normadapt
| Device       : xcvu33p-fsvh2104-2L-e
| Speed File   : -2L
| Design State : Synthesized
---------------------------------------------------------------------------------------------------------------------------------------------

Utilization Design Information

Table of Contents
-----------------
1. Utilization by Hierarchy

1. Utilization by Hierarchy
---------------------------

+-------------------+------------+------------+------------+---------+------+--------+--------+--------+------+------------+
|      Instance     |   Module   | Total LUTs | Logic LUTs | LUTRAMs | SRLs |   FFs  | RAMB36 | RAMB18 | URAM | DSP Blocks |
+-------------------+------------+------------+------------+---------+------+--------+--------+--------+------+------------+
| ooc_normadapt     |      (top) |      89970 |      89970 |       0 |    0 | 174741 |      0 |      0 |    0 |         41 |
|   (ooc_normadapt) |      (top) |      49615 |      49615 |       0 |    0 | 107564 |      0 |      0 |    0 |          1 |
|   gvr.u_rms       | rmsnorm_rs |      40355 |      40355 |       0 |    0 |  67177 |      0 |      0 |    0 |         40 |
+-------------------+------------+------------+------------+---------+------+--------+--------+--------+------+------------+


